  Determining projects to restore...
  All projects are up-to-date for restore.
  TerraFusion.Abstractions -> C:\Users\bsval\terrafusion_os_1.0\backend\src\TerraFusion.Abstractions\bin\Release\net8.0\TerraFusion.Abstractions.dll
C:\Users\bsval\terrafusion_os_1.0\backend\src\TerraFusion.Core\Configuration\DatabaseConfiguration.cs(265,9): warning CS8767: Nullability of reference types in type of parameter 'value' of 'void TrackedConnection.ConnectionString.set' doesn't match implicitly implemented member 'void IDbConnection.ConnectionString.set' (possibly because of nullability attributes). [C:\Users\bsval\terrafusion_os_1.0\backend\src\TerraFusion.Core\TerraFusion.Core.csproj]
C:\Users\bsval\terrafusion_os_1.0\backend\src\TerraFusion.Core\Services\ComplianceValidationAutomationService.cs(23,22): warning CS0618: 'IHarrisPACSIntegrationService' is obsolete: 'Use TerraFusion.Core.PACS.IPacsAdapter instead. This service will be removed in a future release.' [C:\Users\bsval\terrafusion_os_1.0\backend\src\TerraFusion.Core\TerraFusion.Core.csproj]
C:\Users\bsval\terrafusion_os_1.0\backend\src\TerraFusion.Core\Services\ComplianceValidationAutomationService.cs(29,9): warning CS0618: 'IHarrisPACSIntegrationService' is obsolete: 'Use TerraFusion.Core.PACS.IPacsAdapter instead. This service will be removed in a future release.' [C:\Users\bsval\terrafusion_os_1.0\backend\src\TerraFusion.Core\TerraFusion.Core.csproj]
C:\Users\bsval\terrafusion_os_1.0\backend\src\TerraFusion.Core\Services\PropertyDataValidationService.cs(34,26): warning CS0618: 'IHarrisPACSIntegrationService' is obsolete: 'Use TerraFusion.Core.PACS.IPacsAdapter instead. This service will be removed in a future release.' [C:\Users\bsval\terrafusion_os_1.0\backend\src\TerraFusion.Core\TerraFusion.Core.csproj]
C:\Users\bsval\terrafusion_os_1.0\backend\src\TerraFusion.Core\Services\PropertyDataValidationService.cs(44,13): warning CS0618: 'IHarrisPACSIntegrationService' is obsolete: 'Use TerraFusion.Core.PACS.IPacsAdapter instead. This service will be removed in a future release.' [C:\Users\bsval\terrafusion_os_1.0\backend\src\TerraFusion.Core\TerraFusion.Core.csproj]
C:\Users\bsval\terrafusion_os_1.0\backend\src\TerraFusion.Core\Services\PropertyValuationAIEnhancementService.cs(36,26): warning CS0618: 'IHarrisPACSIntegrationService' is obsolete: 'Use TerraFusion.Core.PACS.IPacsAdapter instead. This service will be removed in a future release.' [C:\Users\bsval\terrafusion_os_1.0\backend\src\TerraFusion.Core\TerraFusion.Core.csproj]
C:\Users\bsval\terrafusion_os_1.0\backend\src\TerraFusion.Core\Services\PropertyValuationAIEnhancementService.cs(48,13): warning CS0618: 'IHarrisPACSIntegrationService' is obsolete: 'Use TerraFusion.Core.PACS.IPacsAdapter instead. This service will be removed in a future release.' [C:\Users\bsval\terrafusion_os_1.0\backend\src\TerraFusion.Core\TerraFusion.Core.csproj]
C:\Users\bsval\terrafusion_os_1.0\backend\src\TerraFusion.Core\Configuration\DatabaseConfiguration.cs(96,9): warning CS0618: 'NpgsqlConnectionStringBuilder.TrustServerCertificate' is obsolete: 'The TrustServerCertificate parameter is no longer needed and does nothing.' [C:\Users\bsval\terrafusion_os_1.0\backend\src\TerraFusion.Core\TerraFusion.Core.csproj]
C:\Users\bsval\terrafusion_os_1.0\backend\src\TerraFusion.Core\Services\HarrisPACSSyncBackgroundService.cs(258,83): warning CS0618: 'IHarrisPACSIntegrationService' is obsolete: 'Use TerraFusion.Core.PACS.IPacsAdapter instead. This service will be removed in a future release.' [C:\Users\bsval\terrafusion_os_1.0\backend\src\TerraFusion.Core\TerraFusion.Core.csproj]
C:\Users\bsval\terrafusion_os_1.0\backend\src\TerraFusion.Core\Services\Monitoring\MetricsCollectionService.cs(28,29): warning CS0169: The field 'MetricsCollectionService._collectionTimer' is never used [C:\Users\bsval\terrafusion_os_1.0\backend\src\TerraFusion.Core\TerraFusion.Core.csproj]
C:\Users\bsval\terrafusion_os_1.0\backend\src\TerraFusion.Core\Services\Monitoring\ObservabilityService.cs(28,29): warning CS0169: The field 'ObservabilityService._healthMonitorTimer' is never used [C:\Users\bsval\terrafusion_os_1.0\backend\src\TerraFusion.Core\TerraFusion.Core.csproj]
C:\Users\bsval\terrafusion_os_1.0\backend\src\TerraFusion.Core\Services\PredictiveMaintenanceService.cs(22,22): warning CS0414: The field 'PredictiveMaintenanceService._predictiveMaintenanceEnabled' is assigned but its value is never used [C:\Users\bsval\terrafusion_os_1.0\backend\src\TerraFusion.Core\TerraFusion.Core.csproj]
C:\Users\bsval\terrafusion_os_1.0\backend\src\TerraFusion.Core\Services\QuantumComputingService.cs(27,22): warning CS0414: The field 'QuantumComputingService._quantumCryptographyEnabled' is assigned but its value is never used [C:\Users\bsval\terrafusion_os_1.0\backend\src\TerraFusion.Core\TerraFusion.Core.csproj]
C:\Users\bsval\terrafusion_os_1.0\backend\src\TerraFusion.Core\Services\PredictiveMaintenanceService.cs(23,22): warning CS0414: The field 'PredictiveMaintenanceService._selfOptimizationEnabled' is assigned but its value is never used [C:\Users\bsval\terrafusion_os_1.0\backend\src\TerraFusion.Core\TerraFusion.Core.csproj]
C:\Users\bsval\terrafusion_os_1.0\backend\src\TerraFusion.Core\Services\Monitoring\MetricsCollectionService.cs(45,30): warning CA1416: This call site is reachable on all platforms. 'PerformanceCounter' is only supported on: 'windows'. (https://learn.microsoft.com/dotnet/fundamentals/code-analysis/quality-rules/ca1416) [C:\Users\bsval\terrafusion_os_1.0\backend\src\TerraFusion.Core\TerraFusion.Core.csproj]
C:\Users\bsval\terrafusion_os_1.0\backend\src\TerraFusion.Core\Services\Monitoring\MetricsCollectionService.cs(44,27): warning CA1416: This call site is reachable on all platforms. 'PerformanceCounter' is only supported on: 'windows'. (https://learn.microsoft.com/dotnet/fundamentals/code-analysis/quality-rules/ca1416) [C:\Users\bsval\terrafusion_os_1.0\backend\src\TerraFusion.Core\TerraFusion.Core.csproj]
C:\Users\bsval\terrafusion_os_1.0\backend\src\TerraFusion.Core\Services\Monitoring\MetricsCollectionService.cs(317,41): warning CA1416: This call site is reachable on all platforms. 'PerformanceCounter.NextValue()' is only supported on: 'windows'. (https://learn.microsoft.com/dotnet/fundamentals/code-analysis/quality-rules/ca1416) [C:\Users\bsval\terrafusion_os_1.0\backend\src\TerraFusion.Core\TerraFusion.Core.csproj]
C:\Users\bsval\terrafusion_os_1.0\backend\src\TerraFusion.Core\Services\Monitoring\MetricsCollectionService.cs(296,17): warning CA1416: This call site is reachable on all platforms. 'PerformanceCounter.NextValue()' is only supported on: 'windows'. (https://learn.microsoft.com/dotnet/fundamentals/code-analysis/quality-rules/ca1416) [C:\Users\bsval\terrafusion_os_1.0\backend\src\TerraFusion.Core\TerraFusion.Core.csproj]
C:\Users\bsval\terrafusion_os_1.0\backend\src\TerraFusion.Core\Services\Monitoring\MetricsCollectionService.cs(298,24): warning CA1416: This call site is reachable on all platforms. 'PerformanceCounter.NextValue()' is only supported on: 'windows'. (https://learn.microsoft.com/dotnet/fundamentals/code-analysis/quality-rules/ca1416) [C:\Users\bsval\terrafusion_os_1.0\backend\src\TerraFusion.Core\TerraFusion.Core.csproj]
  TerraFusion.Core -> C:\Users\bsval\terrafusion_os_1.0\backend\src\TerraFusion.Core\bin\Release\net8.0\TerraFusion.Core.dll
  TerraFusion.Data -> C:\Users\bsval\terrafusion_os_1.0\backend\src\TerraFusion.Data\bin\Release\net8.0\TerraFusion.Data.dll
C:\Users\bsval\terrafusion_os_1.0\backend\src\TerraFusion.Consciousness\Services\PredictiveImpactService.cs(34,1): warning CS1570: XML comment has badly formed XML -- 'Expected an end tag for element 'summary'.' [C:\Users\bsval\terrafusion_os_1.0\backend\src\TerraFusion.Consciousness\TerraFusion.Consciousness.csproj]
C:\Users\bsval\terrafusion_os_1.0\backend\src\TerraFusion.Consciousness\HealthChecks\ConsciousnessHealthChecks.cs(126,13): warning CS0162: Unreachable code detected [C:\Users\bsval\terrafusion_os_1.0\backend\src\TerraFusion.Consciousness\TerraFusion.Consciousness.csproj]
C:\Users\bsval\terrafusion_os_1.0\backend\src\TerraFusion.Consciousness\CoPilot\CoPilotController.cs(153,42): warning CS8604: Possible null reference argument for parameter 'content' in 'List<CodeBlock> CoPilotService.ParseCodeBlocks(string content)'. [C:\Users\bsval\terrafusion_os_1.0\backend\src\TerraFusion.Consciousness\TerraFusion.Consciousness.csproj]
C:\Users\bsval\terrafusion_os_1.0\backend\src\TerraFusion.Consciousness\CoPilot\CoPilotController.cs(236,41): warning CS8604: Possible null reference argument for parameter 'content' in 'void ChatHistory.AddAssistantMessage(string content)'. [C:\Users\bsval\terrafusion_os_1.0\backend\src\TerraFusion.Consciousness\TerraFusion.Consciousness.csproj]
C:\Users\bsval\terrafusion_os_1.0\backend\src\TerraFusion.Consciousness\CoPilot\CoPilotController.cs(375,16): warning CS8603: Possible null reference return. [C:\Users\bsval\terrafusion_os_1.0\backend\src\TerraFusion.Consciousness\TerraFusion.Consciousness.csproj]
C:\Users\bsval\terrafusion_os_1.0\backend\src\TerraFusion.Consciousness\CoPilot\CoPilotController.cs(392,16): warning CS8603: Possible null reference return. [C:\Users\bsval\terrafusion_os_1.0\backend\src\TerraFusion.Consciousness\TerraFusion.Consciousness.csproj]
C:\Users\bsval\terrafusion_os_1.0\backend\src\TerraFusion.Consciousness\CoPilot\CoPilotController.cs(407,16): warning CS8603: Possible null reference return. [C:\Users\bsval\terrafusion_os_1.0\backend\src\TerraFusion.Consciousness\TerraFusion.Consciousness.csproj]
C:\Users\bsval\terrafusion_os_1.0\backend\src\TerraFusion.Consciousness\CoPilot\CoPilotController.cs(422,16): warning CS8603: Possible null reference return. [C:\Users\bsval\terrafusion_os_1.0\backend\src\TerraFusion.Consciousness\TerraFusion.Consciousness.csproj]
C:\Users\bsval\terrafusion_os_1.0\backend\src\TerraFusion.Consciousness\Services\QuantumConsciousnessOrchestrator.cs(47,16): warning CS8618: Non-nullable field '_hybridConsciousnessManager' must contain a non-null value when exiting constructor. Consider adding the 'required' modifier or declaring the field as nullable. [C:\Users\bsval\terrafusion_os_1.0\backend\src\TerraFusion.Consciousness\TerraFusion.Consciousness.csproj]
C:\Users\bsval\terrafusion_os_1.0\backend\src\TerraFusion.Consciousness\Services\TerraFusionTranscendenceEngine.cs(580,21): warning CS0162: Unreachable code detected [C:\Users\bsval\terrafusion_os_1.0\backend\src\TerraFusion.Consciousness\TerraFusion.Consciousness.csproj]
C:\Users\bsval\terrafusion_os_1.0\backend\src\TerraFusion.Consciousness\Services\TerraFusionTranscendenceEngine.cs(587,21): warning CS0162: Unreachable code detected [C:\Users\bsval\terrafusion_os_1.0\backend\src\TerraFusion.Consciousness\TerraFusion.Consciousness.csproj]
C:\Users\bsval\terrafusion_os_1.0\backend\src\TerraFusion.Consciousness\Services\TerraFusionTranscendenceEngine.cs(594,21): warning CS0162: Unreachable code detected [C:\Users\bsval\terrafusion_os_1.0\backend\src\TerraFusion.Consciousness\TerraFusion.Consciousness.csproj]
C:\Users\bsval\terrafusion_os_1.0\backend\src\TerraFusion.Consciousness\Services\QuantumConsciousnessOrchestrator.cs(24,54): warning CS0649: Field 'QuantumConsciousnessOrchestrator._hybridConsciousnessManager' is never assigned to, and will always have its default value null [C:\Users\bsval\terrafusion_os_1.0\backend\src\TerraFusion.Consciousness\TerraFusion.Consciousness.csproj]
C:\Users\bsval\terrafusion_os_1.0\backend\src\TerraFusion.Consciousness\Controllers\AILayerMeshController.cs(26,16): warning CS1591: Missing XML comment for publicly visible type or member 'AILayerMeshController.AILayerMeshController(ILogger<AILayerMeshController>, IAILayerMeshOrchestrator, IMultiCountyDataService)' [C:\Users\bsval\terrafusion_os_1.0\backend\src\TerraFusion.Consciousness\TerraFusion.Consciousness.csproj]
C:\Users\bsval\terrafusion_os_1.0\backend\src\TerraFusion.Consciousness\Controllers\ConsciousnessControllers.cs(23,16): warning CS1591: Missing XML comment for publicly visible type or member 'QuantumConsciousnessController.QuantumConsciousnessController(IQuantumConsciousnessOrchestrator, ILogger<QuantumConsciousnessController>)' [C:\Users\bsval\terrafusion_os_1.0\backend\src\TerraFusion.Consciousness\TerraFusion.Consciousness.csproj]
C:\Users\bsval\terrafusion_os_1.0\backend\src\TerraFusion.Consciousness\Controllers\ConsciousnessControllers.cs(238,16): warning CS1591: Missing XML comment for publicly visible type or member 'BentonCountyDataController.BentonCountyDataController(IBentonCountyDataService, ILogger<BentonCountyDataController>)' [C:\Users\bsval\terrafusion_os_1.0\backend\src\TerraFusion.Consciousness\TerraFusion.Consciousness.csproj]
C:\Users\bsval\terrafusion_os_1.0\backend\src\TerraFusion.Consciousness\Controllers\ConsciousnessControllers.cs(381,16): warning CS1591: Missing XML comment for publicly visible type or member 'QuantumSecurityController.QuantumSecurityController(IQuantumSecurityService, ILogger<QuantumSecurityController>)' [C:\Users\bsval\terrafusion_os_1.0\backend\src\TerraFusion.Consciousness\TerraFusion.Consciousness.csproj]
C:\Users\bsval\terrafusion_os_1.0\backend\src\TerraFusion.Consciousness\CoPilot\CoPilotController.cs(39,12): warning CS1591: Missing XML comment for publicly visible type or member 'CoPilotController.CoPilotController(ICoPilotService, ICodeAnalysisService, IAutonomousAgentService, IHubContext<CoPilotHub>)' [C:\Users\bsval\terrafusion_os_1.0\backend\src\TerraFusion.Consciousness\TerraFusion.Consciousness.csproj]
C:\Users\bsval\terrafusion_os_1.0\backend\src\TerraFusion.Consciousness\CoPilot\CoPilotController.cs(111,27): warning CS1591: Missing XML comment for publicly visible type or member 'ICoPilotService.GenerateCodeAsync(string, GenerationContext)' [C:\Users\bsval\terrafusion_os_1.0\backend\src\TerraFusion.Consciousness\TerraFusion.Consciousness.csproj]
C:\Users\bsval\terrafusion_os_1.0\backend\src\TerraFusion.Consciousness\CoPilot\CoPilotController.cs(112,32): warning CS1591: Missing XML comment for publicly visible type or member 'ICoPilotService.GetSuggestionsAsync(string, CursorPosition)' [C:\Users\bsval\terrafusion_os_1.0\backend\src\TerraFusion.Consciousness\TerraFusion.Consciousness.csproj]
C:\Users\bsval\terrafusion_os_1.0\backend\src\TerraFusion.Consciousness\CoPilot\CoPilotController.cs(113,18): warning CS1591: Missing XML comment for publicly visible type or member 'ICoPilotService.ChatAsync(string, string)' [C:\Users\bsval\terrafusion_os_1.0\backend\src\TerraFusion.Consciousness\TerraFusion.Consciousness.csproj]
C:\Users\bsval\terrafusion_os_1.0\backend\src\TerraFusion.Consciousness\CoPilot\CoPilotController.cs(116,14): warning CS1591: Missing XML comment for publicly visible type or member 'CoPilotService' [C:\Users\bsval\terrafusion_os_1.0\backend\src\TerraFusion.Consciousness\TerraFusion.Consciousness.csproj]
C:\Users\bsval\terrafusion_os_1.0\backend\src\TerraFusion.Consciousness\CoPilot\CoPilotController.cs(122,12): warning CS1591: Missing XML comment for publicly visible type or member 'CoPilotService.CoPilotService(Kernel, IChatCompletionService, ICodeAnalysisService)' [C:\Users\bsval\terrafusion_os_1.0\backend\src\TerraFusion.Consciousness\TerraFusion.Consciousness.csproj]
C:\Users\bsval\terrafusion_os_1.0\backend\src\TerraFusion.Consciousness\CoPilot\CoPilotController.cs(132,40): warning CS1591: Missing XML comment for publicly visible type or member 'CoPilotService.GenerateCodeAsync(string, GenerationContext)' [C:\Users\bsval\terrafusion_os_1.0\backend\src\TerraFusion.Consciousness\TerraFusion.Consciousness.csproj]
C:\Users\bsval\terrafusion_os_1.0\backend\src\TerraFusion.Consciousness\CoPilot\CoPilotController.cs(170,45): warning CS1591: Missing XML comment for publicly visible type or member 'CoPilotService.GetSuggestionsAsync(string, CursorPosition)' [C:\Users\bsval\terrafusion_os_1.0\backend\src\TerraFusion.Consciousness\TerraFusion.Consciousness.csproj]
C:\Users\bsval\terrafusion_os_1.0\backend\src\TerraFusion.Consciousness\CoPilot\CoPilotController.cs(226,31): warning CS1591: Missing XML comment for publicly visible type or member 'CoPilotService.ChatAsync(string, string)' [C:\Users\bsval\terrafusion_os_1.0\backend\src\TerraFusion.Consciousness\TerraFusion.Consciousness.csproj]
C:\Users\bsval\terrafusion_os_1.0\backend\src\TerraFusion.Consciousness\CoPilot\CoPilotController.cs(465,24): warning CS1591: Missing XML comment for publicly visible type or member 'ICodeAnalysisService.AnalyzeCodeAsync(string, string, string?)' [C:\Users\bsval\terrafusion_os_1.0\backend\src\TerraFusion.Consciousness\TerraFusion.Consciousness.csproj]
C:\Users\bsval\terrafusion_os_1.0\backend\src\TerraFusion.Consciousness\CoPilot\CoPilotController.cs(468,14): warning CS1591: Missing XML comment for publicly visible type or member 'CodeAnalysisService' [C:\Users\bsval\terrafusion_os_1.0\backend\src\TerraFusion.Consciousness\TerraFusion.Consciousness.csproj]
C:\Users\bsval\terrafusion_os_1.0\backend\src\TerraFusion.Consciousness\CoPilot\CoPilotController.cs(470,37): warning CS1591: Missing XML comment for publicly visible type or member 'CodeAnalysisService.AnalyzeCodeAsync(string, string, string?)' [C:\Users\bsval\terrafusion_os_1.0\backend\src\TerraFusion.Consciousness\TerraFusion.Consciousness.csproj]
C:\Users\bsval\terrafusion_os_1.0\backend\src\TerraFusion.Consciousness\CoPilot\CoPilotController.cs(680,12): warning CS1591: Missing XML comment for publicly visible type or member 'CoPilotHub.CoPilotHub(ICoPilotService)' [C:\Users\bsval\terrafusion_os_1.0\backend\src\TerraFusion.Consciousness\TerraFusion.Consciousness.csproj]
C:\Users\bsval\terrafusion_os_1.0\backend\src\TerraFusion.Consciousness\CoPilot\CoPilotController.cs(685,23): warning CS1591: Missing XML comment for publicly visible type or member 'CoPilotHub.SendMessage(string)' [C:\Users\bsval\terrafusion_os_1.0\backend\src\TerraFusion.Consciousness\TerraFusion.Consciousness.csproj]
C:\Users\bsval\terrafusion_os_1.0\backend\src\TerraFusion.Consciousness\CoPilot\CoPilotController.cs(698,32): warning CS1591: Missing XML comment for publicly visible type or member 'CoPilotHub.OnConnectedAsync()' [C:\Users\bsval\terrafusion_os_1.0\backend\src\TerraFusion.Consciousness\TerraFusion.Consciousness.csproj]
C:\Users\bsval\terrafusion_os_1.0\backend\src\TerraFusion.Consciousness\CoPilot\CoPilotController.cs(712,14): warning CS1591: Missing XML comment for publicly visible type or member 'AnalyzeRequest' [C:\Users\bsval\terrafusion_os_1.0\backend\src\TerraFusion.Consciousness\TerraFusion.Consciousness.csproj]
C:\Users\bsval\terrafusion_os_1.0\backend\src\TerraFusion.Consciousness\CoPilot\CoPilotController.cs(714,19): warning CS1591: Missing XML comment for publicly visible type or member 'AnalyzeRequest.Code' [C:\Users\bsval\terrafusion_os_1.0\backend\src\TerraFusion.Consciousness\TerraFusion.Consciousness.csproj]
C:\Users\bsval\terrafusion_os_1.0\backend\src\TerraFusion.Consciousness\CoPilot\CoPilotController.cs(715,19): warning CS1591: Missing XML comment for publicly visible type or member 'AnalyzeRequest.FilePath' [C:\Users\bsval\terrafusion_os_1.0\backend\src\TerraFusion.Consciousness\TerraFusion.Consciousness.csproj]
C:\Users\bsval\terrafusion_os_1.0\backend\src\TerraFusion.Consciousness\CoPilot\CoPilotController.cs(716,20): warning CS1591: Missing XML comment for publicly visible type or member 'AnalyzeRequest.CountyContext' [C:\Users\bsval\terrafusion_os_1.0\backend\src\TerraFusion.Consciousness\TerraFusion.Consciousness.csproj]
C:\Users\bsval\terrafusion_os_1.0\backend\src\TerraFusion.Consciousness\CoPilot\CoPilotController.cs(719,14): warning CS1591: Missing XML comment for publicly visible type or member 'GenerateRequest' [C:\Users\bsval\terrafusion_os_1.0\backend\src\TerraFusion.Consciousness\TerraFusion.Consciousness.csproj]
C:\Users\bsval\terrafusion_os_1.0\backend\src\TerraFusion.Consciousness\CoPilot\CoPilotController.cs(721,19): warning CS1591: Missing XML comment for publicly visible type or member 'GenerateRequest.Prompt' [C:\Users\bsval\terrafusion_os_1.0\backend\src\TerraFusion.Consciousness\TerraFusion.Consciousness.csproj]
C:\Users\bsval\terrafusion_os_1.0\backend\src\TerraFusion.Consciousness\CoPilot\CoPilotController.cs(722,30): warning CS1591: Missing XML comment for publicly visible type or member 'GenerateRequest.Context' [C:\Users\bsval\terrafusion_os_1.0\backend\src\TerraFusion.Consciousness\TerraFusion.Consciousness.csproj]
C:\Users\bsval\terrafusion_os_1.0\backend\src\TerraFusion.Consciousness\CoPilot\CoPilotController.cs(725,14): warning CS1591: Missing XML comment for publicly visible type or member 'SuggestionRequest' [C:\Users\bsval\terrafusion_os_1.0\backend\src\TerraFusion.Consciousness\TerraFusion.Consciousness.csproj]
C:\Users\bsval\terrafusion_os_1.0\backend\src\TerraFusion.Consciousness\CoPilot\CoPilotController.cs(727,19): warning CS1591: Missing XML comment for publicly visible type or member 'SuggestionRequest.Code' [C:\Users\bsval\terrafusion_os_1.0\backend\src\TerraFusion.Consciousness\TerraFusion.Consciousness.csproj]
C:\Users\bsval\terrafusion_os_1.0\backend\src\TerraFusion.Consciousness\CoPilot\CoPilotController.cs(728,27): warning CS1591: Missing XML comment for publicly visible type or member 'SuggestionRequest.Cursor' [C:\Users\bsval\terrafusion_os_1.0\backend\src\TerraFusion.Consciousness\TerraFusion.Consciousness.csproj]
C:\Users\bsval\terrafusion_os_1.0\backend\src\TerraFusion.Consciousness\CoPilot\CoPilotController.cs(731,14): warning CS1591: Missing XML comment for publicly visible type or member 'AgentTaskRequest' [C:\Users\bsval\terrafusion_os_1.0\backend\src\TerraFusion.Consciousness\TerraFusion.Consciousness.csproj]
C:\Users\bsval\terrafusion_os_1.0\backend\src\TerraFusion.Consciousness\CoPilot\CoPilotController.cs(733,22): warning CS1591: Missing XML comment for publicly visible type or member 'AgentTaskRequest.Task' [C:\Users\bsval\terrafusion_os_1.0\backend\src\TerraFusion.Consciousness\TerraFusion.Consciousness.csproj]
C:\Users\bsval\terrafusion_os_1.0\backend\src\TerraFusion.Consciousness\CoPilot\CoPilotController.cs(736,14): warning CS1591: Missing XML comment for publicly visible type or member 'GenerationContext' [C:\Users\bsval\terrafusion_os_1.0\backend\src\TerraFusion.Consciousness\TerraFusion.Consciousness.csproj]
C:\Users\bsval\terrafusion_os_1.0\backend\src\TerraFusion.Consciousness\CoPilot\CoPilotController.cs(738,19): warning CS1591: Missing XML comment for publicly visible type or member 'GenerationContext.CurrentFile' [C:\Users\bsval\terrafusion_os_1.0\backend\src\TerraFusion.Consciousness\TerraFusion.Consciousness.csproj]
C:\Users\bsval\terrafusion_os_1.0\backend\src\TerraFusion.Consciousness\CoPilot\CoPilotController.cs(739,20): warning CS1591: Missing XML comment for publicly visible type or member 'GenerationContext.CountyId' [C:\Users\bsval\terrafusion_os_1.0\backend\src\TerraFusion.Consciousness\TerraFusion.Consciousness.csproj]
C:\Users\bsval\terrafusion_os_1.0\backend\src\TerraFusion.Consciousness\CoPilot\CoPilotController.cs(740,20): warning CS1591: Missing XML comment for publicly visible type or member 'GenerationContext.NearbyCode' [C:\Users\bsval\terrafusion_os_1.0\backend\src\TerraFusion.Consciousness\TerraFusion.Consciousness.csproj]
C:\Users\bsval\terrafusion_os_1.0\backend\src\TerraFusion.Consciousness\CoPilot\CoPilotController.cs(741,26): warning CS1591: Missing XML comment for publicly visible type or member 'GenerationContext.Imports' [C:\Users\bsval\terrafusion_os_1.0\backend\src\TerraFusion.Consciousness\TerraFusion.Consciousness.csproj]
C:\Users\bsval\terrafusion_os_1.0\backend\src\TerraFusion.Consciousness\CoPilot\CoPilotController.cs(742,19): warning CS1591: Missing XML comment for publicly visible type or member 'GenerationContext.Framework' [C:\Users\bsval\terrafusion_os_1.0\backend\src\TerraFusion.Consciousness\TerraFusion.Consciousness.csproj]
C:\Users\bsval\terrafusion_os_1.0\backend\src\TerraFusion.Consciousness\CoPilot\CoPilotController.cs(745,14): warning CS1591: Missing XML comment for publicly visible type or member 'CursorPosition' [C:\Users\bsval\terrafusion_os_1.0\backend\src\TerraFusion.Consciousness\TerraFusion.Consciousness.csproj]
C:\Users\bsval\terrafusion_os_1.0\backend\src\TerraFusion.Consciousness\CoPilot\CoPilotController.cs(747,16): warning CS1591: Missing XML comment for publicly visible type or member 'CursorPosition.Line' [C:\Users\bsval\terrafusion_os_1.0\backend\src\TerraFusion.Consciousness\TerraFusion.Consciousness.csproj]
C:\Users\bsval\terrafusion_os_1.0\backend\src\TerraFusion.Consciousness\CoPilot\CoPilotController.cs(748,16): warning CS1591: Missing XML comment for publicly visible type or member 'CursorPosition.Column' [C:\Users\bsval\terrafusion_os_1.0\backend\src\TerraFusion.Consciousness\TerraFusion.Consciousness.csproj]
C:\Users\bsval\terrafusion_os_1.0\backend\src\TerraFusion.Consciousness\CoPilot\CoPilotController.cs(751,14): warning CS1591: Missing XML comment for publicly visible type or member 'CodeBlock' [C:\Users\bsval\terrafusion_os_1.0\backend\src\TerraFusion.Consciousness\TerraFusion.Consciousness.csproj]
C:\Users\bsval\terrafusion_os_1.0\backend\src\TerraFusion.Consciousness\CoPilot\CoPilotController.cs(753,19): warning CS1591: Missing XML comment for publicly visible type or member 'CodeBlock.Language' [C:\Users\bsval\terrafusion_os_1.0\backend\src\TerraFusion.Consciousness\TerraFusion.Consciousness.csproj]
C:\Users\bsval\terrafusion_os_1.0\backend\src\TerraFusion.Consciousness\CoPilot\CoPilotController.cs(754,19): warning CS1591: Missing XML comment for publicly visible type or member 'CodeBlock.Code' [C:\Users\bsval\terrafusion_os_1.0\backend\src\TerraFusion.Consciousness\TerraFusion.Consciousness.csproj]
C:\Users\bsval\terrafusion_os_1.0\backend\src\TerraFusion.Consciousness\CoPilot\CoPilotController.cs(755,20): warning CS1591: Missing XML comment for publicly visible type or member 'CodeBlock.FilePath' [C:\Users\bsval\terrafusion_os_1.0\backend\src\TerraFusion.Consciousness\TerraFusion.Consciousness.csproj]
C:\Users\bsval\terrafusion_os_1.0\backend\src\TerraFusion.Consciousness\CoPilot\CoPilotController.cs(756,17): warning CS1591: Missing XML comment for publicly visible type or member 'CodeBlock.StartLine' [C:\Users\bsval\terrafusion_os_1.0\backend\src\TerraFusion.Consciousness\TerraFusion.Consciousness.csproj]
C:\Users\bsval\terrafusion_os_1.0\backend\src\TerraFusion.Consciousness\CoPilot\CoPilotController.cs(757,17): warning CS1591: Missing XML comment for publicly visible type or member 'CodeBlock.EndLine' [C:\Users\bsval\terrafusion_os_1.0\backend\src\TerraFusion.Consciousness\TerraFusion.Consciousness.csproj]
C:\Users\bsval\terrafusion_os_1.0\backend\src\TerraFusion.Consciousness\CoPilot\CoPilotController.cs(760,14): warning CS1591: Missing XML comment for publicly visible type or member 'CodeAnalysis' [C:\Users\bsval\terrafusion_os_1.0\backend\src\TerraFusion.Consciousness\TerraFusion.Consciousness.csproj]
C:\Users\bsval\terrafusion_os_1.0\backend\src\TerraFusion.Consciousness\CoPilot\CoPilotController.cs(762,28): warning CS1591: Missing XML comment for publicly visible type or member 'CodeAnalysis.CountyIsolation' [C:\Users\bsval\terrafusion_os_1.0\backend\src\TerraFusion.Consciousness\TerraFusion.Consciousness.csproj]
C:\Users\bsval\terrafusion_os_1.0\backend\src\TerraFusion.Consciousness\CoPilot\CoPilotController.cs(763,28): warning CS1591: Missing XML comment for publicly visible type or member 'CodeAnalysis.Security' [C:\Users\bsval\terrafusion_os_1.0\backend\src\TerraFusion.Consciousness\TerraFusion.Consciousness.csproj]
C:\Users\bsval\terrafusion_os_1.0\backend\src\TerraFusion.Consciousness\CoPilot\CoPilotController.cs(764,31): warning CS1591: Missing XML comment for publicly visible type or member 'CodeAnalysis.Performance' [C:\Users\bsval\terrafusion_os_1.0\backend\src\TerraFusion.Consciousness\TerraFusion.Consciousness.csproj]
C:\Users\bsval\terrafusion_os_1.0\backend\src\TerraFusion.Consciousness\CoPilot\CoPilotController.cs(765,27): warning CS1591: Missing XML comment for publicly visible type or member 'CodeAnalysis.CodeQuality' [C:\Users\bsval\terrafusion_os_1.0\backend\src\TerraFusion.Consciousness\TerraFusion.Consciousness.csproj]
C:\Users\bsval\terrafusion_os_1.0\backend\src\TerraFusion.Consciousness\CoPilot\CoPilotController.cs(766,23): warning CS1591: Missing XML comment for publicly visible type or member 'CodeAnalysis.FismaCompliance' [C:\Users\bsval\terrafusion_os_1.0\backend\src\TerraFusion.Consciousness\TerraFusion.Consciousness.csproj]
C:\Users\bsval\terrafusion_os_1.0\backend\src\TerraFusion.Consciousness\CoPilot\CoPilotController.cs(769,14): warning CS1591: Missing XML comment for publicly visible type or member 'ComplianceCheck' [C:\Users\bsval\terrafusion_os_1.0\backend\src\TerraFusion.Consciousness\TerraFusion.Consciousness.csproj]
C:\Users\bsval\terrafusion_os_1.0\backend\src\TerraFusion.Consciousness\CoPilot\CoPilotController.cs(771,29): warning CS1591: Missing XML comment for publicly visible type or member 'ComplianceCheck.Status' [C:\Users\bsval\terrafusion_os_1.0\backend\src\TerraFusion.Consciousness\TerraFusion.Consciousness.csproj]
C:\Users\bsval\terrafusion_os_1.0\backend\src\TerraFusion.Consciousness\CoPilot\CoPilotController.cs(772,28): warning CS1591: Missing XML comment for publicly visible type or member 'ComplianceCheck.Violations' [C:\Users\bsval\terrafusion_os_1.0\backend\src\TerraFusion.Consciousness\TerraFusion.Consciousness.csproj]
C:\Users\bsval\terrafusion_os_1.0\backend\src\TerraFusion.Consciousness\CoPilot\CoPilotController.cs(773,16): warning CS1591: Missing XML comment for publicly visible type or member 'ComplianceCheck.Score' [C:\Users\bsval\terrafusion_os_1.0\backend\src\TerraFusion.Consciousness\TerraFusion.Consciousness.csproj]
C:\Users\bsval\terrafusion_os_1.0\backend\src\TerraFusion.Consciousness\CoPilot\CoPilotController.cs(776,13): warning CS1591: Missing XML comment for publicly visible type or member 'ComplianceStatus' [C:\Users\bsval\terrafusion_os_1.0\backend\src\TerraFusion.Consciousness\TerraFusion.Consciousness.csproj]
C:\Users\bsval\terrafusion_os_1.0\backend\src\TerraFusion.Consciousness\CoPilot\CoPilotController.cs(778,5): warning CS1591: Missing XML comment for publicly visible type or member 'ComplianceStatus.Pass' [C:\Users\bsval\terrafusion_os_1.0\backend\src\TerraFusion.Consciousness\TerraFusion.Consciousness.csproj]
C:\Users\bsval\terrafusion_os_1.0\backend\src\TerraFusion.Consciousness\CoPilot\CoPilotController.cs(779,5): warning CS1591: Missing XML comment for publicly visible type or member 'ComplianceStatus.Warning' [C:\Users\bsval\terrafusion_os_1.0\backend\src\TerraFusion.Consciousness\TerraFusion.Consciousness.csproj]
C:\Users\bsval\terrafusion_os_1.0\backend\src\TerraFusion.Consciousness\CoPilot\CoPilotController.cs(780,5): warning CS1591: Missing XML comment for publicly visible type or member 'ComplianceStatus.Fail' [C:\Users\bsval\terrafusion_os_1.0\backend\src\TerraFusion.Consciousness\TerraFusion.Consciousness.csproj]
C:\Users\bsval\terrafusion_os_1.0\backend\src\TerraFusion.Consciousness\CoPilot\CoPilotController.cs(783,14): warning CS1591: Missing XML comment for publicly visible type or member 'Violation' [C:\Users\bsval\terrafusion_os_1.0\backend\src\TerraFusion.Consciousness\TerraFusion.Consciousness.csproj]
C:\Users\bsval\terrafusion_os_1.0\backend\src\TerraFusion.Consciousness\CoPilot\CoPilotController.cs(785,30): warning CS1591: Missing XML comment for publicly visible type or member 'Violation.Severity' [C:\Users\bsval\terrafusion_os_1.0\backend\src\TerraFusion.Consciousness\TerraFusion.Consciousness.csproj]
C:\Users\bsval\terrafusion_os_1.0\backend\src\TerraFusion.Consciousness\CoPilot\CoPilotController.cs(786,19): warning CS1591: Missing XML comment for publicly visible type or member 'Violation.Message' [C:\Users\bsval\terrafusion_os_1.0\backend\src\TerraFusion.Consciousness\TerraFusion.Consciousness.csproj]
C:\Users\bsval\terrafusion_os_1.0\backend\src\TerraFusion.Consciousness\CoPilot\CoPilotController.cs(787,19): warning CS1591: Missing XML comment for publicly visible type or member 'Violation.FilePath' [C:\Users\bsval\terrafusion_os_1.0\backend\src\TerraFusion.Consciousness\TerraFusion.Consciousness.csproj]
C:\Users\bsval\terrafusion_os_1.0\backend\src\TerraFusion.Consciousness\CoPilot\CoPilotController.cs(788,16): warning CS1591: Missing XML comment for publicly visible type or member 'Violation.LineNumber' [C:\Users\bsval\terrafusion_os_1.0\backend\src\TerraFusion.Consciousness\TerraFusion.Consciousness.csproj]
C:\Users\bsval\terrafusion_os_1.0\backend\src\TerraFusion.Consciousness\CoPilot\CoPilotController.cs(789,19): warning CS1591: Missing XML comment for publicly visible type or member 'Violation.Suggestion' [C:\Users\bsval\terrafusion_os_1.0\backend\src\TerraFusion.Consciousness\TerraFusion.Consciousness.csproj]
C:\Users\bsval\terrafusion_os_1.0\backend\src\TerraFusion.Consciousness\CoPilot\CoPilotController.cs(792,13): warning CS1591: Missing XML comment for publicly visible type or member 'ViolationSeverity' [C:\Users\bsval\terrafusion_os_1.0\backend\src\TerraFusion.Consciousness\TerraFusion.Consciousness.csproj]
C:\Users\bsval\terrafusion_os_1.0\backend\src\TerraFusion.Consciousness\CoPilot\CoPilotController.cs(794,5): warning CS1591: Missing XML comment for publicly visible type or member 'ViolationSeverity.Low' [C:\Users\bsval\terrafusion_os_1.0\backend\src\TerraFusion.Consciousness\TerraFusion.Consciousness.csproj]
C:\Users\bsval\terrafusion_os_1.0\backend\src\TerraFusion.Consciousness\CoPilot\CoPilotController.cs(795,5): warning CS1591: Missing XML comment for publicly visible type or member 'ViolationSeverity.Medium' [C:\Users\bsval\terrafusion_os_1.0\backend\src\TerraFusion.Consciousness\TerraFusion.Consciousness.csproj]
C:\Users\bsval\terrafusion_os_1.0\backend\src\TerraFusion.Consciousness\CoPilot\CoPilotController.cs(796,5): warning CS1591: Missing XML comment for publicly visible type or member 'ViolationSeverity.High' [C:\Users\bsval\terrafusion_os_1.0\backend\src\TerraFusion.Consciousness\TerraFusion.Consciousness.csproj]
C:\Users\bsval\terrafusion_os_1.0\backend\src\TerraFusion.Consciousness\CoPilot\CoPilotController.cs(797,5): warning CS1591: Missing XML comment for publicly visible type or member 'ViolationSeverity.Critical' [C:\Users\bsval\terrafusion_os_1.0\backend\src\TerraFusion.Consciousness\TerraFusion.Consciousness.csproj]
C:\Users\bsval\terrafusion_os_1.0\backend\src\TerraFusion.Consciousness\CoPilot\CoPilotController.cs(800,14): warning CS1591: Missing XML comment for publicly visible type or member 'PerformanceMetrics' [C:\Users\bsval\terrafusion_os_1.0\backend\src\TerraFusion.Consciousness\TerraFusion.Consciousness.csproj]
C:\Users\bsval\terrafusion_os_1.0\backend\src\TerraFusion.Consciousness\CoPilot\CoPilotController.cs(802,16): warning CS1591: Missing XML comment for publicly visible type or member 'PerformanceMetrics.Complexity' [C:\Users\bsval\terrafusion_os_1.0\backend\src\TerraFusion.Consciousness\TerraFusion.Consciousness.csproj]
C:\Users\bsval\terrafusion_os_1.0\backend\src\TerraFusion.Consciousness\CoPilot\CoPilotController.cs(803,16): warning CS1591: Missing XML comment for publicly visible type or member 'PerformanceMetrics.EstimatedLatency' [C:\Users\bsval\terrafusion_os_1.0\backend\src\TerraFusion.Consciousness\TerraFusion.Consciousness.csproj]
C:\Users\bsval\terrafusion_os_1.0\backend\src\TerraFusion.Consciousness\CoPilot\CoPilotController.cs(804,19): warning CS1591: Missing XML comment for publicly visible type or member 'PerformanceMetrics.Cacheability' [C:\Users\bsval\terrafusion_os_1.0\backend\src\TerraFusion.Consciousness\TerraFusion.Consciousness.csproj]
C:\Users\bsval\terrafusion_os_1.0\backend\src\TerraFusion.Consciousness\CoPilot\CoPilotController.cs(805,16): warning CS1591: Missing XML comment for publicly visible type or member 'PerformanceMetrics.ScalabilityScore' [C:\Users\bsval\terrafusion_os_1.0\backend\src\TerraFusion.Consciousness\TerraFusion.Consciousness.csproj]
C:\Users\bsval\terrafusion_os_1.0\backend\src\TerraFusion.Consciousness\CoPilot\CoPilotController.cs(808,14): warning CS1591: Missing XML comment for publicly visible type or member 'QualityMetrics' [C:\Users\bsval\terrafusion_os_1.0\backend\src\TerraFusion.Consciousness\TerraFusion.Consciousness.csproj]
C:\Users\bsval\terrafusion_os_1.0\backend\src\TerraFusion.Consciousness\CoPilot\CoPilotController.cs(810,16): warning CS1591: Missing XML comment for publicly visible type or member 'QualityMetrics.Maintainability' [C:\Users\bsval\terrafusion_os_1.0\backend\src\TerraFusion.Consciousness\TerraFusion.Consciousness.csproj]
C:\Users\bsval\terrafusion_os_1.0\backend\src\TerraFusion.Consciousness\CoPilot\CoPilotController.cs(811,16): warning CS1591: Missing XML comment for publicly visible type or member 'QualityMetrics.TestCoverage' [C:\Users\bsval\terrafusion_os_1.0\backend\src\TerraFusion.Consciousness\TerraFusion.Consciousness.csproj]
C:\Users\bsval\terrafusion_os_1.0\backend\src\TerraFusion.Consciousness\CoPilot\CoPilotController.cs(812,16): warning CS1591: Missing XML comment for publicly visible type or member 'QualityMetrics.Documentation' [C:\Users\bsval\terrafusion_os_1.0\backend\src\TerraFusion.Consciousness\TerraFusion.Consciousness.csproj]
C:\Users\bsval\terrafusion_os_1.0\backend\src\TerraFusion.Consciousness\CoPilot\CoPilotController.cs(813,16): warning CS1591: Missing XML comment for publicly visible type or member 'QualityMetrics.TypeStrength' [C:\Users\bsval\terrafusion_os_1.0\backend\src\TerraFusion.Consciousness\TerraFusion.Consciousness.csproj]
C:\Users\bsval\terrafusion_os_1.0\backend\src\TerraFusion.Consciousness\CoPilot\CoPilotController.cs(816,14): warning CS1591: Missing XML comment for publicly visible type or member 'FISMACheck' [C:\Users\bsval\terrafusion_os_1.0\backend\src\TerraFusion.Consciousness\TerraFusion.Consciousness.csproj]
C:\Users\bsval\terrafusion_os_1.0\backend\src\TerraFusion.Consciousness\CoPilot\CoPilotController.cs(818,19): warning CS1591: Missing XML comment for publicly visible type or member 'FISMACheck.SecurityLevel' [C:\Users\bsval\terrafusion_os_1.0\backend\src\TerraFusion.Consciousness\TerraFusion.Consciousness.csproj]
C:\Users\bsval\terrafusion_os_1.0\backend\src\TerraFusion.Consciousness\CoPilot\CoPilotController.cs(819,17): warning CS1591: Missing XML comment for publicly visible type or member 'FISMACheck.Compliance' [C:\Users\bsval\terrafusion_os_1.0\backend\src\TerraFusion.Consciousness\TerraFusion.Consciousness.csproj]
C:\Users\bsval\terrafusion_os_1.0\backend\src\TerraFusion.Consciousness\CoPilot\CoPilotController.cs(820,25): warning CS1591: Missing XML comment for publicly visible type or member 'FISMACheck.RequiredControls' [C:\Users\bsval\terrafusion_os_1.0\backend\src\TerraFusion.Consciousness\TerraFusion.Consciousness.csproj]
C:\Users\bsval\terrafusion_os_1.0\backend\src\TerraFusion.Consciousness\CoPilot\CoPilotController.cs(821,25): warning CS1591: Missing XML comment for publicly visible type or member 'FISMACheck.ImplementedControls' [C:\Users\bsval\terrafusion_os_1.0\backend\src\TerraFusion.Consciousness\TerraFusion.Consciousness.csproj]
C:\Users\bsval\terrafusion_os_1.0\backend\src\TerraFusion.Consciousness\CoPilot\CoPilotController.cs(822,25): warning CS1591: Missing XML comment for publicly visible type or member 'FISMACheck.MissingControls' [C:\Users\bsval\terrafusion_os_1.0\backend\src\TerraFusion.Consciousness\TerraFusion.Consciousness.csproj]
C:\Users\bsval\terrafusion_os_1.0\backend\src\TerraFusion.Consciousness\CoPilot\CoPilotController.cs(825,14): warning CS1591: Missing XML comment for publicly visible type or member 'CodeSuggestion' [C:\Users\bsval\terrafusion_os_1.0\backend\src\TerraFusion.Consciousness\TerraFusion.Consciousness.csproj]
C:\Users\bsval\terrafusion_os_1.0\backend\src\TerraFusion.Consciousness\CoPilot\CoPilotController.cs(827,19): warning CS1591: Missing XML comment for publicly visible type or member 'CodeSuggestion.Id' [C:\Users\bsval\terrafusion_os_1.0\backend\src\TerraFusion.Consciousness\TerraFusion.Consciousness.csproj]
C:\Users\bsval\terrafusion_os_1.0\backend\src\TerraFusion.Consciousness\CoPilot\CoPilotController.cs(828,27): warning CS1591: Missing XML comment for publicly visible type or member 'CodeSuggestion.Type' [C:\Users\bsval\terrafusion_os_1.0\backend\src\TerraFusion.Consciousness\TerraFusion.Consciousness.csproj]
C:\Users\bsval\terrafusion_os_1.0\backend\src\TerraFusion.Consciousness\CoPilot\CoPilotController.cs(829,19): warning CS1591: Missing XML comment for publicly visible type or member 'CodeSuggestion.Title' [C:\Users\bsval\terrafusion_os_1.0\backend\src\TerraFusion.Consciousness\TerraFusion.Consciousness.csproj]
C:\Users\bsval\terrafusion_os_1.0\backend\src\TerraFusion.Consciousness\CoPilot\CoPilotController.cs(830,19): warning CS1591: Missing XML comment for publicly visible type or member 'CodeSuggestion.Description' [C:\Users\bsval\terrafusion_os_1.0\backend\src\TerraFusion.Consciousness\TerraFusion.Consciousness.csproj]
C:\Users\bsval\terrafusion_os_1.0\backend\src\TerraFusion.Consciousness\CoPilot\CoPilotController.cs(831,19): warning CS1591: Missing XML comment for publicly visible type or member 'CodeSuggestion.Before' [C:\Users\bsval\terrafusion_os_1.0\backend\src\TerraFusion.Consciousness\TerraFusion.Consciousness.csproj]
C:\Users\bsval\terrafusion_os_1.0\backend\src\TerraFusion.Consciousness\CoPilot\CoPilotController.cs(832,19): warning CS1591: Missing XML comment for publicly visible type or member 'CodeSuggestion.After' [C:\Users\bsval\terrafusion_os_1.0\backend\src\TerraFusion.Consciousness\TerraFusion.Consciousness.csproj]
C:\Users\bsval\terrafusion_os_1.0\backend\src\TerraFusion.Consciousness\CoPilot\CoPilotController.cs(833,26): warning CS1591: Missing XML comment for publicly visible type or member 'CodeSuggestion.Impact' [C:\Users\bsval\terrafusion_os_1.0\backend\src\TerraFusion.Consciousness\TerraFusion.Consciousness.csproj]
C:\Users\bsval\terrafusion_os_1.0\backend\src\TerraFusion.Consciousness\CoPilot\CoPilotController.cs(834,17): warning CS1591: Missing XML comment for publicly visible type or member 'CodeSuggestion.AutoApply' [C:\Users\bsval\terrafusion_os_1.0\backend\src\TerraFusion.Consciousness\TerraFusion.Consciousness.csproj]
C:\Users\bsval\terrafusion_os_1.0\backend\src\TerraFusion.Consciousness\CoPilot\CoPilotController.cs(837,13): warning CS1591: Missing XML comment for publicly visible type or member 'SuggestionType' [C:\Users\bsval\terrafusion_os_1.0\backend\src\TerraFusion.Consciousness\TerraFusion.Consciousness.csproj]
C:\Users\bsval\terrafusion_os_1.0\backend\src\TerraFusion.Consciousness\CoPilot\CoPilotController.cs(839,5): warning CS1591: Missing XML comment for publicly visible type or member 'SuggestionType.Refactor' [C:\Users\bsval\terrafusion_os_1.0\backend\src\TerraFusion.Consciousness\TerraFusion.Consciousness.csproj]
C:\Users\bsval\terrafusion_os_1.0\backend\src\TerraFusion.Consciousness\CoPilot\CoPilotController.cs(840,5): warning CS1591: Missing XML comment for publicly visible type or member 'SuggestionType.Optimize' [C:\Users\bsval\terrafusion_os_1.0\backend\src\TerraFusion.Consciousness\TerraFusion.Consciousness.csproj]
C:\Users\bsval\terrafusion_os_1.0\backend\src\TerraFusion.Consciousness\CoPilot\CoPilotController.cs(841,5): warning CS1591: Missing XML comment for publicly visible type or member 'SuggestionType.Security' [C:\Users\bsval\terrafusion_os_1.0\backend\src\TerraFusion.Consciousness\TerraFusion.Consciousness.csproj]
C:\Users\bsval\terrafusion_os_1.0\backend\src\TerraFusion.Consciousness\CoPilot\CoPilotController.cs(842,5): warning CS1591: Missing XML comment for publicly visible type or member 'SuggestionType.Compliance' [C:\Users\bsval\terrafusion_os_1.0\backend\src\TerraFusion.Consciousness\TerraFusion.Consciousness.csproj]
C:\Users\bsval\terrafusion_os_1.0\backend\src\TerraFusion.Consciousness\CoPilot\CoPilotController.cs(845,14): warning CS1591: Missing XML comment for publicly visible type or member 'ImpactMetrics' [C:\Users\bsval\terrafusion_os_1.0\backend\src\TerraFusion.Consciousness\TerraFusion.Consciousness.csproj]
C:\Users\bsval\terrafusion_os_1.0\backend\src\TerraFusion.Consciousness\CoPilot\CoPilotController.cs(847,16): warning CS1591: Missing XML comment for publicly visible type or member 'ImpactMetrics.Performance' [C:\Users\bsval\terrafusion_os_1.0\backend\src\TerraFusion.Consciousness\TerraFusion.Consciousness.csproj]
C:\Users\bsval\terrafusion_os_1.0\backend\src\TerraFusion.Consciousness\CoPilot\CoPilotController.cs(848,16): warning CS1591: Missing XML comment for publicly visible type or member 'ImpactMetrics.Security' [C:\Users\bsval\terrafusion_os_1.0\backend\src\TerraFusion.Consciousness\TerraFusion.Consciousness.csproj]
C:\Users\bsval\terrafusion_os_1.0\backend\src\TerraFusion.Consciousness\CoPilot\CoPilotController.cs(849,16): warning CS1591: Missing XML comment for publicly visible type or member 'ImpactMetrics.Maintainability' [C:\Users\bsval\terrafusion_os_1.0\backend\src\TerraFusion.Consciousness\TerraFusion.Consciousness.csproj]
C:\Users\bsval\terrafusion_os_1.0\backend\src\TerraFusion.Consciousness\CoPilot\CoPilotController.cs(852,14): warning CS1591: Missing XML comment for publicly visible type or member 'AgentTask' [C:\Users\bsval\terrafusion_os_1.0\backend\src\TerraFusion.Consciousness\TerraFusion.Consciousness.csproj]
C:\Users\bsval\terrafusion_os_1.0\backend\src\TerraFusion.Consciousness\CoPilot\CoPilotController.cs(854,19): warning CS1591: Missing XML comment for publicly visible type or member 'AgentTask.Id' [C:\Users\bsval\terrafusion_os_1.0\backend\src\TerraFusion.Consciousness\TerraFusion.Consciousness.csproj]
C:\Users\bsval\terrafusion_os_1.0\backend\src\TerraFusion.Consciousness\CoPilot\CoPilotController.cs(855,26): warning CS1591: Missing XML comment for publicly visible type or member 'AgentTask.Type' [C:\Users\bsval\terrafusion_os_1.0\backend\src\TerraFusion.Consciousness\TerraFusion.Consciousness.csproj]
C:\Users\bsval\terrafusion_os_1.0\backend\src\TerraFusion.Consciousness\CoPilot\CoPilotController.cs(856,28): warning CS1591: Missing XML comment for publicly visible type or member 'AgentTask.Status' [C:\Users\bsval\terrafusion_os_1.0\backend\src\TerraFusion.Consciousness\TerraFusion.Consciousness.csproj]
C:\Users\bsval\terrafusion_os_1.0\backend\src\TerraFusion.Consciousness\CoPilot\CoPilotController.cs(857,16): warning CS1591: Missing XML comment for publicly visible type or member 'AgentTask.Progress' [C:\Users\bsval\terrafusion_os_1.0\backend\src\TerraFusion.Consciousness\TerraFusion.Consciousness.csproj]
C:\Users\bsval\terrafusion_os_1.0\backend\src\TerraFusion.Consciousness\CoPilot\CoPilotController.cs(858,19): warning CS1591: Missing XML comment for publicly visible type or member 'AgentTask.Description' [C:\Users\bsval\terrafusion_os_1.0\backend\src\TerraFusion.Consciousness\TerraFusion.Consciousness.csproj]
C:\Users\bsval\terrafusion_os_1.0\backend\src\TerraFusion.Consciousness\CoPilot\CoPilotController.cs(859,29): warning CS1591: Missing XML comment for publicly visible type or member 'AgentTask.Result' [C:\Users\bsval\terrafusion_os_1.0\backend\src\TerraFusion.Consciousness\TerraFusion.Consciousness.csproj]
C:\Users\bsval\terrafusion_os_1.0\backend\src\TerraFusion.Consciousness\CoPilot\CoPilotController.cs(862,13): warning CS1591: Missing XML comment for publicly visible type or member 'AgentTaskType' [C:\Users\bsval\terrafusion_os_1.0\backend\src\TerraFusion.Consciousness\TerraFusion.Consciousness.csproj]
C:\Users\bsval\terrafusion_os_1.0\backend\src\TerraFusion.Consciousness\CoPilot\CoPilotController.cs(864,5): warning CS1591: Missing XML comment for publicly visible type or member 'AgentTaskType.Generate' [C:\Users\bsval\terrafusion_os_1.0\backend\src\TerraFusion.Consciousness\TerraFusion.Consciousness.csproj]
C:\Users\bsval\terrafusion_os_1.0\backend\src\TerraFusion.Consciousness\CoPilot\CoPilotController.cs(865,5): warning CS1591: Missing XML comment for publicly visible type or member 'AgentTaskType.Refactor' [C:\Users\bsval\terrafusion_os_1.0\backend\src\TerraFusion.Consciousness\TerraFusion.Consciousness.csproj]
C:\Users\bsval\terrafusion_os_1.0\backend\src\TerraFusion.Consciousness\CoPilot\CoPilotController.cs(866,5): warning CS1591: Missing XML comment for publicly visible type or member 'AgentTaskType.Test' [C:\Users\bsval\terrafusion_os_1.0\backend\src\TerraFusion.Consciousness\TerraFusion.Consciousness.csproj]
C:\Users\bsval\terrafusion_os_1.0\backend\src\TerraFusion.Consciousness\CoPilot\CoPilotController.cs(867,5): warning CS1591: Missing XML comment for publicly visible type or member 'AgentTaskType.Document' [C:\Users\bsval\terrafusion_os_1.0\backend\src\TerraFusion.Consciousness\TerraFusion.Consciousness.csproj]
C:\Users\bsval\terrafusion_os_1.0\backend\src\TerraFusion.Consciousness\CoPilot\CoPilotController.cs(868,5): warning CS1591: Missing XML comment for publicly visible type or member 'AgentTaskType.Optimize' [C:\Users\bsval\terrafusion_os_1.0\backend\src\TerraFusion.Consciousness\TerraFusion.Consciousness.csproj]
C:\Users\bsval\terrafusion_os_1.0\backend\src\TerraFusion.Consciousness\CoPilot\CoPilotController.cs(871,13): warning CS1591: Missing XML comment for publicly visible type or member 'AgentTaskStatus' [C:\Users\bsval\terrafusion_os_1.0\backend\src\TerraFusion.Consciousness\TerraFusion.Consciousness.csproj]
C:\Users\bsval\terrafusion_os_1.0\backend\src\TerraFusion.Consciousness\CoPilot\CoPilotController.cs(873,5): warning CS1591: Missing XML comment for publicly visible type or member 'AgentTaskStatus.Queued' [C:\Users\bsval\terrafusion_os_1.0\backend\src\TerraFusion.Consciousness\TerraFusion.Consciousness.csproj]
C:\Users\bsval\terrafusion_os_1.0\backend\src\TerraFusion.Consciousness\CoPilot\CoPilotController.cs(874,5): warning CS1591: Missing XML comment for publicly visible type or member 'AgentTaskStatus.Running' [C:\Users\bsval\terrafusion_os_1.0\backend\src\TerraFusion.Consciousness\TerraFusion.Consciousness.csproj]
C:\Users\bsval\terrafusion_os_1.0\backend\src\TerraFusion.Consciousness\CoPilot\CoPilotController.cs(875,5): warning CS1591: Missing XML comment for publicly visible type or member 'AgentTaskStatus.Completed' [C:\Users\bsval\terrafusion_os_1.0\backend\src\TerraFusion.Consciousness\TerraFusion.Consciousness.csproj]
C:\Users\bsval\terrafusion_os_1.0\backend\src\TerraFusion.Consciousness\CoPilot\CoPilotController.cs(876,5): warning CS1591: Missing XML comment for publicly visible type or member 'AgentTaskStatus.Failed' [C:\Users\bsval\terrafusion_os_1.0\backend\src\TerraFusion.Consciousness\TerraFusion.Consciousness.csproj]
C:\Users\bsval\terrafusion_os_1.0\backend\src\TerraFusion.Consciousness\CoPilot\CoPilotController.cs(879,14): warning CS1591: Missing XML comment for publicly visible type or member 'AgentTaskResult' [C:\Users\bsval\terrafusion_os_1.0\backend\src\TerraFusion.Consciousness\TerraFusion.Consciousness.csproj]
C:\Users\bsval\terrafusion_os_1.0\backend\src\TerraFusion.Consciousness\CoPilot\CoPilotController.cs(881,25): warning CS1591: Missing XML comment for publicly visible type or member 'AgentTaskResult.FilesModified' [C:\Users\bsval\terrafusion_os_1.0\backend\src\TerraFusion.Consciousness\TerraFusion.Consciousness.csproj]
C:\Users\bsval\terrafusion_os_1.0\backend\src\TerraFusion.Consciousness\CoPilot\CoPilotController.cs(882,16): warning CS1591: Missing XML comment for publicly visible type or member 'AgentTaskResult.LinesAdded' [C:\Users\bsval\terrafusion_os_1.0\backend\src\TerraFusion.Consciousness\TerraFusion.Consciousness.csproj]
C:\Users\bsval\terrafusion_os_1.0\backend\src\TerraFusion.Consciousness\CoPilot\CoPilotController.cs(883,16): warning CS1591: Missing XML comment for publicly visible type or member 'AgentTaskResult.LinesRemoved' [C:\Users\bsval\terrafusion_os_1.0\backend\src\TerraFusion.Consciousness\TerraFusion.Consciousness.csproj]
C:\Users\bsval\terrafusion_os_1.0\backend\src\TerraFusion.Consciousness\CoPilot\CoPilotController.cs(884,26): warning CS1591: Missing XML comment for publicly visible type or member 'AgentTaskResult.Analysis' [C:\Users\bsval\terrafusion_os_1.0\backend\src\TerraFusion.Consciousness\TerraFusion.Consciousness.csproj]
C:\Users\bsval\terrafusion_os_1.0\backend\src\TerraFusion.Consciousness\CoPilot\CoPilotController.cs(885,19): warning CS1591: Missing XML comment for publicly visible type or member 'AgentTaskResult.Summary' [C:\Users\bsval\terrafusion_os_1.0\backend\src\TerraFusion.Consciousness\TerraFusion.Consciousness.csproj]
C:\Users\bsval\terrafusion_os_1.0\backend\src\TerraFusion.Consciousness\CoPilot\CoPilotController.cs(889,18): warning CS1591: Missing XML comment for publicly visible type or member 'IAutonomousAgentService' [C:\Users\bsval\terrafusion_os_1.0\backend\src\TerraFusion.Consciousness\TerraFusion.Consciousness.csproj]
C:\Users\bsval\terrafusion_os_1.0\backend\src\TerraFusion.Consciousness\CoPilot\CoPilotController.cs(891,27): warning CS1591: Missing XML comment for publicly visible type or member 'IAutonomousAgentService.ExecuteTaskAsync(AgentTask)' [C:\Users\bsval\terrafusion_os_1.0\backend\src\TerraFusion.Consciousness\TerraFusion.Consciousness.csproj]
C:\Users\bsval\terrafusion_os_1.0\backend\src\TerraFusion.Consciousness\CoPilot\CoPilotController.cs(894,14): warning CS1591: Missing XML comment for publicly visible type or member 'AutonomousAgentService' [C:\Users\bsval\terrafusion_os_1.0\backend\src\TerraFusion.Consciousness\TerraFusion.Consciousness.csproj]
C:\Users\bsval\terrafusion_os_1.0\backend\src\TerraFusion.Consciousness\CoPilot\CoPilotController.cs(899,12): warning CS1591: Missing XML comment for publicly visible type or member 'AutonomousAgentService.AutonomousAgentService(ICoPilotService, ICodeAnalysisService)' [C:\Users\bsval\terrafusion_os_1.0\backend\src\TerraFusion.Consciousness\TerraFusion.Consciousness.csproj]
C:\Users\bsval\terrafusion_os_1.0\backend\src\TerraFusion.Consciousness\CoPilot\CoPilotController.cs(907,40): warning CS1591: Missing XML comment for publicly visible type or member 'AutonomousAgentService.ExecuteTaskAsync(AgentTask)' [C:\Users\bsval\terrafusion_os_1.0\backend\src\TerraFusion.Consciousness\TerraFusion.Consciousness.csproj]
C:\Users\bsval\terrafusion_os_1.0\backend\src\TerraFusion.Consciousness\DTOs\AILayerMeshDTOs.cs(5,18): warning CS1591: Missing XML comment for publicly visible type or member 'MultiCountyInitializationResultDto' [C:\Users\bsval\terrafusion_os_1.0\backend\src\TerraFusion.Consciousness\TerraFusion.Consciousness.csproj]
C:\Users\bsval\terrafusion_os_1.0\backend\src\TerraFusion.Consciousness\DTOs\AILayerMeshDTOs.cs(7,30): warning CS1591: Missing XML comment for publicly visible type or member 'MultiCountyInitializationResultDto.Success' [C:\Users\bsval\terrafusion_os_1.0\backend\src\TerraFusion.Consciousness\TerraFusion.Consciousness.csproj]
C:\Users\bsval\terrafusion_os_1.0\backend\src\TerraFusion.Consciousness\DTOs\AILayerMeshDTOs.cs(8,38): warning CS1591: Missing XML comment for publicly visible type or member 'MultiCountyInitializationResultDto.InitializedCounties' [C:\Users\bsval\terrafusion_os_1.0\backend\src\TerraFusion.Consciousness\TerraFusion.Consciousness.csproj]
C:\Users\bsval\terrafusion_os_1.0\backend\src\TerraFusion.Consciousness\DTOs\AILayerMeshDTOs.cs(9,38): warning CS1591: Missing XML comment for publicly visible type or member 'MultiCountyInitializationResultDto.FailedCounties' [C:\Users\bsval\terrafusion_os_1.0\backend\src\TerraFusion.Consciousness\TerraFusion.Consciousness.csproj]
C:\Users\bsval\terrafusion_os_1.0\backend\src\TerraFusion.Consciousness\DTOs\AILayerMeshDTOs.cs(10,52): warning CS1591: Missing XML comment for publicly visible type or member 'MultiCountyInitializationResultDto.InitializationMetrics' [C:\Users\bsval\terrafusion_os_1.0\backend\src\TerraFusion.Consciousness\TerraFusion.Consciousness.csproj]
C:\Users\bsval\terrafusion_os_1.0\backend\src\TerraFusion.Consciousness\DTOs\AILayerMeshDTOs.cs(11,34): warning CS1591: Missing XML comment for publicly visible type or member 'MultiCountyInitializationResultDto.InitializationTime' [C:\Users\bsval\terrafusion_os_1.0\backend\src\TerraFusion.Consciousness\TerraFusion.Consciousness.csproj]
C:\Users\bsval\terrafusion_os_1.0\backend\src\TerraFusion.Consciousness\DTOs\AILayerMeshDTOs.cs(12,30): warning CS1591: Missing XML comment for publicly visible type or member 'MultiCountyInitializationResultDto.Errors' [C:\Users\bsval\terrafusion_os_1.0\backend\src\TerraFusion.Consciousness\TerraFusion.Consciousness.csproj]
C:\Users\bsval\terrafusion_os_1.0\backend\src\TerraFusion.Consciousness\DTOs\AILayerMeshDTOs.cs(13,44): warning CS1591: Missing XML comment for publicly visible type or member 'MultiCountyInitializationResultDto.LegacyCompatibilityInfo' [C:\Users\bsval\terrafusion_os_1.0\backend\src\TerraFusion.Consciousness\TerraFusion.Consciousness.csproj]
C:\Users\bsval\terrafusion_os_1.0\backend\src\TerraFusion.Consciousness\DTOs\AILayerMeshDTOs.cs(14,44): warning CS1591: Missing XML comment for publicly visible type or member 'MultiCountyInitializationResultDto.CountyVersionMappings' [C:\Users\bsval\terrafusion_os_1.0\backend\src\TerraFusion.Consciousness\TerraFusion.Consciousness.csproj]
C:\Users\bsval\terrafusion_os_1.0\backend\src\TerraFusion.Consciousness\DTOs\AILayerMeshDTOs.cs(15,24): warning CS1591: Missing XML comment for publicly visible type or member 'MultiCountyInitializationResultDto.BackwardCompatibilityLevel' [C:\Users\bsval\terrafusion_os_1.0\backend\src\TerraFusion.Consciousness\TerraFusion.Consciousness.csproj]
C:\Users\bsval\terrafusion_os_1.0\backend\src\TerraFusion.Consciousness\DTOs\AILayerMeshDTOs.cs(18,20): warning CS1591: Missing XML comment for publicly visible type or member 'MultiCountyInitializationResultDto.FederatedCounties' [C:\Users\bsval\terrafusion_os_1.0\backend\src\TerraFusion.Consciousness\TerraFusion.Consciousness.csproj]
C:\Users\bsval\terrafusion_os_1.0\backend\src\TerraFusion.Consciousness\DTOs\AILayerMeshDTOs.cs(19,23): warning CS1591: Missing XML comment for publicly visible type or member 'MultiCountyInitializationResultDto.MeshGatewayStatus' [C:\Users\bsval\terrafusion_os_1.0\backend\src\TerraFusion.Consciousness\TerraFusion.Consciousness.csproj]
C:\Users\bsval\terrafusion_os_1.0\backend\src\TerraFusion.Consciousness\DTOs\AILayerMeshDTOs.cs(20,21): warning CS1591: Missing XML comment for publicly visible type or member 'MultiCountyInitializationResultDto.PrivacyGuardrails' [C:\Users\bsval\terrafusion_os_1.0\backend\src\TerraFusion.Consciousness\TerraFusion.Consciousness.csproj]
C:\Users\bsval\terrafusion_os_1.0\backend\src\TerraFusion.Consciousness\DTOs\AILayerMeshDTOs.cs(21,29): warning CS1591: Missing XML comment for publicly visible type or member 'MultiCountyInitializationResultDto.InitializationMessages' [C:\Users\bsval\terrafusion_os_1.0\backend\src\TerraFusion.Consciousness\TerraFusion.Consciousness.csproj]
C:\Users\bsval\terrafusion_os_1.0\backend\src\TerraFusion.Consciousness\DTOs\AILayerMeshDTOs.cs(24,18): warning CS1591: Missing XML comment for publicly visible type or member 'CountyDataSourceRequestDto' [C:\Users\bsval\terrafusion_os_1.0\backend\src\TerraFusion.Consciousness\TerraFusion.Consciousness.csproj]
C:\Users\bsval\terrafusion_os_1.0\backend\src\TerraFusion.Consciousness\DTOs\AILayerMeshDTOs.cs(26,32): warning CS1591: Missing XML comment for publicly visible type or member 'CountyDataSourceRequestDto.CountyId' [C:\Users\bsval\terrafusion_os_1.0\backend\src\TerraFusion.Consciousness\TerraFusion.Consciousness.csproj]
C:\Users\bsval\terrafusion_os_1.0\backend\src\TerraFusion.Consciousness\DTOs\AILayerMeshDTOs.cs(27,32): warning CS1591: Missing XML comment for publicly visible type or member 'CountyDataSourceRequestDto.DataSourceType' [C:\Users\bsval\terrafusion_os_1.0\backend\src\TerraFusion.Consciousness\TerraFusion.Consciousness.csproj]
C:\Users\bsval\terrafusion_os_1.0\backend\src\TerraFusion.Consciousness\DTOs\AILayerMeshDTOs.cs(28,52): warning CS1591: Missing XML comment for publicly visible type or member 'CountyDataSourceRequestDto.ConnectionConfig' [C:\Users\bsval\terrafusion_os_1.0\backend\src\TerraFusion.Consciousness\TerraFusion.Consciousness.csproj]
C:\Users\bsval\terrafusion_os_1.0\backend\src\TerraFusion.Consciousness\DTOs\AILayerMeshDTOs.cs(29,32): warning CS1591: Missing XML comment for publicly visible type or member 'CountyDataSourceRequestDto.RequestId' [C:\Users\bsval\terrafusion_os_1.0\backend\src\TerraFusion.Consciousness\TerraFusion.Consciousness.csproj]
C:\Users\bsval\terrafusion_os_1.0\backend\src\TerraFusion.Consciousness\DTOs\AILayerMeshDTOs.cs(30,34): warning CS1591: Missing XML comment for publicly visible type or member 'CountyDataSourceRequestDto.RequestTime' [C:\Users\bsval\terrafusion_os_1.0\backend\src\TerraFusion.Consciousness\TerraFusion.Consciousness.csproj]
C:\Users\bsval\terrafusion_os_1.0\backend\src\TerraFusion.Consciousness\DTOs\AILayerMeshDTOs.cs(33,32): warning CS1591: Missing XML comment for publicly visible type or member 'CountyDataSourceRequestDto.CountyName' [C:\Users\bsval\terrafusion_os_1.0\backend\src\TerraFusion.Consciousness\TerraFusion.Consciousness.csproj]
C:\Users\bsval\terrafusion_os_1.0\backend\src\TerraFusion.Consciousness\DTOs\AILayerMeshDTOs.cs(34,32): warning CS1591: Missing XML comment for publicly visible type or member 'CountyDataSourceRequestDto.StateName' [C:\Users\bsval\terrafusion_os_1.0\backend\src\TerraFusion.Consciousness\TerraFusion.Consciousness.csproj]
C:\Users\bsval\terrafusion_os_1.0\backend\src\TerraFusion.Consciousness\DTOs\AILayerMeshDTOs.cs(35,38): warning CS1591: Missing XML comment for publicly visible type or member 'CountyDataSourceRequestDto.MeshCapabilities' [C:\Users\bsval\terrafusion_os_1.0\backend\src\TerraFusion.Consciousness\TerraFusion.Consciousness.csproj]
C:\Users\bsval\terrafusion_os_1.0\backend\src\TerraFusion.Consciousness\DTOs\AILayerMeshDTOs.cs(36,32): warning CS1591: Missing XML comment for publicly visible type or member 'CountyDataSourceRequestDto.PrivacyLevel' [C:\Users\bsval\terrafusion_os_1.0\backend\src\TerraFusion.Consciousness\TerraFusion.Consciousness.csproj]
C:\Users\bsval\terrafusion_os_1.0\backend\src\TerraFusion.Consciousness\DTOs\AILayerMeshDTOs.cs(37,52): warning CS1591: Missing XML comment for publicly visible type or member 'CountyDataSourceRequestDto.DataSovereigntyRestrictions' [C:\Users\bsval\terrafusion_os_1.0\backend\src\TerraFusion.Consciousness\TerraFusion.Consciousness.csproj]
C:\Users\bsval\terrafusion_os_1.0\backend\src\TerraFusion.Consciousness\DTOs\AILayerMeshDTOs.cs(39,24): warning CS1591: Missing XML comment for publicly visible type or member 'CountyDataSourceRequestDto.LegacySystemId' [C:\Users\bsval\terrafusion_os_1.0\backend\src\TerraFusion.Consciousness\TerraFusion.Consciousness.csproj]
C:\Users\bsval\terrafusion_os_1.0\backend\src\TerraFusion.Consciousness\DTOs\AILayerMeshDTOs.cs(40,44): warning CS1591: Missing XML comment for publicly visible type or member 'CountyDataSourceRequestDto.FlexibleConfiguration' [C:\Users\bsval\terrafusion_os_1.0\backend\src\TerraFusion.Consciousness\TerraFusion.Consciousness.csproj]
C:\Users\bsval\terrafusion_os_1.0\backend\src\TerraFusion.Consciousness\DTOs\AILayerMeshDTOs.cs(43,23): warning CS1591: Missing XML comment for publicly visible type or member 'CountyDataSourceRequestDto.ApiEndpoint' [C:\Users\bsval\terrafusion_os_1.0\backend\src\TerraFusion.Consciousness\TerraFusion.Consciousness.csproj]
C:\Users\bsval\terrafusion_os_1.0\backend\src\TerraFusion.Consciousness\DTOs\AILayerMeshDTOs.cs(44,44): warning CS1591: Missing XML comment for publicly visible type or member 'CountyDataSourceRequestDto.LegacyPropertyMappings' [C:\Users\bsval\terrafusion_os_1.0\backend\src\TerraFusion.Consciousness\TerraFusion.Consciousness.csproj]
C:\Users\bsval\terrafusion_os_1.0\backend\src\TerraFusion.Consciousness\DTOs\AILayerMeshDTOs.cs(45,22): warning CS1591: Missing XML comment for publicly visible type or member 'CountyDataSourceRequestDto.EnableBackwardCompatibility' [C:\Users\bsval\terrafusion_os_1.0\backend\src\TerraFusion.Consciousness\TerraFusion.Consciousness.csproj]
C:\Users\bsval\terrafusion_os_1.0\backend\src\TerraFusion.Consciousness\DTOs\AILayerMeshDTOs.cs(48,18): warning CS1591: Missing XML comment for publicly visible type or member 'CountyDataSourceResultDto' [C:\Users\bsval\terrafusion_os_1.0\backend\src\TerraFusion.Consciousness\TerraFusion.Consciousness.csproj]
C:\Users\bsval\terrafusion_os_1.0\backend\src\TerraFusion.Consciousness\DTOs\AILayerMeshDTOs.cs(50,32): warning CS1591: Missing XML comment for publicly visible type or member 'CountyDataSourceResultDto.CountyId' [C:\Users\bsval\terrafusion_os_1.0\backend\src\TerraFusion.Consciousness\TerraFusion.Consciousness.csproj]
C:\Users\bsval\terrafusion_os_1.0\backend\src\TerraFusion.Consciousness\DTOs\AILayerMeshDTOs.cs(51,30): warning CS1591: Missing XML comment for publicly visible type or member 'CountyDataSourceResultDto.Success' [C:\Users\bsval\terrafusion_os_1.0\backend\src\TerraFusion.Consciousness\TerraFusion.Consciousness.csproj]
C:\Users\bsval\terrafusion_os_1.0\backend\src\TerraFusion.Consciousness\DTOs\AILayerMeshDTOs.cs(52,52): warning CS1591: Missing XML comment for publicly visible type or member 'CountyDataSourceResultDto.DataSources' [C:\Users\bsval\terrafusion_os_1.0\backend\src\TerraFusion.Consciousness\TerraFusion.Consciousness.csproj]
C:\Users\bsval\terrafusion_os_1.0\backend\src\TerraFusion.Consciousness\DTOs\AILayerMeshDTOs.cs(53,34): warning CS1591: Missing XML comment for publicly visible type or member 'CountyDataSourceResultDto.ResponseTime' [C:\Users\bsval\terrafusion_os_1.0\backend\src\TerraFusion.Consciousness\TerraFusion.Consciousness.csproj]
C:\Users\bsval\terrafusion_os_1.0\backend\src\TerraFusion.Consciousness\DTOs\AILayerMeshDTOs.cs(56,32): warning CS1591: Missing XML comment for publicly visible type or member 'CountyDataSourceResultDto.CountyNodeId' [C:\Users\bsval\terrafusion_os_1.0\backend\src\TerraFusion.Consciousness\TerraFusion.Consciousness.csproj]
C:\Users\bsval\terrafusion_os_1.0\backend\src\TerraFusion.Consciousness\DTOs\AILayerMeshDTOs.cs(57,32): warning CS1591: Missing XML comment for publicly visible type or member 'CountyDataSourceResultDto.ConnectionStatus' [C:\Users\bsval\terrafusion_os_1.0\backend\src\TerraFusion.Consciousness\TerraFusion.Consciousness.csproj]
C:\Users\bsval\terrafusion_os_1.0\backend\src\TerraFusion.Consciousness\DTOs\AILayerMeshDTOs.cs(58,38): warning CS1591: Missing XML comment for publicly visible type or member 'CountyDataSourceResultDto.MeshCapabilities' [C:\Users\bsval\terrafusion_os_1.0\backend\src\TerraFusion.Consciousness\TerraFusion.Consciousness.csproj]
C:\Users\bsval\terrafusion_os_1.0\backend\src\TerraFusion.Consciousness\DTOs\AILayerMeshDTOs.cs(59,32): warning CS1591: Missing XML comment for publicly visible type or member 'CountyDataSourceResultDto.PrivacyLevel' [C:\Users\bsval\terrafusion_os_1.0\backend\src\TerraFusion.Consciousness\TerraFusion.Consciousness.csproj]
C:\Users\bsval\terrafusion_os_1.0\backend\src\TerraFusion.Consciousness\DTOs\AILayerMeshDTOs.cs(60,34): warning CS1591: Missing XML comment for publicly visible type or member 'CountyDataSourceResultDto.AddedAt' [C:\Users\bsval\terrafusion_os_1.0\backend\src\TerraFusion.Consciousness\TerraFusion.Consciousness.csproj]
C:\Users\bsval\terrafusion_os_1.0\backend\src\TerraFusion.Consciousness\DTOs\AILayerMeshDTOs.cs(61,34): warning CS1591: Missing XML comment for publicly visible type or member 'CountyDataSourceResultDto.ConnectionTime' [C:\Users\bsval\terrafusion_os_1.0\backend\src\TerraFusion.Consciousness\TerraFusion.Consciousness.csproj]
C:\Users\bsval\terrafusion_os_1.0\backend\src\TerraFusion.Consciousness\DTOs\AILayerMeshDTOs.cs(62,38): warning CS1591: Missing XML comment for publicly visible type or member 'CountyDataSourceResultDto.Messages' [C:\Users\bsval\terrafusion_os_1.0\backend\src\TerraFusion.Consciousness\TerraFusion.Consciousness.csproj]
C:\Users\bsval\terrafusion_os_1.0\backend\src\TerraFusion.Consciousness\DTOs\AILayerMeshDTOs.cs(64,30): warning CS1591: Missing XML comment for publicly visible type or member 'CountyDataSourceResultDto.Errors' [C:\Users\bsval\terrafusion_os_1.0\backend\src\TerraFusion.Consciousness\TerraFusion.Consciousness.csproj]
C:\Users\bsval\terrafusion_os_1.0\backend\src\TerraFusion.Consciousness\DTOs\AILayerMeshDTOs.cs(65,44): warning CS1591: Missing XML comment for publicly visible type or member 'CountyDataSourceResultDto.ConnectionMetrics' [C:\Users\bsval\terrafusion_os_1.0\backend\src\TerraFusion.Consciousness\TerraFusion.Consciousness.csproj]
C:\Users\bsval\terrafusion_os_1.0\backend\src\TerraFusion.Consciousness\DTOs\AILayerMeshDTOs.cs(68,18): warning CS1591: Missing XML comment for publicly visible type or member 'AvailableCountiesDto' [C:\Users\bsval\terrafusion_os_1.0\backend\src\TerraFusion.Consciousness\TerraFusion.Consciousness.csproj]
C:\Users\bsval\terrafusion_os_1.0\backend\src\TerraFusion.Consciousness\DTOs\AILayerMeshDTOs.cs(70,38): warning CS1591: Missing XML comment for publicly visible type or member 'AvailableCountiesDto.Counties' [C:\Users\bsval\terrafusion_os_1.0\backend\src\TerraFusion.Consciousness\TerraFusion.Consciousness.csproj]
C:\Users\bsval\terrafusion_os_1.0\backend\src\TerraFusion.Consciousness\DTOs\AILayerMeshDTOs.cs(71,52): warning CS1591: Missing XML comment for publicly visible type or member 'AvailableCountiesDto.CountyCapabilities' [C:\Users\bsval\terrafusion_os_1.0\backend\src\TerraFusion.Consciousness\TerraFusion.Consciousness.csproj]
C:\Users\bsval\terrafusion_os_1.0\backend\src\TerraFusion.Consciousness\DTOs\AILayerMeshDTOs.cs(72,34): warning CS1591: Missing XML comment for publicly visible type or member 'AvailableCountiesDto.LastUpdated' [C:\Users\bsval\terrafusion_os_1.0\backend\src\TerraFusion.Consciousness\TerraFusion.Consciousness.csproj]
C:\Users\bsval\terrafusion_os_1.0\backend\src\TerraFusion.Consciousness\DTOs\AILayerMeshDTOs.cs(75,51): warning CS1591: Missing XML comment for publicly visible type or member 'AvailableCountiesDto.FederatedCounties' [C:\Users\bsval\terrafusion_os_1.0\backend\src\TerraFusion.Consciousness\TerraFusion.Consciousness.csproj]
C:\Users\bsval\terrafusion_os_1.0\backend\src\TerraFusion.Consciousness\DTOs\AILayerMeshDTOs.cs(76,29): warning CS1591: Missing XML comment for publicly visible type or member 'AvailableCountiesDto.TotalFederatedCounties' [C:\Users\bsval\terrafusion_os_1.0\backend\src\TerraFusion.Consciousness\TerraFusion.Consciousness.csproj]
C:\Users\bsval\terrafusion_os_1.0\backend\src\TerraFusion.Consciousness\DTOs\AILayerMeshDTOs.cs(77,29): warning CS1591: Missing XML comment for publicly visible type or member 'AvailableCountiesDto.AvailableForConnection' [C:\Users\bsval\terrafusion_os_1.0\backend\src\TerraFusion.Consciousness\TerraFusion.Consciousness.csproj]
C:\Users\bsval\terrafusion_os_1.0\backend\src\TerraFusion.Consciousness\DTOs\AILayerMeshDTOs.cs(78,32): warning CS1591: Missing XML comment for publicly visible type or member 'AvailableCountiesDto.MeshStatus' [C:\Users\bsval\terrafusion_os_1.0\backend\src\TerraFusion.Consciousness\TerraFusion.Consciousness.csproj]
C:\Users\bsval\terrafusion_os_1.0\backend\src\TerraFusion.Consciousness\DTOs\AILayerMeshDTOs.cs(79,52): warning CS1591: Missing XML comment for publicly visible type or member 'AvailableCountiesDto.Statistics' [C:\Users\bsval\terrafusion_os_1.0\backend\src\TerraFusion.Consciousness\TerraFusion.Consciousness.csproj]
C:\Users\bsval\terrafusion_os_1.0\backend\src\TerraFusion.Consciousness\DTOs\AILayerMeshDTOs.cs(81,44): warning CS1591: Missing XML comment for publicly visible type or member 'AvailableCountiesDto.CountyMetrics' [C:\Users\bsval\terrafusion_os_1.0\backend\src\TerraFusion.Consciousness\TerraFusion.Consciousness.csproj]
C:\Users\bsval\terrafusion_os_1.0\backend\src\TerraFusion.Consciousness\DTOs\AILayerMeshDTOs.cs(84,18): warning CS1591: Missing XML comment for publicly visible type or member 'AggregatedDataRequestDto' [C:\Users\bsval\terrafusion_os_1.0\backend\src\TerraFusion.Consciousness\TerraFusion.Consciousness.csproj]
C:\Users\bsval\terrafusion_os_1.0\backend\src\TerraFusion.Consciousness\DTOs\AILayerMeshDTOs.cs(86,32): warning CS1591: Missing XML comment for publicly visible type or member 'AggregatedDataRequestDto.RequestId' [C:\Users\bsval\terrafusion_os_1.0\backend\src\TerraFusion.Consciousness\TerraFusion.Consciousness.csproj]
C:\Users\bsval\terrafusion_os_1.0\backend\src\TerraFusion.Consciousness\DTOs\AILayerMeshDTOs.cs(87,34): warning CS1591: Missing XML comment for publicly visible type or member 'AggregatedDataRequestDto.CountyIds' [C:\Users\bsval\terrafusion_os_1.0\backend\src\TerraFusion.Consciousness\TerraFusion.Consciousness.csproj]
C:\Users\bsval\terrafusion_os_1.0\backend\src\TerraFusion.Consciousness\DTOs\AILayerMeshDTOs.cs(88,32): warning CS1591: Missing XML comment for publicly visible type or member 'AggregatedDataRequestDto.AggregationType' [C:\Users\bsval\terrafusion_os_1.0\backend\src\TerraFusion.Consciousness\TerraFusion.Consciousness.csproj]
C:\Users\bsval\terrafusion_os_1.0\backend\src\TerraFusion.Consciousness\DTOs\AILayerMeshDTOs.cs(89,52): warning CS1591: Missing XML comment for publicly visible type or member 'AggregatedDataRequestDto.AggregationConfig' [C:\Users\bsval\terrafusion_os_1.0\backend\src\TerraFusion.Consciousness\TerraFusion.Consciousness.csproj]
C:\Users\bsval\terrafusion_os_1.0\backend\src\TerraFusion.Consciousness\DTOs\AILayerMeshDTOs.cs(90,34): warning CS1591: Missing XML comment for publicly visible type or member 'AggregatedDataRequestDto.RequestTime' [C:\Users\bsval\terrafusion_os_1.0\backend\src\TerraFusion.Consciousness\TerraFusion.Consciousness.csproj]
C:\Users\bsval\terrafusion_os_1.0\backend\src\TerraFusion.Consciousness\DTOs\AILayerMeshDTOs.cs(93,38): warning CS1591: Missing XML comment for publicly visible type or member 'AggregatedDataRequestDto.DataTypes' [C:\Users\bsval\terrafusion_os_1.0\backend\src\TerraFusion.Consciousness\TerraFusion.Consciousness.csproj]
C:\Users\bsval\terrafusion_os_1.0\backend\src\TerraFusion.Consciousness\DTOs\AILayerMeshDTOs.cs(94,38): warning CS1591: Missing XML comment for publicly visible type or member 'AggregatedDataRequestDto.TargetCounties' [C:\Users\bsval\terrafusion_os_1.0\backend\src\TerraFusion.Consciousness\TerraFusion.Consciousness.csproj]
C:\Users\bsval\terrafusion_os_1.0\backend\src\TerraFusion.Consciousness\DTOs\AILayerMeshDTOs.cs(96,44): warning CS1591: Missing XML comment for publicly visible type or member 'AggregatedDataRequestDto.AggregationOptions' [C:\Users\bsval\terrafusion_os_1.0\backend\src\TerraFusion.Consciousness\TerraFusion.Consciousness.csproj]
C:\Users\bsval\terrafusion_os_1.0\backend\src\TerraFusion.Consciousness\DTOs\AILayerMeshDTOs.cs(99,18): warning CS1591: Missing XML comment for publicly visible type or member 'AggregatedCountyDataDto' [C:\Users\bsval\terrafusion_os_1.0\backend\src\TerraFusion.Consciousness\TerraFusion.Consciousness.csproj]
C:\Users\bsval\terrafusion_os_1.0\backend\src\TerraFusion.Consciousness\DTOs\AILayerMeshDTOs.cs(101,32): warning CS1591: Missing XML comment for publicly visible type or member 'AggregatedCountyDataDto.RequestId' [C:\Users\bsval\terrafusion_os_1.0\backend\src\TerraFusion.Consciousness\TerraFusion.Consciousness.csproj]
C:\Users\bsval\terrafusion_os_1.0\backend\src\TerraFusion.Consciousness\DTOs\AILayerMeshDTOs.cs(102,52): warning CS1591: Missing XML comment for publicly visible type or member 'AggregatedCountyDataDto.AggregatedData' [C:\Users\bsval\terrafusion_os_1.0\backend\src\TerraFusion.Consciousness\TerraFusion.Consciousness.csproj]
C:\Users\bsval\terrafusion_os_1.0\backend\src\TerraFusion.Consciousness\DTOs\AILayerMeshDTOs.cs(103,38): warning CS1591: Missing XML comment for publicly visible type or member 'AggregatedCountyDataDto.ProcessedCounties' [C:\Users\bsval\terrafusion_os_1.0\backend\src\TerraFusion.Consciousness\TerraFusion.Consciousness.csproj]
C:\Users\bsval\terrafusion_os_1.0\backend\src\TerraFusion.Consciousness\DTOs\AILayerMeshDTOs.cs(104,34): warning CS1591: Missing XML comment for publicly visible type or member 'AggregatedCountyDataDto.AggregationTime' [C:\Users\bsval\terrafusion_os_1.0\backend\src\TerraFusion.Consciousness\TerraFusion.Consciousness.csproj]
C:\Users\bsval\terrafusion_os_1.0\backend\src\TerraFusion.Consciousness\DTOs\AILayerMeshDTOs.cs(107,32): warning CS1591: Missing XML comment for publicly visible type or member 'AggregatedCountyDataDto.AggregationMethod' [C:\Users\bsval\terrafusion_os_1.0\backend\src\TerraFusion.Consciousness\TerraFusion.Consciousness.csproj]
C:\Users\bsval\terrafusion_os_1.0\backend\src\TerraFusion.Consciousness\DTOs\AILayerMeshDTOs.cs(108,38): warning CS1591: Missing XML comment for publicly visible type or member 'AggregatedCountyDataDto.ParticipatingCounties' [C:\Users\bsval\terrafusion_os_1.0\backend\src\TerraFusion.Consciousness\TerraFusion.Consciousness.csproj]
C:\Users\bsval\terrafusion_os_1.0\backend\src\TerraFusion.Consciousness\DTOs\AILayerMeshDTOs.cs(109,38): warning CS1591: Missing XML comment for publicly visible type or member 'AggregatedCountyDataDto.DataTypes' [C:\Users\bsval\terrafusion_os_1.0\backend\src\TerraFusion.Consciousness\TerraFusion.Consciousness.csproj]
C:\Users\bsval\terrafusion_os_1.0\backend\src\TerraFusion.Consciousness\DTOs\AILayerMeshDTOs.cs(110,52): warning CS1591: Missing XML comment for publicly visible type or member 'AggregatedCountyDataDto.AggregatedResults' [C:\Users\bsval\terrafusion_os_1.0\backend\src\TerraFusion.Consciousness\TerraFusion.Consciousness.csproj]
C:\Users\bsval\terrafusion_os_1.0\backend\src\TerraFusion.Consciousness\DTOs\AILayerMeshDTOs.cs(111,38): warning CS1591: Missing XML comment for publicly visible type or member 'AggregatedCountyDataDto.PrivacyGuarantees' [C:\Users\bsval\terrafusion_os_1.0\backend\src\TerraFusion.Consciousness\TerraFusion.Consciousness.csproj]
C:\Users\bsval\terrafusion_os_1.0\backend\src\TerraFusion.Consciousness\DTOs\AILayerMeshDTOs.cs(112,34): warning CS1591: Missing XML comment for publicly visible type or member 'AggregatedCountyDataDto.DataAsOf' [C:\Users\bsval\terrafusion_os_1.0\backend\src\TerraFusion.Consciousness\TerraFusion.Consciousness.csproj]
C:\Users\bsval\terrafusion_os_1.0\backend\src\TerraFusion.Consciousness\DTOs\AILayerMeshDTOs.cs(113,52): warning CS1591: Missing XML comment for publicly visible type or member 'AggregatedCountyDataDto.Metadata' [C:\Users\bsval\terrafusion_os_1.0\backend\src\TerraFusion.Consciousness\TerraFusion.Consciousness.csproj]
C:\Users\bsval\terrafusion_os_1.0\backend\src\TerraFusion.Consciousness\DTOs\AILayerMeshDTOs.cs(115,44): warning CS1591: Missing XML comment for publicly visible type or member 'AggregatedCountyDataDto.AggregationMetrics' [C:\Users\bsval\terrafusion_os_1.0\backend\src\TerraFusion.Consciousness\TerraFusion.Consciousness.csproj]
C:\Users\bsval\terrafusion_os_1.0\backend\src\TerraFusion.Consciousness\DTOs\AILayerMeshDTOs.cs(118,18): warning CS1591: Missing XML comment for publicly visible type or member 'MultiCountySyncResultDto' [C:\Users\bsval\terrafusion_os_1.0\backend\src\TerraFusion.Consciousness\TerraFusion.Consciousness.csproj]
C:\Users\bsval\terrafusion_os_1.0\backend\src\TerraFusion.Consciousness\DTOs\AILayerMeshDTOs.cs(120,30): warning CS1591: Missing XML comment for publicly visible type or member 'MultiCountySyncResultDto.Success' [C:\Users\bsval\terrafusion_os_1.0\backend\src\TerraFusion.Consciousness\TerraFusion.Consciousness.csproj]
C:\Users\bsval\terrafusion_os_1.0\backend\src\TerraFusion.Consciousness\DTOs\AILayerMeshDTOs.cs(121,38): warning CS1591: Missing XML comment for publicly visible type or member 'MultiCountySyncResultDto.SyncedCounties' [C:\Users\bsval\terrafusion_os_1.0\backend\src\TerraFusion.Consciousness\TerraFusion.Consciousness.csproj]
C:\Users\bsval\terrafusion_os_1.0\backend\src\TerraFusion.Consciousness\DTOs\AILayerMeshDTOs.cs(122,38): warning CS1591: Missing XML comment for publicly visible type or member 'MultiCountySyncResultDto.FailedCounties' [C:\Users\bsval\terrafusion_os_1.0\backend\src\TerraFusion.Consciousness\TerraFusion.Consciousness.csproj]
C:\Users\bsval\terrafusion_os_1.0\backend\src\TerraFusion.Consciousness\DTOs\AILayerMeshDTOs.cs(123,34): warning CS1591: Missing XML comment for publicly visible type or member 'MultiCountySyncResultDto.SyncTime' [C:\Users\bsval\terrafusion_os_1.0\backend\src\TerraFusion.Consciousness\TerraFusion.Consciousness.csproj]
C:\Users\bsval\terrafusion_os_1.0\backend\src\TerraFusion.Consciousness\DTOs\AILayerMeshDTOs.cs(126,34): warning CS1591: Missing XML comment for publicly visible type or member 'MultiCountySyncResultDto.SyncStartTime' [C:\Users\bsval\terrafusion_os_1.0\backend\src\TerraFusion.Consciousness\TerraFusion.Consciousness.csproj]
C:\Users\bsval\terrafusion_os_1.0\backend\src\TerraFusion.Consciousness\DTOs\AILayerMeshDTOs.cs(127,34): warning CS1591: Missing XML comment for publicly visible type or member 'MultiCountySyncResultDto.SyncEndTime' [C:\Users\bsval\terrafusion_os_1.0\backend\src\TerraFusion.Consciousness\TerraFusion.Consciousness.csproj]
C:\Users\bsval\terrafusion_os_1.0\backend\src\TerraFusion.Consciousness\DTOs\AILayerMeshDTOs.cs(128,29): warning CS1591: Missing XML comment for publicly visible type or member 'MultiCountySyncResultDto.TotalCountiesSynced' [C:\Users\bsval\terrafusion_os_1.0\backend\src\TerraFusion.Consciousness\TerraFusion.Consciousness.csproj]
C:\Users\bsval\terrafusion_os_1.0\backend\src\TerraFusion.Consciousness\DTOs\AILayerMeshDTOs.cs(129,29): warning CS1591: Missing XML comment for publicly visible type or member 'MultiCountySyncResultDto.TotalRecordsSynced' [C:\Users\bsval\terrafusion_os_1.0\backend\src\TerraFusion.Consciousness\TerraFusion.Consciousness.csproj]
C:\Users\bsval\terrafusion_os_1.0\backend\src\TerraFusion.Consciousness\DTOs\AILayerMeshDTOs.cs(130,52): warning CS1591: Missing XML comment for publicly visible type or member 'MultiCountySyncResultDto.CountyResults' [C:\Users\bsval\terrafusion_os_1.0\backend\src\TerraFusion.Consciousness\TerraFusion.Consciousness.csproj]
C:\Users\bsval\terrafusion_os_1.0\backend\src\TerraFusion.Consciousness\DTOs\AILayerMeshDTOs.cs(131,38): warning CS1591: Missing XML comment for publicly visible type or member 'MultiCountySyncResultDto.SyncMessages' [C:\Users\bsval\terrafusion_os_1.0\backend\src\TerraFusion.Consciousness\TerraFusion.Consciousness.csproj]
C:\Users\bsval\terrafusion_os_1.0\backend\src\TerraFusion.Consciousness\DTOs\AILayerMeshDTOs.cs(133,44): warning CS1591: Missing XML comment for publicly visible type or member 'MultiCountySyncResultDto.SyncMetrics' [C:\Users\bsval\terrafusion_os_1.0\backend\src\TerraFusion.Consciousness\TerraFusion.Consciousness.csproj]
C:\Users\bsval\terrafusion_os_1.0\backend\src\TerraFusion.Consciousness\DTOs\AILayerMeshDTOs.cs(136,18): warning CS1591: Missing XML comment for publicly visible type or member 'FederatedOperationRequestDto' [C:\Users\bsval\terrafusion_os_1.0\backend\src\TerraFusion.Consciousness\TerraFusion.Consciousness.csproj]
C:\Users\bsval\terrafusion_os_1.0\backend\src\TerraFusion.Consciousness\DTOs\AILayerMeshDTOs.cs(138,32): warning CS1591: Missing XML comment for publicly visible type or member 'FederatedOperationRequestDto.OperationId' [C:\Users\bsval\terrafusion_os_1.0\backend\src\TerraFusion.Consciousness\TerraFusion.Consciousness.csproj]
C:\Users\bsval\terrafusion_os_1.0\backend\src\TerraFusion.Consciousness\DTOs\AILayerMeshDTOs.cs(139,32): warning CS1591: Missing XML comment for publicly visible type or member 'FederatedOperationRequestDto.OperationType' [C:\Users\bsval\terrafusion_os_1.0\backend\src\TerraFusion.Consciousness\TerraFusion.Consciousness.csproj]
C:\Users\bsval\terrafusion_os_1.0\backend\src\TerraFusion.Consciousness\DTOs\AILayerMeshDTOs.cs(140,34): warning CS1591: Missing XML comment for publicly visible type or member 'FederatedOperationRequestDto.TargetCounties' [C:\Users\bsval\terrafusion_os_1.0\backend\src\TerraFusion.Consciousness\TerraFusion.Consciousness.csproj]
C:\Users\bsval\terrafusion_os_1.0\backend\src\TerraFusion.Consciousness\DTOs\AILayerMeshDTOs.cs(141,52): warning CS1591: Missing XML comment for publicly visible type or member 'FederatedOperationRequestDto.OperationData' [C:\Users\bsval\terrafusion_os_1.0\backend\src\TerraFusion.Consciousness\TerraFusion.Consciousness.csproj]
C:\Users\bsval\terrafusion_os_1.0\backend\src\TerraFusion.Consciousness\DTOs\AILayerMeshDTOs.cs(142,34): warning CS1591: Missing XML comment for publicly visible type or member 'FederatedOperationRequestDto.RequestTime' [C:\Users\bsval\terrafusion_os_1.0\backend\src\TerraFusion.Consciousness\TerraFusion.Consciousness.csproj]
C:\Users\bsval\terrafusion_os_1.0\backend\src\TerraFusion.Consciousness\DTOs\AILayerMeshDTOs.cs(145,38): warning CS1591: Missing XML comment for publicly visible type or member 'FederatedOperationRequestDto.RequiredCapabilities' [C:\Users\bsval\terrafusion_os_1.0\backend\src\TerraFusion.Consciousness\TerraFusion.Consciousness.csproj]
C:\Users\bsval\terrafusion_os_1.0\backend\src\TerraFusion.Consciousness\DTOs\AILayerMeshDTOs.cs(147,44): warning CS1591: Missing XML comment for publicly visible type or member 'FederatedOperationRequestDto.OperationOptions' [C:\Users\bsval\terrafusion_os_1.0\backend\src\TerraFusion.Consciousness\TerraFusion.Consciousness.csproj]
C:\Users\bsval\terrafusion_os_1.0\backend\src\TerraFusion.Consciousness\DTOs\AILayerMeshDTOs.cs(150,18): warning CS1591: Missing XML comment for publicly visible type or member 'FederatedOperationResultDto' [C:\Users\bsval\terrafusion_os_1.0\backend\src\TerraFusion.Consciousness\TerraFusion.Consciousness.csproj]
C:\Users\bsval\terrafusion_os_1.0\backend\src\TerraFusion.Consciousness\DTOs\AILayerMeshDTOs.cs(152,32): warning CS1591: Missing XML comment for publicly visible type or member 'FederatedOperationResultDto.OperationId' [C:\Users\bsval\terrafusion_os_1.0\backend\src\TerraFusion.Consciousness\TerraFusion.Consciousness.csproj]
C:\Users\bsval\terrafusion_os_1.0\backend\src\TerraFusion.Consciousness\DTOs\AILayerMeshDTOs.cs(153,30): warning CS1591: Missing XML comment for publicly visible type or member 'FederatedOperationResultDto.Success' [C:\Users\bsval\terrafusion_os_1.0\backend\src\TerraFusion.Consciousness\TerraFusion.Consciousness.csproj]
C:\Users\bsval\terrafusion_os_1.0\backend\src\TerraFusion.Consciousness\DTOs\AILayerMeshDTOs.cs(154,52): warning CS1591: Missing XML comment for publicly visible type or member 'FederatedOperationResultDto.Results' [C:\Users\bsval\terrafusion_os_1.0\backend\src\TerraFusion.Consciousness\TerraFusion.Consciousness.csproj]
C:\Users\bsval\terrafusion_os_1.0\backend\src\TerraFusion.Consciousness\DTOs\AILayerMeshDTOs.cs(155,38): warning CS1591: Missing XML comment for publicly visible type or member 'FederatedOperationResultDto.ProcessedCounties' [C:\Users\bsval\terrafusion_os_1.0\backend\src\TerraFusion.Consciousness\TerraFusion.Consciousness.csproj]
C:\Users\bsval\terrafusion_os_1.0\backend\src\TerraFusion.Consciousness\DTOs\AILayerMeshDTOs.cs(156,34): warning CS1591: Missing XML comment for publicly visible type or member 'FederatedOperationResultDto.CompletionTime' [C:\Users\bsval\terrafusion_os_1.0\backend\src\TerraFusion.Consciousness\TerraFusion.Consciousness.csproj]
C:\Users\bsval\terrafusion_os_1.0\backend\src\TerraFusion.Consciousness\DTOs\AILayerMeshDTOs.cs(159,32): warning CS1591: Missing XML comment for publicly visible type or member 'FederatedOperationResultDto.OperationType' [C:\Users\bsval\terrafusion_os_1.0\backend\src\TerraFusion.Consciousness\TerraFusion.Consciousness.csproj]
C:\Users\bsval\terrafusion_os_1.0\backend\src\TerraFusion.Consciousness\DTOs\AILayerMeshDTOs.cs(160,38): warning CS1591: Missing XML comment for publicly visible type or member 'FederatedOperationResultDto.ParticipatingCounties' [C:\Users\bsval\terrafusion_os_1.0\backend\src\TerraFusion.Consciousness\TerraFusion.Consciousness.csproj]
C:\Users\bsval\terrafusion_os_1.0\backend\src\TerraFusion.Consciousness\DTOs\AILayerMeshDTOs.cs(161,34): warning CS1591: Missing XML comment for publicly visible type or member 'FederatedOperationResultDto.ExecutionTime' [C:\Users\bsval\terrafusion_os_1.0\backend\src\TerraFusion.Consciousness\TerraFusion.Consciousness.csproj]
C:\Users\bsval\terrafusion_os_1.0\backend\src\TerraFusion.Consciousness\DTOs\AILayerMeshDTOs.cs(162,52): warning CS1591: Missing XML comment for publicly visible type or member 'FederatedOperationResultDto.AggregatedResults' [C:\Users\bsval\terrafusion_os_1.0\backend\src\TerraFusion.Consciousness\TerraFusion.Consciousness.csproj]
C:\Users\bsval\terrafusion_os_1.0\backend\src\TerraFusion.Consciousness\DTOs\AILayerMeshDTOs.cs(163,38): warning CS1591: Missing XML comment for publicly visible type or member 'FederatedOperationResultDto.PrivacyGuarantees' [C:\Users\bsval\terrafusion_os_1.0\backend\src\TerraFusion.Consciousness\TerraFusion.Consciousness.csproj]
C:\Users\bsval\terrafusion_os_1.0\backend\src\TerraFusion.Consciousness\DTOs\AILayerMeshDTOs.cs(164,52): warning CS1591: Missing XML comment for publicly visible type or member 'FederatedOperationResultDto.ComplianceValidation' [C:\Users\bsval\terrafusion_os_1.0\backend\src\TerraFusion.Consciousness\TerraFusion.Consciousness.csproj]
C:\Users\bsval\terrafusion_os_1.0\backend\src\TerraFusion.Consciousness\DTOs\AILayerMeshDTOs.cs(166,44): warning CS1591: Missing XML comment for publicly visible type or member 'FederatedOperationResultDto.OperationMetrics' [C:\Users\bsval\terrafusion_os_1.0\backend\src\TerraFusion.Consciousness\TerraFusion.Consciousness.csproj]
C:\Users\bsval\terrafusion_os_1.0\backend\src\TerraFusion.Consciousness\DTOs\AILayerMeshDTOs.cs(169,18): warning CS1591: Missing XML comment for publicly visible type or member 'MeshHealthIndexDto' [C:\Users\bsval\terrafusion_os_1.0\backend\src\TerraFusion.Consciousness\TerraFusion.Consciousness.csproj]
C:\Users\bsval\terrafusion_os_1.0\backend\src\TerraFusion.Consciousness\DTOs\AILayerMeshDTOs.cs(171,32): warning CS1591: Missing XML comment for publicly visible type or member 'MeshHealthIndexDto.OverallHealthIndex' [C:\Users\bsval\terrafusion_os_1.0\backend\src\TerraFusion.Consciousness\TerraFusion.Consciousness.csproj]
C:\Users\bsval\terrafusion_os_1.0\backend\src\TerraFusion.Consciousness\DTOs\AILayerMeshDTOs.cs(172,52): warning CS1591: Missing XML comment for publicly visible type or member 'MeshHealthIndexDto.ComponentHealthScores' [C:\Users\bsval\terrafusion_os_1.0\backend\src\TerraFusion.Consciousness\TerraFusion.Consciousness.csproj]
C:\Users\bsval\terrafusion_os_1.0\backend\src\TerraFusion.Consciousness\DTOs\AILayerMeshDTOs.cs(173,32): warning CS1591: Missing XML comment for publicly visible type or member 'MeshHealthIndexDto.HealthStatus' [C:\Users\bsval\terrafusion_os_1.0\backend\src\TerraFusion.Consciousness\TerraFusion.Consciousness.csproj]
C:\Users\bsval\terrafusion_os_1.0\backend\src\TerraFusion.Consciousness\DTOs\AILayerMeshDTOs.cs(174,34): warning CS1591: Missing XML comment for publicly visible type or member 'MeshHealthIndexDto.CalculationTime' [C:\Users\bsval\terrafusion_os_1.0\backend\src\TerraFusion.Consciousness\TerraFusion.Consciousness.csproj]
C:\Users\bsval\terrafusion_os_1.0\backend\src\TerraFusion.Consciousness\DTOs\AILayerMeshDTOs.cs(175,38): warning CS1591: Missing XML comment for publicly visible type or member 'MeshHealthIndexDto.HealthIndicators' [C:\Users\bsval\terrafusion_os_1.0\backend\src\TerraFusion.Consciousness\TerraFusion.Consciousness.csproj]
C:\Users\bsval\terrafusion_os_1.0\backend\src\TerraFusion.Consciousness\DTOs\AILayerMeshDTOs.cs(178,32): warning CS1591: Missing XML comment for publicly visible type or member 'MeshHealthIndexDto.OverallHealth' [C:\Users\bsval\terrafusion_os_1.0\backend\src\TerraFusion.Consciousness\TerraFusion.Consciousness.csproj]
C:\Users\bsval\terrafusion_os_1.0\backend\src\TerraFusion.Consciousness\DTOs\AILayerMeshDTOs.cs(179,29): warning CS1591: Missing XML comment for publicly visible type or member 'MeshHealthIndexDto.ActiveCounties' [C:\Users\bsval\terrafusion_os_1.0\backend\src\TerraFusion.Consciousness\TerraFusion.Consciousness.csproj]
C:\Users\bsval\terrafusion_os_1.0\backend\src\TerraFusion.Consciousness\DTOs\AILayerMeshDTOs.cs(180,29): warning CS1591: Missing XML comment for publicly visible type or member 'MeshHealthIndexDto.TotalCounties' [C:\Users\bsval\terrafusion_os_1.0\backend\src\TerraFusion.Consciousness\TerraFusion.Consciousness.csproj]
C:\Users\bsval\terrafusion_os_1.0\backend\src\TerraFusion.Consciousness\DTOs\AILayerMeshDTOs.cs(181,32): warning CS1591: Missing XML comment for publicly visible type or member 'MeshHealthIndexDto.SecurityScore' [C:\Users\bsval\terrafusion_os_1.0\backend\src\TerraFusion.Consciousness\TerraFusion.Consciousness.csproj]
C:\Users\bsval\terrafusion_os_1.0\backend\src\TerraFusion.Consciousness\DTOs\AILayerMeshDTOs.cs(182,32): warning CS1591: Missing XML comment for publicly visible type or member 'MeshHealthIndexDto.PerformanceScore' [C:\Users\bsval\terrafusion_os_1.0\backend\src\TerraFusion.Consciousness\TerraFusion.Consciousness.csproj]
C:\Users\bsval\terrafusion_os_1.0\backend\src\TerraFusion.Consciousness\DTOs\AILayerMeshDTOs.cs(183,32): warning CS1591: Missing XML comment for publicly visible type or member 'MeshHealthIndexDto.PrivacyCompliance' [C:\Users\bsval\terrafusion_os_1.0\backend\src\TerraFusion.Consciousness\TerraFusion.Consciousness.csproj]
C:\Users\bsval\terrafusion_os_1.0\backend\src\TerraFusion.Consciousness\DTOs\AILayerMeshDTOs.cs(184,34): warning CS1591: Missing XML comment for publicly visible type or member 'MeshHealthIndexDto.LastHealthCheck' [C:\Users\bsval\terrafusion_os_1.0\backend\src\TerraFusion.Consciousness\TerraFusion.Consciousness.csproj]
C:\Users\bsval\terrafusion_os_1.0\backend\src\TerraFusion.Consciousness\DTOs\AILayerMeshDTOs.cs(185,52): warning CS1591: Missing XML comment for publicly visible type or member 'MeshHealthIndexDto.ComponentHealth' [C:\Users\bsval\terrafusion_os_1.0\backend\src\TerraFusion.Consciousness\TerraFusion.Consciousness.csproj]
C:\Users\bsval\terrafusion_os_1.0\backend\src\TerraFusion.Consciousness\DTOs\AILayerMeshDTOs.cs(186,38): warning CS1591: Missing XML comment for publicly visible type or member 'MeshHealthIndexDto.Alerts' [C:\Users\bsval\terrafusion_os_1.0\backend\src\TerraFusion.Consciousness\TerraFusion.Consciousness.csproj]
C:\Users\bsval\terrafusion_os_1.0\backend\src\TerraFusion.Consciousness\DTOs\AILayerMeshDTOs.cs(188,30): warning CS1591: Missing XML comment for publicly visible type or member 'MeshHealthIndexDto.HealthWarnings' [C:\Users\bsval\terrafusion_os_1.0\backend\src\TerraFusion.Consciousness\TerraFusion.Consciousness.csproj]
C:\Users\bsval\terrafusion_os_1.0\backend\src\TerraFusion.Consciousness\DTOs\AILayerMeshDTOs.cs(189,44): warning CS1591: Missing XML comment for publicly visible type or member 'MeshHealthIndexDto.HealthTrends' [C:\Users\bsval\terrafusion_os_1.0\backend\src\TerraFusion.Consciousness\TerraFusion.Consciousness.csproj]
C:\Users\bsval\terrafusion_os_1.0\backend\src\TerraFusion.Consciousness\DTOs\AILayerMeshDTOs.cs(196,18): warning CS1591: Missing XML comment for publicly visible type or member 'ValidationRequestDto' [C:\Users\bsval\terrafusion_os_1.0\backend\src\TerraFusion.Consciousness\TerraFusion.Consciousness.csproj]
C:\Users\bsval\terrafusion_os_1.0\backend\src\TerraFusion.Consciousness\DTOs\AILayerMeshDTOs.cs(198,32): warning CS1591: Missing XML comment for publicly visible type or member 'ValidationRequestDto.ValidationId' [C:\Users\bsval\terrafusion_os_1.0\backend\src\TerraFusion.Consciousness\TerraFusion.Consciousness.csproj]
C:\Users\bsval\terrafusion_os_1.0\backend\src\TerraFusion.Consciousness\DTOs\AILayerMeshDTOs.cs(199,32): warning CS1591: Missing XML comment for publicly visible type or member 'ValidationRequestDto.ValidationType' [C:\Users\bsval\terrafusion_os_1.0\backend\src\TerraFusion.Consciousness\TerraFusion.Consciousness.csproj]
C:\Users\bsval\terrafusion_os_1.0\backend\src\TerraFusion.Consciousness\DTOs\AILayerMeshDTOs.cs(200,52): warning CS1591: Missing XML comment for publicly visible type or member 'ValidationRequestDto.ValidationData' [C:\Users\bsval\terrafusion_os_1.0\backend\src\TerraFusion.Consciousness\TerraFusion.Consciousness.csproj]
C:\Users\bsval\terrafusion_os_1.0\backend\src\TerraFusion.Consciousness\DTOs\AILayerMeshDTOs.cs(201,34): warning CS1591: Missing XML comment for publicly visible type or member 'ValidationRequestDto.TargetRings' [C:\Users\bsval\terrafusion_os_1.0\backend\src\TerraFusion.Consciousness\TerraFusion.Consciousness.csproj]
C:\Users\bsval\terrafusion_os_1.0\backend\src\TerraFusion.Consciousness\DTOs\AILayerMeshDTOs.cs(202,32): warning CS1591: Missing XML comment for publicly visible type or member 'ValidationRequestDto.RequiredConsensus' [C:\Users\bsval\terrafusion_os_1.0\backend\src\TerraFusion.Consciousness\TerraFusion.Consciousness.csproj]
C:\Users\bsval\terrafusion_os_1.0\backend\src\TerraFusion.Consciousness\DTOs\AILayerMeshDTOs.cs(203,34): warning CS1591: Missing XML comment for publicly visible type or member 'ValidationRequestDto.RequestTime' [C:\Users\bsval\terrafusion_os_1.0\backend\src\TerraFusion.Consciousness\TerraFusion.Consciousness.csproj]
C:\Users\bsval\terrafusion_os_1.0\backend\src\TerraFusion.Consciousness\DTOs\AILayerMeshDTOs.cs(204,24): warning CS1591: Missing XML comment for publicly visible type or member 'ValidationRequestDto.RequestSource' [C:\Users\bsval\terrafusion_os_1.0\backend\src\TerraFusion.Consciousness\TerraFusion.Consciousness.csproj]
C:\Users\bsval\terrafusion_os_1.0\backend\src\TerraFusion.Consciousness\DTOs\AILayerMeshDTOs.cs(205,44): warning CS1591: Missing XML comment for publicly visible type or member 'ValidationRequestDto.ValidationCriteria' [C:\Users\bsval\terrafusion_os_1.0\backend\src\TerraFusion.Consciousness\TerraFusion.Consciousness.csproj]
C:\Users\bsval\terrafusion_os_1.0\backend\src\TerraFusion.Consciousness\DTOs\AILayerMeshDTOs.cs(208,25): warning CS1591: Missing XML comment for publicly visible type or member 'ValidationRequestDto.RequiredRings' [C:\Users\bsval\terrafusion_os_1.0\backend\src\TerraFusion.Consciousness\TerraFusion.Consciousness.csproj]
C:\Users\bsval\terrafusion_os_1.0\backend\src\TerraFusion.Consciousness\DTOs\AILayerMeshDTOs.cs(209,20): warning CS1591: Missing XML comment for publicly visible type or member 'ValidationRequestDto.Priority' [C:\Users\bsval\terrafusion_os_1.0\backend\src\TerraFusion.Consciousness\TerraFusion.Consciousness.csproj]
C:\Users\bsval\terrafusion_os_1.0\backend\src\TerraFusion.Consciousness\DTOs\AILayerMeshDTOs.cs(210,23): warning CS1591: Missing XML comment for publicly visible type or member 'ValidationRequestDto.RequestId' [C:\Users\bsval\terrafusion_os_1.0\backend\src\TerraFusion.Consciousness\TerraFusion.Consciousness.csproj]
C:\Users\bsval\terrafusion_os_1.0\backend\src\TerraFusion.Consciousness\DTOs\AILayerMeshDTOs.cs(213,18): warning CS1591: Missing XML comment for publicly visible type or member 'ValidationRingResultDto' [C:\Users\bsval\terrafusion_os_1.0\backend\src\TerraFusion.Consciousness\TerraFusion.Consciousness.csproj]
C:\Users\bsval\terrafusion_os_1.0\backend\src\TerraFusion.Consciousness\DTOs\AILayerMeshDTOs.cs(215,32): warning CS1591: Missing XML comment for publicly visible type or member 'ValidationRingResultDto.ValidationId' [C:\Users\bsval\terrafusion_os_1.0\backend\src\TerraFusion.Consciousness\TerraFusion.Consciousness.csproj]
C:\Users\bsval\terrafusion_os_1.0\backend\src\TerraFusion.Consciousness\DTOs\AILayerMeshDTOs.cs(216,30): warning CS1591: Missing XML comment for publicly visible type or member 'ValidationRingResultDto.ValidationPassed' [C:\Users\bsval\terrafusion_os_1.0\backend\src\TerraFusion.Consciousness\TerraFusion.Consciousness.csproj]
C:\Users\bsval\terrafusion_os_1.0\backend\src\TerraFusion.Consciousness\DTOs\AILayerMeshDTOs.cs(217,32): warning CS1591: Missing XML comment for publicly visible type or member 'ValidationRingResultDto.ConsensusAchieved' [C:\Users\bsval\terrafusion_os_1.0\backend\src\TerraFusion.Consciousness\TerraFusion.Consciousness.csproj]
C:\Users\bsval\terrafusion_os_1.0\backend\src\TerraFusion.Consciousness\DTOs\AILayerMeshDTOs.cs(218,52): warning CS1591: Missing XML comment for publicly visible type or member 'ValidationRingResultDto.ValidationResults' [C:\Users\bsval\terrafusion_os_1.0\backend\src\TerraFusion.Consciousness\TerraFusion.Consciousness.csproj]
C:\Users\bsval\terrafusion_os_1.0\backend\src\TerraFusion.Consciousness\DTOs\AILayerMeshDTOs.cs(219,38): warning CS1591: Missing XML comment for publicly visible type or member 'ValidationRingResultDto.ParticipatingRings' [C:\Users\bsval\terrafusion_os_1.0\backend\src\TerraFusion.Consciousness\TerraFusion.Consciousness.csproj]
C:\Users\bsval\terrafusion_os_1.0\backend\src\TerraFusion.Consciousness\DTOs\AILayerMeshDTOs.cs(220,34): warning CS1591: Missing XML comment for publicly visible type or member 'ValidationRingResultDto.ValidationTime' [C:\Users\bsval\terrafusion_os_1.0\backend\src\TerraFusion.Consciousness\TerraFusion.Consciousness.csproj]
C:\Users\bsval\terrafusion_os_1.0\backend\src\TerraFusion.Consciousness\DTOs\AILayerMeshDTOs.cs(221,38): warning CS1591: Missing XML comment for publicly visible type or member 'ValidationRingResultDto.ValidationSteps' [C:\Users\bsval\terrafusion_os_1.0\backend\src\TerraFusion.Consciousness\TerraFusion.Consciousness.csproj]
C:\Users\bsval\terrafusion_os_1.0\backend\src\TerraFusion.Consciousness\DTOs\AILayerMeshDTOs.cs(224,30): warning CS1591: Missing XML comment for publicly visible type or member 'ValidationRingResultDto.Success' [C:\Users\bsval\terrafusion_os_1.0\backend\src\TerraFusion.Consciousness\TerraFusion.Consciousness.csproj]
C:\Users\bsval\terrafusion_os_1.0\backend\src\TerraFusion.Consciousness\DTOs\AILayerMeshDTOs.cs(225,52): warning CS1591: Missing XML comment for publicly visible type or member 'ValidationRingResultDto.RingStatuses' [C:\Users\bsval\terrafusion_os_1.0\backend\src\TerraFusion.Consciousness\TerraFusion.Consciousness.csproj]
C:\Users\bsval\terrafusion_os_1.0\backend\src\TerraFusion.Consciousness\DTOs\AILayerMeshDTOs.cs(226,52): warning CS1591: Missing XML comment for publicly visible type or member 'ValidationRingResultDto.RingResults' [C:\Users\bsval\terrafusion_os_1.0\backend\src\TerraFusion.Consciousness\TerraFusion.Consciousness.csproj]
C:\Users\bsval\terrafusion_os_1.0\backend\src\TerraFusion.Consciousness\DTOs\AILayerMeshDTOs.cs(227,32): warning CS1591: Missing XML comment for publicly visible type or member 'ValidationRingResultDto.ConsensusLevel' [C:\Users\bsval\terrafusion_os_1.0\backend\src\TerraFusion.Consciousness\TerraFusion.Consciousness.csproj]
C:\Users\bsval\terrafusion_os_1.0\backend\src\TerraFusion.Consciousness\DTOs\AILayerMeshDTOs.cs(228,38): warning CS1591: Missing XML comment for publicly visible type or member 'ValidationRingResultDto.ValidationMessages' [C:\Users\bsval\terrafusion_os_1.0\backend\src\TerraFusion.Consciousness\TerraFusion.Consciousness.csproj]
C:\Users\bsval\terrafusion_os_1.0\backend\src\TerraFusion.Consciousness\DTOs\AILayerMeshDTOs.cs(229,52): warning CS1591: Missing XML comment for publicly visible type or member 'ValidationRingResultDto.DetailedResults' [C:\Users\bsval\terrafusion_os_1.0\backend\src\TerraFusion.Consciousness\TerraFusion.Consciousness.csproj]
C:\Users\bsval\terrafusion_os_1.0\backend\src\TerraFusion.Consciousness\DTOs\AILayerMeshDTOs.cs(231,44): warning CS1591: Missing XML comment for publicly visible type or member 'ValidationRingResultDto.ValidationMetrics' [C:\Users\bsval\terrafusion_os_1.0\backend\src\TerraFusion.Consciousness\TerraFusion.Consciousness.csproj]
C:\Users\bsval\terrafusion_os_1.0\backend\src\TerraFusion.Consciousness\DTOs\AILayerMeshDTOs.cs(234,18): warning CS1591: Missing XML comment for publicly visible type or member 'ValidationRingStatusDto' [C:\Users\bsval\terrafusion_os_1.0\backend\src\TerraFusion.Consciousness\TerraFusion.Consciousness.csproj]
C:\Users\bsval\terrafusion_os_1.0\backend\src\TerraFusion.Consciousness\DTOs\AILayerMeshDTOs.cs(236,32): warning CS1591: Missing XML comment for publicly visible type or member 'ValidationRingStatusDto.RingId' [C:\Users\bsval\terrafusion_os_1.0\backend\src\TerraFusion.Consciousness\TerraFusion.Consciousness.csproj]
C:\Users\bsval\terrafusion_os_1.0\backend\src\TerraFusion.Consciousness\DTOs\AILayerMeshDTOs.cs(237,32): warning CS1591: Missing XML comment for publicly visible type or member 'ValidationRingStatusDto.Status' [C:\Users\bsval\terrafusion_os_1.0\backend\src\TerraFusion.Consciousness\TerraFusion.Consciousness.csproj]
C:\Users\bsval\terrafusion_os_1.0\backend\src\TerraFusion.Consciousness\DTOs\AILayerMeshDTOs.cs(238,29): warning CS1591: Missing XML comment for publicly visible type or member 'ValidationRingStatusDto.ActiveValidators' [C:\Users\bsval\terrafusion_os_1.0\backend\src\TerraFusion.Consciousness\TerraFusion.Consciousness.csproj]
C:\Users\bsval\terrafusion_os_1.0\backend\src\TerraFusion.Consciousness\DTOs\AILayerMeshDTOs.cs(239,32): warning CS1591: Missing XML comment for publicly visible type or member 'ValidationRingStatusDto.ConsensusLevel' [C:\Users\bsval\terrafusion_os_1.0\backend\src\TerraFusion.Consciousness\TerraFusion.Consciousness.csproj]
C:\Users\bsval\terrafusion_os_1.0\backend\src\TerraFusion.Consciousness\DTOs\AILayerMeshDTOs.cs(240,34): warning CS1591: Missing XML comment for publicly visible type or member 'ValidationRingStatusDto.LastValidation' [C:\Users\bsval\terrafusion_os_1.0\backend\src\TerraFusion.Consciousness\TerraFusion.Consciousness.csproj]
C:\Users\bsval\terrafusion_os_1.0\backend\src\TerraFusion.Consciousness\DTOs\AILayerMeshDTOs.cs(241,38): warning CS1591: Missing XML comment for publicly visible type or member 'ValidationRingStatusDto.CurrentValidations' [C:\Users\bsval\terrafusion_os_1.0\backend\src\TerraFusion.Consciousness\TerraFusion.Consciousness.csproj]
C:\Users\bsval\terrafusion_os_1.0\backend\src\TerraFusion.Consciousness\DTOs\AILayerMeshDTOs.cs(244,32): warning CS1591: Missing XML comment for publicly visible type or member 'ValidationRingStatusDto.StatisticalValidationRing' [C:\Users\bsval\terrafusion_os_1.0\backend\src\TerraFusion.Consciousness\TerraFusion.Consciousness.csproj]
C:\Users\bsval\terrafusion_os_1.0\backend\src\TerraFusion.Consciousness\DTOs\AILayerMeshDTOs.cs(245,32): warning CS1591: Missing XML comment for publicly visible type or member 'ValidationRingStatusDto.BusinessRuleValidationRing' [C:\Users\bsval\terrafusion_os_1.0\backend\src\TerraFusion.Consciousness\TerraFusion.Consciousness.csproj]
C:\Users\bsval\terrafusion_os_1.0\backend\src\TerraFusion.Consciousness\DTOs\AILayerMeshDTOs.cs(246,32): warning CS1591: Missing XML comment for publicly visible type or member 'ValidationRingStatusDto.EthicsLegalValidationRing' [C:\Users\bsval\terrafusion_os_1.0\backend\src\TerraFusion.Consciousness\TerraFusion.Consciousness.csproj]
C:\Users\bsval\terrafusion_os_1.0\backend\src\TerraFusion.Consciousness\DTOs\AILayerMeshDTOs.cs(247,32): warning CS1591: Missing XML comment for publicly visible type or member 'ValidationRingStatusDto.PerformanceValidationRing' [C:\Users\bsval\terrafusion_os_1.0\backend\src\TerraFusion.Consciousness\TerraFusion.Consciousness.csproj]
C:\Users\bsval\terrafusion_os_1.0\backend\src\TerraFusion.Consciousness\DTOs\AILayerMeshDTOs.cs(248,32): warning CS1591: Missing XML comment for publicly visible type or member 'ValidationRingStatusDto.ConsensusAchievement' [C:\Users\bsval\terrafusion_os_1.0\backend\src\TerraFusion.Consciousness\TerraFusion.Consciousness.csproj]
C:\Users\bsval\terrafusion_os_1.0\backend\src\TerraFusion.Consciousness\DTOs\AILayerMeshDTOs.cs(249,34): warning CS1591: Missing XML comment for publicly visible type or member 'ValidationRingStatusDto.LastConsensusTime' [C:\Users\bsval\terrafusion_os_1.0\backend\src\TerraFusion.Consciousness\TerraFusion.Consciousness.csproj]
C:\Users\bsval\terrafusion_os_1.0\backend\src\TerraFusion.Consciousness\DTOs\AILayerMeshDTOs.cs(250,32): warning CS1591: Missing XML comment for publicly visible type or member 'ValidationRingStatusDto.ValidationThroughput' [C:\Users\bsval\terrafusion_os_1.0\backend\src\TerraFusion.Consciousness\TerraFusion.Consciousness.csproj]
C:\Users\bsval\terrafusion_os_1.0\backend\src\TerraFusion.Consciousness\DTOs\AILayerMeshDTOs.cs(251,52): warning CS1591: Missing XML comment for publicly visible type or member 'ValidationRingStatusDto.ConsensusMetrics' [C:\Users\bsval\terrafusion_os_1.0\backend\src\TerraFusion.Consciousness\TerraFusion.Consciousness.csproj]
C:\Users\bsval\terrafusion_os_1.0\backend\src\TerraFusion.Consciousness\DTOs\AILayerMeshDTOs.cs(253,44): warning CS1591: Missing XML comment for publicly visible type or member 'ValidationRingStatusDto.RingMetrics' [C:\Users\bsval\terrafusion_os_1.0\backend\src\TerraFusion.Consciousness\TerraFusion.Consciousness.csproj]
C:\Users\bsval\terrafusion_os_1.0\backend\src\TerraFusion.Consciousness\DTOs\AILayerMeshDTOs.cs(260,18): warning CS1591: Missing XML comment for publicly visible type or member 'MeshOperationRequestDto' [C:\Users\bsval\terrafusion_os_1.0\backend\src\TerraFusion.Consciousness\TerraFusion.Consciousness.csproj]
C:\Users\bsval\terrafusion_os_1.0\backend\src\TerraFusion.Consciousness\DTOs\AILayerMeshDTOs.cs(262,32): warning CS1591: Missing XML comment for publicly visible type or member 'MeshOperationRequestDto.OperationId' [C:\Users\bsval\terrafusion_os_1.0\backend\src\TerraFusion.Consciousness\TerraFusion.Consciousness.csproj]
C:\Users\bsval\terrafusion_os_1.0\backend\src\TerraFusion.Consciousness\DTOs\AILayerMeshDTOs.cs(263,32): warning CS1591: Missing XML comment for publicly visible type or member 'MeshOperationRequestDto.OperationType' [C:\Users\bsval\terrafusion_os_1.0\backend\src\TerraFusion.Consciousness\TerraFusion.Consciousness.csproj]
C:\Users\bsval\terrafusion_os_1.0\backend\src\TerraFusion.Consciousness\DTOs\AILayerMeshDTOs.cs(264,52): warning CS1591: Missing XML comment for publicly visible type or member 'MeshOperationRequestDto.OperationData' [C:\Users\bsval\terrafusion_os_1.0\backend\src\TerraFusion.Consciousness\TerraFusion.Consciousness.csproj]
C:\Users\bsval\terrafusion_os_1.0\backend\src\TerraFusion.Consciousness\DTOs\AILayerMeshDTOs.cs(265,34): warning CS1591: Missing XML comment for publicly visible type or member 'MeshOperationRequestDto.TargetLayers' [C:\Users\bsval\terrafusion_os_1.0\backend\src\TerraFusion.Consciousness\TerraFusion.Consciousness.csproj]
C:\Users\bsval\terrafusion_os_1.0\backend\src\TerraFusion.Consciousness\DTOs\AILayerMeshDTOs.cs(266,29): warning CS1591: Missing XML comment for publicly visible type or member 'MeshOperationRequestDto.Priority' [C:\Users\bsval\terrafusion_os_1.0\backend\src\TerraFusion.Consciousness\TerraFusion.Consciousness.csproj]
C:\Users\bsval\terrafusion_os_1.0\backend\src\TerraFusion.Consciousness\DTOs\AILayerMeshDTOs.cs(267,34): warning CS1591: Missing XML comment for publicly visible type or member 'MeshOperationRequestDto.RequestTime' [C:\Users\bsval\terrafusion_os_1.0\backend\src\TerraFusion.Consciousness\TerraFusion.Consciousness.csproj]
C:\Users\bsval\terrafusion_os_1.0\backend\src\TerraFusion.Consciousness\DTOs\AILayerMeshDTOs.cs(268,24): warning CS1591: Missing XML comment for publicly visible type or member 'MeshOperationRequestDto.RequestSource' [C:\Users\bsval\terrafusion_os_1.0\backend\src\TerraFusion.Consciousness\TerraFusion.Consciousness.csproj]
C:\Users\bsval\terrafusion_os_1.0\backend\src\TerraFusion.Consciousness\DTOs\AILayerMeshDTOs.cs(269,44): warning CS1591: Missing XML comment for publicly visible type or member 'MeshOperationRequestDto.OperationConfig' [C:\Users\bsval\terrafusion_os_1.0\backend\src\TerraFusion.Consciousness\TerraFusion.Consciousness.csproj]
C:\Users\bsval\terrafusion_os_1.0\backend\src\TerraFusion.Consciousness\DTOs\AILayerMeshDTOs.cs(272,25): warning CS1591: Missing XML comment for publicly visible type or member 'MeshOperationRequestDto.Timestamp' [C:\Users\bsval\terrafusion_os_1.0\backend\src\TerraFusion.Consciousness\TerraFusion.Consciousness.csproj]
C:\Users\bsval\terrafusion_os_1.0\backend\src\TerraFusion.Consciousness\DTOs\AILayerMeshDTOs.cs(273,43): warning CS1591: Missing XML comment for publicly visible type or member 'MeshOperationRequestDto.Data' [C:\Users\bsval\terrafusion_os_1.0\backend\src\TerraFusion.Consciousness\TerraFusion.Consciousness.csproj]
C:\Users\bsval\terrafusion_os_1.0\backend\src\TerraFusion.Consciousness\DTOs\AILayerMeshDTOs.cs(276,18): warning CS1591: Missing XML comment for publicly visible type or member 'MeshOperationResultDto' [C:\Users\bsval\terrafusion_os_1.0\backend\src\TerraFusion.Consciousness\TerraFusion.Consciousness.csproj]
C:\Users\bsval\terrafusion_os_1.0\backend\src\TerraFusion.Consciousness\DTOs\AILayerMeshDTOs.cs(278,32): warning CS1591: Missing XML comment for publicly visible type or member 'MeshOperationResultDto.OperationId' [C:\Users\bsval\terrafusion_os_1.0\backend\src\TerraFusion.Consciousness\TerraFusion.Consciousness.csproj]
C:\Users\bsval\terrafusion_os_1.0\backend\src\TerraFusion.Consciousness\DTOs\AILayerMeshDTOs.cs(279,30): warning CS1591: Missing XML comment for publicly visible type or member 'MeshOperationResultDto.Success' [C:\Users\bsval\terrafusion_os_1.0\backend\src\TerraFusion.Consciousness\TerraFusion.Consciousness.csproj]
C:\Users\bsval\terrafusion_os_1.0\backend\src\TerraFusion.Consciousness\DTOs\AILayerMeshDTOs.cs(280,52): warning CS1591: Missing XML comment for publicly visible type or member 'MeshOperationResultDto.Results' [C:\Users\bsval\terrafusion_os_1.0\backend\src\TerraFusion.Consciousness\TerraFusion.Consciousness.csproj]
C:\Users\bsval\terrafusion_os_1.0\backend\src\TerraFusion.Consciousness\DTOs\AILayerMeshDTOs.cs(281,38): warning CS1591: Missing XML comment for publicly visible type or member 'MeshOperationResultDto.ProcessedLayers' [C:\Users\bsval\terrafusion_os_1.0\backend\src\TerraFusion.Consciousness\TerraFusion.Consciousness.csproj]
C:\Users\bsval\terrafusion_os_1.0\backend\src\TerraFusion.Consciousness\DTOs\AILayerMeshDTOs.cs(282,34): warning CS1591: Missing XML comment for publicly visible type or member 'MeshOperationResultDto.CompletionTime' [C:\Users\bsval\terrafusion_os_1.0\backend\src\TerraFusion.Consciousness\TerraFusion.Consciousness.csproj]
C:\Users\bsval\terrafusion_os_1.0\backend\src\TerraFusion.Consciousness\DTOs\AILayerMeshDTOs.cs(283,34): warning CS1591: Missing XML comment for publicly visible type or member 'MeshOperationResultDto.ProcessingDuration' [C:\Users\bsval\terrafusion_os_1.0\backend\src\TerraFusion.Consciousness\TerraFusion.Consciousness.csproj]
C:\Users\bsval\terrafusion_os_1.0\backend\src\TerraFusion.Consciousness\DTOs\AILayerMeshDTOs.cs(286,32): warning CS1591: Missing XML comment for publicly visible type or member 'MeshOperationResultDto.OperationType' [C:\Users\bsval\terrafusion_os_1.0\backend\src\TerraFusion.Consciousness\TerraFusion.Consciousness.csproj]
C:\Users\bsval\terrafusion_os_1.0\backend\src\TerraFusion.Consciousness\DTOs\AILayerMeshDTOs.cs(287,34): warning CS1591: Missing XML comment for publicly visible type or member 'MeshOperationResultDto.ExecutionTime' [C:\Users\bsval\terrafusion_os_1.0\backend\src\TerraFusion.Consciousness\TerraFusion.Consciousness.csproj]
C:\Users\bsval\terrafusion_os_1.0\backend\src\TerraFusion.Consciousness\DTOs\AILayerMeshDTOs.cs(288,52): warning CS1591: Missing XML comment for publicly visible type or member 'MeshOperationResultDto.LayerResults' [C:\Users\bsval\terrafusion_os_1.0\backend\src\TerraFusion.Consciousness\TerraFusion.Consciousness.csproj]
C:\Users\bsval\terrafusion_os_1.0\backend\src\TerraFusion.Consciousness\DTOs\AILayerMeshDTOs.cs(289,32): warning CS1591: Missing XML comment for publicly visible type or member 'MeshOperationResultDto.ValidationRingConsensus' [C:\Users\bsval\terrafusion_os_1.0\backend\src\TerraFusion.Consciousness\TerraFusion.Consciousness.csproj]
C:\Users\bsval\terrafusion_os_1.0\backend\src\TerraFusion.Consciousness\DTOs\AILayerMeshDTOs.cs(290,52): warning CS1591: Missing XML comment for publicly visible type or member 'MeshOperationResultDto.PerformanceMetrics' [C:\Users\bsval\terrafusion_os_1.0\backend\src\TerraFusion.Consciousness\TerraFusion.Consciousness.csproj]
C:\Users\bsval\terrafusion_os_1.0\backend\src\TerraFusion.Consciousness\DTOs\AILayerMeshDTOs.cs(291,52): warning CS1591: Missing XML comment for publicly visible type or member 'MeshOperationResultDto.ComplianceValidation' [C:\Users\bsval\terrafusion_os_1.0\backend\src\TerraFusion.Consciousness\TerraFusion.Consciousness.csproj]
C:\Users\bsval\terrafusion_os_1.0\backend\src\TerraFusion.Consciousness\DTOs\AILayerMeshDTOs.cs(293,30): warning CS1591: Missing XML comment for publicly visible type or member 'MeshOperationResultDto.Errors' [C:\Users\bsval\terrafusion_os_1.0\backend\src\TerraFusion.Consciousness\TerraFusion.Consciousness.csproj]
C:\Users\bsval\terrafusion_os_1.0\backend\src\TerraFusion.Consciousness\DTOs\AILayerMeshDTOs.cs(294,44): warning CS1591: Missing XML comment for publicly visible type or member 'MeshOperationResultDto.Metrics' [C:\Users\bsval\terrafusion_os_1.0\backend\src\TerraFusion.Consciousness\TerraFusion.Consciousness.csproj]
C:\Users\bsval\terrafusion_os_1.0\backend\src\TerraFusion.Consciousness\DTOs\AILayerMeshDTOs.cs(295,23): warning CS1591: Missing XML comment for publicly visible type or member 'MeshOperationResultDto.ConsensusLevel' [C:\Users\bsval\terrafusion_os_1.0\backend\src\TerraFusion.Consciousness\TerraFusion.Consciousness.csproj]
C:\Users\bsval\terrafusion_os_1.0\backend\src\TerraFusion.Consciousness\DTOs\AILayerMeshDTOs.cs(298,18): warning CS1591: Missing XML comment for publicly visible type or member 'MeshEnvelopeDto' [C:\Users\bsval\terrafusion_os_1.0\backend\src\TerraFusion.Consciousness\TerraFusion.Consciousness.csproj]
C:\Users\bsval\terrafusion_os_1.0\backend\src\TerraFusion.Consciousness\DTOs\AILayerMeshDTOs.cs(300,32): warning CS1591: Missing XML comment for publicly visible type or member 'MeshEnvelopeDto.EnvelopeId' [C:\Users\bsval\terrafusion_os_1.0\backend\src\TerraFusion.Consciousness\TerraFusion.Consciousness.csproj]
C:\Users\bsval\terrafusion_os_1.0\backend\src\TerraFusion.Consciousness\DTOs\AILayerMeshDTOs.cs(301,32): warning CS1591: Missing XML comment for publicly visible type or member 'MeshEnvelopeDto.MessageType' [C:\Users\bsval\terrafusion_os_1.0\backend\src\TerraFusion.Consciousness\TerraFusion.Consciousness.csproj]
C:\Users\bsval\terrafusion_os_1.0\backend\src\TerraFusion.Consciousness\DTOs\AILayerMeshDTOs.cs(302,52): warning CS1591: Missing XML comment for publicly visible type or member 'MeshEnvelopeDto.Payload' [C:\Users\bsval\terrafusion_os_1.0\backend\src\TerraFusion.Consciousness\TerraFusion.Consciousness.csproj]
C:\Users\bsval\terrafusion_os_1.0\backend\src\TerraFusion.Consciousness\DTOs\AILayerMeshDTOs.cs(303,32): warning CS1591: Missing XML comment for publicly visible type or member 'MeshEnvelopeDto.SourceLayer' [C:\Users\bsval\terrafusion_os_1.0\backend\src\TerraFusion.Consciousness\TerraFusion.Consciousness.csproj]
C:\Users\bsval\terrafusion_os_1.0\backend\src\TerraFusion.Consciousness\DTOs\AILayerMeshDTOs.cs(304,34): warning CS1591: Missing XML comment for publicly visible type or member 'MeshEnvelopeDto.TargetLayers' [C:\Users\bsval\terrafusion_os_1.0\backend\src\TerraFusion.Consciousness\TerraFusion.Consciousness.csproj]
C:\Users\bsval\terrafusion_os_1.0\backend\src\TerraFusion.Consciousness\DTOs\AILayerMeshDTOs.cs(305,34): warning CS1591: Missing XML comment for publicly visible type or member 'MeshEnvelopeDto.Timestamp' [C:\Users\bsval\terrafusion_os_1.0\backend\src\TerraFusion.Consciousness\TerraFusion.Consciousness.csproj]
C:\Users\bsval\terrafusion_os_1.0\backend\src\TerraFusion.Consciousness\DTOs\AILayerMeshDTOs.cs(308,32): warning CS1591: Missing XML comment for publicly visible type or member 'MeshEnvelopeDto.OperationId' [C:\Users\bsval\terrafusion_os_1.0\backend\src\TerraFusion.Consciousness\TerraFusion.Consciousness.csproj]
C:\Users\bsval\terrafusion_os_1.0\backend\src\TerraFusion.Consciousness\DTOs\AILayerMeshDTOs.cs(309,32): warning CS1591: Missing XML comment for publicly visible type or member 'MeshEnvelopeDto.OperationType' [C:\Users\bsval\terrafusion_os_1.0\backend\src\TerraFusion.Consciousness\TerraFusion.Consciousness.csproj]
C:\Users\bsval\terrafusion_os_1.0\backend\src\TerraFusion.Consciousness\DTOs\AILayerMeshDTOs.cs(310,29): warning CS1591: Missing XML comment for publicly visible type or member 'MeshEnvelopeDto.Priority' [C:\Users\bsval\terrafusion_os_1.0\backend\src\TerraFusion.Consciousness\TerraFusion.Consciousness.csproj]
C:\Users\bsval\terrafusion_os_1.0\backend\src\TerraFusion.Consciousness\DTOs\AILayerMeshDTOs.cs(312,44): warning CS1591: Missing XML comment for publicly visible type or member 'MeshEnvelopeDto.Headers' [C:\Users\bsval\terrafusion_os_1.0\backend\src\TerraFusion.Consciousness\TerraFusion.Consciousness.csproj]
C:\Users\bsval\terrafusion_os_1.0\backend\src\TerraFusion.Consciousness\DTOs\AILayerMeshDTOs.cs(313,24): warning CS1591: Missing XML comment for publicly visible type or member 'MeshEnvelopeDto.EncryptionKey' [C:\Users\bsval\terrafusion_os_1.0\backend\src\TerraFusion.Consciousness\TerraFusion.Consciousness.csproj]
C:\Users\bsval\terrafusion_os_1.0\backend\src\TerraFusion.Consciousness\DTOs\AILayerMeshDTOs.cs(316,18): warning CS1591: Missing XML comment for publicly visible type or member 'MeshStatusDto' [C:\Users\bsval\terrafusion_os_1.0\backend\src\TerraFusion.Consciousness\TerraFusion.Consciousness.csproj]
C:\Users\bsval\terrafusion_os_1.0\backend\src\TerraFusion.Consciousness\DTOs\AILayerMeshDTOs.cs(318,32): warning CS1591: Missing XML comment for publicly visible type or member 'MeshStatusDto.MeshId' [C:\Users\bsval\terrafusion_os_1.0\backend\src\TerraFusion.Consciousness\TerraFusion.Consciousness.csproj]
C:\Users\bsval\terrafusion_os_1.0\backend\src\TerraFusion.Consciousness\DTOs\AILayerMeshDTOs.cs(319,32): warning CS1591: Missing XML comment for publicly visible type or member 'MeshStatusDto.Status' [C:\Users\bsval\terrafusion_os_1.0\backend\src\TerraFusion.Consciousness\TerraFusion.Consciousness.csproj]
C:\Users\bsval\terrafusion_os_1.0\backend\src\TerraFusion.Consciousness\DTOs\AILayerMeshDTOs.cs(320,29): warning CS1591: Missing XML comment for publicly visible type or member 'MeshStatusDto.ActiveLayers' [C:\Users\bsval\terrafusion_os_1.0\backend\src\TerraFusion.Consciousness\TerraFusion.Consciousness.csproj]
C:\Users\bsval\terrafusion_os_1.0\backend\src\TerraFusion.Consciousness\DTOs\AILayerMeshDTOs.cs(321,29): warning CS1591: Missing XML comment for publicly visible type or member 'MeshStatusDto.TotalOperations' [C:\Users\bsval\terrafusion_os_1.0\backend\src\TerraFusion.Consciousness\TerraFusion.Consciousness.csproj]
C:\Users\bsval\terrafusion_os_1.0\backend\src\TerraFusion.Consciousness\DTOs\AILayerMeshDTOs.cs(322,34): warning CS1591: Missing XML comment for publicly visible type or member 'MeshStatusDto.LastUpdate' [C:\Users\bsval\terrafusion_os_1.0\backend\src\TerraFusion.Consciousness\TerraFusion.Consciousness.csproj]
C:\Users\bsval\terrafusion_os_1.0\backend\src\TerraFusion.Consciousness\DTOs\AILayerMeshDTOs.cs(323,52): warning CS1591: Missing XML comment for publicly visible type or member 'MeshStatusDto.LayerStatuses' [C:\Users\bsval\terrafusion_os_1.0\backend\src\TerraFusion.Consciousness\TerraFusion.Consciousness.csproj]
C:\Users\bsval\terrafusion_os_1.0\backend\src\TerraFusion.Consciousness\DTOs\AILayerMeshDTOs.cs(326,32): warning CS1591: Missing XML comment for publicly visible type or member 'MeshStatusDto.OverallStatus' [C:\Users\bsval\terrafusion_os_1.0\backend\src\TerraFusion.Consciousness\TerraFusion.Consciousness.csproj]
C:\Users\bsval\terrafusion_os_1.0\backend\src\TerraFusion.Consciousness\DTOs\AILayerMeshDTOs.cs(327,52): warning CS1591: Missing XML comment for publicly visible type or member 'MeshStatusDto.ValidationRings' [C:\Users\bsval\terrafusion_os_1.0\backend\src\TerraFusion.Consciousness\TerraFusion.Consciousness.csproj]
C:\Users\bsval\terrafusion_os_1.0\backend\src\TerraFusion.Consciousness\DTOs\AILayerMeshDTOs.cs(328,29): warning CS1591: Missing XML comment for publicly visible type or member 'MeshStatusDto.ActiveCounties' [C:\Users\bsval\terrafusion_os_1.0\backend\src\TerraFusion.Consciousness\TerraFusion.Consciousness.csproj]
C:\Users\bsval\terrafusion_os_1.0\backend\src\TerraFusion.Consciousness\DTOs\AILayerMeshDTOs.cs(329,29): warning CS1591: Missing XML comment for publicly visible type or member 'MeshStatusDto.TotalAgents' [C:\Users\bsval\terrafusion_os_1.0\backend\src\TerraFusion.Consciousness\TerraFusion.Consciousness.csproj]
C:\Users\bsval\terrafusion_os_1.0\backend\src\TerraFusion.Consciousness\DTOs\AILayerMeshDTOs.cs(330,32): warning CS1591: Missing XML comment for publicly visible type or member 'MeshStatusDto.SystemHealth' [C:\Users\bsval\terrafusion_os_1.0\backend\src\TerraFusion.Consciousness\TerraFusion.Consciousness.csproj]
C:\Users\bsval\terrafusion_os_1.0\backend\src\TerraFusion.Consciousness\DTOs\AILayerMeshDTOs.cs(331,52): warning CS1591: Missing XML comment for publicly visible type or member 'MeshStatusDto.SystemMetrics' [C:\Users\bsval\terrafusion_os_1.0\backend\src\TerraFusion.Consciousness\TerraFusion.Consciousness.csproj]
C:\Users\bsval\terrafusion_os_1.0\backend\src\TerraFusion.Consciousness\DTOs\AILayerMeshDTOs.cs(333,44): warning CS1591: Missing XML comment for publicly visible type or member 'MeshStatusDto.MeshMetrics' [C:\Users\bsval\terrafusion_os_1.0\backend\src\TerraFusion.Consciousness\TerraFusion.Consciousness.csproj]
C:\Users\bsval\terrafusion_os_1.0\backend\src\TerraFusion.Consciousness\DTOs\AILayerMeshDTOs.cs(340,18): warning CS1591: Missing XML comment for publicly visible type or member 'LayerHealthDto' [C:\Users\bsval\terrafusion_os_1.0\backend\src\TerraFusion.Consciousness\TerraFusion.Consciousness.csproj]
C:\Users\bsval\terrafusion_os_1.0\backend\src\TerraFusion.Consciousness\DTOs\AILayerMeshDTOs.cs(342,29): warning CS1591: Missing XML comment for publicly visible type or member 'LayerHealthDto.LayerId' [C:\Users\bsval\terrafusion_os_1.0\backend\src\TerraFusion.Consciousness\TerraFusion.Consciousness.csproj]
C:\Users\bsval\terrafusion_os_1.0\backend\src\TerraFusion.Consciousness\DTOs\AILayerMeshDTOs.cs(343,32): warning CS1591: Missing XML comment for publicly visible type or member 'LayerHealthDto.LayerName' [C:\Users\bsval\terrafusion_os_1.0\backend\src\TerraFusion.Consciousness\TerraFusion.Consciousness.csproj]
C:\Users\bsval\terrafusion_os_1.0\backend\src\TerraFusion.Consciousness\DTOs\AILayerMeshDTOs.cs(344,32): warning CS1591: Missing XML comment for publicly visible type or member 'LayerHealthDto.HealthStatus' [C:\Users\bsval\terrafusion_os_1.0\backend\src\TerraFusion.Consciousness\TerraFusion.Consciousness.csproj]
C:\Users\bsval\terrafusion_os_1.0\backend\src\TerraFusion.Consciousness\DTOs\AILayerMeshDTOs.cs(345,32): warning CS1591: Missing XML comment for publicly visible type or member 'LayerHealthDto.HealthScore' [C:\Users\bsval\terrafusion_os_1.0\backend\src\TerraFusion.Consciousness\TerraFusion.Consciousness.csproj]
C:\Users\bsval\terrafusion_os_1.0\backend\src\TerraFusion.Consciousness\DTOs\AILayerMeshDTOs.cs(346,34): warning CS1591: Missing XML comment for publicly visible type or member 'LayerHealthDto.LastHealthCheck' [C:\Users\bsval\terrafusion_os_1.0\backend\src\TerraFusion.Consciousness\TerraFusion.Consciousness.csproj]
C:\Users\bsval\terrafusion_os_1.0\backend\src\TerraFusion.Consciousness\DTOs\AILayerMeshDTOs.cs(347,38): warning CS1591: Missing XML comment for publicly visible type or member 'LayerHealthDto.HealthIndicators' [C:\Users\bsval\terrafusion_os_1.0\backend\src\TerraFusion.Consciousness\TerraFusion.Consciousness.csproj]
C:\Users\bsval\terrafusion_os_1.0\backend\src\TerraFusion.Consciousness\DTOs\AILayerMeshDTOs.cs(350,32): warning CS1591: Missing XML comment for publicly visible type or member 'LayerHealthDto.OverallHealth' [C:\Users\bsval\terrafusion_os_1.0\backend\src\TerraFusion.Consciousness\TerraFusion.Consciousness.csproj]
C:\Users\bsval\terrafusion_os_1.0\backend\src\TerraFusion.Consciousness\DTOs\AILayerMeshDTOs.cs(351,32): warning CS1591: Missing XML comment for publicly visible type or member 'LayerHealthDto.L1DataLayerHealth' [C:\Users\bsval\terrafusion_os_1.0\backend\src\TerraFusion.Consciousness\TerraFusion.Consciousness.csproj]
C:\Users\bsval\terrafusion_os_1.0\backend\src\TerraFusion.Consciousness\DTOs\AILayerMeshDTOs.cs(352,32): warning CS1591: Missing XML comment for publicly visible type or member 'LayerHealthDto.L2AnalyticsLayerHealth' [C:\Users\bsval\terrafusion_os_1.0\backend\src\TerraFusion.Consciousness\TerraFusion.Consciousness.csproj]
C:\Users\bsval\terrafusion_os_1.0\backend\src\TerraFusion.Consciousness\DTOs\AILayerMeshDTOs.cs(353,32): warning CS1591: Missing XML comment for publicly visible type or member 'LayerHealthDto.L3AIProcessingLayerHealth' [C:\Users\bsval\terrafusion_os_1.0\backend\src\TerraFusion.Consciousness\TerraFusion.Consciousness.csproj]
C:\Users\bsval\terrafusion_os_1.0\backend\src\TerraFusion.Consciousness\DTOs\AILayerMeshDTOs.cs(354,32): warning CS1591: Missing XML comment for publicly visible type or member 'LayerHealthDto.L4DecisionLayerHealth' [C:\Users\bsval\terrafusion_os_1.0\backend\src\TerraFusion.Consciousness\TerraFusion.Consciousness.csproj]
C:\Users\bsval\terrafusion_os_1.0\backend\src\TerraFusion.Consciousness\DTOs\AILayerMeshDTOs.cs(355,32): warning CS1591: Missing XML comment for publicly visible type or member 'LayerHealthDto.L5GovernanceLayerHealth' [C:\Users\bsval\terrafusion_os_1.0\backend\src\TerraFusion.Consciousness\TerraFusion.Consciousness.csproj]
C:\Users\bsval\terrafusion_os_1.0\backend\src\TerraFusion.Consciousness\DTOs\AILayerMeshDTOs.cs(356,32): warning CS1591: Missing XML comment for publicly visible type or member 'LayerHealthDto.QuantumConsciousnessIntegrationHealth' [C:\Users\bsval\terrafusion_os_1.0\backend\src\TerraFusion.Consciousness\TerraFusion.Consciousness.csproj]
C:\Users\bsval\terrafusion_os_1.0\backend\src\TerraFusion.Consciousness\DTOs\AILayerMeshDTOs.cs(359,23): warning CS1591: Missing XML comment for publicly visible type or member 'LayerHealthDto.L1DataIngestionHealth' [C:\Users\bsval\terrafusion_os_1.0\backend\src\TerraFusion.Consciousness\TerraFusion.Consciousness.csproj]
C:\Users\bsval\terrafusion_os_1.0\backend\src\TerraFusion.Consciousness\DTOs\AILayerMeshDTOs.cs(360,23): warning CS1591: Missing XML comment for publicly visible type or member 'LayerHealthDto.L2AnalyticsHealth' [C:\Users\bsval\terrafusion_os_1.0\backend\src\TerraFusion.Consciousness\TerraFusion.Consciousness.csproj]
C:\Users\bsval\terrafusion_os_1.0\backend\src\TerraFusion.Consciousness\DTOs\AILayerMeshDTOs.cs(361,23): warning CS1591: Missing XML comment for publicly visible type or member 'LayerHealthDto.L3AIProcessingHealth' [C:\Users\bsval\terrafusion_os_1.0\backend\src\TerraFusion.Consciousness\TerraFusion.Consciousness.csproj]
C:\Users\bsval\terrafusion_os_1.0\backend\src\TerraFusion.Consciousness\DTOs\AILayerMeshDTOs.cs(362,23): warning CS1591: Missing XML comment for publicly visible type or member 'LayerHealthDto.L4DecisionHealth' [C:\Users\bsval\terrafusion_os_1.0\backend\src\TerraFusion.Consciousness\TerraFusion.Consciousness.csproj]
C:\Users\bsval\terrafusion_os_1.0\backend\src\TerraFusion.Consciousness\DTOs\AILayerMeshDTOs.cs(363,23): warning CS1591: Missing XML comment for publicly visible type or member 'LayerHealthDto.L5GovernanceHealth' [C:\Users\bsval\terrafusion_os_1.0\backend\src\TerraFusion.Consciousness\TerraFusion.Consciousness.csproj]
C:\Users\bsval\terrafusion_os_1.0\backend\src\TerraFusion.Consciousness\DTOs\AILayerMeshDTOs.cs(364,52): warning CS1591: Missing XML comment for publicly visible type or member 'LayerHealthDto.HealthTrends' [C:\Users\bsval\terrafusion_os_1.0\backend\src\TerraFusion.Consciousness\TerraFusion.Consciousness.csproj]
C:\Users\bsval\terrafusion_os_1.0\backend\src\TerraFusion.Consciousness\DTOs\AILayerMeshDTOs.cs(366,30): warning CS1591: Missing XML comment for publicly visible type or member 'LayerHealthDto.HealthIssues' [C:\Users\bsval\terrafusion_os_1.0\backend\src\TerraFusion.Consciousness\TerraFusion.Consciousness.csproj]
C:\Users\bsval\terrafusion_os_1.0\backend\src\TerraFusion.Consciousness\DTOs\AILayerMeshDTOs.cs(367,44): warning CS1591: Missing XML comment for publicly visible type or member 'LayerHealthDto.HealthMetrics' [C:\Users\bsval\terrafusion_os_1.0\backend\src\TerraFusion.Consciousness\TerraFusion.Consciousness.csproj]
C:\Users\bsval\terrafusion_os_1.0\backend\src\TerraFusion.Consciousness\DTOs\AILayerMeshDTOs.cs(374,18): warning CS1591: Missing XML comment for publicly visible type or member 'MeshPerformanceDto' [C:\Users\bsval\terrafusion_os_1.0\backend\src\TerraFusion.Consciousness\TerraFusion.Consciousness.csproj]
C:\Users\bsval\terrafusion_os_1.0\backend\src\TerraFusion.Consciousness\DTOs\AILayerMeshDTOs.cs(376,32): warning CS1591: Missing XML comment for publicly visible type or member 'MeshPerformanceDto.Throughput' [C:\Users\bsval\terrafusion_os_1.0\backend\src\TerraFusion.Consciousness\TerraFusion.Consciousness.csproj]
C:\Users\bsval\terrafusion_os_1.0\backend\src\TerraFusion.Consciousness\DTOs\AILayerMeshDTOs.cs(377,32): warning CS1591: Missing XML comment for publicly visible type or member 'MeshPerformanceDto.Latency' [C:\Users\bsval\terrafusion_os_1.0\backend\src\TerraFusion.Consciousness\TerraFusion.Consciousness.csproj]
C:\Users\bsval\terrafusion_os_1.0\backend\src\TerraFusion.Consciousness\DTOs\AILayerMeshDTOs.cs(378,32): warning CS1591: Missing XML comment for publicly visible type or member 'MeshPerformanceDto.ResourceUtilization' [C:\Users\bsval\terrafusion_os_1.0\backend\src\TerraFusion.Consciousness\TerraFusion.Consciousness.csproj]
C:\Users\bsval\terrafusion_os_1.0\backend\src\TerraFusion.Consciousness\DTOs\AILayerMeshDTOs.cs(379,52): warning CS1591: Missing XML comment for publicly visible type or member 'MeshPerformanceDto.LayerPerformance' [C:\Users\bsval\terrafusion_os_1.0\backend\src\TerraFusion.Consciousness\TerraFusion.Consciousness.csproj]
C:\Users\bsval\terrafusion_os_1.0\backend\src\TerraFusion.Consciousness\DTOs\AILayerMeshDTOs.cs(380,34): warning CS1591: Missing XML comment for publicly visible type or member 'MeshPerformanceDto.MeasurementTime' [C:\Users\bsval\terrafusion_os_1.0\backend\src\TerraFusion.Consciousness\TerraFusion.Consciousness.csproj]
C:\Users\bsval\terrafusion_os_1.0\backend\src\TerraFusion.Consciousness\DTOs\AILayerMeshDTOs.cs(383,52): warning CS1591: Missing XML comment for publicly visible type or member 'MeshPerformanceDto.ThroughputMetrics' [C:\Users\bsval\terrafusion_os_1.0\backend\src\TerraFusion.Consciousness\TerraFusion.Consciousness.csproj]
C:\Users\bsval\terrafusion_os_1.0\backend\src\TerraFusion.Consciousness\DTOs\AILayerMeshDTOs.cs(384,52): warning CS1591: Missing XML comment for publicly visible type or member 'MeshPerformanceDto.LatencyMetrics' [C:\Users\bsval\terrafusion_os_1.0\backend\src\TerraFusion.Consciousness\TerraFusion.Consciousness.csproj]
C:\Users\bsval\terrafusion_os_1.0\backend\src\TerraFusion.Consciousness\DTOs\AILayerMeshDTOs.cs(385,32): warning CS1591: Missing XML comment for publicly visible type or member 'MeshPerformanceDto.QuantumConsciousnessPerformance' [C:\Users\bsval\terrafusion_os_1.0\backend\src\TerraFusion.Consciousness\TerraFusion.Consciousness.csproj]
C:\Users\bsval\terrafusion_os_1.0\backend\src\TerraFusion.Consciousness\DTOs\AILayerMeshDTOs.cs(386,32): warning CS1591: Missing XML comment for publicly visible type or member 'MeshPerformanceDto.ValidationRingPerformance' [C:\Users\bsval\terrafusion_os_1.0\backend\src\TerraFusion.Consciousness\TerraFusion.Consciousness.csproj]
C:\Users\bsval\terrafusion_os_1.0\backend\src\TerraFusion.Consciousness\DTOs\AILayerMeshDTOs.cs(387,32): warning CS1591: Missing XML comment for publicly visible type or member 'MeshPerformanceDto.CrossCountyFederationPerformance' [C:\Users\bsval\terrafusion_os_1.0\backend\src\TerraFusion.Consciousness\TerraFusion.Consciousness.csproj]
C:\Users\bsval\terrafusion_os_1.0\backend\src\TerraFusion.Consciousness\DTOs\AILayerMeshDTOs.cs(388,32): warning CS1591: Missing XML comment for publicly visible type or member 'MeshPerformanceDto.PerformanceScore' [C:\Users\bsval\terrafusion_os_1.0\backend\src\TerraFusion.Consciousness\TerraFusion.Consciousness.csproj]
C:\Users\bsval\terrafusion_os_1.0\backend\src\TerraFusion.Consciousness\DTOs\AILayerMeshDTOs.cs(389,34): warning CS1591: Missing XML comment for publicly visible type or member 'MeshPerformanceDto.LastMeasurement' [C:\Users\bsval\terrafusion_os_1.0\backend\src\TerraFusion.Consciousness\TerraFusion.Consciousness.csproj]
C:\Users\bsval\terrafusion_os_1.0\backend\src\TerraFusion.Consciousness\DTOs\AILayerMeshDTOs.cs(390,52): warning CS1591: Missing XML comment for publicly visible type or member 'MeshPerformanceDto.PerformanceTrends' [C:\Users\bsval\terrafusion_os_1.0\backend\src\TerraFusion.Consciousness\TerraFusion.Consciousness.csproj]
C:\Users\bsval\terrafusion_os_1.0\backend\src\TerraFusion.Consciousness\DTOs\AILayerMeshDTOs.cs(391,38): warning CS1591: Missing XML comment for publicly visible type or member 'MeshPerformanceDto.OptimizationRecommendations' [C:\Users\bsval\terrafusion_os_1.0\backend\src\TerraFusion.Consciousness\TerraFusion.Consciousness.csproj]
C:\Users\bsval\terrafusion_os_1.0\backend\src\TerraFusion.Consciousness\DTOs\AILayerMeshDTOs.cs(393,44): warning CS1591: Missing XML comment for publicly visible type or member 'MeshPerformanceDto.PerformanceMetrics' [C:\Users\bsval\terrafusion_os_1.0\backend\src\TerraFusion.Consciousness\TerraFusion.Consciousness.csproj]
C:\Users\bsval\terrafusion_os_1.0\backend\src\TerraFusion.Consciousness\DTOs\AILayerMeshDTOs.cs(400,18): warning CS1591: Missing XML comment for publicly visible type or member 'MeshScalingRequestDto' [C:\Users\bsval\terrafusion_os_1.0\backend\src\TerraFusion.Consciousness\TerraFusion.Consciousness.csproj]
C:\Users\bsval\terrafusion_os_1.0\backend\src\TerraFusion.Consciousness\DTOs\AILayerMeshDTOs.cs(402,32): warning CS1591: Missing XML comment for publicly visible type or member 'MeshScalingRequestDto.ScalingId' [C:\Users\bsval\terrafusion_os_1.0\backend\src\TerraFusion.Consciousness\TerraFusion.Consciousness.csproj]
C:\Users\bsval\terrafusion_os_1.0\backend\src\TerraFusion.Consciousness\DTOs\AILayerMeshDTOs.cs(403,32): warning CS1591: Missing XML comment for publicly visible type or member 'MeshScalingRequestDto.ScalingType' [C:\Users\bsval\terrafusion_os_1.0\backend\src\TerraFusion.Consciousness\TerraFusion.Consciousness.csproj]
C:\Users\bsval\terrafusion_os_1.0\backend\src\TerraFusion.Consciousness\DTOs\AILayerMeshDTOs.cs(404,52): warning CS1591: Missing XML comment for publicly visible type or member 'MeshScalingRequestDto.ScalingConfig' [C:\Users\bsval\terrafusion_os_1.0\backend\src\TerraFusion.Consciousness\TerraFusion.Consciousness.csproj]
C:\Users\bsval\terrafusion_os_1.0\backend\src\TerraFusion.Consciousness\DTOs\AILayerMeshDTOs.cs(405,29): warning CS1591: Missing XML comment for publicly visible type or member 'MeshScalingRequestDto.TargetCapacity' [C:\Users\bsval\terrafusion_os_1.0\backend\src\TerraFusion.Consciousness\TerraFusion.Consciousness.csproj]
C:\Users\bsval\terrafusion_os_1.0\backend\src\TerraFusion.Consciousness\DTOs\AILayerMeshDTOs.cs(406,34): warning CS1591: Missing XML comment for publicly visible type or member 'MeshScalingRequestDto.RequestTime' [C:\Users\bsval\terrafusion_os_1.0\backend\src\TerraFusion.Consciousness\TerraFusion.Consciousness.csproj]
C:\Users\bsval\terrafusion_os_1.0\backend\src\TerraFusion.Consciousness\DTOs\AILayerMeshDTOs.cs(407,24): warning CS1591: Missing XML comment for publicly visible type or member 'MeshScalingRequestDto.RequestSource' [C:\Users\bsval\terrafusion_os_1.0\backend\src\TerraFusion.Consciousness\TerraFusion.Consciousness.csproj]
C:\Users\bsval\terrafusion_os_1.0\backend\src\TerraFusion.Consciousness\DTOs\AILayerMeshDTOs.cs(408,44): warning CS1591: Missing XML comment for publicly visible type or member 'MeshScalingRequestDto.ScalingOptions' [C:\Users\bsval\terrafusion_os_1.0\backend\src\TerraFusion.Consciousness\TerraFusion.Consciousness.csproj]
C:\Users\bsval\terrafusion_os_1.0\backend\src\TerraFusion.Consciousness\DTOs\AILayerMeshDTOs.cs(411,21): warning CS1591: Missing XML comment for publicly visible type or member 'MeshScalingRequestDto.ScaleQuantumConsciousness' [C:\Users\bsval\terrafusion_os_1.0\backend\src\TerraFusion.Consciousness\TerraFusion.Consciousness.csproj]
C:\Users\bsval\terrafusion_os_1.0\backend\src\TerraFusion.Consciousness\DTOs\AILayerMeshDTOs.cs(412,21): warning CS1591: Missing XML comment for publicly visible type or member 'MeshScalingRequestDto.ScaleValidationRings' [C:\Users\bsval\terrafusion_os_1.0\backend\src\TerraFusion.Consciousness\TerraFusion.Consciousness.csproj]
C:\Users\bsval\terrafusion_os_1.0\backend\src\TerraFusion.Consciousness\DTOs\AILayerMeshDTOs.cs(413,21): warning CS1591: Missing XML comment for publicly visible type or member 'MeshScalingRequestDto.ScaleCountyFederation' [C:\Users\bsval\terrafusion_os_1.0\backend\src\TerraFusion.Consciousness\TerraFusion.Consciousness.csproj]
C:\Users\bsval\terrafusion_os_1.0\backend\src\TerraFusion.Consciousness\DTOs\AILayerMeshDTOs.cs(414,21): warning CS1591: Missing XML comment for publicly visible type or member 'MeshScalingRequestDto.ScaleLayers' [C:\Users\bsval\terrafusion_os_1.0\backend\src\TerraFusion.Consciousness\TerraFusion.Consciousness.csproj]
C:\Users\bsval\terrafusion_os_1.0\backend\src\TerraFusion.Consciousness\DTOs\AILayerMeshDTOs.cs(415,30): warning CS1591: Missing XML comment for publicly visible type or member 'MeshScalingRequestDto.TargetLayers' [C:\Users\bsval\terrafusion_os_1.0\backend\src\TerraFusion.Consciousness\TerraFusion.Consciousness.csproj]
C:\Users\bsval\terrafusion_os_1.0\backend\src\TerraFusion.Consciousness\DTOs\AILayerMeshDTOs.cs(418,18): warning CS1591: Missing XML comment for publicly visible type or member 'MeshScalingResultDto' [C:\Users\bsval\terrafusion_os_1.0\backend\src\TerraFusion.Consciousness\TerraFusion.Consciousness.csproj]
C:\Users\bsval\terrafusion_os_1.0\backend\src\TerraFusion.Consciousness\DTOs\AILayerMeshDTOs.cs(420,32): warning CS1591: Missing XML comment for publicly visible type or member 'MeshScalingResultDto.ScalingId' [C:\Users\bsval\terrafusion_os_1.0\backend\src\TerraFusion.Consciousness\TerraFusion.Consciousness.csproj]
C:\Users\bsval\terrafusion_os_1.0\backend\src\TerraFusion.Consciousness\DTOs\AILayerMeshDTOs.cs(421,30): warning CS1591: Missing XML comment for publicly visible type or member 'MeshScalingResultDto.Success' [C:\Users\bsval\terrafusion_os_1.0\backend\src\TerraFusion.Consciousness\TerraFusion.Consciousness.csproj]
C:\Users\bsval\terrafusion_os_1.0\backend\src\TerraFusion.Consciousness\DTOs\AILayerMeshDTOs.cs(422,29): warning CS1591: Missing XML comment for publicly visible type or member 'MeshScalingResultDto.NewCapacity' [C:\Users\bsval\terrafusion_os_1.0\backend\src\TerraFusion.Consciousness\TerraFusion.Consciousness.csproj]
C:\Users\bsval\terrafusion_os_1.0\backend\src\TerraFusion.Consciousness\DTOs\AILayerMeshDTOs.cs(423,34): warning CS1591: Missing XML comment for publicly visible type or member 'MeshScalingResultDto.ScalingDuration' [C:\Users\bsval\terrafusion_os_1.0\backend\src\TerraFusion.Consciousness\TerraFusion.Consciousness.csproj]
C:\Users\bsval\terrafusion_os_1.0\backend\src\TerraFusion.Consciousness\DTOs\AILayerMeshDTOs.cs(424,52): warning CS1591: Missing XML comment for publicly visible type or member 'MeshScalingResultDto.ScalingResults' [C:\Users\bsval\terrafusion_os_1.0\backend\src\TerraFusion.Consciousness\TerraFusion.Consciousness.csproj]
C:\Users\bsval\terrafusion_os_1.0\backend\src\TerraFusion.Consciousness\DTOs\AILayerMeshDTOs.cs(425,34): warning CS1591: Missing XML comment for publicly visible type or member 'MeshScalingResultDto.CompletionTime' [C:\Users\bsval\terrafusion_os_1.0\backend\src\TerraFusion.Consciousness\TerraFusion.Consciousness.csproj]
C:\Users\bsval\terrafusion_os_1.0\backend\src\TerraFusion.Consciousness\DTOs\AILayerMeshDTOs.cs(426,30): warning CS1591: Missing XML comment for publicly visible type or member 'MeshScalingResultDto.ScalingIssues' [C:\Users\bsval\terrafusion_os_1.0\backend\src\TerraFusion.Consciousness\TerraFusion.Consciousness.csproj]
C:\Users\bsval\terrafusion_os_1.0\backend\src\TerraFusion.Consciousness\DTOs\AILayerMeshDTOs.cs(427,44): warning CS1591: Missing XML comment for publicly visible type or member 'MeshScalingResultDto.ScalingMetrics' [C:\Users\bsval\terrafusion_os_1.0\backend\src\TerraFusion.Consciousness\TerraFusion.Consciousness.csproj]
C:\Users\bsval\terrafusion_os_1.0\backend\src\TerraFusion.Consciousness\DTOs\AILayerMeshDTOs.cs(430,23): warning CS1591: Missing XML comment for publicly visible type or member 'MeshScalingResultDto.ScalingType' [C:\Users\bsval\terrafusion_os_1.0\backend\src\TerraFusion.Consciousness\TerraFusion.Consciousness.csproj]
C:\Users\bsval\terrafusion_os_1.0\backend\src\TerraFusion.Consciousness\DTOs\AILayerMeshDTOs.cs(431,20): warning CS1591: Missing XML comment for publicly visible type or member 'MeshScalingResultDto.TargetCapacity' [C:\Users\bsval\terrafusion_os_1.0\backend\src\TerraFusion.Consciousness\TerraFusion.Consciousness.csproj]
C:\Users\bsval\terrafusion_os_1.0\backend\src\TerraFusion.Consciousness\DTOs\AILayerMeshDTOs.cs(432,20): warning CS1591: Missing XML comment for publicly visible type or member 'MeshScalingResultDto.AchievedCapacity' [C:\Users\bsval\terrafusion_os_1.0\backend\src\TerraFusion.Consciousness\TerraFusion.Consciousness.csproj]
C:\Users\bsval\terrafusion_os_1.0\backend\src\TerraFusion.Consciousness\DTOs\AILayerMeshDTOs.cs(433,25): warning CS1591: Missing XML comment for publicly visible type or member 'MeshScalingResultDto.ScalingTime' [C:\Users\bsval\terrafusion_os_1.0\backend\src\TerraFusion.Consciousness\TerraFusion.Consciousness.csproj]
C:\Users\bsval\terrafusion_os_1.0\backend\src\TerraFusion.Consciousness\DTOs\AILayerMeshDTOs.cs(434,43): warning CS1591: Missing XML comment for publicly visible type or member 'MeshScalingResultDto.PostScalingMetrics' [C:\Users\bsval\terrafusion_os_1.0\backend\src\TerraFusion.Consciousness\TerraFusion.Consciousness.csproj]
C:\Users\bsval\terrafusion_os_1.0\backend\src\TerraFusion.Consciousness\DTOs\AILayerMeshDTOs.cs(435,43): warning CS1591: Missing XML comment for publicly visible type or member 'MeshScalingResultDto.NewConfiguration' [C:\Users\bsval\terrafusion_os_1.0\backend\src\TerraFusion.Consciousness\TerraFusion.Consciousness.csproj]
C:\Users\bsval\terrafusion_os_1.0\backend\src\TerraFusion.Consciousness\DTOs\AILayerMeshDTOs.cs(442,18): warning CS1591: Missing XML comment for publicly visible type or member 'MeshConfigurationDto' [C:\Users\bsval\terrafusion_os_1.0\backend\src\TerraFusion.Consciousness\TerraFusion.Consciousness.csproj]
C:\Users\bsval\terrafusion_os_1.0\backend\src\TerraFusion.Consciousness\DTOs\AILayerMeshDTOs.cs(444,32): warning CS1591: Missing XML comment for publicly visible type or member 'MeshConfigurationDto.ConfigId' [C:\Users\bsval\terrafusion_os_1.0\backend\src\TerraFusion.Consciousness\TerraFusion.Consciousness.csproj]
C:\Users\bsval\terrafusion_os_1.0\backend\src\TerraFusion.Consciousness\DTOs\AILayerMeshDTOs.cs(445,52): warning CS1591: Missing XML comment for publicly visible type or member 'MeshConfigurationDto.LayerConfigs' [C:\Users\bsval\terrafusion_os_1.0\backend\src\TerraFusion.Consciousness\TerraFusion.Consciousness.csproj]
C:\Users\bsval\terrafusion_os_1.0\backend\src\TerraFusion.Consciousness\DTOs\AILayerMeshDTOs.cs(446,52): warning CS1591: Missing XML comment for publicly visible type or member 'MeshConfigurationDto.MeshSettings' [C:\Users\bsval\terrafusion_os_1.0\backend\src\TerraFusion.Consciousness\TerraFusion.Consciousness.csproj]
C:\Users\bsval\terrafusion_os_1.0\backend\src\TerraFusion.Consciousness\DTOs\AILayerMeshDTOs.cs(447,34): warning CS1591: Missing XML comment for publicly visible type or member 'MeshConfigurationDto.ConfigTime' [C:\Users\bsval\terrafusion_os_1.0\backend\src\TerraFusion.Consciousness\TerraFusion.Consciousness.csproj]
C:\Users\bsval\terrafusion_os_1.0\backend\src\TerraFusion.Consciousness\DTOs\AILayerMeshDTOs.cs(448,24): warning CS1591: Missing XML comment for publicly visible type or member 'MeshConfigurationDto.ConfigSource' [C:\Users\bsval\terrafusion_os_1.0\backend\src\TerraFusion.Consciousness\TerraFusion.Consciousness.csproj]
C:\Users\bsval\terrafusion_os_1.0\backend\src\TerraFusion.Consciousness\DTOs\AILayerMeshDTOs.cs(449,44): warning CS1591: Missing XML comment for publicly visible type or member 'MeshConfigurationDto.AdvancedSettings' [C:\Users\bsval\terrafusion_os_1.0\backend\src\TerraFusion.Consciousness\TerraFusion.Consciousness.csproj]
C:\Users\bsval\terrafusion_os_1.0\backend\src\TerraFusion.Consciousness\DTOs\AILayerMeshDTOs.cs(452,43): warning CS1591: Missing XML comment for publicly visible type or member 'MeshConfigurationDto.LayerConfigurations' [C:\Users\bsval\terrafusion_os_1.0\backend\src\TerraFusion.Consciousness\TerraFusion.Consciousness.csproj]
C:\Users\bsval\terrafusion_os_1.0\backend\src\TerraFusion.Consciousness\DTOs\AILayerMeshDTOs.cs(453,43): warning CS1591: Missing XML comment for publicly visible type or member 'MeshConfigurationDto.ValidationRingConfiguration' [C:\Users\bsval\terrafusion_os_1.0\backend\src\TerraFusion.Consciousness\TerraFusion.Consciousness.csproj]
C:\Users\bsval\terrafusion_os_1.0\backend\src\TerraFusion.Consciousness\DTOs\AILayerMeshDTOs.cs(454,43): warning CS1591: Missing XML comment for publicly visible type or member 'MeshConfigurationDto.PerformanceConfiguration' [C:\Users\bsval\terrafusion_os_1.0\backend\src\TerraFusion.Consciousness\TerraFusion.Consciousness.csproj]
C:\Users\bsval\terrafusion_os_1.0\backend\src\TerraFusion.Consciousness\DTOs\AILayerMeshDTOs.cs(455,25): warning CS1591: Missing XML comment for publicly visible type or member 'MeshConfigurationDto.LastUpdated' [C:\Users\bsval\terrafusion_os_1.0\backend\src\TerraFusion.Consciousness\TerraFusion.Consciousness.csproj]
C:\Users\bsval\terrafusion_os_1.0\backend\src\TerraFusion.Consciousness\DTOs\AILayerMeshDTOs.cs(458,18): warning CS1591: Missing XML comment for publicly visible type or member 'MeshConfigurationUpdateDto' [C:\Users\bsval\terrafusion_os_1.0\backend\src\TerraFusion.Consciousness\TerraFusion.Consciousness.csproj]
C:\Users\bsval\terrafusion_os_1.0\backend\src\TerraFusion.Consciousness\DTOs\AILayerMeshDTOs.cs(460,32): warning CS1591: Missing XML comment for publicly visible type or member 'MeshConfigurationUpdateDto.UpdateId' [C:\Users\bsval\terrafusion_os_1.0\backend\src\TerraFusion.Consciousness\TerraFusion.Consciousness.csproj]
C:\Users\bsval\terrafusion_os_1.0\backend\src\TerraFusion.Consciousness\DTOs\AILayerMeshDTOs.cs(461,52): warning CS1591: Missing XML comment for publicly visible type or member 'MeshConfigurationUpdateDto.ConfigChanges' [C:\Users\bsval\terrafusion_os_1.0\backend\src\TerraFusion.Consciousness\TerraFusion.Consciousness.csproj]
C:\Users\bsval\terrafusion_os_1.0\backend\src\TerraFusion.Consciousness\DTOs\AILayerMeshDTOs.cs(462,34): warning CS1591: Missing XML comment for publicly visible type or member 'MeshConfigurationUpdateDto.AffectedLayers' [C:\Users\bsval\terrafusion_os_1.0\backend\src\TerraFusion.Consciousness\TerraFusion.Consciousness.csproj]
C:\Users\bsval\terrafusion_os_1.0\backend\src\TerraFusion.Consciousness\DTOs\AILayerMeshDTOs.cs(463,34): warning CS1591: Missing XML comment for publicly visible type or member 'MeshConfigurationUpdateDto.UpdateTime' [C:\Users\bsval\terrafusion_os_1.0\backend\src\TerraFusion.Consciousness\TerraFusion.Consciousness.csproj]
C:\Users\bsval\terrafusion_os_1.0\backend\src\TerraFusion.Consciousness\DTOs\AILayerMeshDTOs.cs(464,24): warning CS1591: Missing XML comment for publicly visible type or member 'MeshConfigurationUpdateDto.UpdateSource' [C:\Users\bsval\terrafusion_os_1.0\backend\src\TerraFusion.Consciousness\TerraFusion.Consciousness.csproj]
C:\Users\bsval\terrafusion_os_1.0\backend\src\TerraFusion.Consciousness\DTOs\AILayerMeshDTOs.cs(465,44): warning CS1591: Missing XML comment for publicly visible type or member 'MeshConfigurationUpdateDto.UpdateOptions' [C:\Users\bsval\terrafusion_os_1.0\backend\src\TerraFusion.Consciousness\TerraFusion.Consciousness.csproj]
C:\Users\bsval\terrafusion_os_1.0\backend\src\TerraFusion.Consciousness\DTOs\AILayerMeshDTOs.cs(468,23): warning CS1591: Missing XML comment for publicly visible type or member 'MeshConfigurationUpdateDto.ConfigurationType' [C:\Users\bsval\terrafusion_os_1.0\backend\src\TerraFusion.Consciousness\TerraFusion.Consciousness.csproj]
C:\Users\bsval\terrafusion_os_1.0\backend\src\TerraFusion.Consciousness\DTOs\AILayerMeshDTOs.cs(475,18): warning CS1591: Missing XML comment for publicly visible type or member 'RingDissentDto' [C:\Users\bsval\terrafusion_os_1.0\backend\src\TerraFusion.Consciousness\TerraFusion.Consciousness.csproj]
C:\Users\bsval\terrafusion_os_1.0\backend\src\TerraFusion.Consciousness\DTOs\AILayerMeshDTOs.cs(477,32): warning CS1591: Missing XML comment for publicly visible type or member 'RingDissentDto.DissentId' [C:\Users\bsval\terrafusion_os_1.0\backend\src\TerraFusion.Consciousness\TerraFusion.Consciousness.csproj]
C:\Users\bsval\terrafusion_os_1.0\backend\src\TerraFusion.Consciousness\DTOs\AILayerMeshDTOs.cs(478,32): warning CS1591: Missing XML comment for publicly visible type or member 'RingDissentDto.RingId' [C:\Users\bsval\terrafusion_os_1.0\backend\src\TerraFusion.Consciousness\TerraFusion.Consciousness.csproj]
C:\Users\bsval\terrafusion_os_1.0\backend\src\TerraFusion.Consciousness\DTOs\AILayerMeshDTOs.cs(479,52): warning CS1591: Missing XML comment for publicly visible type or member 'RingDissentDto.DissentData' [C:\Users\bsval\terrafusion_os_1.0\backend\src\TerraFusion.Consciousness\TerraFusion.Consciousness.csproj]
C:\Users\bsval\terrafusion_os_1.0\backend\src\TerraFusion.Consciousness\DTOs\AILayerMeshDTOs.cs(480,32): warning CS1591: Missing XML comment for publicly visible type or member 'RingDissentDto.DissentReason' [C:\Users\bsval\terrafusion_os_1.0\backend\src\TerraFusion.Consciousness\TerraFusion.Consciousness.csproj]
C:\Users\bsval\terrafusion_os_1.0\backend\src\TerraFusion.Consciousness\DTOs\AILayerMeshDTOs.cs(481,34): warning CS1591: Missing XML comment for publicly visible type or member 'RingDissentDto.DissentTime' [C:\Users\bsval\terrafusion_os_1.0\backend\src\TerraFusion.Consciousness\TerraFusion.Consciousness.csproj]
C:\Users\bsval\terrafusion_os_1.0\backend\src\TerraFusion.Consciousness\DTOs\AILayerMeshDTOs.cs(482,32): warning CS1591: Missing XML comment for publicly visible type or member 'RingDissentDto.SeverityLevel' [C:\Users\bsval\terrafusion_os_1.0\backend\src\TerraFusion.Consciousness\TerraFusion.Consciousness.csproj]
C:\Users\bsval\terrafusion_os_1.0\backend\src\TerraFusion.Consciousness\DTOs\AILayerMeshDTOs.cs(483,44): warning CS1591: Missing XML comment for publicly visible type or member 'RingDissentDto.DissentContext' [C:\Users\bsval\terrafusion_os_1.0\backend\src\TerraFusion.Consciousness\TerraFusion.Consciousness.csproj]
C:\Users\bsval\terrafusion_os_1.0\backend\src\TerraFusion.Consciousness\DTOs\AILayerMeshDTOs.cs(486,18): warning CS1591: Missing XML comment for publicly visible type or member 'DissentHandlingResultDto' [C:\Users\bsval\terrafusion_os_1.0\backend\src\TerraFusion.Consciousness\TerraFusion.Consciousness.csproj]
C:\Users\bsval\terrafusion_os_1.0\backend\src\TerraFusion.Consciousness\DTOs\AILayerMeshDTOs.cs(488,32): warning CS1591: Missing XML comment for publicly visible type or member 'DissentHandlingResultDto.DissentId' [C:\Users\bsval\terrafusion_os_1.0\backend\src\TerraFusion.Consciousness\TerraFusion.Consciousness.csproj]
C:\Users\bsval\terrafusion_os_1.0\backend\src\TerraFusion.Consciousness\DTOs\AILayerMeshDTOs.cs(489,30): warning CS1591: Missing XML comment for publicly visible type or member 'DissentHandlingResultDto.Resolved' [C:\Users\bsval\terrafusion_os_1.0\backend\src\TerraFusion.Consciousness\TerraFusion.Consciousness.csproj]
C:\Users\bsval\terrafusion_os_1.0\backend\src\TerraFusion.Consciousness\DTOs\AILayerMeshDTOs.cs(490,32): warning CS1591: Missing XML comment for publicly visible type or member 'DissentHandlingResultDto.Resolution' [C:\Users\bsval\terrafusion_os_1.0\backend\src\TerraFusion.Consciousness\TerraFusion.Consciousness.csproj]
C:\Users\bsval\terrafusion_os_1.0\backend\src\TerraFusion.Consciousness\DTOs\AILayerMeshDTOs.cs(491,52): warning CS1591: Missing XML comment for publicly visible type or member 'DissentHandlingResultDto.ResolutionData' [C:\Users\bsval\terrafusion_os_1.0\backend\src\TerraFusion.Consciousness\TerraFusion.Consciousness.csproj]
C:\Users\bsval\terrafusion_os_1.0\backend\src\TerraFusion.Consciousness\DTOs\AILayerMeshDTOs.cs(492,34): warning CS1591: Missing XML comment for publicly visible type or member 'DissentHandlingResultDto.ResolutionTime' [C:\Users\bsval\terrafusion_os_1.0\backend\src\TerraFusion.Consciousness\TerraFusion.Consciousness.csproj]
C:\Users\bsval\terrafusion_os_1.0\backend\src\TerraFusion.Consciousness\DTOs\AILayerMeshDTOs.cs(493,30): warning CS1591: Missing XML comment for publicly visible type or member 'DissentHandlingResultDto.ResolutionSteps' [C:\Users\bsval\terrafusion_os_1.0\backend\src\TerraFusion.Consciousness\TerraFusion.Consciousness.csproj]
C:\Users\bsval\terrafusion_os_1.0\backend\src\TerraFusion.Consciousness\DTOs\AILayerMeshDTOs.cs(494,44): warning CS1591: Missing XML comment for publicly visible type or member 'DissentHandlingResultDto.ResolutionMetrics' [C:\Users\bsval\terrafusion_os_1.0\backend\src\TerraFusion.Consciousness\TerraFusion.Consciousness.csproj]
C:\Users\bsval\terrafusion_os_1.0\backend\src\TerraFusion.Consciousness\DTOs\AILayerMeshDTOs.cs(501,18): warning CS1591: Missing XML comment for publicly visible type or member 'FISMAComplianceResultDto' [C:\Users\bsval\terrafusion_os_1.0\backend\src\TerraFusion.Consciousness\TerraFusion.Consciousness.csproj]
C:\Users\bsval\terrafusion_os_1.0\backend\src\TerraFusion.Consciousness\DTOs\AILayerMeshDTOs.cs(503,30): warning CS1591: Missing XML comment for publicly visible type or member 'FISMAComplianceResultDto.IsCompliant' [C:\Users\bsval\terrafusion_os_1.0\backend\src\TerraFusion.Consciousness\TerraFusion.Consciousness.csproj]
C:\Users\bsval\terrafusion_os_1.0\backend\src\TerraFusion.Consciousness\DTOs\AILayerMeshDTOs.cs(504,52): warning CS1591: Missing XML comment for publicly visible type or member 'FISMAComplianceResultDto.ComplianceResults' [C:\Users\bsval\terrafusion_os_1.0\backend\src\TerraFusion.Consciousness\TerraFusion.Consciousness.csproj]
C:\Users\bsval\terrafusion_os_1.0\backend\src\TerraFusion.Consciousness\DTOs\AILayerMeshDTOs.cs(505,38): warning CS1591: Missing XML comment for publicly visible type or member 'FISMAComplianceResultDto.ComplianceIssues' [C:\Users\bsval\terrafusion_os_1.0\backend\src\TerraFusion.Consciousness\TerraFusion.Consciousness.csproj]
C:\Users\bsval\terrafusion_os_1.0\backend\src\TerraFusion.Consciousness\DTOs\AILayerMeshDTOs.cs(506,34): warning CS1591: Missing XML comment for publicly visible type or member 'FISMAComplianceResultDto.ComplianceCheckTime' [C:\Users\bsval\terrafusion_os_1.0\backend\src\TerraFusion.Consciousness\TerraFusion.Consciousness.csproj]
C:\Users\bsval\terrafusion_os_1.0\backend\src\TerraFusion.Consciousness\DTOs\AILayerMeshDTOs.cs(507,32): warning CS1591: Missing XML comment for publicly visible type or member 'FISMAComplianceResultDto.ComplianceScore' [C:\Users\bsval\terrafusion_os_1.0\backend\src\TerraFusion.Consciousness\TerraFusion.Consciousness.csproj]
C:\Users\bsval\terrafusion_os_1.0\backend\src\TerraFusion.Consciousness\DTOs\AILayerMeshDTOs.cs(508,44): warning CS1591: Missing XML comment for publicly visible type or member 'FISMAComplianceResultDto.ComplianceMetrics' [C:\Users\bsval\terrafusion_os_1.0\backend\src\TerraFusion.Consciousness\TerraFusion.Consciousness.csproj]
C:\Users\bsval\terrafusion_os_1.0\backend\src\TerraFusion.Consciousness\DTOs\AILayerMeshDTOs.cs(511,18): warning CS1591: Missing XML comment for publicly visible type or member 'FedRAMPComplianceResultDto' [C:\Users\bsval\terrafusion_os_1.0\backend\src\TerraFusion.Consciousness\TerraFusion.Consciousness.csproj]
C:\Users\bsval\terrafusion_os_1.0\backend\src\TerraFusion.Consciousness\DTOs\AILayerMeshDTOs.cs(513,30): warning CS1591: Missing XML comment for publicly visible type or member 'FedRAMPComplianceResultDto.IsCompliant' [C:\Users\bsval\terrafusion_os_1.0\backend\src\TerraFusion.Consciousness\TerraFusion.Consciousness.csproj]
C:\Users\bsval\terrafusion_os_1.0\backend\src\TerraFusion.Consciousness\DTOs\AILayerMeshDTOs.cs(514,52): warning CS1591: Missing XML comment for publicly visible type or member 'FedRAMPComplianceResultDto.ComplianceResults' [C:\Users\bsval\terrafusion_os_1.0\backend\src\TerraFusion.Consciousness\TerraFusion.Consciousness.csproj]
C:\Users\bsval\terrafusion_os_1.0\backend\src\TerraFusion.Consciousness\DTOs\AILayerMeshDTOs.cs(515,38): warning CS1591: Missing XML comment for publicly visible type or member 'FedRAMPComplianceResultDto.ComplianceIssues' [C:\Users\bsval\terrafusion_os_1.0\backend\src\TerraFusion.Consciousness\TerraFusion.Consciousness.csproj]
C:\Users\bsval\terrafusion_os_1.0\backend\src\TerraFusion.Consciousness\DTOs\AILayerMeshDTOs.cs(516,34): warning CS1591: Missing XML comment for publicly visible type or member 'FedRAMPComplianceResultDto.ComplianceCheckTime' [C:\Users\bsval\terrafusion_os_1.0\backend\src\TerraFusion.Consciousness\TerraFusion.Consciousness.csproj]
C:\Users\bsval\terrafusion_os_1.0\backend\src\TerraFusion.Consciousness\DTOs\AILayerMeshDTOs.cs(517,32): warning CS1591: Missing XML comment for publicly visible type or member 'FedRAMPComplianceResultDto.ComplianceScore' [C:\Users\bsval\terrafusion_os_1.0\backend\src\TerraFusion.Consciousness\TerraFusion.Consciousness.csproj]
C:\Users\bsval\terrafusion_os_1.0\backend\src\TerraFusion.Consciousness\DTOs\AILayerMeshDTOs.cs(518,44): warning CS1591: Missing XML comment for publicly visible type or member 'FedRAMPComplianceResultDto.ComplianceMetrics' [C:\Users\bsval\terrafusion_os_1.0\backend\src\TerraFusion.Consciousness\TerraFusion.Consciousness.csproj]
C:\Users\bsval\terrafusion_os_1.0\backend\src\TerraFusion.Consciousness\DTOs\AILayerMeshDTOs.cs(521,18): warning CS1591: Missing XML comment for publicly visible type or member 'SOC2ComplianceResultDto' [C:\Users\bsval\terrafusion_os_1.0\backend\src\TerraFusion.Consciousness\TerraFusion.Consciousness.csproj]
C:\Users\bsval\terrafusion_os_1.0\backend\src\TerraFusion.Consciousness\DTOs\AILayerMeshDTOs.cs(523,30): warning CS1591: Missing XML comment for publicly visible type or member 'SOC2ComplianceResultDto.IsCompliant' [C:\Users\bsval\terrafusion_os_1.0\backend\src\TerraFusion.Consciousness\TerraFusion.Consciousness.csproj]
C:\Users\bsval\terrafusion_os_1.0\backend\src\TerraFusion.Consciousness\DTOs\AILayerMeshDTOs.cs(524,52): warning CS1591: Missing XML comment for publicly visible type or member 'SOC2ComplianceResultDto.ComplianceResults' [C:\Users\bsval\terrafusion_os_1.0\backend\src\TerraFusion.Consciousness\TerraFusion.Consciousness.csproj]
C:\Users\bsval\terrafusion_os_1.0\backend\src\TerraFusion.Consciousness\DTOs\AILayerMeshDTOs.cs(525,38): warning CS1591: Missing XML comment for publicly visible type or member 'SOC2ComplianceResultDto.ComplianceIssues' [C:\Users\bsval\terrafusion_os_1.0\backend\src\TerraFusion.Consciousness\TerraFusion.Consciousness.csproj]
C:\Users\bsval\terrafusion_os_1.0\backend\src\TerraFusion.Consciousness\DTOs\AILayerMeshDTOs.cs(526,34): warning CS1591: Missing XML comment for publicly visible type or member 'SOC2ComplianceResultDto.ComplianceCheckTime' [C:\Users\bsval\terrafusion_os_1.0\backend\src\TerraFusion.Consciousness\TerraFusion.Consciousness.csproj]
C:\Users\bsval\terrafusion_os_1.0\backend\src\TerraFusion.Consciousness\DTOs\AILayerMeshDTOs.cs(527,32): warning CS1591: Missing XML comment for publicly visible type or member 'SOC2ComplianceResultDto.ComplianceScore' [C:\Users\bsval\terrafusion_os_1.0\backend\src\TerraFusion.Consciousness\TerraFusion.Consciousness.csproj]
C:\Users\bsval\terrafusion_os_1.0\backend\src\TerraFusion.Consciousness\DTOs\AILayerMeshDTOs.cs(528,44): warning CS1591: Missing XML comment for publicly visible type or member 'SOC2ComplianceResultDto.ComplianceMetrics' [C:\Users\bsval\terrafusion_os_1.0\backend\src\TerraFusion.Consciousness\TerraFusion.Consciousness.csproj]
C:\Users\bsval\terrafusion_os_1.0\backend\src\TerraFusion.Consciousness\DTOs\AILayerMeshDTOs.cs(531,18): warning CS1591: Missing XML comment for publicly visible type or member 'ComplianceReportDto' [C:\Users\bsval\terrafusion_os_1.0\backend\src\TerraFusion.Consciousness\TerraFusion.Consciousness.csproj]
C:\Users\bsval\terrafusion_os_1.0\backend\src\TerraFusion.Consciousness\DTOs\AILayerMeshDTOs.cs(533,50): warning CS1591: Missing XML comment for publicly visible type or member 'ComplianceReportDto.FISMACompliance' [C:\Users\bsval\terrafusion_os_1.0\backend\src\TerraFusion.Consciousness\TerraFusion.Consciousness.csproj]
C:\Users\bsval\terrafusion_os_1.0\backend\src\TerraFusion.Consciousness\DTOs\AILayerMeshDTOs.cs(534,52): warning CS1591: Missing XML comment for publicly visible type or member 'ComplianceReportDto.FedRAMPCompliance' [C:\Users\bsval\terrafusion_os_1.0\backend\src\TerraFusion.Consciousness\TerraFusion.Consciousness.csproj]
C:\Users\bsval\terrafusion_os_1.0\backend\src\TerraFusion.Consciousness\DTOs\AILayerMeshDTOs.cs(535,49): warning CS1591: Missing XML comment for publicly visible type or member 'ComplianceReportDto.SOC2Compliance' [C:\Users\bsval\terrafusion_os_1.0\backend\src\TerraFusion.Consciousness\TerraFusion.Consciousness.csproj]
C:\Users\bsval\terrafusion_os_1.0\backend\src\TerraFusion.Consciousness\DTOs\AILayerMeshDTOs.cs(536,34): warning CS1591: Missing XML comment for publicly visible type or member 'ComplianceReportDto.ReportTime' [C:\Users\bsval\terrafusion_os_1.0\backend\src\TerraFusion.Consciousness\TerraFusion.Consciousness.csproj]
C:\Users\bsval\terrafusion_os_1.0\backend\src\TerraFusion.Consciousness\DTOs\AILayerMeshDTOs.cs(537,44): warning CS1591: Missing XML comment for publicly visible type or member 'ComplianceReportDto.ReportMetrics' [C:\Users\bsval\terrafusion_os_1.0\backend\src\TerraFusion.Consciousness\TerraFusion.Consciousness.csproj]
C:\Users\bsval\terrafusion_os_1.0\backend\src\TerraFusion.Consciousness\DTOs\AILayerMeshDTOs.cs(540,18): warning CS1591: Missing XML comment for publicly visible type or member 'FederatedComplianceResultDto' [C:\Users\bsval\terrafusion_os_1.0\backend\src\TerraFusion.Consciousness\TerraFusion.Consciousness.csproj]
C:\Users\bsval\terrafusion_os_1.0\backend\src\TerraFusion.Consciousness\DTOs\AILayerMeshDTOs.cs(542,30): warning CS1591: Missing XML comment for publicly visible type or member 'FederatedComplianceResultDto.IsCompliant' [C:\Users\bsval\terrafusion_os_1.0\backend\src\TerraFusion.Consciousness\TerraFusion.Consciousness.csproj]
C:\Users\bsval\terrafusion_os_1.0\backend\src\TerraFusion.Consciousness\DTOs\AILayerMeshDTOs.cs(543,52): warning CS1591: Missing XML comment for publicly visible type or member 'FederatedComplianceResultDto.ComplianceResults' [C:\Users\bsval\terrafusion_os_1.0\backend\src\TerraFusion.Consciousness\TerraFusion.Consciousness.csproj]
C:\Users\bsval\terrafusion_os_1.0\backend\src\TerraFusion.Consciousness\DTOs\AILayerMeshDTOs.cs(544,38): warning CS1591: Missing XML comment for publicly visible type or member 'FederatedComplianceResultDto.ComplianceIssues' [C:\Users\bsval\terrafusion_os_1.0\backend\src\TerraFusion.Consciousness\TerraFusion.Consciousness.csproj]
C:\Users\bsval\terrafusion_os_1.0\backend\src\TerraFusion.Consciousness\DTOs\AILayerMeshDTOs.cs(545,34): warning CS1591: Missing XML comment for publicly visible type or member 'FederatedComplianceResultDto.ComplianceCheckTime' [C:\Users\bsval\terrafusion_os_1.0\backend\src\TerraFusion.Consciousness\TerraFusion.Consciousness.csproj]
C:\Users\bsval\terrafusion_os_1.0\backend\src\TerraFusion.Consciousness\DTOs\AILayerMeshDTOs.cs(548,32): warning CS1591: Missing XML comment for publicly visible type or member 'FederatedComplianceResultDto.OverallScore' [C:\Users\bsval\terrafusion_os_1.0\backend\src\TerraFusion.Consciousness\TerraFusion.Consciousness.csproj]
C:\Users\bsval\terrafusion_os_1.0\backend\src\TerraFusion.Consciousness\DTOs\AILayerMeshDTOs.cs(549,32): warning CS1591: Missing XML comment for publicly visible type or member 'FederatedComplianceResultDto.PrivacyCompliance' [C:\Users\bsval\terrafusion_os_1.0\backend\src\TerraFusion.Consciousness\TerraFusion.Consciousness.csproj]
C:\Users\bsval\terrafusion_os_1.0\backend\src\TerraFusion.Consciousness\DTOs\AILayerMeshDTOs.cs(550,32): warning CS1591: Missing XML comment for publicly visible type or member 'FederatedComplianceResultDto.DataSovereigntyCompliance' [C:\Users\bsval\terrafusion_os_1.0\backend\src\TerraFusion.Consciousness\TerraFusion.Consciousness.csproj]
C:\Users\bsval\terrafusion_os_1.0\backend\src\TerraFusion.Consciousness\DTOs\AILayerMeshDTOs.cs(551,32): warning CS1591: Missing XML comment for publicly visible type or member 'FederatedComplianceResultDto.SecurityCompliance' [C:\Users\bsval\terrafusion_os_1.0\backend\src\TerraFusion.Consciousness\TerraFusion.Consciousness.csproj]
C:\Users\bsval\terrafusion_os_1.0\backend\src\TerraFusion.Consciousness\DTOs\AILayerMeshDTOs.cs(552,32): warning CS1591: Missing XML comment for publicly visible type or member 'FederatedComplianceResultDto.EthicalAICompliance' [C:\Users\bsval\terrafusion_os_1.0\backend\src\TerraFusion.Consciousness\TerraFusion.Consciousness.csproj]
C:\Users\bsval\terrafusion_os_1.0\backend\src\TerraFusion.Consciousness\DTOs\AILayerMeshDTOs.cs(553,34): warning CS1591: Missing XML comment for publicly visible type or member 'FederatedComplianceResultDto.LastAudit' [C:\Users\bsval\terrafusion_os_1.0\backend\src\TerraFusion.Consciousness\TerraFusion.Consciousness.csproj]
C:\Users\bsval\terrafusion_os_1.0\backend\src\TerraFusion.Consciousness\DTOs\AILayerMeshDTOs.cs(554,38): warning CS1591: Missing XML comment for publicly visible type or member 'FederatedComplianceResultDto.ComplianceGuarantees' [C:\Users\bsval\terrafusion_os_1.0\backend\src\TerraFusion.Consciousness\TerraFusion.Consciousness.csproj]
C:\Users\bsval\terrafusion_os_1.0\backend\src\TerraFusion.Consciousness\DTOs\AILayerMeshDTOs.cs(556,44): warning CS1591: Missing XML comment for publicly visible type or member 'FederatedComplianceResultDto.ComplianceMetrics' [C:\Users\bsval\terrafusion_os_1.0\backend\src\TerraFusion.Consciousness\TerraFusion.Consciousness.csproj]
C:\Users\bsval\terrafusion_os_1.0\backend\src\TerraFusion.Consciousness\DTOs\AILayerMeshDTOs.cs(563,18): warning CS1591: Missing XML comment for publicly visible type or member 'EnhancedConsciousnessDataDto' [C:\Users\bsval\terrafusion_os_1.0\backend\src\TerraFusion.Consciousness\TerraFusion.Consciousness.csproj]
C:\Users\bsval\terrafusion_os_1.0\backend\src\TerraFusion.Consciousness\DTOs\AILayerMeshDTOs.cs(565,32): warning CS1591: Missing XML comment for publicly visible type or member 'EnhancedConsciousnessDataDto.ConsciousnessId' [C:\Users\bsval\terrafusion_os_1.0\backend\src\TerraFusion.Consciousness\TerraFusion.Consciousness.csproj]
C:\Users\bsval\terrafusion_os_1.0\backend\src\TerraFusion.Consciousness\DTOs\AILayerMeshDTOs.cs(566,52): warning CS1591: Missing XML comment for publicly visible type or member 'EnhancedConsciousnessDataDto.ConsciousnessData' [C:\Users\bsval\terrafusion_os_1.0\backend\src\TerraFusion.Consciousness\TerraFusion.Consciousness.csproj]
C:\Users\bsval\terrafusion_os_1.0\backend\src\TerraFusion.Consciousness\DTOs\AILayerMeshDTOs.cs(567,32): warning CS1591: Missing XML comment for publicly visible type or member 'EnhancedConsciousnessDataDto.ConsciousnessLevel' [C:\Users\bsval\terrafusion_os_1.0\backend\src\TerraFusion.Consciousness\TerraFusion.Consciousness.csproj]
C:\Users\bsval\terrafusion_os_1.0\backend\src\TerraFusion.Consciousness\DTOs\AILayerMeshDTOs.cs(568,34): warning CS1591: Missing XML comment for publicly visible type or member 'EnhancedConsciousnessDataDto.DataTime' [C:\Users\bsval\terrafusion_os_1.0\backend\src\TerraFusion.Consciousness\TerraFusion.Consciousness.csproj]
C:\Users\bsval\terrafusion_os_1.0\backend\src\TerraFusion.Consciousness\DTOs\AILayerMeshDTOs.cs(569,44): warning CS1591: Missing XML comment for publicly visible type or member 'EnhancedConsciousnessDataDto.ConsciousnessMetrics' [C:\Users\bsval\terrafusion_os_1.0\backend\src\TerraFusion.Consciousness\TerraFusion.Consciousness.csproj]
C:\Users\bsval\terrafusion_os_1.0\backend\src\TerraFusion.Consciousness\DTOs\AILayerMeshDTOs.cs(572,18): warning CS1591: Missing XML comment for publicly visible type or member 'ConsciousnessModeRequestDto' [C:\Users\bsval\terrafusion_os_1.0\backend\src\TerraFusion.Consciousness\TerraFusion.Consciousness.csproj]
C:\Users\bsval\terrafusion_os_1.0\backend\src\TerraFusion.Consciousness\DTOs\AILayerMeshDTOs.cs(574,32): warning CS1591: Missing XML comment for publicly visible type or member 'ConsciousnessModeRequestDto.ModeId' [C:\Users\bsval\terrafusion_os_1.0\backend\src\TerraFusion.Consciousness\TerraFusion.Consciousness.csproj]
C:\Users\bsval\terrafusion_os_1.0\backend\src\TerraFusion.Consciousness\DTOs\AILayerMeshDTOs.cs(575,32): warning CS1591: Missing XML comment for publicly visible type or member 'ConsciousnessModeRequestDto.RequestedMode' [C:\Users\bsval\terrafusion_os_1.0\backend\src\TerraFusion.Consciousness\TerraFusion.Consciousness.csproj]
C:\Users\bsval\terrafusion_os_1.0\backend\src\TerraFusion.Consciousness\DTOs\AILayerMeshDTOs.cs(576,52): warning CS1591: Missing XML comment for publicly visible type or member 'ConsciousnessModeRequestDto.ModeConfig' [C:\Users\bsval\terrafusion_os_1.0\backend\src\TerraFusion.Consciousness\TerraFusion.Consciousness.csproj]
C:\Users\bsval\terrafusion_os_1.0\backend\src\TerraFusion.Consciousness\DTOs\AILayerMeshDTOs.cs(577,34): warning CS1591: Missing XML comment for publicly visible type or member 'ConsciousnessModeRequestDto.RequestTime' [C:\Users\bsval\terrafusion_os_1.0\backend\src\TerraFusion.Consciousness\TerraFusion.Consciousness.csproj]
C:\Users\bsval\terrafusion_os_1.0\backend\src\TerraFusion.Consciousness\DTOs\AILayerMeshDTOs.cs(578,44): warning CS1591: Missing XML comment for publicly visible type or member 'ConsciousnessModeRequestDto.ModeOptions' [C:\Users\bsval\terrafusion_os_1.0\backend\src\TerraFusion.Consciousness\TerraFusion.Consciousness.csproj]
C:\Users\bsval\terrafusion_os_1.0\backend\src\TerraFusion.Consciousness\DTOs\AILayerMeshDTOs.cs(581,18): warning CS1591: Missing XML comment for publicly visible type or member 'ConsciousnessModeDto' [C:\Users\bsval\terrafusion_os_1.0\backend\src\TerraFusion.Consciousness\TerraFusion.Consciousness.csproj]
C:\Users\bsval\terrafusion_os_1.0\backend\src\TerraFusion.Consciousness\DTOs\AILayerMeshDTOs.cs(583,32): warning CS1591: Missing XML comment for publicly visible type or member 'ConsciousnessModeDto.ModeId' [C:\Users\bsval\terrafusion_os_1.0\backend\src\TerraFusion.Consciousness\TerraFusion.Consciousness.csproj]
C:\Users\bsval\terrafusion_os_1.0\backend\src\TerraFusion.Consciousness\DTOs\AILayerMeshDTOs.cs(584,32): warning CS1591: Missing XML comment for publicly visible type or member 'ConsciousnessModeDto.CurrentMode' [C:\Users\bsval\terrafusion_os_1.0\backend\src\TerraFusion.Consciousness\TerraFusion.Consciousness.csproj]
C:\Users\bsval\terrafusion_os_1.0\backend\src\TerraFusion.Consciousness\DTOs\AILayerMeshDTOs.cs(585,52): warning CS1591: Missing XML comment for publicly visible type or member 'ConsciousnessModeDto.ModeData' [C:\Users\bsval\terrafusion_os_1.0\backend\src\TerraFusion.Consciousness\TerraFusion.Consciousness.csproj]
C:\Users\bsval\terrafusion_os_1.0\backend\src\TerraFusion.Consciousness\DTOs\AILayerMeshDTOs.cs(586,34): warning CS1591: Missing XML comment for publicly visible type or member 'ConsciousnessModeDto.ModeTime' [C:\Users\bsval\terrafusion_os_1.0\backend\src\TerraFusion.Consciousness\TerraFusion.Consciousness.csproj]
C:\Users\bsval\terrafusion_os_1.0\backend\src\TerraFusion.Consciousness\DTOs\AILayerMeshDTOs.cs(587,44): warning CS1591: Missing XML comment for publicly visible type or member 'ConsciousnessModeDto.ModeMetrics' [C:\Users\bsval\terrafusion_os_1.0\backend\src\TerraFusion.Consciousness\TerraFusion.Consciousness.csproj]
C:\Users\bsval\terrafusion_os_1.0\backend\src\TerraFusion.Consciousness\DTOs\AILayerMeshDTOs.cs(590,18): warning CS1591: Missing XML comment for publicly visible type or member 'HybridSystemStatusDto' [C:\Users\bsval\terrafusion_os_1.0\backend\src\TerraFusion.Consciousness\TerraFusion.Consciousness.csproj]
C:\Users\bsval\terrafusion_os_1.0\backend\src\TerraFusion.Consciousness\DTOs\AILayerMeshDTOs.cs(592,32): warning CS1591: Missing XML comment for publicly visible type or member 'HybridSystemStatusDto.SystemId' [C:\Users\bsval\terrafusion_os_1.0\backend\src\TerraFusion.Consciousness\TerraFusion.Consciousness.csproj]
C:\Users\bsval\terrafusion_os_1.0\backend\src\TerraFusion.Consciousness\DTOs\AILayerMeshDTOs.cs(593,32): warning CS1591: Missing XML comment for publicly visible type or member 'HybridSystemStatusDto.Status' [C:\Users\bsval\terrafusion_os_1.0\backend\src\TerraFusion.Consciousness\TerraFusion.Consciousness.csproj]
C:\Users\bsval\terrafusion_os_1.0\backend\src\TerraFusion.Consciousness\DTOs\AILayerMeshDTOs.cs(594,52): warning CS1591: Missing XML comment for publicly visible type or member 'HybridSystemStatusDto.SystemData' [C:\Users\bsval\terrafusion_os_1.0\backend\src\TerraFusion.Consciousness\TerraFusion.Consciousness.csproj]
C:\Users\bsval\terrafusion_os_1.0\backend\src\TerraFusion.Consciousness\DTOs\AILayerMeshDTOs.cs(595,34): warning CS1591: Missing XML comment for publicly visible type or member 'HybridSystemStatusDto.StatusTime' [C:\Users\bsval\terrafusion_os_1.0\backend\src\TerraFusion.Consciousness\TerraFusion.Consciousness.csproj]
C:\Users\bsval\terrafusion_os_1.0\backend\src\TerraFusion.Consciousness\DTOs\AILayerMeshDTOs.cs(596,44): warning CS1591: Missing XML comment for publicly visible type or member 'HybridSystemStatusDto.SystemMetrics' [C:\Users\bsval\terrafusion_os_1.0\backend\src\TerraFusion.Consciousness\TerraFusion.Consciousness.csproj]
C:\Users\bsval\terrafusion_os_1.0\backend\src\TerraFusion.Consciousness\DTOs\AILayerMeshDTOs.cs(603,18): warning CS1591: Missing XML comment for publicly visible type or member 'AIOrchestrationRequestDto' [C:\Users\bsval\terrafusion_os_1.0\backend\src\TerraFusion.Consciousness\TerraFusion.Consciousness.csproj]
C:\Users\bsval\terrafusion_os_1.0\backend\src\TerraFusion.Consciousness\DTOs\AILayerMeshDTOs.cs(605,32): warning CS1591: Missing XML comment for publicly visible type or member 'AIOrchestrationRequestDto.OrchestrationId' [C:\Users\bsval\terrafusion_os_1.0\backend\src\TerraFusion.Consciousness\TerraFusion.Consciousness.csproj]
C:\Users\bsval\terrafusion_os_1.0\backend\src\TerraFusion.Consciousness\DTOs\AILayerMeshDTOs.cs(606,32): warning CS1591: Missing XML comment for publicly visible type or member 'AIOrchestrationRequestDto.RequestType' [C:\Users\bsval\terrafusion_os_1.0\backend\src\TerraFusion.Consciousness\TerraFusion.Consciousness.csproj]
C:\Users\bsval\terrafusion_os_1.0\backend\src\TerraFusion.Consciousness\DTOs\AILayerMeshDTOs.cs(607,52): warning CS1591: Missing XML comment for publicly visible type or member 'AIOrchestrationRequestDto.RequestData' [C:\Users\bsval\terrafusion_os_1.0\backend\src\TerraFusion.Consciousness\TerraFusion.Consciousness.csproj]
C:\Users\bsval\terrafusion_os_1.0\backend\src\TerraFusion.Consciousness\DTOs\AILayerMeshDTOs.cs(608,34): warning CS1591: Missing XML comment for publicly visible type or member 'AIOrchestrationRequestDto.RequestTime' [C:\Users\bsval\terrafusion_os_1.0\backend\src\TerraFusion.Consciousness\TerraFusion.Consciousness.csproj]
C:\Users\bsval\terrafusion_os_1.0\backend\src\TerraFusion.Consciousness\DTOs\AILayerMeshDTOs.cs(609,44): warning CS1591: Missing XML comment for publicly visible type or member 'AIOrchestrationRequestDto.RequestOptions' [C:\Users\bsval\terrafusion_os_1.0\backend\src\TerraFusion.Consciousness\TerraFusion.Consciousness.csproj]
C:\Users\bsval\terrafusion_os_1.0\backend\src\TerraFusion.Consciousness\DTOs\AILayerMeshDTOs.cs(612,18): warning CS1591: Missing XML comment for publicly visible type or member 'AIOrchestrationResultDto' [C:\Users\bsval\terrafusion_os_1.0\backend\src\TerraFusion.Consciousness\TerraFusion.Consciousness.csproj]
C:\Users\bsval\terrafusion_os_1.0\backend\src\TerraFusion.Consciousness\DTOs\AILayerMeshDTOs.cs(614,32): warning CS1591: Missing XML comment for publicly visible type or member 'AIOrchestrationResultDto.OrchestrationId' [C:\Users\bsval\terrafusion_os_1.0\backend\src\TerraFusion.Consciousness\TerraFusion.Consciousness.csproj]
C:\Users\bsval\terrafusion_os_1.0\backend\src\TerraFusion.Consciousness\DTOs\AILayerMeshDTOs.cs(615,30): warning CS1591: Missing XML comment for publicly visible type or member 'AIOrchestrationResultDto.Success' [C:\Users\bsval\terrafusion_os_1.0\backend\src\TerraFusion.Consciousness\TerraFusion.Consciousness.csproj]
C:\Users\bsval\terrafusion_os_1.0\backend\src\TerraFusion.Consciousness\DTOs\AILayerMeshDTOs.cs(616,52): warning CS1591: Missing XML comment for publicly visible type or member 'AIOrchestrationResultDto.Results' [C:\Users\bsval\terrafusion_os_1.0\backend\src\TerraFusion.Consciousness\TerraFusion.Consciousness.csproj]
C:\Users\bsval\terrafusion_os_1.0\backend\src\TerraFusion.Consciousness\DTOs\AILayerMeshDTOs.cs(617,34): warning CS1591: Missing XML comment for publicly visible type or member 'AIOrchestrationResultDto.CompletionTime' [C:\Users\bsval\terrafusion_os_1.0\backend\src\TerraFusion.Consciousness\TerraFusion.Consciousness.csproj]
C:\Users\bsval\terrafusion_os_1.0\backend\src\TerraFusion.Consciousness\DTOs\AILayerMeshDTOs.cs(618,44): warning CS1591: Missing XML comment for publicly visible type or member 'AIOrchestrationResultDto.OrchestrationMetrics' [C:\Users\bsval\terrafusion_os_1.0\backend\src\TerraFusion.Consciousness\TerraFusion.Consciousness.csproj]
C:\Users\bsval\terrafusion_os_1.0\backend\src\TerraFusion.Consciousness\DTOs\AILayerMeshDTOs.cs(621,18): warning CS1591: Missing XML comment for publicly visible type or member 'AIServiceHealthDto' [C:\Users\bsval\terrafusion_os_1.0\backend\src\TerraFusion.Consciousness\TerraFusion.Consciousness.csproj]
C:\Users\bsval\terrafusion_os_1.0\backend\src\TerraFusion.Consciousness\DTOs\AILayerMeshDTOs.cs(623,32): warning CS1591: Missing XML comment for publicly visible type or member 'AIServiceHealthDto.ServiceId' [C:\Users\bsval\terrafusion_os_1.0\backend\src\TerraFusion.Consciousness\TerraFusion.Consciousness.csproj]
C:\Users\bsval\terrafusion_os_1.0\backend\src\TerraFusion.Consciousness\DTOs\AILayerMeshDTOs.cs(624,32): warning CS1591: Missing XML comment for publicly visible type or member 'AIServiceHealthDto.HealthStatus' [C:\Users\bsval\terrafusion_os_1.0\backend\src\TerraFusion.Consciousness\TerraFusion.Consciousness.csproj]
C:\Users\bsval\terrafusion_os_1.0\backend\src\TerraFusion.Consciousness\DTOs\AILayerMeshDTOs.cs(625,32): warning CS1591: Missing XML comment for publicly visible type or member 'AIServiceHealthDto.HealthScore' [C:\Users\bsval\terrafusion_os_1.0\backend\src\TerraFusion.Consciousness\TerraFusion.Consciousness.csproj]
C:\Users\bsval\terrafusion_os_1.0\backend\src\TerraFusion.Consciousness\DTOs\AILayerMeshDTOs.cs(626,34): warning CS1591: Missing XML comment for publicly visible type or member 'AIServiceHealthDto.HealthCheckTime' [C:\Users\bsval\terrafusion_os_1.0\backend\src\TerraFusion.Consciousness\TerraFusion.Consciousness.csproj]
C:\Users\bsval\terrafusion_os_1.0\backend\src\TerraFusion.Consciousness\DTOs\AILayerMeshDTOs.cs(627,44): warning CS1591: Missing XML comment for publicly visible type or member 'AIServiceHealthDto.HealthMetrics' [C:\Users\bsval\terrafusion_os_1.0\backend\src\TerraFusion.Consciousness\TerraFusion.Consciousness.csproj]
C:\Users\bsval\terrafusion_os_1.0\backend\src\TerraFusion.Consciousness\DTOs\AILayerMeshDTOs.cs(630,18): warning CS1591: Missing XML comment for publicly visible type or member 'AICoordinationRequestDto' [C:\Users\bsval\terrafusion_os_1.0\backend\src\TerraFusion.Consciousness\TerraFusion.Consciousness.csproj]
C:\Users\bsval\terrafusion_os_1.0\backend\src\TerraFusion.Consciousness\DTOs\AILayerMeshDTOs.cs(632,32): warning CS1591: Missing XML comment for publicly visible type or member 'AICoordinationRequestDto.CoordinationId' [C:\Users\bsval\terrafusion_os_1.0\backend\src\TerraFusion.Consciousness\TerraFusion.Consciousness.csproj]
C:\Users\bsval\terrafusion_os_1.0\backend\src\TerraFusion.Consciousness\DTOs\AILayerMeshDTOs.cs(633,32): warning CS1591: Missing XML comment for publicly visible type or member 'AICoordinationRequestDto.RequestType' [C:\Users\bsval\terrafusion_os_1.0\backend\src\TerraFusion.Consciousness\TerraFusion.Consciousness.csproj]
C:\Users\bsval\terrafusion_os_1.0\backend\src\TerraFusion.Consciousness\DTOs\AILayerMeshDTOs.cs(634,52): warning CS1591: Missing XML comment for publicly visible type or member 'AICoordinationRequestDto.RequestData' [C:\Users\bsval\terrafusion_os_1.0\backend\src\TerraFusion.Consciousness\TerraFusion.Consciousness.csproj]
C:\Users\bsval\terrafusion_os_1.0\backend\src\TerraFusion.Consciousness\DTOs\AILayerMeshDTOs.cs(635,34): warning CS1591: Missing XML comment for publicly visible type or member 'AICoordinationRequestDto.RequestTime' [C:\Users\bsval\terrafusion_os_1.0\backend\src\TerraFusion.Consciousness\TerraFusion.Consciousness.csproj]
C:\Users\bsval\terrafusion_os_1.0\backend\src\TerraFusion.Consciousness\DTOs\AILayerMeshDTOs.cs(636,44): warning CS1591: Missing XML comment for publicly visible type or member 'AICoordinationRequestDto.CoordinationOptions' [C:\Users\bsval\terrafusion_os_1.0\backend\src\TerraFusion.Consciousness\TerraFusion.Consciousness.csproj]
C:\Users\bsval\terrafusion_os_1.0\backend\src\TerraFusion.Consciousness\DTOs\AILayerMeshDTOs.cs(639,18): warning CS1591: Missing XML comment for publicly visible type or member 'AICoordinationResultDto' [C:\Users\bsval\terrafusion_os_1.0\backend\src\TerraFusion.Consciousness\TerraFusion.Consciousness.csproj]
C:\Users\bsval\terrafusion_os_1.0\backend\src\TerraFusion.Consciousness\DTOs\AILayerMeshDTOs.cs(641,32): warning CS1591: Missing XML comment for publicly visible type or member 'AICoordinationResultDto.CoordinationId' [C:\Users\bsval\terrafusion_os_1.0\backend\src\TerraFusion.Consciousness\TerraFusion.Consciousness.csproj]
C:\Users\bsval\terrafusion_os_1.0\backend\src\TerraFusion.Consciousness\DTOs\AILayerMeshDTOs.cs(642,30): warning CS1591: Missing XML comment for publicly visible type or member 'AICoordinationResultDto.Success' [C:\Users\bsval\terrafusion_os_1.0\backend\src\TerraFusion.Consciousness\TerraFusion.Consciousness.csproj]
C:\Users\bsval\terrafusion_os_1.0\backend\src\TerraFusion.Consciousness\DTOs\AILayerMeshDTOs.cs(643,52): warning CS1591: Missing XML comment for publicly visible type or member 'AICoordinationResultDto.Results' [C:\Users\bsval\terrafusion_os_1.0\backend\src\TerraFusion.Consciousness\TerraFusion.Consciousness.csproj]
C:\Users\bsval\terrafusion_os_1.0\backend\src\TerraFusion.Consciousness\DTOs\AILayerMeshDTOs.cs(644,34): warning CS1591: Missing XML comment for publicly visible type or member 'AICoordinationResultDto.CompletionTime' [C:\Users\bsval\terrafusion_os_1.0\backend\src\TerraFusion.Consciousness\TerraFusion.Consciousness.csproj]
C:\Users\bsval\terrafusion_os_1.0\backend\src\TerraFusion.Consciousness\DTOs\AILayerMeshDTOs.cs(645,44): warning CS1591: Missing XML comment for publicly visible type or member 'AICoordinationResultDto.CoordinationMetrics' [C:\Users\bsval\terrafusion_os_1.0\backend\src\TerraFusion.Consciousness\TerraFusion.Consciousness.csproj]
C:\Users\bsval\terrafusion_os_1.0\backend\src\TerraFusion.Consciousness\DTOs\AILayerMeshDTOs.cs(652,18): warning CS1591: Missing XML comment for publicly visible type or member 'MeshInitializationResultDto' [C:\Users\bsval\terrafusion_os_1.0\backend\src\TerraFusion.Consciousness\TerraFusion.Consciousness.csproj]
C:\Users\bsval\terrafusion_os_1.0\backend\src\TerraFusion.Consciousness\DTOs\AILayerMeshDTOs.cs(654,30): warning CS1591: Missing XML comment for publicly visible type or member 'MeshInitializationResultDto.Success' [C:\Users\bsval\terrafusion_os_1.0\backend\src\TerraFusion.Consciousness\TerraFusion.Consciousness.csproj]
C:\Users\bsval\terrafusion_os_1.0\backend\src\TerraFusion.Consciousness\DTOs\AILayerMeshDTOs.cs(655,38): warning CS1591: Missing XML comment for publicly visible type or member 'MeshInitializationResultDto.InitializedLayers' [C:\Users\bsval\terrafusion_os_1.0\backend\src\TerraFusion.Consciousness\TerraFusion.Consciousness.csproj]
C:\Users\bsval\terrafusion_os_1.0\backend\src\TerraFusion.Consciousness\DTOs\AILayerMeshDTOs.cs(656,38): warning CS1591: Missing XML comment for publicly visible type or member 'MeshInitializationResultDto.FailedLayers' [C:\Users\bsval\terrafusion_os_1.0\backend\src\TerraFusion.Consciousness\TerraFusion.Consciousness.csproj]
C:\Users\bsval\terrafusion_os_1.0\backend\src\TerraFusion.Consciousness\DTOs\AILayerMeshDTOs.cs(657,52): warning CS1591: Missing XML comment for publicly visible type or member 'MeshInitializationResultDto.InitializationMetrics' [C:\Users\bsval\terrafusion_os_1.0\backend\src\TerraFusion.Consciousness\TerraFusion.Consciousness.csproj]
C:\Users\bsval\terrafusion_os_1.0\backend\src\TerraFusion.Consciousness\DTOs\AILayerMeshDTOs.cs(658,34): warning CS1591: Missing XML comment for publicly visible type or member 'MeshInitializationResultDto.InitializationTime' [C:\Users\bsval\terrafusion_os_1.0\backend\src\TerraFusion.Consciousness\TerraFusion.Consciousness.csproj]
C:\Users\bsval\terrafusion_os_1.0\backend\src\TerraFusion.Consciousness\DTOs\AILayerMeshDTOs.cs(659,30): warning CS1591: Missing XML comment for publicly visible type or member 'MeshInitializationResultDto.Errors' [C:\Users\bsval\terrafusion_os_1.0\backend\src\TerraFusion.Consciousness\TerraFusion.Consciousness.csproj]
C:\Users\bsval\terrafusion_os_1.0\backend\src\TerraFusion.Consciousness\DTOs\AILayerMeshDTOs.cs(660,44): warning CS1591: Missing XML comment for publicly visible type or member 'MeshInitializationResultDto.LayerConfigs' [C:\Users\bsval\terrafusion_os_1.0\backend\src\TerraFusion.Consciousness\TerraFusion.Consciousness.csproj]
C:\Users\bsval\terrafusion_os_1.0\backend\src\TerraFusion.Consciousness\DTOs\AILayerMeshDTOs.cs(663,20): warning CS1591: Missing XML comment for publicly visible type or member 'MeshInitializationResultDto.LayersInitialized' [C:\Users\bsval\terrafusion_os_1.0\backend\src\TerraFusion.Consciousness\TerraFusion.Consciousness.csproj]
C:\Users\bsval\terrafusion_os_1.0\backend\src\TerraFusion.Consciousness\DTOs\AILayerMeshDTOs.cs(664,20): warning CS1591: Missing XML comment for publicly visible type or member 'MeshInitializationResultDto.ValidationRingsActive' [C:\Users\bsval\terrafusion_os_1.0\backend\src\TerraFusion.Consciousness\TerraFusion.Consciousness.csproj]
C:\Users\bsval\terrafusion_os_1.0\backend\src\TerraFusion.Consciousness\DTOs\AILayerMeshDTOs.cs(665,20): warning CS1591: Missing XML comment for publicly visible type or member 'MeshInitializationResultDto.FederatedCounties' [C:\Users\bsval\terrafusion_os_1.0\backend\src\TerraFusion.Consciousness\TerraFusion.Consciousness.csproj]
C:\Users\bsval\terrafusion_os_1.0\backend\src\TerraFusion.Consciousness\DTOs\AILayerMeshDTOs.cs(666,21): warning CS1591: Missing XML comment for publicly visible type or member 'MeshInitializationResultDto.QuantumConsciousnessIntegrated' [C:\Users\bsval\terrafusion_os_1.0\backend\src\TerraFusion.Consciousness\TerraFusion.Consciousness.csproj]
C:\Users\bsval\terrafusion_os_1.0\backend\src\TerraFusion.Consciousness\DTOs\AILayerMeshDTOs.cs(667,23): warning CS1591: Missing XML comment for publicly visible type or member 'MeshInitializationResultDto.NATSJetStreamStatus' [C:\Users\bsval\terrafusion_os_1.0\backend\src\TerraFusion.Consciousness\TerraFusion.Consciousness.csproj]
C:\Users\bsval\terrafusion_os_1.0\backend\src\TerraFusion.Consciousness\DTOs\AILayerMeshDTOs.cs(668,23): warning CS1591: Missing XML comment for publicly visible type or member 'MeshInitializationResultDto.MCPGatewayStatus' [C:\Users\bsval\terrafusion_os_1.0\backend\src\TerraFusion.Consciousness\TerraFusion.Consciousness.csproj]
C:\Users\bsval\terrafusion_os_1.0\backend\src\TerraFusion.Consciousness\DTOs\AILayerMeshDTOs.cs(669,21): warning CS1591: Missing XML comment for publicly visible type or member 'MeshInitializationResultDto.PerformanceBaselineEstablished' [C:\Users\bsval\terrafusion_os_1.0\backend\src\TerraFusion.Consciousness\TerraFusion.Consciousness.csproj]
C:\Users\bsval\terrafusion_os_1.0\backend\src\TerraFusion.Consciousness\DTOs\AILayerMeshDTOs.cs(670,29): warning CS1591: Missing XML comment for publicly visible type or member 'MeshInitializationResultDto.InitializationMessages' [C:\Users\bsval\terrafusion_os_1.0\backend\src\TerraFusion.Consciousness\TerraFusion.Consciousness.csproj]
C:\Users\bsval\terrafusion_os_1.0\backend\src\TerraFusion.Consciousness\DTOs\AILayerMeshDTOs.cs(673,18): warning CS1591: Missing XML comment for publicly visible type or member 'ComplianceMonitoringDto' [C:\Users\bsval\terrafusion_os_1.0\backend\src\TerraFusion.Consciousness\TerraFusion.Consciousness.csproj]
C:\Users\bsval\terrafusion_os_1.0\backend\src\TerraFusion.Consciousness\DTOs\AILayerMeshDTOs.cs(675,32): warning CS1591: Missing XML comment for publicly visible type or member 'ComplianceMonitoringDto.MonitoringId' [C:\Users\bsval\terrafusion_os_1.0\backend\src\TerraFusion.Consciousness\TerraFusion.Consciousness.csproj]
C:\Users\bsval\terrafusion_os_1.0\backend\src\TerraFusion.Consciousness\DTOs\AILayerMeshDTOs.cs(676,32): warning CS1591: Missing XML comment for publicly visible type or member 'ComplianceMonitoringDto.ComplianceType' [C:\Users\bsval\terrafusion_os_1.0\backend\src\TerraFusion.Consciousness\TerraFusion.Consciousness.csproj]
C:\Users\bsval\terrafusion_os_1.0\backend\src\TerraFusion.Consciousness\DTOs\AILayerMeshDTOs.cs(677,30): warning CS1591: Missing XML comment for publicly visible type or member 'ComplianceMonitoringDto.IsCompliant' [C:\Users\bsval\terrafusion_os_1.0\backend\src\TerraFusion.Consciousness\TerraFusion.Consciousness.csproj]
C:\Users\bsval\terrafusion_os_1.0\backend\src\TerraFusion.Consciousness\DTOs\AILayerMeshDTOs.cs(678,52): warning CS1591: Missing XML comment for publicly visible type or member 'ComplianceMonitoringDto.MonitoringResults' [C:\Users\bsval\terrafusion_os_1.0\backend\src\TerraFusion.Consciousness\TerraFusion.Consciousness.csproj]
C:\Users\bsval\terrafusion_os_1.0\backend\src\TerraFusion.Consciousness\DTOs\AILayerMeshDTOs.cs(679,34): warning CS1591: Missing XML comment for publicly visible type or member 'ComplianceMonitoringDto.MonitoringTime' [C:\Users\bsval\terrafusion_os_1.0\backend\src\TerraFusion.Consciousness\TerraFusion.Consciousness.csproj]
C:\Users\bsval\terrafusion_os_1.0\backend\src\TerraFusion.Consciousness\DTOs\AILayerMeshDTOs.cs(680,30): warning CS1591: Missing XML comment for publicly visible type or member 'ComplianceMonitoringDto.ComplianceIssues' [C:\Users\bsval\terrafusion_os_1.0\backend\src\TerraFusion.Consciousness\TerraFusion.Consciousness.csproj]
C:\Users\bsval\terrafusion_os_1.0\backend\src\TerraFusion.Consciousness\DTOs\AILayerMeshDTOs.cs(681,44): warning CS1591: Missing XML comment for publicly visible type or member 'ComplianceMonitoringDto.MonitoringMetrics' [C:\Users\bsval\terrafusion_os_1.0\backend\src\TerraFusion.Consciousness\TerraFusion.Consciousness.csproj]
C:\Users\bsval\terrafusion_os_1.0\backend\src\TerraFusion.Consciousness\DTOs\AILayerMeshDTOs.cs(684,18): warning CS1591: Missing XML comment for publicly visible type or member 'FederatedCountyInfo' [C:\Users\bsval\terrafusion_os_1.0\backend\src\TerraFusion.Consciousness\TerraFusion.Consciousness.csproj]
C:\Users\bsval\terrafusion_os_1.0\backend\src\TerraFusion.Consciousness\DTOs\AILayerMeshDTOs.cs(686,32): warning CS1591: Missing XML comment for publicly visible type or member 'FederatedCountyInfo.CountyId' [C:\Users\bsval\terrafusion_os_1.0\backend\src\TerraFusion.Consciousness\TerraFusion.Consciousness.csproj]
C:\Users\bsval\terrafusion_os_1.0\backend\src\TerraFusion.Consciousness\DTOs\AILayerMeshDTOs.cs(687,32): warning CS1591: Missing XML comment for publicly visible type or member 'FederatedCountyInfo.CountyName' [C:\Users\bsval\terrafusion_os_1.0\backend\src\TerraFusion.Consciousness\TerraFusion.Consciousness.csproj]
C:\Users\bsval\terrafusion_os_1.0\backend\src\TerraFusion.Consciousness\DTOs\AILayerMeshDTOs.cs(688,32): warning CS1591: Missing XML comment for publicly visible type or member 'FederatedCountyInfo.FederationStatus' [C:\Users\bsval\terrafusion_os_1.0\backend\src\TerraFusion.Consciousness\TerraFusion.Consciousness.csproj]
C:\Users\bsval\terrafusion_os_1.0\backend\src\TerraFusion.Consciousness\DTOs\AILayerMeshDTOs.cs(689,52): warning CS1591: Missing XML comment for publicly visible type or member 'FederatedCountyInfo.CountyData' [C:\Users\bsval\terrafusion_os_1.0\backend\src\TerraFusion.Consciousness\TerraFusion.Consciousness.csproj]
C:\Users\bsval\terrafusion_os_1.0\backend\src\TerraFusion.Consciousness\DTOs\AILayerMeshDTOs.cs(690,34): warning CS1591: Missing XML comment for publicly visible type or member 'FederatedCountyInfo.LastSync' [C:\Users\bsval\terrafusion_os_1.0\backend\src\TerraFusion.Consciousness\TerraFusion.Consciousness.csproj]
C:\Users\bsval\terrafusion_os_1.0\backend\src\TerraFusion.Consciousness\DTOs\AILayerMeshDTOs.cs(693,32): warning CS1591: Missing XML comment for publicly visible type or member 'FederatedCountyInfo.StateName' [C:\Users\bsval\terrafusion_os_1.0\backend\src\TerraFusion.Consciousness\TerraFusion.Consciousness.csproj]
C:\Users\bsval\terrafusion_os_1.0\backend\src\TerraFusion.Consciousness\DTOs\AILayerMeshDTOs.cs(694,32): warning CS1591: Missing XML comment for publicly visible type or member 'FederatedCountyInfo.NodeId' [C:\Users\bsval\terrafusion_os_1.0\backend\src\TerraFusion.Consciousness\TerraFusion.Consciousness.csproj]
C:\Users\bsval\terrafusion_os_1.0\backend\src\TerraFusion.Consciousness\DTOs\AILayerMeshDTOs.cs(695,32): warning CS1591: Missing XML comment for publicly visible type or member 'FederatedCountyInfo.Status' [C:\Users\bsval\terrafusion_os_1.0\backend\src\TerraFusion.Consciousness\TerraFusion.Consciousness.csproj]
C:\Users\bsval\terrafusion_os_1.0\backend\src\TerraFusion.Consciousness\DTOs\AILayerMeshDTOs.cs(696,38): warning CS1591: Missing XML comment for publicly visible type or member 'FederatedCountyInfo.MeshCapabilities' [C:\Users\bsval\terrafusion_os_1.0\backend\src\TerraFusion.Consciousness\TerraFusion.Consciousness.csproj]
C:\Users\bsval\terrafusion_os_1.0\backend\src\TerraFusion.Consciousness\DTOs\AILayerMeshDTOs.cs(697,32): warning CS1591: Missing XML comment for publicly visible type or member 'FederatedCountyInfo.PrivacyLevel' [C:\Users\bsval\terrafusion_os_1.0\backend\src\TerraFusion.Consciousness\TerraFusion.Consciousness.csproj]
C:\Users\bsval\terrafusion_os_1.0\backend\src\TerraFusion.Consciousness\DTOs\AILayerMeshDTOs.cs(698,34): warning CS1591: Missing XML comment for publicly visible type or member 'FederatedCountyInfo.LastHealthCheck' [C:\Users\bsval\terrafusion_os_1.0\backend\src\TerraFusion.Consciousness\TerraFusion.Consciousness.csproj]
C:\Users\bsval\terrafusion_os_1.0\backend\src\TerraFusion.Consciousness\DTOs\AILayerMeshDTOs.cs(699,52): warning CS1591: Missing XML comment for publicly visible type or member 'FederatedCountyInfo.DataSovereignty' [C:\Users\bsval\terrafusion_os_1.0\backend\src\TerraFusion.Consciousness\TerraFusion.Consciousness.csproj]
C:\Users\bsval\terrafusion_os_1.0\backend\src\TerraFusion.Consciousness\DTOs\AILayerMeshDTOs.cs(701,44): warning CS1591: Missing XML comment for publicly visible type or member 'FederatedCountyInfo.CountyMetrics' [C:\Users\bsval\terrafusion_os_1.0\backend\src\TerraFusion.Consciousness\TerraFusion.Consciousness.csproj]
C:\Users\bsval\terrafusion_os_1.0\backend\src\TerraFusion.Consciousness\DTOs\AILayerMeshDTOs.cs(702,30): warning CS1591: Missing XML comment for publicly visible type or member 'FederatedCountyInfo.AvailableServices' [C:\Users\bsval\terrafusion_os_1.0\backend\src\TerraFusion.Consciousness\TerraFusion.Consciousness.csproj]
C:\Users\bsval\terrafusion_os_1.0\backend\src\TerraFusion.Consciousness\DTOs\ComplianceAndAuditDTOs.cs(12,21): warning CS1591: Missing XML comment for publicly visible type or member 'MillionAgentInitializationResult.Success' [C:\Users\bsval\terrafusion_os_1.0\backend\src\TerraFusion.Consciousness\TerraFusion.Consciousness.csproj]
C:\Users\bsval\terrafusion_os_1.0\backend\src\TerraFusion.Consciousness\DTOs\ComplianceAndAuditDTOs.cs(13,23): warning CS1591: Missing XML comment for publicly visible type or member 'MillionAgentInitializationResult.SystemId' [C:\Users\bsval\terrafusion_os_1.0\backend\src\TerraFusion.Consciousness\TerraFusion.Consciousness.csproj]
C:\Users\bsval\terrafusion_os_1.0\backend\src\TerraFusion.Consciousness\DTOs\ComplianceAndAuditDTOs.cs(14,20): warning CS1591: Missing XML comment for publicly visible type or member 'MillionAgentInitializationResult.InitialAgentCount' [C:\Users\bsval\terrafusion_os_1.0\backend\src\TerraFusion.Consciousness\TerraFusion.Consciousness.csproj]
C:\Users\bsval\terrafusion_os_1.0\backend\src\TerraFusion.Consciousness\DTOs\ComplianceAndAuditDTOs.cs(15,25): warning CS1591: Missing XML comment for publicly visible type or member 'MillionAgentInitializationResult.InitializationTime' [C:\Users\bsval\terrafusion_os_1.0\backend\src\TerraFusion.Consciousness\TerraFusion.Consciousness.csproj]
C:\Users\bsval\terrafusion_os_1.0\backend\src\TerraFusion.Consciousness\DTOs\ComplianceAndAuditDTOs.cs(16,29): warning CS1591: Missing XML comment for publicly visible type or member 'MillionAgentInitializationResult.InitializedComponents' [C:\Users\bsval\terrafusion_os_1.0\backend\src\TerraFusion.Consciousness\TerraFusion.Consciousness.csproj]
C:\Users\bsval\terrafusion_os_1.0\backend\src\TerraFusion.Consciousness\DTOs\ComplianceAndAuditDTOs.cs(17,24): warning CS1591: Missing XML comment for publicly visible type or member 'MillionAgentInitializationResult.ErrorMessage' [C:\Users\bsval\terrafusion_os_1.0\backend\src\TerraFusion.Consciousness\TerraFusion.Consciousness.csproj]
C:\Users\bsval\terrafusion_os_1.0\backend\src\TerraFusion.Consciousness\DTOs\ComplianceAndAuditDTOs.cs(25,21): warning CS1591: Missing XML comment for publicly visible type or member 'AIOrchestrationInitializationResult.Success' [C:\Users\bsval\terrafusion_os_1.0\backend\src\TerraFusion.Consciousness\TerraFusion.Consciousness.csproj]
C:\Users\bsval\terrafusion_os_1.0\backend\src\TerraFusion.Consciousness\DTOs\ComplianceAndAuditDTOs.cs(26,23): warning CS1591: Missing XML comment for publicly visible type or member 'AIOrchestrationInitializationResult.SystemId' [C:\Users\bsval\terrafusion_os_1.0\backend\src\TerraFusion.Consciousness\TerraFusion.Consciousness.csproj]
C:\Users\bsval\terrafusion_os_1.0\backend\src\TerraFusion.Consciousness\DTOs\ComplianceAndAuditDTOs.cs(27,25): warning CS1591: Missing XML comment for publicly visible type or member 'AIOrchestrationInitializationResult.InitializationTime' [C:\Users\bsval\terrafusion_os_1.0\backend\src\TerraFusion.Consciousness\TerraFusion.Consciousness.csproj]
C:\Users\bsval\terrafusion_os_1.0\backend\src\TerraFusion.Consciousness\DTOs\ComplianceAndAuditDTOs.cs(28,29): warning CS1591: Missing XML comment for publicly visible type or member 'AIOrchestrationInitializationResult.ComponentsInitialized' [C:\Users\bsval\terrafusion_os_1.0\backend\src\TerraFusion.Consciousness\TerraFusion.Consciousness.csproj]
C:\Users\bsval\terrafusion_os_1.0\backend\src\TerraFusion.Consciousness\DTOs\ComplianceAndAuditDTOs.cs(29,24): warning CS1591: Missing XML comment for publicly visible type or member 'AIOrchestrationInitializationResult.ErrorMessage' [C:\Users\bsval\terrafusion_os_1.0\backend\src\TerraFusion.Consciousness\TerraFusion.Consciousness.csproj]
C:\Users\bsval\terrafusion_os_1.0\backend\src\TerraFusion.Consciousness\DTOs\ComplianceAndAuditDTOs.cs(32,23): warning CS1591: Missing XML comment for publicly visible type or member 'AIOrchestrationInitializationResult.Message' [C:\Users\bsval\terrafusion_os_1.0\backend\src\TerraFusion.Consciousness\TerraFusion.Consciousness.csproj]
C:\Users\bsval\terrafusion_os_1.0\backend\src\TerraFusion.Consciousness\DTOs\ComplianceAndAuditDTOs.cs(33,25): warning CS1591: Missing XML comment for publicly visible type or member 'AIOrchestrationInitializationResult.InitializedAt' [C:\Users\bsval\terrafusion_os_1.0\backend\src\TerraFusion.Consciousness\TerraFusion.Consciousness.csproj]
C:\Users\bsval\terrafusion_os_1.0\backend\src\TerraFusion.Consciousness\DTOs\ComplianceAndAuditDTOs.cs(34,20): warning CS1591: Missing XML comment for publicly visible type or member 'AIOrchestrationInitializationResult.ServicesStarted' [C:\Users\bsval\terrafusion_os_1.0\backend\src\TerraFusion.Consciousness\TerraFusion.Consciousness.csproj]
C:\Users\bsval\terrafusion_os_1.0\backend\src\TerraFusion.Consciousness\DTOs\ComplianceAndAuditDTOs.cs(35,21): warning CS1591: Missing XML comment for publicly visible type or member 'AIOrchestrationInitializationResult.ConfigurationValid' [C:\Users\bsval\terrafusion_os_1.0\backend\src\TerraFusion.Consciousness\TerraFusion.Consciousness.csproj]
C:\Users\bsval\terrafusion_os_1.0\backend\src\TerraFusion.Consciousness\DTOs\ComplianceAndAuditDTOs.cs(43,21): warning CS1591: Missing XML comment for publicly visible type or member 'AILayerMeshInitializationResult.Success' [C:\Users\bsval\terrafusion_os_1.0\backend\src\TerraFusion.Consciousness\TerraFusion.Consciousness.csproj]
C:\Users\bsval\terrafusion_os_1.0\backend\src\TerraFusion.Consciousness\DTOs\ComplianceAndAuditDTOs.cs(44,23): warning CS1591: Missing XML comment for publicly visible type or member 'AILayerMeshInitializationResult.MeshId' [C:\Users\bsval\terrafusion_os_1.0\backend\src\TerraFusion.Consciousness\TerraFusion.Consciousness.csproj]
C:\Users\bsval\terrafusion_os_1.0\backend\src\TerraFusion.Consciousness\DTOs\ComplianceAndAuditDTOs.cs(45,20): warning CS1591: Missing XML comment for publicly visible type or member 'AILayerMeshInitializationResult.LayersInitialized' [C:\Users\bsval\terrafusion_os_1.0\backend\src\TerraFusion.Consciousness\TerraFusion.Consciousness.csproj]
C:\Users\bsval\terrafusion_os_1.0\backend\src\TerraFusion.Consciousness\DTOs\ComplianceAndAuditDTOs.cs(46,20): warning CS1591: Missing XML comment for publicly visible type or member 'AILayerMeshInitializationResult.ValidationRingsActive' [C:\Users\bsval\terrafusion_os_1.0\backend\src\TerraFusion.Consciousness\TerraFusion.Consciousness.csproj]
C:\Users\bsval\terrafusion_os_1.0\backend\src\TerraFusion.Consciousness\DTOs\ComplianceAndAuditDTOs.cs(47,25): warning CS1591: Missing XML comment for publicly visible type or member 'AILayerMeshInitializationResult.InitializationTime' [C:\Users\bsval\terrafusion_os_1.0\backend\src\TerraFusion.Consciousness\TerraFusion.Consciousness.csproj]
C:\Users\bsval\terrafusion_os_1.0\backend\src\TerraFusion.Consciousness\DTOs\ComplianceAndAuditDTOs.cs(48,24): warning CS1591: Missing XML comment for publicly visible type or member 'AILayerMeshInitializationResult.ErrorMessage' [C:\Users\bsval\terrafusion_os_1.0\backend\src\TerraFusion.Consciousness\TerraFusion.Consciousness.csproj]
C:\Users\bsval\terrafusion_os_1.0\backend\src\TerraFusion.Consciousness\DTOs\ComplianceAndAuditDTOs.cs(51,20): warning CS1591: Missing XML comment for publicly visible type or member 'AILayerMeshInitializationResult.FederatedCounties' [C:\Users\bsval\terrafusion_os_1.0\backend\src\TerraFusion.Consciousness\TerraFusion.Consciousness.csproj]
C:\Users\bsval\terrafusion_os_1.0\backend\src\TerraFusion.Consciousness\DTOs\ComplianceAndAuditDTOs.cs(59,21): warning CS1591: Missing XML comment for publicly visible type or member 'BentonCountyInitializationResult.Success' [C:\Users\bsval\terrafusion_os_1.0\backend\src\TerraFusion.Consciousness\TerraFusion.Consciousness.csproj]
C:\Users\bsval\terrafusion_os_1.0\backend\src\TerraFusion.Consciousness\DTOs\ComplianceAndAuditDTOs.cs(60,23): warning CS1591: Missing XML comment for publicly visible type or member 'BentonCountyInitializationResult.CountyId' [C:\Users\bsval\terrafusion_os_1.0\backend\src\TerraFusion.Consciousness\TerraFusion.Consciousness.csproj]
C:\Users\bsval\terrafusion_os_1.0\backend\src\TerraFusion.Consciousness\DTOs\ComplianceAndAuditDTOs.cs(61,23): warning CS1591: Missing XML comment for publicly visible type or member 'BentonCountyInitializationResult.ApiEndpoint' [C:\Users\bsval\terrafusion_os_1.0\backend\src\TerraFusion.Consciousness\TerraFusion.Consciousness.csproj]
C:\Users\bsval\terrafusion_os_1.0\backend\src\TerraFusion.Consciousness\DTOs\ComplianceAndAuditDTOs.cs(62,21): warning CS1591: Missing XML comment for publicly visible type or member 'BentonCountyInitializationResult.ConnectionEstablished' [C:\Users\bsval\terrafusion_os_1.0\backend\src\TerraFusion.Consciousness\TerraFusion.Consciousness.csproj]
C:\Users\bsval\terrafusion_os_1.0\backend\src\TerraFusion.Consciousness\DTOs\ComplianceAndAuditDTOs.cs(63,25): warning CS1591: Missing XML comment for publicly visible type or member 'BentonCountyInitializationResult.InitializationTime' [C:\Users\bsval\terrafusion_os_1.0\backend\src\TerraFusion.Consciousness\TerraFusion.Consciousness.csproj]
C:\Users\bsval\terrafusion_os_1.0\backend\src\TerraFusion.Consciousness\DTOs\ComplianceAndAuditDTOs.cs(64,24): warning CS1591: Missing XML comment for publicly visible type or member 'BentonCountyInitializationResult.ErrorMessage' [C:\Users\bsval\terrafusion_os_1.0\backend\src\TerraFusion.Consciousness\TerraFusion.Consciousness.csproj]
C:\Users\bsval\terrafusion_os_1.0\backend\src\TerraFusion.Consciousness\DTOs\ComplianceAndAuditDTOs.cs(72,21): warning CS1591: Missing XML comment for publicly visible type or member 'MultiCountyInitializationResult.Success' [C:\Users\bsval\terrafusion_os_1.0\backend\src\TerraFusion.Consciousness\TerraFusion.Consciousness.csproj]
C:\Users\bsval\terrafusion_os_1.0\backend\src\TerraFusion.Consciousness\DTOs\ComplianceAndAuditDTOs.cs(73,20): warning CS1591: Missing XML comment for publicly visible type or member 'MultiCountyInitializationResult.CountiesConnected' [C:\Users\bsval\terrafusion_os_1.0\backend\src\TerraFusion.Consciousness\TerraFusion.Consciousness.csproj]
C:\Users\bsval\terrafusion_os_1.0\backend\src\TerraFusion.Consciousness\DTOs\ComplianceAndAuditDTOs.cs(74,29): warning CS1591: Missing XML comment for publicly visible type or member 'MultiCountyInitializationResult.ActiveCounties' [C:\Users\bsval\terrafusion_os_1.0\backend\src\TerraFusion.Consciousness\TerraFusion.Consciousness.csproj]
C:\Users\bsval\terrafusion_os_1.0\backend\src\TerraFusion.Consciousness\DTOs\ComplianceAndAuditDTOs.cs(75,25): warning CS1591: Missing XML comment for publicly visible type or member 'MultiCountyInitializationResult.InitializationTime' [C:\Users\bsval\terrafusion_os_1.0\backend\src\TerraFusion.Consciousness\TerraFusion.Consciousness.csproj]
C:\Users\bsval\terrafusion_os_1.0\backend\src\TerraFusion.Consciousness\DTOs\ComplianceAndAuditDTOs.cs(76,24): warning CS1591: Missing XML comment for publicly visible type or member 'MultiCountyInitializationResult.ErrorMessage' [C:\Users\bsval\terrafusion_os_1.0\backend\src\TerraFusion.Consciousness\TerraFusion.Consciousness.csproj]
C:\Users\bsval\terrafusion_os_1.0\backend\src\TerraFusion.Consciousness\DTOs\ComplianceAndAuditDTOs.cs(79,20): warning CS1591: Missing XML comment for publicly visible type or member 'MultiCountyInitializationResult.FederatedCounties' [C:\Users\bsval\terrafusion_os_1.0\backend\src\TerraFusion.Consciousness\TerraFusion.Consciousness.csproj]
C:\Users\bsval\terrafusion_os_1.0\backend\src\TerraFusion.Consciousness\DTOs\ComplianceAndAuditDTOs.cs(87,21): warning CS1591: Missing XML comment for publicly visible type or member 'HybridInitializationResult.Success' [C:\Users\bsval\terrafusion_os_1.0\backend\src\TerraFusion.Consciousness\TerraFusion.Consciousness.csproj]
C:\Users\bsval\terrafusion_os_1.0\backend\src\TerraFusion.Consciousness\DTOs\ComplianceAndAuditDTOs.cs(88,23): warning CS1591: Missing XML comment for publicly visible type or member 'HybridInitializationResult.SystemId' [C:\Users\bsval\terrafusion_os_1.0\backend\src\TerraFusion.Consciousness\TerraFusion.Consciousness.csproj]
C:\Users\bsval\terrafusion_os_1.0\backend\src\TerraFusion.Consciousness\DTOs\ComplianceAndAuditDTOs.cs(89,21): warning CS1591: Missing XML comment for publicly visible type or member 'HybridInitializationResult.QuantumModeAvailable' [C:\Users\bsval\terrafusion_os_1.0\backend\src\TerraFusion.Consciousness\TerraFusion.Consciousness.csproj]
C:\Users\bsval\terrafusion_os_1.0\backend\src\TerraFusion.Consciousness\DTOs\ComplianceAndAuditDTOs.cs(90,21): warning CS1591: Missing XML comment for publicly visible type or member 'HybridInitializationResult.MeshOrchestrationActive' [C:\Users\bsval\terrafusion_os_1.0\backend\src\TerraFusion.Consciousness\TerraFusion.Consciousness.csproj]
C:\Users\bsval\terrafusion_os_1.0\backend\src\TerraFusion.Consciousness\DTOs\ComplianceAndAuditDTOs.cs(91,25): warning CS1591: Missing XML comment for publicly visible type or member 'HybridInitializationResult.InitializationTime' [C:\Users\bsval\terrafusion_os_1.0\backend\src\TerraFusion.Consciousness\TerraFusion.Consciousness.csproj]
C:\Users\bsval\terrafusion_os_1.0\backend\src\TerraFusion.Consciousness\DTOs\ComplianceAndAuditDTOs.cs(92,24): warning CS1591: Missing XML comment for publicly visible type or member 'HybridInitializationResult.ErrorMessage' [C:\Users\bsval\terrafusion_os_1.0\backend\src\TerraFusion.Consciousness\TerraFusion.Consciousness.csproj]
C:\Users\bsval\terrafusion_os_1.0\backend\src\TerraFusion.Consciousness\DTOs\ComplianceAndAuditDTOs.cs(95,23): warning CS1591: Missing XML comment for publicly visible type or member 'HybridInitializationResult.Message' [C:\Users\bsval\terrafusion_os_1.0\backend\src\TerraFusion.Consciousness\TerraFusion.Consciousness.csproj]
C:\Users\bsval\terrafusion_os_1.0\backend\src\TerraFusion.Consciousness\DTOs\ComplianceAndAuditDTOs.cs(96,25): warning CS1591: Missing XML comment for publicly visible type or member 'HybridInitializationResult.InitializedAt' [C:\Users\bsval\terrafusion_os_1.0\backend\src\TerraFusion.Consciousness\TerraFusion.Consciousness.csproj]
C:\Users\bsval\terrafusion_os_1.0\backend\src\TerraFusion.Consciousness\DTOs\ComplianceAndAuditDTOs.cs(97,20): warning CS1591: Missing XML comment for publicly visible type or member 'HybridInitializationResult.LegacyAgentsActive' [C:\Users\bsval\terrafusion_os_1.0\backend\src\TerraFusion.Consciousness\TerraFusion.Consciousness.csproj]
C:\Users\bsval\terrafusion_os_1.0\backend\src\TerraFusion.Consciousness\DTOs\ComplianceAndAuditDTOs.cs(98,20): warning CS1591: Missing XML comment for publicly visible type or member 'HybridInitializationResult.QuantumAgentsActive' [C:\Users\bsval\terrafusion_os_1.0\backend\src\TerraFusion.Consciousness\TerraFusion.Consciousness.csproj]
C:\Users\bsval\terrafusion_os_1.0\backend\src\TerraFusion.Consciousness\DTOs\ComplianceAndAuditDTOs.cs(99,21): warning CS1591: Missing XML comment for publicly visible type or member 'HybridInitializationResult.SystemReady' [C:\Users\bsval\terrafusion_os_1.0\backend\src\TerraFusion.Consciousness\TerraFusion.Consciousness.csproj]
C:\Users\bsval\terrafusion_os_1.0\backend\src\TerraFusion.Consciousness\DTOs\ComplianceAndAuditDTOs.cs(100,29): warning CS1591: Missing XML comment for publicly visible type or member 'HybridInitializationResult.ComponentsInitialized' [C:\Users\bsval\terrafusion_os_1.0\backend\src\TerraFusion.Consciousness\TerraFusion.Consciousness.csproj]
C:\Users\bsval\terrafusion_os_1.0\backend\src\TerraFusion.Consciousness\DTOs\ComplianceAndAuditDTOs.cs(103,24): warning CS1591: Missing XML comment for publicly visible type or member 'HybridInitializationResult.CountySpecific' [C:\Users\bsval\terrafusion_os_1.0\backend\src\TerraFusion.Consciousness\TerraFusion.Consciousness.csproj]
C:\Users\bsval\terrafusion_os_1.0\backend\src\TerraFusion.Consciousness\DTOs\ComplianceAndAuditDTOs.cs(104,21): warning CS1591: Missing XML comment for publicly visible type or member 'HybridInitializationResult.ParcelCount' [C:\Users\bsval\terrafusion_os_1.0\backend\src\TerraFusion.Consciousness\TerraFusion.Consciousness.csproj]
C:\Users\bsval\terrafusion_os_1.0\backend\src\TerraFusion.Consciousness\DTOs\ComplianceAndAuditDTOs.cs(105,24): warning CS1591: Missing XML comment for publicly visible type or member 'HybridInitializationResult.HarrisPACSVersion' [C:\Users\bsval\terrafusion_os_1.0\backend\src\TerraFusion.Consciousness\TerraFusion.Consciousness.csproj]
C:\Users\bsval\terrafusion_os_1.0\backend\src\TerraFusion.Consciousness\DTOs\ComplianceAndAuditDTOs.cs(106,24): warning CS1591: Missing XML comment for publicly visible type or member 'HybridInitializationResult.OptimizationLevel' [C:\Users\bsval\terrafusion_os_1.0\backend\src\TerraFusion.Consciousness\TerraFusion.Consciousness.csproj]
C:\Users\bsval\terrafusion_os_1.0\backend\src\TerraFusion.Consciousness\DTOs\ComplianceAndAuditDTOs.cs(114,21): warning CS1591: Missing XML comment for publicly visible type or member 'SecurityInitializationResult.Success' [C:\Users\bsval\terrafusion_os_1.0\backend\src\TerraFusion.Consciousness\TerraFusion.Consciousness.csproj]
C:\Users\bsval\terrafusion_os_1.0\backend\src\TerraFusion.Consciousness\DTOs\ComplianceAndAuditDTOs.cs(115,23): warning CS1591: Missing XML comment for publicly visible type or member 'SecurityInitializationResult.SecurityLevel' [C:\Users\bsval\terrafusion_os_1.0\backend\src\TerraFusion.Consciousness\TerraFusion.Consciousness.csproj]
C:\Users\bsval\terrafusion_os_1.0\backend\src\TerraFusion.Consciousness\DTOs\ComplianceAndAuditDTOs.cs(116,21): warning CS1591: Missing XML comment for publicly visible type or member 'SecurityInitializationResult.QuantumEncryptionEnabled' [C:\Users\bsval\terrafusion_os_1.0\backend\src\TerraFusion.Consciousness\TerraFusion.Consciousness.csproj]
C:\Users\bsval\terrafusion_os_1.0\backend\src\TerraFusion.Consciousness\DTOs\ComplianceAndAuditDTOs.cs(117,21): warning CS1591: Missing XML comment for publicly visible type or member 'SecurityInitializationResult.ThreatDetectionActive' [C:\Users\bsval\terrafusion_os_1.0\backend\src\TerraFusion.Consciousness\TerraFusion.Consciousness.csproj]
C:\Users\bsval\terrafusion_os_1.0\backend\src\TerraFusion.Consciousness\DTOs\ComplianceAndAuditDTOs.cs(118,25): warning CS1591: Missing XML comment for publicly visible type or member 'SecurityInitializationResult.InitializationTime' [C:\Users\bsval\terrafusion_os_1.0\backend\src\TerraFusion.Consciousness\TerraFusion.Consciousness.csproj]
C:\Users\bsval\terrafusion_os_1.0\backend\src\TerraFusion.Consciousness\DTOs\ComplianceAndAuditDTOs.cs(119,24): warning CS1591: Missing XML comment for publicly visible type or member 'SecurityInitializationResult.ErrorMessage' [C:\Users\bsval\terrafusion_os_1.0\backend\src\TerraFusion.Consciousness\TerraFusion.Consciousness.csproj]
C:\Users\bsval\terrafusion_os_1.0\backend\src\TerraFusion.Consciousness\DTOs\ComplianceAndAuditDTOs.cs(131,21): warning CS1591: Missing XML comment for publicly visible type or member 'ComplianceResult.IsCompliant' [C:\Users\bsval\terrafusion_os_1.0\backend\src\TerraFusion.Consciousness\TerraFusion.Consciousness.csproj]
C:\Users\bsval\terrafusion_os_1.0\backend\src\TerraFusion.Consciousness\DTOs\ComplianceAndAuditDTOs.cs(132,24): warning CS1591: Missing XML comment for publicly visible type or member 'ComplianceResult.ComplianceScore' [C:\Users\bsval\terrafusion_os_1.0\backend\src\TerraFusion.Consciousness\TerraFusion.Consciousness.csproj]
C:\Users\bsval\terrafusion_os_1.0\backend\src\TerraFusion.Consciousness\DTOs\ComplianceAndAuditDTOs.cs(133,41): warning CS1591: Missing XML comment for publicly visible type or member 'ComplianceResult.ValidationResults' [C:\Users\bsval\terrafusion_os_1.0\backend\src\TerraFusion.Consciousness\TerraFusion.Consciousness.csproj]
C:\Users\bsval\terrafusion_os_1.0\backend\src\TerraFusion.Consciousness\DTOs\ComplianceAndAuditDTOs.cs(134,23): warning CS1591: Missing XML comment for publicly visible type or member 'ComplianceResult.ComplianceFramework' [C:\Users\bsval\terrafusion_os_1.0\backend\src\TerraFusion.Consciousness\TerraFusion.Consciousness.csproj]
C:\Users\bsval\terrafusion_os_1.0\backend\src\TerraFusion.Consciousness\DTOs\ComplianceAndAuditDTOs.cs(135,25): warning CS1591: Missing XML comment for publicly visible type or member 'ComplianceResult.ValidationTime' [C:\Users\bsval\terrafusion_os_1.0\backend\src\TerraFusion.Consciousness\TerraFusion.Consciousness.csproj]
C:\Users\bsval\terrafusion_os_1.0\backend\src\TerraFusion.Consciousness\DTOs\ComplianceAndAuditDTOs.cs(136,29): warning CS1591: Missing XML comment for publicly visible type or member 'ComplianceResult.Recommendations' [C:\Users\bsval\terrafusion_os_1.0\backend\src\TerraFusion.Consciousness\TerraFusion.Consciousness.csproj]
C:\Users\bsval\terrafusion_os_1.0\backend\src\TerraFusion.Consciousness\DTOs\ComplianceAndAuditDTOs.cs(139,43): warning CS1591: Missing XML comment for publicly visible type or member 'ComplianceResult.ComplianceResults' [C:\Users\bsval\terrafusion_os_1.0\backend\src\TerraFusion.Consciousness\TerraFusion.Consciousness.csproj]
C:\Users\bsval\terrafusion_os_1.0\backend\src\TerraFusion.Consciousness\DTOs\ComplianceAndAuditDTOs.cs(140,25): warning CS1591: Missing XML comment for publicly visible type or member 'ComplianceResult.ComplianceCheckTime' [C:\Users\bsval\terrafusion_os_1.0\backend\src\TerraFusion.Consciousness\TerraFusion.Consciousness.csproj]
C:\Users\bsval\terrafusion_os_1.0\backend\src\TerraFusion.Consciousness\DTOs\ComplianceAndAuditDTOs.cs(141,29): warning CS1591: Missing XML comment for publicly visible type or member 'ComplianceResult.ComplianceIssues' [C:\Users\bsval\terrafusion_os_1.0\backend\src\TerraFusion.Consciousness\TerraFusion.Consciousness.csproj]
C:\Users\bsval\terrafusion_os_1.0\backend\src\TerraFusion.Consciousness\DTOs\ComplianceAndAuditDTOs.cs(149,21): warning CS1591: Missing XML comment for publicly visible type or member 'ComplianceMonitoringResultDto.IsActive' [C:\Users\bsval\terrafusion_os_1.0\backend\src\TerraFusion.Consciousness\TerraFusion.Consciousness.csproj]
C:\Users\bsval\terrafusion_os_1.0\backend\src\TerraFusion.Consciousness\DTOs\ComplianceAndAuditDTOs.cs(150,25): warning CS1591: Missing XML comment for publicly visible type or member 'ComplianceMonitoringResultDto.LastCheck' [C:\Users\bsval\terrafusion_os_1.0\backend\src\TerraFusion.Consciousness\TerraFusion.Consciousness.csproj]
C:\Users\bsval\terrafusion_os_1.0\backend\src\TerraFusion.Consciousness\DTOs\ComplianceAndAuditDTOs.cs(151,44): warning CS1591: Missing XML comment for publicly visible type or member 'ComplianceMonitoringResultDto.ComplianceScores' [C:\Users\bsval\terrafusion_os_1.0\backend\src\TerraFusion.Consciousness\TerraFusion.Consciousness.csproj]
C:\Users\bsval\terrafusion_os_1.0\backend\src\TerraFusion.Consciousness\DTOs\ComplianceAndAuditDTOs.cs(152,29): warning CS1591: Missing XML comment for publicly visible type or member 'ComplianceMonitoringResultDto.ActiveAlerts' [C:\Users\bsval\terrafusion_os_1.0\backend\src\TerraFusion.Consciousness\TerraFusion.Consciousness.csproj]
C:\Users\bsval\terrafusion_os_1.0\backend\src\TerraFusion.Consciousness\DTOs\ComplianceAndAuditDTOs.cs(153,25): warning CS1591: Missing XML comment for publicly visible type or member 'ComplianceMonitoringResultDto.MonitoringInterval' [C:\Users\bsval\terrafusion_os_1.0\backend\src\TerraFusion.Consciousness\TerraFusion.Consciousness.csproj]
C:\Users\bsval\terrafusion_os_1.0\backend\src\TerraFusion.Consciousness\DTOs\ComplianceAndAuditDTOs.cs(156,23): warning CS1591: Missing XML comment for publicly visible type or member 'ComplianceMonitoringResultDto.MonitoringId' [C:\Users\bsval\terrafusion_os_1.0\backend\src\TerraFusion.Consciousness\TerraFusion.Consciousness.csproj]
C:\Users\bsval\terrafusion_os_1.0\backend\src\TerraFusion.Consciousness\DTOs\ComplianceAndAuditDTOs.cs(157,23): warning CS1591: Missing XML comment for publicly visible type or member 'ComplianceMonitoringResultDto.ComplianceType' [C:\Users\bsval\terrafusion_os_1.0\backend\src\TerraFusion.Consciousness\TerraFusion.Consciousness.csproj]
C:\Users\bsval\terrafusion_os_1.0\backend\src\TerraFusion.Consciousness\DTOs\ComplianceAndAuditDTOs.cs(158,21): warning CS1591: Missing XML comment for publicly visible type or member 'ComplianceMonitoringResultDto.IsCompliant' [C:\Users\bsval\terrafusion_os_1.0\backend\src\TerraFusion.Consciousness\TerraFusion.Consciousness.csproj]
C:\Users\bsval\terrafusion_os_1.0\backend\src\TerraFusion.Consciousness\DTOs\ComplianceAndAuditDTOs.cs(159,43): warning CS1591: Missing XML comment for publicly visible type or member 'ComplianceMonitoringResultDto.MonitoringResults' [C:\Users\bsval\terrafusion_os_1.0\backend\src\TerraFusion.Consciousness\TerraFusion.Consciousness.csproj]
C:\Users\bsval\terrafusion_os_1.0\backend\src\TerraFusion.Consciousness\DTOs\ComplianceAndAuditDTOs.cs(160,25): warning CS1591: Missing XML comment for publicly visible type or member 'ComplianceMonitoringResultDto.MonitoringTime' [C:\Users\bsval\terrafusion_os_1.0\backend\src\TerraFusion.Consciousness\TerraFusion.Consciousness.csproj]
C:\Users\bsval\terrafusion_os_1.0\backend\src\TerraFusion.Consciousness\DTOs\ComplianceAndAuditDTOs.cs(161,29): warning CS1591: Missing XML comment for publicly visible type or member 'ComplianceMonitoringResultDto.ComplianceIssues' [C:\Users\bsval\terrafusion_os_1.0\backend\src\TerraFusion.Consciousness\TerraFusion.Consciousness.csproj]
C:\Users\bsval\terrafusion_os_1.0\backend\src\TerraFusion.Consciousness\DTOs\ComplianceAndAuditDTOs.cs(162,44): warning CS1591: Missing XML comment for publicly visible type or member 'ComplianceMonitoringResultDto.MonitoringMetrics' [C:\Users\bsval\terrafusion_os_1.0\backend\src\TerraFusion.Consciousness\TerraFusion.Consciousness.csproj]
C:\Users\bsval\terrafusion_os_1.0\backend\src\TerraFusion.Consciousness\DTOs\ComplianceAndAuditDTOs.cs(170,21): warning CS1591: Missing XML comment for publicly visible type or member 'AuditEvent.AuditId' [C:\Users\bsval\terrafusion_os_1.0\backend\src\TerraFusion.Consciousness\TerraFusion.Consciousness.csproj]
C:\Users\bsval\terrafusion_os_1.0\backend\src\TerraFusion.Consciousness\DTOs\ComplianceAndAuditDTOs.cs(171,23): warning CS1591: Missing XML comment for publicly visible type or member 'AuditEvent.EventType' [C:\Users\bsval\terrafusion_os_1.0\backend\src\TerraFusion.Consciousness\TerraFusion.Consciousness.csproj]
C:\Users\bsval\terrafusion_os_1.0\backend\src\TerraFusion.Consciousness\DTOs\ComplianceAndAuditDTOs.cs(172,23): warning CS1591: Missing XML comment for publicly visible type or member 'AuditEvent.UserId' [C:\Users\bsval\terrafusion_os_1.0\backend\src\TerraFusion.Consciousness\TerraFusion.Consciousness.csproj]
C:\Users\bsval\terrafusion_os_1.0\backend\src\TerraFusion.Consciousness\DTOs\ComplianceAndAuditDTOs.cs(173,23): warning CS1591: Missing XML comment for publicly visible type or member 'AuditEvent.Description' [C:\Users\bsval\terrafusion_os_1.0\backend\src\TerraFusion.Consciousness\TerraFusion.Consciousness.csproj]
C:\Users\bsval\terrafusion_os_1.0\backend\src\TerraFusion.Consciousness\DTOs\ComplianceAndAuditDTOs.cs(174,25): warning CS1591: Missing XML comment for publicly visible type or member 'AuditEvent.Timestamp' [C:\Users\bsval\terrafusion_os_1.0\backend\src\TerraFusion.Consciousness\TerraFusion.Consciousness.csproj]
C:\Users\bsval\terrafusion_os_1.0\backend\src\TerraFusion.Consciousness\DTOs\ComplianceAndAuditDTOs.cs(175,43): warning CS1591: Missing XML comment for publicly visible type or member 'AuditEvent.Details' [C:\Users\bsval\terrafusion_os_1.0\backend\src\TerraFusion.Consciousness\TerraFusion.Consciousness.csproj]
C:\Users\bsval\terrafusion_os_1.0\backend\src\TerraFusion.Consciousness\DTOs\ComplianceAndAuditDTOs.cs(176,24): warning CS1591: Missing XML comment for publicly visible type or member 'AuditEvent.ResourceId' [C:\Users\bsval\terrafusion_os_1.0\backend\src\TerraFusion.Consciousness\TerraFusion.Consciousness.csproj]
C:\Users\bsval\terrafusion_os_1.0\backend\src\TerraFusion.Consciousness\DTOs\ComplianceAndAuditDTOs.cs(177,23): warning CS1591: Missing XML comment for publicly visible type or member 'AuditEvent.ComplianceLevel' [C:\Users\bsval\terrafusion_os_1.0\backend\src\TerraFusion.Consciousness\TerraFusion.Consciousness.csproj]
C:\Users\bsval\terrafusion_os_1.0\backend\src\TerraFusion.Consciousness\DTOs\ComplianceAndAuditDTOs.cs(185,26): warning CS1591: Missing XML comment for publicly visible type or member 'AuditQuery.StartDate' [C:\Users\bsval\terrafusion_os_1.0\backend\src\TerraFusion.Consciousness\TerraFusion.Consciousness.csproj]
C:\Users\bsval\terrafusion_os_1.0\backend\src\TerraFusion.Consciousness\DTOs\ComplianceAndAuditDTOs.cs(186,26): warning CS1591: Missing XML comment for publicly visible type or member 'AuditQuery.EndDate' [C:\Users\bsval\terrafusion_os_1.0\backend\src\TerraFusion.Consciousness\TerraFusion.Consciousness.csproj]
C:\Users\bsval\terrafusion_os_1.0\backend\src\TerraFusion.Consciousness\DTOs\ComplianceAndAuditDTOs.cs(187,24): warning CS1591: Missing XML comment for publicly visible type or member 'AuditQuery.UserId' [C:\Users\bsval\terrafusion_os_1.0\backend\src\TerraFusion.Consciousness\TerraFusion.Consciousness.csproj]
C:\Users\bsval\terrafusion_os_1.0\backend\src\TerraFusion.Consciousness\DTOs\ComplianceAndAuditDTOs.cs(188,24): warning CS1591: Missing XML comment for publicly visible type or member 'AuditQuery.EventType' [C:\Users\bsval\terrafusion_os_1.0\backend\src\TerraFusion.Consciousness\TerraFusion.Consciousness.csproj]
C:\Users\bsval\terrafusion_os_1.0\backend\src\TerraFusion.Consciousness\DTOs\ComplianceAndAuditDTOs.cs(189,20): warning CS1591: Missing XML comment for publicly visible type or member 'AuditQuery.MaxResults' [C:\Users\bsval\terrafusion_os_1.0\backend\src\TerraFusion.Consciousness\TerraFusion.Consciousness.csproj]
C:\Users\bsval\terrafusion_os_1.0\backend\src\TerraFusion.Consciousness\DTOs\ComplianceAndAuditDTOs.cs(197,25): warning CS1591: Missing XML comment for publicly visible type or member 'AuditSummary.StartDate' [C:\Users\bsval\terrafusion_os_1.0\backend\src\TerraFusion.Consciousness\TerraFusion.Consciousness.csproj]
C:\Users\bsval\terrafusion_os_1.0\backend\src\TerraFusion.Consciousness\DTOs\ComplianceAndAuditDTOs.cs(198,25): warning CS1591: Missing XML comment for publicly visible type or member 'AuditSummary.EndDate' [C:\Users\bsval\terrafusion_os_1.0\backend\src\TerraFusion.Consciousness\TerraFusion.Consciousness.csproj]
C:\Users\bsval\terrafusion_os_1.0\backend\src\TerraFusion.Consciousness\DTOs\ComplianceAndAuditDTOs.cs(199,20): warning CS1591: Missing XML comment for publicly visible type or member 'AuditSummary.TotalEvents' [C:\Users\bsval\terrafusion_os_1.0\backend\src\TerraFusion.Consciousness\TerraFusion.Consciousness.csproj]
C:\Users\bsval\terrafusion_os_1.0\backend\src\TerraFusion.Consciousness\DTOs\ComplianceAndAuditDTOs.cs(200,40): warning CS1591: Missing XML comment for publicly visible type or member 'AuditSummary.EventsByType' [C:\Users\bsval\terrafusion_os_1.0\backend\src\TerraFusion.Consciousness\TerraFusion.Consciousness.csproj]
C:\Users\bsval\terrafusion_os_1.0\backend\src\TerraFusion.Consciousness\DTOs\ComplianceAndAuditDTOs.cs(201,40): warning CS1591: Missing XML comment for publicly visible type or member 'AuditSummary.EventsByUser' [C:\Users\bsval\terrafusion_os_1.0\backend\src\TerraFusion.Consciousness\TerraFusion.Consciousness.csproj]
C:\Users\bsval\terrafusion_os_1.0\backend\src\TerraFusion.Consciousness\DTOs\ComplianceAndAuditDTOs.cs(202,24): warning CS1591: Missing XML comment for publicly visible type or member 'AuditSummary.ComplianceScore' [C:\Users\bsval\terrafusion_os_1.0\backend\src\TerraFusion.Consciousness\TerraFusion.Consciousness.csproj]
C:\Users\bsval\terrafusion_os_1.0\backend\src\TerraFusion.Consciousness\DTOs\ComplianceAndAuditDTOs.cs(214,21): warning CS1591: Missing XML comment for publicly visible type or member 'MeshConfigurationResultDto.Success' [C:\Users\bsval\terrafusion_os_1.0\backend\src\TerraFusion.Consciousness\TerraFusion.Consciousness.csproj]
C:\Users\bsval\terrafusion_os_1.0\backend\src\TerraFusion.Consciousness\DTOs\ComplianceAndAuditDTOs.cs(215,23): warning CS1591: Missing XML comment for publicly visible type or member 'MeshConfigurationResultDto.ConfigurationId' [C:\Users\bsval\terrafusion_os_1.0\backend\src\TerraFusion.Consciousness\TerraFusion.Consciousness.csproj]
C:\Users\bsval\terrafusion_os_1.0\backend\src\TerraFusion.Consciousness\DTOs\ComplianceAndAuditDTOs.cs(216,43): warning CS1591: Missing XML comment for publicly visible type or member 'MeshConfigurationResultDto.UpdatedSettings' [C:\Users\bsval\terrafusion_os_1.0\backend\src\TerraFusion.Consciousness\TerraFusion.Consciousness.csproj]
C:\Users\bsval\terrafusion_os_1.0\backend\src\TerraFusion.Consciousness\DTOs\ComplianceAndAuditDTOs.cs(217,25): warning CS1591: Missing XML comment for publicly visible type or member 'MeshConfigurationResultDto.AppliedAt' [C:\Users\bsval\terrafusion_os_1.0\backend\src\TerraFusion.Consciousness\TerraFusion.Consciousness.csproj]
C:\Users\bsval\terrafusion_os_1.0\backend\src\TerraFusion.Consciousness\DTOs\ComplianceAndAuditDTOs.cs(218,24): warning CS1591: Missing XML comment for publicly visible type or member 'MeshConfigurationResultDto.ErrorMessage' [C:\Users\bsval\terrafusion_os_1.0\backend\src\TerraFusion.Consciousness\TerraFusion.Consciousness.csproj]
C:\Users\bsval\terrafusion_os_1.0\backend\src\TerraFusion.Consciousness\DTOs\ComplianceAndAuditDTOs.cs(226,21): warning CS1591: Missing XML comment for publicly visible type or member 'BentonCountySyncResultDto.Success' [C:\Users\bsval\terrafusion_os_1.0\backend\src\TerraFusion.Consciousness\TerraFusion.Consciousness.csproj]
C:\Users\bsval\terrafusion_os_1.0\backend\src\TerraFusion.Consciousness\DTOs\ComplianceAndAuditDTOs.cs(227,20): warning CS1591: Missing XML comment for publicly visible type or member 'BentonCountySyncResultDto.RecordsSynced' [C:\Users\bsval\terrafusion_os_1.0\backend\src\TerraFusion.Consciousness\TerraFusion.Consciousness.csproj]
C:\Users\bsval\terrafusion_os_1.0\backend\src\TerraFusion.Consciousness\DTOs\ComplianceAndAuditDTOs.cs(228,25): warning CS1591: Missing XML comment for publicly visible type or member 'BentonCountySyncResultDto.SyncTime' [C:\Users\bsval\terrafusion_os_1.0\backend\src\TerraFusion.Consciousness\TerraFusion.Consciousness.csproj]
C:\Users\bsval\terrafusion_os_1.0\backend\src\TerraFusion.Consciousness\DTOs\ComplianceAndAuditDTOs.cs(229,29): warning CS1591: Missing XML comment for publicly visible type or member 'BentonCountySyncResultDto.SyncedDataTypes' [C:\Users\bsval\terrafusion_os_1.0\backend\src\TerraFusion.Consciousness\TerraFusion.Consciousness.csproj]
C:\Users\bsval\terrafusion_os_1.0\backend\src\TerraFusion.Consciousness\DTOs\ComplianceAndAuditDTOs.cs(230,24): warning CS1591: Missing XML comment for publicly visible type or member 'BentonCountySyncResultDto.ErrorMessage' [C:\Users\bsval\terrafusion_os_1.0\backend\src\TerraFusion.Consciousness\TerraFusion.Consciousness.csproj]
C:\Users\bsval\terrafusion_os_1.0\backend\src\TerraFusion.Consciousness\DTOs\ComplianceAndAuditDTOs.cs(233,25): warning CS1591: Missing XML comment for publicly visible type or member 'BentonCountySyncResultDto.SyncStartTime' [C:\Users\bsval\terrafusion_os_1.0\backend\src\TerraFusion.Consciousness\TerraFusion.Consciousness.csproj]
C:\Users\bsval\terrafusion_os_1.0\backend\src\TerraFusion.Consciousness\DTOs\ComplianceAndAuditDTOs.cs(234,25): warning CS1591: Missing XML comment for publicly visible type or member 'BentonCountySyncResultDto.SyncEndTime' [C:\Users\bsval\terrafusion_os_1.0\backend\src\TerraFusion.Consciousness\TerraFusion.Consciousness.csproj]
C:\Users\bsval\terrafusion_os_1.0\backend\src\TerraFusion.Consciousness\DTOs\ComplianceAndAuditDTOs.cs(235,20): warning CS1591: Missing XML comment for publicly visible type or member 'BentonCountySyncResultDto.RecordsUpdated' [C:\Users\bsval\terrafusion_os_1.0\backend\src\TerraFusion.Consciousness\TerraFusion.Consciousness.csproj]
C:\Users\bsval\terrafusion_os_1.0\backend\src\TerraFusion.Consciousness\DTOs\ComplianceAndAuditDTOs.cs(236,20): warning CS1591: Missing XML comment for publicly visible type or member 'BentonCountySyncResultDto.RecordsAdded' [C:\Users\bsval\terrafusion_os_1.0\backend\src\TerraFusion.Consciousness\TerraFusion.Consciousness.csproj]
C:\Users\bsval\terrafusion_os_1.0\backend\src\TerraFusion.Consciousness\DTOs\ComplianceAndAuditDTOs.cs(237,29): warning CS1591: Missing XML comment for publicly visible type or member 'BentonCountySyncResultDto.SyncMessages' [C:\Users\bsval\terrafusion_os_1.0\backend\src\TerraFusion.Consciousness\TerraFusion.Consciousness.csproj]
C:\Users\bsval\terrafusion_os_1.0\backend\src\TerraFusion.Consciousness\DTOs\ComplianceAndAuditDTOs.cs(238,43): warning CS1591: Missing XML comment for publicly visible type or member 'BentonCountySyncResultDto.SyncMetrics' [C:\Users\bsval\terrafusion_os_1.0\backend\src\TerraFusion.Consciousness\TerraFusion.Consciousness.csproj]
C:\Users\bsval\terrafusion_os_1.0\backend\src\TerraFusion.Consciousness\DTOs\ComplianceAndAuditDTOs.cs(246,23): warning CS1591: Missing XML comment for publicly visible type or member 'ConsciousnessStatusDto.SystemId' [C:\Users\bsval\terrafusion_os_1.0\backend\src\TerraFusion.Consciousness\TerraFusion.Consciousness.csproj]
C:\Users\bsval\terrafusion_os_1.0\backend\src\TerraFusion.Consciousness\DTOs\ComplianceAndAuditDTOs.cs(247,21): warning CS1591: Missing XML comment for publicly visible type or member 'ConsciousnessStatusDto.IsOperational' [C:\Users\bsval\terrafusion_os_1.0\backend\src\TerraFusion.Consciousness\TerraFusion.Consciousness.csproj]
C:\Users\bsval\terrafusion_os_1.0\backend\src\TerraFusion.Consciousness\DTOs\ComplianceAndAuditDTOs.cs(248,24): warning CS1591: Missing XML comment for publicly visible type or member 'ConsciousnessStatusDto.HealthScore' [C:\Users\bsval\terrafusion_os_1.0\backend\src\TerraFusion.Consciousness\TerraFusion.Consciousness.csproj]
C:\Users\bsval\terrafusion_os_1.0\backend\src\TerraFusion.Consciousness\DTOs\ComplianceAndAuditDTOs.cs(249,20): warning CS1591: Missing XML comment for publicly visible type or member 'ConsciousnessStatusDto.ActiveAgents' [C:\Users\bsval\terrafusion_os_1.0\backend\src\TerraFusion.Consciousness\TerraFusion.Consciousness.csproj]
C:\Users\bsval\terrafusion_os_1.0\backend\src\TerraFusion.Consciousness\DTOs\ComplianceAndAuditDTOs.cs(250,20): warning CS1591: Missing XML comment for publicly visible type or member 'ConsciousnessStatusDto.ProcessingCapacity' [C:\Users\bsval\terrafusion_os_1.0\backend\src\TerraFusion.Consciousness\TerraFusion.Consciousness.csproj]
C:\Users\bsval\terrafusion_os_1.0\backend\src\TerraFusion.Consciousness\DTOs\ComplianceAndAuditDTOs.cs(251,25): warning CS1591: Missing XML comment for publicly visible type or member 'ConsciousnessStatusDto.LastUpdate' [C:\Users\bsval\terrafusion_os_1.0\backend\src\TerraFusion.Consciousness\TerraFusion.Consciousness.csproj]
C:\Users\bsval\terrafusion_os_1.0\backend\src\TerraFusion.Consciousness\DTOs\ComplianceAndAuditDTOs.cs(252,43): warning CS1591: Missing XML comment for publicly visible type or member 'ConsciousnessStatusDto.Metrics' [C:\Users\bsval\terrafusion_os_1.0\backend\src\TerraFusion.Consciousness\TerraFusion.Consciousness.csproj]
C:\Users\bsval\terrafusion_os_1.0\backend\src\TerraFusion.Consciousness\DTOs\ComplianceAndAuditDTOs.cs(260,23): warning CS1591: Missing XML comment for publicly visible type or member 'ConsciousnessDataDto.DataId' [C:\Users\bsval\terrafusion_os_1.0\backend\src\TerraFusion.Consciousness\TerraFusion.Consciousness.csproj]
C:\Users\bsval\terrafusion_os_1.0\backend\src\TerraFusion.Consciousness\DTOs\ComplianceAndAuditDTOs.cs(261,25): warning CS1591: Missing XML comment for publicly visible type or member 'ConsciousnessDataDto.GeneratedAt' [C:\Users\bsval\terrafusion_os_1.0\backend\src\TerraFusion.Consciousness\TerraFusion.Consciousness.csproj]
C:\Users\bsval\terrafusion_os_1.0\backend\src\TerraFusion.Consciousness\DTOs\ComplianceAndAuditDTOs.cs(262,43): warning CS1591: Missing XML comment for publicly visible type or member 'ConsciousnessDataDto.ConsciousnessMetrics' [C:\Users\bsval\terrafusion_os_1.0\backend\src\TerraFusion.Consciousness\TerraFusion.Consciousness.csproj]
C:\Users\bsval\terrafusion_os_1.0\backend\src\TerraFusion.Consciousness\DTOs\ComplianceAndAuditDTOs.cs(263,43): warning CS1591: Missing XML comment for publicly visible type or member 'ConsciousnessDataDto.LayerData' [C:\Users\bsval\terrafusion_os_1.0\backend\src\TerraFusion.Consciousness\TerraFusion.Consciousness.csproj]
C:\Users\bsval\terrafusion_os_1.0\backend\src\TerraFusion.Consciousness\DTOs\ComplianceAndAuditDTOs.cs(264,23): warning CS1591: Missing XML comment for publicly visible type or member 'ConsciousnessDataDto.DataFormat' [C:\Users\bsval\terrafusion_os_1.0\backend\src\TerraFusion.Consciousness\TerraFusion.Consciousness.csproj]
C:\Users\bsval\terrafusion_os_1.0\backend\src\TerraFusion.Consciousness\DTOs\ComplianceAndAuditDTOs.cs(267,24): warning CS1591: Missing XML comment for publicly visible type or member 'ConsciousnessDataDto.ConsciousnessLevel' [C:\Users\bsval\terrafusion_os_1.0\backend\src\TerraFusion.Consciousness\TerraFusion.Consciousness.csproj]
C:\Users\bsval\terrafusion_os_1.0\backend\src\TerraFusion.Consciousness\DTOs\ComplianceAndAuditDTOs.cs(268,20): warning CS1591: Missing XML comment for publicly visible type or member 'ConsciousnessDataDto.TotalAgents' [C:\Users\bsval\terrafusion_os_1.0\backend\src\TerraFusion.Consciousness\TerraFusion.Consciousness.csproj]
C:\Users\bsval\terrafusion_os_1.0\backend\src\TerraFusion.Consciousness\DTOs\ComplianceAndAuditDTOs.cs(269,20): warning CS1591: Missing XML comment for publicly visible type or member 'ConsciousnessDataDto.ActiveAgents' [C:\Users\bsval\terrafusion_os_1.0\backend\src\TerraFusion.Consciousness\TerraFusion.Consciousness.csproj]
C:\Users\bsval\terrafusion_os_1.0\backend\src\TerraFusion.Consciousness\DTOs\ComplianceAndAuditDTOs.cs(270,24): warning CS1591: Missing XML comment for publicly visible type or member 'ConsciousnessDataDto.HiveCoherence' [C:\Users\bsval\terrafusion_os_1.0\backend\src\TerraFusion.Consciousness\TerraFusion.Consciousness.csproj]
C:\Users\bsval\terrafusion_os_1.0\backend\src\TerraFusion.Consciousness\DTOs\ComplianceAndAuditDTOs.cs(271,24): warning CS1591: Missing XML comment for publicly visible type or member 'ConsciousnessDataDto.ConsciousnessEmergence' [C:\Users\bsval\terrafusion_os_1.0\backend\src\TerraFusion.Consciousness\TerraFusion.Consciousness.csproj]
C:\Users\bsval\terrafusion_os_1.0\backend\src\TerraFusion.Consciousness\DTOs\ComplianceAndAuditDTOs.cs(272,43): warning CS1591: Missing XML comment for publicly visible type or member 'ConsciousnessDataDto.SessionMetrics' [C:\Users\bsval\terrafusion_os_1.0\backend\src\TerraFusion.Consciousness\TerraFusion.Consciousness.csproj]
C:\Users\bsval\terrafusion_os_1.0\backend\src\TerraFusion.Consciousness\DTOs\ComplianceAndAuditDTOs.cs(273,24): warning CS1591: Missing XML comment for publicly visible type or member 'ConsciousnessDataDto.BulletproofScore' [C:\Users\bsval\terrafusion_os_1.0\backend\src\TerraFusion.Consciousness\TerraFusion.Consciousness.csproj]
C:\Users\bsval\terrafusion_os_1.0\backend\src\TerraFusion.Consciousness\DTOs\ComplianceAndAuditDTOs.cs(274,24): warning CS1591: Missing XML comment for publicly visible type or member 'ConsciousnessDataDto.BeautyScore' [C:\Users\bsval\terrafusion_os_1.0\backend\src\TerraFusion.Consciousness\TerraFusion.Consciousness.csproj]
C:\Users\bsval\terrafusion_os_1.0\backend\src\TerraFusion.Consciousness\DTOs\ComplianceAndAuditDTOs.cs(275,20): warning CS1591: Missing XML comment for publicly visible type or member 'ConsciousnessDataDto.ActiveTasks' [C:\Users\bsval\terrafusion_os_1.0\backend\src\TerraFusion.Consciousness\TerraFusion.Consciousness.csproj]
C:\Users\bsval\terrafusion_os_1.0\backend\src\TerraFusion.Consciousness\DTOs\ComplianceAndAuditDTOs.cs(276,20): warning CS1591: Missing XML comment for publicly visible type or member 'ConsciousnessDataDto.CompletedTasks' [C:\Users\bsval\terrafusion_os_1.0\backend\src\TerraFusion.Consciousness\TerraFusion.Consciousness.csproj]
C:\Users\bsval\terrafusion_os_1.0\backend\src\TerraFusion.Consciousness\DTOs\ComplianceAndAuditDTOs.cs(277,23): warning CS1591: Missing XML comment for publicly visible type or member 'ConsciousnessDataDto.DeploymentStatus' [C:\Users\bsval\terrafusion_os_1.0\backend\src\TerraFusion.Consciousness\TerraFusion.Consciousness.csproj]
C:\Users\bsval\terrafusion_os_1.0\backend\src\TerraFusion.Consciousness\DTOs\ComplianceAndAuditDTOs.cs(278,29): warning CS1591: Missing XML comment for publicly visible type or member 'ConsciousnessDataDto.LogMessages' [C:\Users\bsval\terrafusion_os_1.0\backend\src\TerraFusion.Consciousness\TerraFusion.Consciousness.csproj]
C:\Users\bsval\terrafusion_os_1.0\backend\src\TerraFusion.Consciousness\DTOs\ComplianceAndAuditDTOs.cs(286,21): warning CS1591: Missing XML comment for publicly visible type or member 'SecurityDeploymentResultDto.Success' [C:\Users\bsval\terrafusion_os_1.0\backend\src\TerraFusion.Consciousness\TerraFusion.Consciousness.csproj]
C:\Users\bsval\terrafusion_os_1.0\backend\src\TerraFusion.Consciousness\DTOs\ComplianceAndAuditDTOs.cs(287,20): warning CS1591: Missing XML comment for publicly visible type or member 'SecurityDeploymentResultDto.AgentsSecured' [C:\Users\bsval\terrafusion_os_1.0\backend\src\TerraFusion.Consciousness\TerraFusion.Consciousness.csproj]
C:\Users\bsval\terrafusion_os_1.0\backend\src\TerraFusion.Consciousness\DTOs\ComplianceAndAuditDTOs.cs(288,29): warning CS1591: Missing XML comment for publicly visible type or member 'SecurityDeploymentResultDto.SecurityFeatures' [C:\Users\bsval\terrafusion_os_1.0\backend\src\TerraFusion.Consciousness\TerraFusion.Consciousness.csproj]
C:\Users\bsval\terrafusion_os_1.0\backend\src\TerraFusion.Consciousness\DTOs\ComplianceAndAuditDTOs.cs(289,25): warning CS1591: Missing XML comment for publicly visible type or member 'SecurityDeploymentResultDto.DeploymentTime' [C:\Users\bsval\terrafusion_os_1.0\backend\src\TerraFusion.Consciousness\TerraFusion.Consciousness.csproj]
C:\Users\bsval\terrafusion_os_1.0\backend\src\TerraFusion.Consciousness\DTOs\ComplianceAndAuditDTOs.cs(290,24): warning CS1591: Missing XML comment for publicly visible type or member 'SecurityDeploymentResultDto.ErrorMessage' [C:\Users\bsval\terrafusion_os_1.0\backend\src\TerraFusion.Consciousness\TerraFusion.Consciousness.csproj]
C:\Users\bsval\terrafusion_os_1.0\backend\src\TerraFusion.Consciousness\DTOs\ComplianceAndAuditDTOs.cs(298,25): warning CS1591: Missing XML comment for publicly visible type or member 'RealTimeMetricsDto.Timestamp' [C:\Users\bsval\terrafusion_os_1.0\backend\src\TerraFusion.Consciousness\TerraFusion.Consciousness.csproj]
C:\Users\bsval\terrafusion_os_1.0\backend\src\TerraFusion.Consciousness\DTOs\ComplianceAndAuditDTOs.cs(299,20): warning CS1591: Missing XML comment for publicly visible type or member 'RealTimeMetricsDto.OperationsPerSecond' [C:\Users\bsval\terrafusion_os_1.0\backend\src\TerraFusion.Consciousness\TerraFusion.Consciousness.csproj]
C:\Users\bsval\terrafusion_os_1.0\backend\src\TerraFusion.Consciousness\DTOs\ComplianceAndAuditDTOs.cs(300,24): warning CS1591: Missing XML comment for publicly visible type or member 'RealTimeMetricsDto.AverageResponseTime' [C:\Users\bsval\terrafusion_os_1.0\backend\src\TerraFusion.Consciousness\TerraFusion.Consciousness.csproj]
C:\Users\bsval\terrafusion_os_1.0\backend\src\TerraFusion.Consciousness\DTOs\ComplianceAndAuditDTOs.cs(301,24): warning CS1591: Missing XML comment for publicly visible type or member 'RealTimeMetricsDto.SystemLoad' [C:\Users\bsval\terrafusion_os_1.0\backend\src\TerraFusion.Consciousness\TerraFusion.Consciousness.csproj]
C:\Users\bsval\terrafusion_os_1.0\backend\src\TerraFusion.Consciousness\DTOs\ComplianceAndAuditDTOs.cs(302,20): warning CS1591: Missing XML comment for publicly visible type or member 'RealTimeMetricsDto.ActiveConnections' [C:\Users\bsval\terrafusion_os_1.0\backend\src\TerraFusion.Consciousness\TerraFusion.Consciousness.csproj]
C:\Users\bsval\terrafusion_os_1.0\backend\src\TerraFusion.Consciousness\DTOs\ComplianceAndAuditDTOs.cs(303,44): warning CS1591: Missing XML comment for publicly visible type or member 'RealTimeMetricsDto.LayerMetrics' [C:\Users\bsval\terrafusion_os_1.0\backend\src\TerraFusion.Consciousness\TerraFusion.Consciousness.csproj]
C:\Users\bsval\terrafusion_os_1.0\backend\src\TerraFusion.Consciousness\DTOs\ComplianceAndAuditDTOs.cs(311,21): warning CS1591: Missing XML comment for publicly visible type or member 'SecurityComplianceValidationDto.IsCompliant' [C:\Users\bsval\terrafusion_os_1.0\backend\src\TerraFusion.Consciousness\TerraFusion.Consciousness.csproj]
C:\Users\bsval\terrafusion_os_1.0\backend\src\TerraFusion.Consciousness\DTOs\ComplianceAndAuditDTOs.cs(312,41): warning CS1591: Missing XML comment for publicly visible type or member 'SecurityComplianceValidationDto.ComplianceChecks' [C:\Users\bsval\terrafusion_os_1.0\backend\src\TerraFusion.Consciousness\TerraFusion.Consciousness.csproj]
C:\Users\bsval\terrafusion_os_1.0\backend\src\TerraFusion.Consciousness\DTOs\ComplianceAndAuditDTOs.cs(313,29): warning CS1591: Missing XML comment for publicly visible type or member 'SecurityComplianceValidationDto.Violations' [C:\Users\bsval\terrafusion_os_1.0\backend\src\TerraFusion.Consciousness\TerraFusion.Consciousness.csproj]
C:\Users\bsval\terrafusion_os_1.0\backend\src\TerraFusion.Consciousness\DTOs\ComplianceAndAuditDTOs.cs(314,24): warning CS1591: Missing XML comment for publicly visible type or member 'SecurityComplianceValidationDto.ComplianceScore' [C:\Users\bsval\terrafusion_os_1.0\backend\src\TerraFusion.Consciousness\TerraFusion.Consciousness.csproj]
C:\Users\bsval\terrafusion_os_1.0\backend\src\TerraFusion.Consciousness\DTOs\ComplianceAndAuditDTOs.cs(315,25): warning CS1591: Missing XML comment for publicly visible type or member 'SecurityComplianceValidationDto.ValidationTime' [C:\Users\bsval\terrafusion_os_1.0\backend\src\TerraFusion.Consciousness\TerraFusion.Consciousness.csproj]
C:\Users\bsval\terrafusion_os_1.0\backend\src\TerraFusion.Consciousness\DTOs\ComplianceAndAuditDTOs.cs(323,25): warning CS1591: Missing XML comment for publicly visible type or member 'CountySyncSummaryDto.SyncStartTime' [C:\Users\bsval\terrafusion_os_1.0\backend\src\TerraFusion.Consciousness\TerraFusion.Consciousness.csproj]
C:\Users\bsval\terrafusion_os_1.0\backend\src\TerraFusion.Consciousness\DTOs\ComplianceAndAuditDTOs.cs(324,25): warning CS1591: Missing XML comment for publicly visible type or member 'CountySyncSummaryDto.SyncEndTime' [C:\Users\bsval\terrafusion_os_1.0\backend\src\TerraFusion.Consciousness\TerraFusion.Consciousness.csproj]
C:\Users\bsval\terrafusion_os_1.0\backend\src\TerraFusion.Consciousness\DTOs\ComplianceAndAuditDTOs.cs(325,20): warning CS1591: Missing XML comment for publicly visible type or member 'CountySyncSummaryDto.CountiesSynced' [C:\Users\bsval\terrafusion_os_1.0\backend\src\TerraFusion.Consciousness\TerraFusion.Consciousness.csproj]
C:\Users\bsval\terrafusion_os_1.0\backend\src\TerraFusion.Consciousness\DTOs\ComplianceAndAuditDTOs.cs(326,20): warning CS1591: Missing XML comment for publicly visible type or member 'CountySyncSummaryDto.TotalRecordsSynced' [C:\Users\bsval\terrafusion_os_1.0\backend\src\TerraFusion.Consciousness\TerraFusion.Consciousness.csproj]
C:\Users\bsval\terrafusion_os_1.0\backend\src\TerraFusion.Consciousness\DTOs\ComplianceAndAuditDTOs.cs(327,40): warning CS1591: Missing XML comment for publicly visible type or member 'CountySyncSummaryDto.RecordsByCounty' [C:\Users\bsval\terrafusion_os_1.0\backend\src\TerraFusion.Consciousness\TerraFusion.Consciousness.csproj]
C:\Users\bsval\terrafusion_os_1.0\backend\src\TerraFusion.Consciousness\DTOs\ComplianceAndAuditDTOs.cs(328,29): warning CS1591: Missing XML comment for publicly visible type or member 'CountySyncSummaryDto.Errors' [C:\Users\bsval\terrafusion_os_1.0\backend\src\TerraFusion.Consciousness\TerraFusion.Consciousness.csproj]
C:\Users\bsval\terrafusion_os_1.0\backend\src\TerraFusion.Consciousness\DTOs\ComplianceAndAuditDTOs.cs(331,21): warning CS1591: Missing XML comment for publicly visible type or member 'CountySyncSummaryDto.Success' [C:\Users\bsval\terrafusion_os_1.0\backend\src\TerraFusion.Consciousness\TerraFusion.Consciousness.csproj]
C:\Users\bsval\terrafusion_os_1.0\backend\src\TerraFusion.Consciousness\DTOs\ComplianceAndAuditDTOs.cs(332,20): warning CS1591: Missing XML comment for publicly visible type or member 'CountySyncSummaryDto.TotalCountiesSynced' [C:\Users\bsval\terrafusion_os_1.0\backend\src\TerraFusion.Consciousness\TerraFusion.Consciousness.csproj]
C:\Users\bsval\terrafusion_os_1.0\backend\src\TerraFusion.Consciousness\DTOs\ComplianceAndAuditDTOs.cs(340,21): warning CS1591: Missing XML comment for publicly visible type or member 'ConsciousnessModeResultDto.Success' [C:\Users\bsval\terrafusion_os_1.0\backend\src\TerraFusion.Consciousness\TerraFusion.Consciousness.csproj]
C:\Users\bsval\terrafusion_os_1.0\backend\src\TerraFusion.Consciousness\DTOs\ComplianceAndAuditDTOs.cs(341,23): warning CS1591: Missing XML comment for publicly visible type or member 'ConsciousnessModeResultDto.NewMode' [C:\Users\bsval\terrafusion_os_1.0\backend\src\TerraFusion.Consciousness\TerraFusion.Consciousness.csproj]
C:\Users\bsval\terrafusion_os_1.0\backend\src\TerraFusion.Consciousness\DTOs\ComplianceAndAuditDTOs.cs(342,23): warning CS1591: Missing XML comment for publicly visible type or member 'ConsciousnessModeResultDto.PreviousMode' [C:\Users\bsval\terrafusion_os_1.0\backend\src\TerraFusion.Consciousness\TerraFusion.Consciousness.csproj]
C:\Users\bsval\terrafusion_os_1.0\backend\src\TerraFusion.Consciousness\DTOs\ComplianceAndAuditDTOs.cs(343,25): warning CS1591: Missing XML comment for publicly visible type or member 'ConsciousnessModeResultDto.TransitionTime' [C:\Users\bsval\terrafusion_os_1.0\backend\src\TerraFusion.Consciousness\TerraFusion.Consciousness.csproj]
C:\Users\bsval\terrafusion_os_1.0\backend\src\TerraFusion.Consciousness\DTOs\ComplianceAndAuditDTOs.cs(344,43): warning CS1591: Missing XML comment for publicly visible type or member 'ConsciousnessModeResultDto.ModeMetrics' [C:\Users\bsval\terrafusion_os_1.0\backend\src\TerraFusion.Consciousness\TerraFusion.Consciousness.csproj]
C:\Users\bsval\terrafusion_os_1.0\backend\src\TerraFusion.Consciousness\DTOs\ComplianceAndAuditDTOs.cs(345,24): warning CS1591: Missing XML comment for publicly visible type or member 'ConsciousnessModeResultDto.ErrorMessage' [C:\Users\bsval\terrafusion_os_1.0\backend\src\TerraFusion.Consciousness\TerraFusion.Consciousness.csproj]
C:\Users\bsval\terrafusion_os_1.0\backend\src\TerraFusion.Consciousness\DTOs\ComplianceAndAuditDTOs.cs(348,23): warning CS1591: Missing XML comment for publicly visible type or member 'ConsciousnessModeResultDto.ModeId' [C:\Users\bsval\terrafusion_os_1.0\backend\src\TerraFusion.Consciousness\TerraFusion.Consciousness.csproj]
C:\Users\bsval\terrafusion_os_1.0\backend\src\TerraFusion.Consciousness\DTOs\ComplianceAndAuditDTOs.cs(349,23): warning CS1591: Missing XML comment for publicly visible type or member 'ConsciousnessModeResultDto.CurrentMode' [C:\Users\bsval\terrafusion_os_1.0\backend\src\TerraFusion.Consciousness\TerraFusion.Consciousness.csproj]
C:\Users\bsval\terrafusion_os_1.0\backend\src\TerraFusion.Consciousness\DTOs\ComplianceAndAuditDTOs.cs(350,43): warning CS1591: Missing XML comment for publicly visible type or member 'ConsciousnessModeResultDto.ModeData' [C:\Users\bsval\terrafusion_os_1.0\backend\src\TerraFusion.Consciousness\TerraFusion.Consciousness.csproj]
C:\Users\bsval\terrafusion_os_1.0\backend\src\TerraFusion.Consciousness\DTOs\ComplianceAndAuditDTOs.cs(351,25): warning CS1591: Missing XML comment for publicly visible type or member 'ConsciousnessModeResultDto.ModeTime' [C:\Users\bsval\terrafusion_os_1.0\backend\src\TerraFusion.Consciousness\TerraFusion.Consciousness.csproj]
C:\Users\bsval\terrafusion_os_1.0\backend\src\TerraFusion.Consciousness\DTOs\ComplianceAndAuditDTOs.cs(359,21): warning CS1591: Missing XML comment for publicly visible type or member 'AgentScalingResultDto.Success' [C:\Users\bsval\terrafusion_os_1.0\backend\src\TerraFusion.Consciousness\TerraFusion.Consciousness.csproj]
C:\Users\bsval\terrafusion_os_1.0\backend\src\TerraFusion.Consciousness\DTOs\ComplianceAndAuditDTOs.cs(360,20): warning CS1591: Missing XML comment for publicly visible type or member 'AgentScalingResultDto.TargetAgentCount' [C:\Users\bsval\terrafusion_os_1.0\backend\src\TerraFusion.Consciousness\TerraFusion.Consciousness.csproj]
C:\Users\bsval\terrafusion_os_1.0\backend\src\TerraFusion.Consciousness\DTOs\ComplianceAndAuditDTOs.cs(361,20): warning CS1591: Missing XML comment for publicly visible type or member 'AgentScalingResultDto.ActualAgentCount' [C:\Users\bsval\terrafusion_os_1.0\backend\src\TerraFusion.Consciousness\TerraFusion.Consciousness.csproj]
C:\Users\bsval\terrafusion_os_1.0\backend\src\TerraFusion.Consciousness\DTOs\ComplianceAndAuditDTOs.cs(362,25): warning CS1591: Missing XML comment for publicly visible type or member 'AgentScalingResultDto.ScalingTime' [C:\Users\bsval\terrafusion_os_1.0\backend\src\TerraFusion.Consciousness\TerraFusion.Consciousness.csproj]
C:\Users\bsval\terrafusion_os_1.0\backend\src\TerraFusion.Consciousness\DTOs\ComplianceAndAuditDTOs.cs(363,29): warning CS1591: Missing XML comment for publicly visible type or member 'AgentScalingResultDto.ScalingSteps' [C:\Users\bsval\terrafusion_os_1.0\backend\src\TerraFusion.Consciousness\TerraFusion.Consciousness.csproj]
C:\Users\bsval\terrafusion_os_1.0\backend\src\TerraFusion.Consciousness\DTOs\ComplianceAndAuditDTOs.cs(364,24): warning CS1591: Missing XML comment for publicly visible type or member 'AgentScalingResultDto.ErrorMessage' [C:\Users\bsval\terrafusion_os_1.0\backend\src\TerraFusion.Consciousness\TerraFusion.Consciousness.csproj]
C:\Users\bsval\terrafusion_os_1.0\backend\src\TerraFusion.Consciousness\DTOs\ComplianceAndAuditDTOs.cs(372,23): warning CS1591: Missing XML comment for publicly visible type or member 'CoordinatedOperationResultDto.OperationId' [C:\Users\bsval\terrafusion_os_1.0\backend\src\TerraFusion.Consciousness\TerraFusion.Consciousness.csproj]
C:\Users\bsval\terrafusion_os_1.0\backend\src\TerraFusion.Consciousness\DTOs\ComplianceAndAuditDTOs.cs(373,21): warning CS1591: Missing XML comment for publicly visible type or member 'CoordinatedOperationResultDto.Success' [C:\Users\bsval\terrafusion_os_1.0\backend\src\TerraFusion.Consciousness\TerraFusion.Consciousness.csproj]
C:\Users\bsval\terrafusion_os_1.0\backend\src\TerraFusion.Consciousness\DTOs\ComplianceAndAuditDTOs.cs(374,20): warning CS1591: Missing XML comment for publicly visible type or member 'CoordinatedOperationResultDto.AgentsParticipated' [C:\Users\bsval\terrafusion_os_1.0\backend\src\TerraFusion.Consciousness\TerraFusion.Consciousness.csproj]
C:\Users\bsval\terrafusion_os_1.0\backend\src\TerraFusion.Consciousness\DTOs\ComplianceAndAuditDTOs.cs(375,43): warning CS1591: Missing XML comment for publicly visible type or member 'CoordinatedOperationResultDto.Results' [C:\Users\bsval\terrafusion_os_1.0\backend\src\TerraFusion.Consciousness\TerraFusion.Consciousness.csproj]
C:\Users\bsval\terrafusion_os_1.0\backend\src\TerraFusion.Consciousness\DTOs\ComplianceAndAuditDTOs.cs(376,25): warning CS1591: Missing XML comment for publicly visible type or member 'CoordinatedOperationResultDto.ExecutionTime' [C:\Users\bsval\terrafusion_os_1.0\backend\src\TerraFusion.Consciousness\TerraFusion.Consciousness.csproj]
C:\Users\bsval\terrafusion_os_1.0\backend\src\TerraFusion.Consciousness\DTOs\ComplianceAndAuditDTOs.cs(377,24): warning CS1591: Missing XML comment for publicly visible type or member 'CoordinatedOperationResultDto.ErrorMessage' [C:\Users\bsval\terrafusion_os_1.0\backend\src\TerraFusion.Consciousness\TerraFusion.Consciousness.csproj]
C:\Users\bsval\terrafusion_os_1.0\backend\src\TerraFusion.Consciousness\DTOs\ComplianceAndAuditDTOs.cs(385,20): warning CS1591: Missing XML comment for publicly visible type or member 'MillionAgentSystemStatusDto.TotalAgents' [C:\Users\bsval\terrafusion_os_1.0\backend\src\TerraFusion.Consciousness\TerraFusion.Consciousness.csproj]
C:\Users\bsval\terrafusion_os_1.0\backend\src\TerraFusion.Consciousness\DTOs\ComplianceAndAuditDTOs.cs(386,20): warning CS1591: Missing XML comment for publicly visible type or member 'MillionAgentSystemStatusDto.ActiveAgents' [C:\Users\bsval\terrafusion_os_1.0\backend\src\TerraFusion.Consciousness\TerraFusion.Consciousness.csproj]
C:\Users\bsval\terrafusion_os_1.0\backend\src\TerraFusion.Consciousness\DTOs\ComplianceAndAuditDTOs.cs(387,20): warning CS1591: Missing XML comment for publicly visible type or member 'MillionAgentSystemStatusDto.IdleAgents' [C:\Users\bsval\terrafusion_os_1.0\backend\src\TerraFusion.Consciousness\TerraFusion.Consciousness.csproj]
C:\Users\bsval\terrafusion_os_1.0\backend\src\TerraFusion.Consciousness\DTOs\ComplianceAndAuditDTOs.cs(388,24): warning CS1591: Missing XML comment for publicly visible type or member 'MillionAgentSystemStatusDto.SystemEfficiency' [C:\Users\bsval\terrafusion_os_1.0\backend\src\TerraFusion.Consciousness\TerraFusion.Consciousness.csproj]
C:\Users\bsval\terrafusion_os_1.0\backend\src\TerraFusion.Consciousness\DTOs\ComplianceAndAuditDTOs.cs(389,24): warning CS1591: Missing XML comment for publicly visible type or member 'MillionAgentSystemStatusDto.QuantumCoherence' [C:\Users\bsval\terrafusion_os_1.0\backend\src\TerraFusion.Consciousness\TerraFusion.Consciousness.csproj]
C:\Users\bsval\terrafusion_os_1.0\backend\src\TerraFusion.Consciousness\DTOs\ComplianceAndAuditDTOs.cs(390,40): warning CS1591: Missing XML comment for publicly visible type or member 'MillionAgentSystemStatusDto.AgentsByType' [C:\Users\bsval\terrafusion_os_1.0\backend\src\TerraFusion.Consciousness\TerraFusion.Consciousness.csproj]
C:\Users\bsval\terrafusion_os_1.0\backend\src\TerraFusion.Consciousness\DTOs\ComplianceAndAuditDTOs.cs(391,25): warning CS1591: Missing XML comment for publicly visible type or member 'MillionAgentSystemStatusDto.LastUpdate' [C:\Users\bsval\terrafusion_os_1.0\backend\src\TerraFusion.Consciousness\TerraFusion.Consciousness.csproj]
C:\Users\bsval\terrafusion_os_1.0\backend\src\TerraFusion.Consciousness\DTOs\ConsciousnessDTOs.cs(8,54): warning CS1591: Missing XML comment for publicly visible type or member 'HybridConsciousnessStatusDto.LegacySystem' [C:\Users\bsval\terrafusion_os_1.0\backend\src\TerraFusion.Consciousness\TerraFusion.Consciousness.csproj]
C:\Users\bsval\terrafusion_os_1.0\backend\src\TerraFusion.Consciousness\DTOs\ConsciousnessDTOs.cs(9,55): warning CS1591: Missing XML comment for publicly visible type or member 'HybridConsciousnessStatusDto.QuantumSystem' [C:\Users\bsval\terrafusion_os_1.0\backend\src\TerraFusion.Consciousness\TerraFusion.Consciousness.csproj]
C:\Users\bsval\terrafusion_os_1.0\backend\src\TerraFusion.Consciousness\DTOs\ConsciousnessDTOs.cs(10,32): warning CS1591: Missing XML comment for publicly visible type or member 'HybridConsciousnessStatusDto.CurrentMode' [C:\Users\bsval\terrafusion_os_1.0\backend\src\TerraFusion.Consciousness\TerraFusion.Consciousness.csproj]
C:\Users\bsval\terrafusion_os_1.0\backend\src\TerraFusion.Consciousness\DTOs\ConsciousnessDTOs.cs(11,33): warning CS1591: Missing XML comment for publicly visible type or member 'HybridConsciousnessStatusDto.TransitionProgress' [C:\Users\bsval\terrafusion_os_1.0\backend\src\TerraFusion.Consciousness\TerraFusion.Consciousness.csproj]
C:\Users\bsval\terrafusion_os_1.0\backend\src\TerraFusion.Consciousness\DTOs\ConsciousnessDTOs.cs(12,34): warning CS1591: Missing XML comment for publicly visible type or member 'HybridConsciousnessStatusDto.LastUpdated' [C:\Users\bsval\terrafusion_os_1.0\backend\src\TerraFusion.Consciousness\TerraFusion.Consciousness.csproj]
C:\Users\bsval\terrafusion_os_1.0\backend\src\TerraFusion.Consciousness\DTOs\ConsciousnessDTOs.cs(13,29): warning CS1591: Missing XML comment for publicly visible type or member 'HybridConsciousnessStatusDto.TotalActiveAgents' [C:\Users\bsval\terrafusion_os_1.0\backend\src\TerraFusion.Consciousness\TerraFusion.Consciousness.csproj]
C:\Users\bsval\terrafusion_os_1.0\backend\src\TerraFusion.Consciousness\DTOs\ConsciousnessDTOs.cs(14,52): warning CS1591: Missing XML comment for publicly visible type or member 'HybridConsciousnessStatusDto.SystemMetrics' [C:\Users\bsval\terrafusion_os_1.0\backend\src\TerraFusion.Consciousness\TerraFusion.Consciousness.csproj]
C:\Users\bsval\terrafusion_os_1.0\backend\src\TerraFusion.Consciousness\DTOs\ConsciousnessDTOs.cs(15,21): warning CS1591: Missing XML comment for publicly visible type or member 'HybridConsciousnessStatusDto.IsHealthy' [C:\Users\bsval\terrafusion_os_1.0\backend\src\TerraFusion.Consciousness\TerraFusion.Consciousness.csproj]
C:\Users\bsval\terrafusion_os_1.0\backend\src\TerraFusion.Consciousness\DTOs\ConsciousnessDTOs.cs(16,25): warning CS1591: Missing XML comment for publicly visible type or member 'HybridConsciousnessStatusDto.LastHealthCheck' [C:\Users\bsval\terrafusion_os_1.0\backend\src\TerraFusion.Consciousness\TerraFusion.Consciousness.csproj]
C:\Users\bsval\terrafusion_os_1.0\backend\src\TerraFusion.Consciousness\DTOs\ConsciousnessDTOs.cs(17,24): warning CS1591: Missing XML comment for publicly visible type or member 'HybridConsciousnessStatusDto.ErrorMessage' [C:\Users\bsval\terrafusion_os_1.0\backend\src\TerraFusion.Consciousness\TerraFusion.Consciousness.csproj]
C:\Users\bsval\terrafusion_os_1.0\backend\src\TerraFusion.Consciousness\DTOs\ConsciousnessDTOs.cs(18,23): warning CS1591: Missing XML comment for publicly visible type or member 'HybridConsciousnessStatusDto.OverallHealthScore' [C:\Users\bsval\terrafusion_os_1.0\backend\src\TerraFusion.Consciousness\TerraFusion.Consciousness.csproj]
C:\Users\bsval\terrafusion_os_1.0\backend\src\TerraFusion.Consciousness\DTOs\ConsciousnessDTOs.cs(26,29): warning CS1591: Missing XML comment for publicly visible type or member 'LegacyConsciousnessStatusDto.ActiveAgents' [C:\Users\bsval\terrafusion_os_1.0\backend\src\TerraFusion.Consciousness\TerraFusion.Consciousness.csproj]
C:\Users\bsval\terrafusion_os_1.0\backend\src\TerraFusion.Consciousness\DTOs\ConsciousnessDTOs.cs(27,32): warning CS1591: Missing XML comment for publicly visible type or member 'LegacyConsciousnessStatusDto.Status' [C:\Users\bsval\terrafusion_os_1.0\backend\src\TerraFusion.Consciousness\TerraFusion.Consciousness.csproj]
C:\Users\bsval\terrafusion_os_1.0\backend\src\TerraFusion.Consciousness\DTOs\ConsciousnessDTOs.cs(28,33): warning CS1591: Missing XML comment for publicly visible type or member 'LegacyConsciousnessStatusDto.PerformanceMetrics' [C:\Users\bsval\terrafusion_os_1.0\backend\src\TerraFusion.Consciousness\TerraFusion.Consciousness.csproj]
C:\Users\bsval\terrafusion_os_1.0\backend\src\TerraFusion.Consciousness\DTOs\ConsciousnessDTOs.cs(29,34): warning CS1591: Missing XML comment for publicly visible type or member 'LegacyConsciousnessStatusDto.LastSync' [C:\Users\bsval\terrafusion_os_1.0\backend\src\TerraFusion.Consciousness\TerraFusion.Consciousness.csproj]
C:\Users\bsval\terrafusion_os_1.0\backend\src\TerraFusion.Consciousness\DTOs\ConsciousnessDTOs.cs(30,29): warning CS1591: Missing XML comment for publicly visible type or member 'LegacyConsciousnessStatusDto.ActiveOperations' [C:\Users\bsval\terrafusion_os_1.0\backend\src\TerraFusion.Consciousness\TerraFusion.Consciousness.csproj]
C:\Users\bsval\terrafusion_os_1.0\backend\src\TerraFusion.Consciousness\DTOs\ConsciousnessDTOs.cs(31,43): warning CS1591: Missing XML comment for publicly visible type or member 'LegacyConsciousnessStatusDto.Metrics' [C:\Users\bsval\terrafusion_os_1.0\backend\src\TerraFusion.Consciousness\TerraFusion.Consciousness.csproj]
C:\Users\bsval\terrafusion_os_1.0\backend\src\TerraFusion.Consciousness\DTOs\ConsciousnessDTOs.cs(39,29): warning CS1591: Missing XML comment for publicly visible type or member 'QuantumConsciousnessStatusDto.ActiveQuantumAgents' [C:\Users\bsval\terrafusion_os_1.0\backend\src\TerraFusion.Consciousness\TerraFusion.Consciousness.csproj]
C:\Users\bsval\terrafusion_os_1.0\backend\src\TerraFusion.Consciousness\DTOs\ConsciousnessDTOs.cs(40,29): warning CS1591: Missing XML comment for publicly visible type or member 'QuantumConsciousnessStatusDto.MaxCapacity' [C:\Users\bsval\terrafusion_os_1.0\backend\src\TerraFusion.Consciousness\TerraFusion.Consciousness.csproj]
C:\Users\bsval\terrafusion_os_1.0\backend\src\TerraFusion.Consciousness\DTOs\ConsciousnessDTOs.cs(41,33): warning CS1591: Missing XML comment for publicly visible type or member 'QuantumConsciousnessStatusDto.QuantumCoherence' [C:\Users\bsval\terrafusion_os_1.0\backend\src\TerraFusion.Consciousness\TerraFusion.Consciousness.csproj]
C:\Users\bsval\terrafusion_os_1.0\backend\src\TerraFusion.Consciousness\DTOs\ConsciousnessDTOs.cs(42,33): warning CS1591: Missing XML comment for publicly visible type or member 'QuantumConsciousnessStatusDto.QuantumEntanglement' [C:\Users\bsval\terrafusion_os_1.0\backend\src\TerraFusion.Consciousness\TerraFusion.Consciousness.csproj]
C:\Users\bsval\terrafusion_os_1.0\backend\src\TerraFusion.Consciousness\DTOs\ConsciousnessDTOs.cs(43,32): warning CS1591: Missing XML comment for publicly visible type or member 'QuantumConsciousnessStatusDto.QuantumSecurityStatus' [C:\Users\bsval\terrafusion_os_1.0\backend\src\TerraFusion.Consciousness\TerraFusion.Consciousness.csproj]
C:\Users\bsval\terrafusion_os_1.0\backend\src\TerraFusion.Consciousness\DTOs\ConsciousnessDTOs.cs(44,33): warning CS1591: Missing XML comment for publicly visible type or member 'QuantumConsciousnessStatusDto.ProcessingCapacity' [C:\Users\bsval\terrafusion_os_1.0\backend\src\TerraFusion.Consciousness\TerraFusion.Consciousness.csproj]
C:\Users\bsval\terrafusion_os_1.0\backend\src\TerraFusion.Consciousness\DTOs\ConsciousnessDTOs.cs(45,34): warning CS1591: Missing XML comment for publicly visible type or member 'QuantumConsciousnessStatusDto.LastQuantumSync' [C:\Users\bsval\terrafusion_os_1.0\backend\src\TerraFusion.Consciousness\TerraFusion.Consciousness.csproj]
C:\Users\bsval\terrafusion_os_1.0\backend\src\TerraFusion.Consciousness\DTOs\ConsciousnessDTOs.cs(46,29): warning CS1591: Missing XML comment for publicly visible type or member 'QuantumConsciousnessStatusDto.ActiveQuantumOperations' [C:\Users\bsval\terrafusion_os_1.0\backend\src\TerraFusion.Consciousness\TerraFusion.Consciousness.csproj]
C:\Users\bsval\terrafusion_os_1.0\backend\src\TerraFusion.Consciousness\DTOs\ConsciousnessDTOs.cs(47,43): warning CS1591: Missing XML comment for publicly visible type or member 'QuantumConsciousnessStatusDto.QuantumMetrics' [C:\Users\bsval\terrafusion_os_1.0\backend\src\TerraFusion.Consciousness\TerraFusion.Consciousness.csproj]
C:\Users\bsval\terrafusion_os_1.0\backend\src\TerraFusion.Consciousness\DTOs\ConsciousnessDTOs.cs(55,29): warning CS1591: Missing XML comment for publicly visible type or member 'ConsciousnessScalingRequestDto.TargetAgentCount' [C:\Users\bsval\terrafusion_os_1.0\backend\src\TerraFusion.Consciousness\TerraFusion.Consciousness.csproj]
C:\Users\bsval\terrafusion_os_1.0\backend\src\TerraFusion.Consciousness\DTOs\ConsciousnessDTOs.cs(56,20): warning CS1591: Missing XML comment for publicly visible type or member 'ConsciousnessScalingRequestDto.TargetCapacity' [C:\Users\bsval\terrafusion_os_1.0\backend\src\TerraFusion.Consciousness\TerraFusion.Consciousness.csproj]
C:\Users\bsval\terrafusion_os_1.0\backend\src\TerraFusion.Consciousness\DTOs\ConsciousnessDTOs.cs(57,32): warning CS1591: Missing XML comment for publicly visible type or member 'ConsciousnessScalingRequestDto.ScalingMode' [C:\Users\bsval\terrafusion_os_1.0\backend\src\TerraFusion.Consciousness\TerraFusion.Consciousness.csproj]
C:\Users\bsval\terrafusion_os_1.0\backend\src\TerraFusion.Consciousness\DTOs\ConsciousnessDTOs.cs(58,23): warning CS1591: Missing XML comment for publicly visible type or member 'ConsciousnessScalingRequestDto.Priority' [C:\Users\bsval\terrafusion_os_1.0\backend\src\TerraFusion.Consciousness\TerraFusion.Consciousness.csproj]
C:\Users\bsval\terrafusion_os_1.0\backend\src\TerraFusion.Consciousness\DTOs\ConsciousnessDTOs.cs(59,30): warning CS1591: Missing XML comment for publicly visible type or member 'ConsciousnessScalingRequestDto.MaintainBackwardsCompatibility' [C:\Users\bsval\terrafusion_os_1.0\backend\src\TerraFusion.Consciousness\TerraFusion.Consciousness.csproj]
C:\Users\bsval\terrafusion_os_1.0\backend\src\TerraFusion.Consciousness\DTOs\ConsciousnessDTOs.cs(60,21): warning CS1591: Missing XML comment for publicly visible type or member 'ConsciousnessScalingRequestDto.RequireConsensus' [C:\Users\bsval\terrafusion_os_1.0\backend\src\TerraFusion.Consciousness\TerraFusion.Consciousness.csproj]
C:\Users\bsval\terrafusion_os_1.0\backend\src\TerraFusion.Consciousness\DTOs\ConsciousnessDTOs.cs(61,43): warning CS1591: Missing XML comment for publicly visible type or member 'ConsciousnessScalingRequestDto.ScalingParameters' [C:\Users\bsval\terrafusion_os_1.0\backend\src\TerraFusion.Consciousness\TerraFusion.Consciousness.csproj]
C:\Users\bsval\terrafusion_os_1.0\backend\src\TerraFusion.Consciousness\DTOs\ConsciousnessDTOs.cs(69,30): warning CS1591: Missing XML comment for publicly visible type or member 'ConsciousnessScalingResultDto.Success' [C:\Users\bsval\terrafusion_os_1.0\backend\src\TerraFusion.Consciousness\TerraFusion.Consciousness.csproj]
C:\Users\bsval\terrafusion_os_1.0\backend\src\TerraFusion.Consciousness\DTOs\ConsciousnessDTOs.cs(70,29): warning CS1591: Missing XML comment for publicly visible type or member 'ConsciousnessScalingResultDto.CurrentAgentCount' [C:\Users\bsval\terrafusion_os_1.0\backend\src\TerraFusion.Consciousness\TerraFusion.Consciousness.csproj]
C:\Users\bsval\terrafusion_os_1.0\backend\src\TerraFusion.Consciousness\DTOs\ConsciousnessDTOs.cs(71,29): warning CS1591: Missing XML comment for publicly visible type or member 'ConsciousnessScalingResultDto.TargetAgentCount' [C:\Users\bsval\terrafusion_os_1.0\backend\src\TerraFusion.Consciousness\TerraFusion.Consciousness.csproj]
C:\Users\bsval\terrafusion_os_1.0\backend\src\TerraFusion.Consciousness\DTOs\ConsciousnessDTOs.cs(72,20): warning CS1591: Missing XML comment for publicly visible type or member 'ConsciousnessScalingResultDto.CurrentCapacity' [C:\Users\bsval\terrafusion_os_1.0\backend\src\TerraFusion.Consciousness\TerraFusion.Consciousness.csproj]
C:\Users\bsval\terrafusion_os_1.0\backend\src\TerraFusion.Consciousness\DTOs\ConsciousnessDTOs.cs(73,20): warning CS1591: Missing XML comment for publicly visible type or member 'ConsciousnessScalingResultDto.TargetCapacity' [C:\Users\bsval\terrafusion_os_1.0\backend\src\TerraFusion.Consciousness\TerraFusion.Consciousness.csproj]
C:\Users\bsval\terrafusion_os_1.0\backend\src\TerraFusion.Consciousness\DTOs\ConsciousnessDTOs.cs(74,33): warning CS1591: Missing XML comment for publicly visible type or member 'ConsciousnessScalingResultDto.ScalingProgress' [C:\Users\bsval\terrafusion_os_1.0\backend\src\TerraFusion.Consciousness\TerraFusion.Consciousness.csproj]
C:\Users\bsval\terrafusion_os_1.0\backend\src\TerraFusion.Consciousness\DTOs\ConsciousnessDTOs.cs(75,34): warning CS1591: Missing XML comment for publicly visible type or member 'ConsciousnessScalingResultDto.EstimatedTimeRemaining' [C:\Users\bsval\terrafusion_os_1.0\backend\src\TerraFusion.Consciousness\TerraFusion.Consciousness.csproj]
C:\Users\bsval\terrafusion_os_1.0\backend\src\TerraFusion.Consciousness\DTOs\ConsciousnessDTOs.cs(76,21): warning CS1591: Missing XML comment for publicly visible type or member 'ConsciousnessScalingResultDto.ScalingTimeMs' [C:\Users\bsval\terrafusion_os_1.0\backend\src\TerraFusion.Consciousness\TerraFusion.Consciousness.csproj]
C:\Users\bsval\terrafusion_os_1.0\backend\src\TerraFusion.Consciousness\DTOs\ConsciousnessDTOs.cs(77,24): warning CS1591: Missing XML comment for publicly visible type or member 'ConsciousnessScalingResultDto.ErrorMessage' [C:\Users\bsval\terrafusion_os_1.0\backend\src\TerraFusion.Consciousness\TerraFusion.Consciousness.csproj]
C:\Users\bsval\terrafusion_os_1.0\backend\src\TerraFusion.Consciousness\DTOs\ConsciousnessDTOs.cs(78,29): warning CS1591: Missing XML comment for publicly visible type or member 'ConsciousnessScalingResultDto.Messages' [C:\Users\bsval\terrafusion_os_1.0\backend\src\TerraFusion.Consciousness\TerraFusion.Consciousness.csproj]
C:\Users\bsval\terrafusion_os_1.0\backend\src\TerraFusion.Consciousness\DTOs\ConsciousnessDTOs.cs(79,43): warning CS1591: Missing XML comment for publicly visible type or member 'ConsciousnessScalingResultDto.ScalingMetrics' [C:\Users\bsval\terrafusion_os_1.0\backend\src\TerraFusion.Consciousness\TerraFusion.Consciousness.csproj]
C:\Users\bsval\terrafusion_os_1.0\backend\src\TerraFusion.Consciousness\DTOs\ConsciousnessDTOs.cs(87,23): warning CS1591: Missing XML comment for publicly visible type or member 'OperationExecutionRequestDto.OperationId' [C:\Users\bsval\terrafusion_os_1.0\backend\src\TerraFusion.Consciousness\TerraFusion.Consciousness.csproj]
C:\Users\bsval\terrafusion_os_1.0\backend\src\TerraFusion.Consciousness\DTOs\ConsciousnessDTOs.cs(88,32): warning CS1591: Missing XML comment for publicly visible type or member 'OperationExecutionRequestDto.OperationType' [C:\Users\bsval\terrafusion_os_1.0\backend\src\TerraFusion.Consciousness\TerraFusion.Consciousness.csproj]
C:\Users\bsval\terrafusion_os_1.0\backend\src\TerraFusion.Consciousness\DTOs\ConsciousnessDTOs.cs(89,52): warning CS1591: Missing XML comment for publicly visible type or member 'OperationExecutionRequestDto.Parameters' [C:\Users\bsval\terrafusion_os_1.0\backend\src\TerraFusion.Consciousness\TerraFusion.Consciousness.csproj]
C:\Users\bsval\terrafusion_os_1.0\backend\src\TerraFusion.Consciousness\DTOs\ConsciousnessDTOs.cs(90,32): warning CS1591: Missing XML comment for publicly visible type or member 'OperationExecutionRequestDto.Priority' [C:\Users\bsval\terrafusion_os_1.0\backend\src\TerraFusion.Consciousness\TerraFusion.Consciousness.csproj]
C:\Users\bsval\terrafusion_os_1.0\backend\src\TerraFusion.Consciousness\DTOs\ConsciousnessDTOs.cs(91,21): warning CS1591: Missing XML comment for publicly visible type or member 'OperationExecutionRequestDto.UseQuantumProcessing' [C:\Users\bsval\terrafusion_os_1.0\backend\src\TerraFusion.Consciousness\TerraFusion.Consciousness.csproj]
C:\Users\bsval\terrafusion_os_1.0\backend\src\TerraFusion.Consciousness\DTOs\ConsciousnessDTOs.cs(92,21): warning CS1591: Missing XML comment for publicly visible type or member 'OperationExecutionRequestDto.RequireSecurityValidation' [C:\Users\bsval\terrafusion_os_1.0\backend\src\TerraFusion.Consciousness\TerraFusion.Consciousness.csproj]
C:\Users\bsval\terrafusion_os_1.0\backend\src\TerraFusion.Consciousness\DTOs\ConsciousnessDTOs.cs(100,30): warning CS1591: Missing XML comment for publicly visible type or member 'OperationExecutionResultDto.Success' [C:\Users\bsval\terrafusion_os_1.0\backend\src\TerraFusion.Consciousness\TerraFusion.Consciousness.csproj]
C:\Users\bsval\terrafusion_os_1.0\backend\src\TerraFusion.Consciousness\DTOs\ConsciousnessDTOs.cs(101,32): warning CS1591: Missing XML comment for publicly visible type or member 'OperationExecutionResultDto.OperationId' [C:\Users\bsval\terrafusion_os_1.0\backend\src\TerraFusion.Consciousness\TerraFusion.Consciousness.csproj]
C:\Users\bsval\terrafusion_os_1.0\backend\src\TerraFusion.Consciousness\DTOs\ConsciousnessDTOs.cs(102,32): warning CS1591: Missing XML comment for publicly visible type or member 'OperationExecutionResultDto.Status' [C:\Users\bsval\terrafusion_os_1.0\backend\src\TerraFusion.Consciousness\TerraFusion.Consciousness.csproj]
C:\Users\bsval\terrafusion_os_1.0\backend\src\TerraFusion.Consciousness\DTOs\ConsciousnessDTOs.cs(103,52): warning CS1591: Missing XML comment for publicly visible type or member 'OperationExecutionResultDto.Results' [C:\Users\bsval\terrafusion_os_1.0\backend\src\TerraFusion.Consciousness\TerraFusion.Consciousness.csproj]
C:\Users\bsval\terrafusion_os_1.0\backend\src\TerraFusion.Consciousness\DTOs\ConsciousnessDTOs.cs(104,34): warning CS1591: Missing XML comment for publicly visible type or member 'OperationExecutionResultDto.ExecutionTime' [C:\Users\bsval\terrafusion_os_1.0\backend\src\TerraFusion.Consciousness\TerraFusion.Consciousness.csproj]
C:\Users\bsval\terrafusion_os_1.0\backend\src\TerraFusion.Consciousness\DTOs\ConsciousnessDTOs.cs(105,29): warning CS1591: Missing XML comment for publicly visible type or member 'OperationExecutionResultDto.AgentsUsed' [C:\Users\bsval\terrafusion_os_1.0\backend\src\TerraFusion.Consciousness\TerraFusion.Consciousness.csproj]
C:\Users\bsval\terrafusion_os_1.0\backend\src\TerraFusion.Consciousness\DTOs\ConsciousnessDTOs.cs(106,29): warning CS1591: Missing XML comment for publicly visible type or member 'OperationExecutionResultDto.Messages' [C:\Users\bsval\terrafusion_os_1.0\backend\src\TerraFusion.Consciousness\TerraFusion.Consciousness.csproj]
C:\Users\bsval\terrafusion_os_1.0\backend\src\TerraFusion.Consciousness\DTOs\ConsciousnessDTOs.cs(107,43): warning CS1591: Missing XML comment for publicly visible type or member 'OperationExecutionResultDto.Metrics' [C:\Users\bsval\terrafusion_os_1.0\backend\src\TerraFusion.Consciousness\TerraFusion.Consciousness.csproj]
C:\Users\bsval\terrafusion_os_1.0\backend\src\TerraFusion.Consciousness\DTOs\ConsciousnessDTOs.cs(115,34): warning CS1591: Missing XML comment for publicly visible type or member 'ConsciousnessMetricsDto.Timestamp' [C:\Users\bsval\terrafusion_os_1.0\backend\src\TerraFusion.Consciousness\TerraFusion.Consciousness.csproj]
C:\Users\bsval\terrafusion_os_1.0\backend\src\TerraFusion.Consciousness\DTOs\ConsciousnessDTOs.cs(116,29): warning CS1591: Missing XML comment for publicly visible type or member 'ConsciousnessMetricsDto.TotalActiveAgents' [C:\Users\bsval\terrafusion_os_1.0\backend\src\TerraFusion.Consciousness\TerraFusion.Consciousness.csproj]
C:\Users\bsval\terrafusion_os_1.0\backend\src\TerraFusion.Consciousness\DTOs\ConsciousnessDTOs.cs(117,33): warning CS1591: Missing XML comment for publicly visible type or member 'ConsciousnessMetricsDto.SystemLoad' [C:\Users\bsval\terrafusion_os_1.0\backend\src\TerraFusion.Consciousness\TerraFusion.Consciousness.csproj]
C:\Users\bsval\terrafusion_os_1.0\backend\src\TerraFusion.Consciousness\DTOs\ConsciousnessDTOs.cs(118,33): warning CS1591: Missing XML comment for publicly visible type or member 'ConsciousnessMetricsDto.MemoryUsage' [C:\Users\bsval\terrafusion_os_1.0\backend\src\TerraFusion.Consciousness\TerraFusion.Consciousness.csproj]
C:\Users\bsval\terrafusion_os_1.0\backend\src\TerraFusion.Consciousness\DTOs\ConsciousnessDTOs.cs(119,33): warning CS1591: Missing XML comment for publicly visible type or member 'ConsciousnessMetricsDto.CPUUsage' [C:\Users\bsval\terrafusion_os_1.0\backend\src\TerraFusion.Consciousness\TerraFusion.Consciousness.csproj]
C:\Users\bsval\terrafusion_os_1.0\backend\src\TerraFusion.Consciousness\DTOs\ConsciousnessDTOs.cs(120,33): warning CS1591: Missing XML comment for publicly visible type or member 'ConsciousnessMetricsDto.NetworkLatency' [C:\Users\bsval\terrafusion_os_1.0\backend\src\TerraFusion.Consciousness\TerraFusion.Consciousness.csproj]
C:\Users\bsval\terrafusion_os_1.0\backend\src\TerraFusion.Consciousness\DTOs\ConsciousnessDTOs.cs(121,33): warning CS1591: Missing XML comment for publicly visible type or member 'ConsciousnessMetricsDto.ThroughputOpsPerSecond' [C:\Users\bsval\terrafusion_os_1.0\backend\src\TerraFusion.Consciousness\TerraFusion.Consciousness.csproj]
C:\Users\bsval\terrafusion_os_1.0\backend\src\TerraFusion.Consciousness\DTOs\ConsciousnessDTOs.cs(122,29): warning CS1591: Missing XML comment for publicly visible type or member 'ConsciousnessMetricsDto.ActiveOperations' [C:\Users\bsval\terrafusion_os_1.0\backend\src\TerraFusion.Consciousness\TerraFusion.Consciousness.csproj]
C:\Users\bsval\terrafusion_os_1.0\backend\src\TerraFusion.Consciousness\DTOs\ConsciousnessDTOs.cs(123,29): warning CS1591: Missing XML comment for publicly visible type or member 'ConsciousnessMetricsDto.QueuedOperations' [C:\Users\bsval\terrafusion_os_1.0\backend\src\TerraFusion.Consciousness\TerraFusion.Consciousness.csproj]
C:\Users\bsval\terrafusion_os_1.0\backend\src\TerraFusion.Consciousness\DTOs\ConsciousnessDTOs.cs(124,43): warning CS1591: Missing XML comment for publicly visible type or member 'ConsciousnessMetricsDto.DetailedMetrics' [C:\Users\bsval\terrafusion_os_1.0\backend\src\TerraFusion.Consciousness\TerraFusion.Consciousness.csproj]
C:\Users\bsval\terrafusion_os_1.0\backend\src\TerraFusion.Consciousness\DTOs\ConsciousnessDTOs.cs(132,32): warning CS1591: Missing XML comment for publicly visible type or member 'QuantumSecurityStatusDto.SecurityLevel' [C:\Users\bsval\terrafusion_os_1.0\backend\src\TerraFusion.Consciousness\TerraFusion.Consciousness.csproj]
C:\Users\bsval\terrafusion_os_1.0\backend\src\TerraFusion.Consciousness\DTOs\ConsciousnessDTOs.cs(133,30): warning CS1591: Missing XML comment for publicly visible type or member 'QuantumSecurityStatusDto.QuantumEncryptionActive' [C:\Users\bsval\terrafusion_os_1.0\backend\src\TerraFusion.Consciousness\TerraFusion.Consciousness.csproj]
C:\Users\bsval\terrafusion_os_1.0\backend\src\TerraFusion.Consciousness\DTOs\ConsciousnessDTOs.cs(134,30): warning CS1591: Missing XML comment for publicly visible type or member 'QuantumSecurityStatusDto.QuantumKeyDistributionActive' [C:\Users\bsval\terrafusion_os_1.0\backend\src\TerraFusion.Consciousness\TerraFusion.Consciousness.csproj]
C:\Users\bsval\terrafusion_os_1.0\backend\src\TerraFusion.Consciousness\DTOs\ConsciousnessDTOs.cs(135,33): warning CS1591: Missing XML comment for publicly visible type or member 'QuantumSecurityStatusDto.ThreatLevel' [C:\Users\bsval\terrafusion_os_1.0\backend\src\TerraFusion.Consciousness\TerraFusion.Consciousness.csproj]
C:\Users\bsval\terrafusion_os_1.0\backend\src\TerraFusion.Consciousness\DTOs\ConsciousnessDTOs.cs(136,29): warning CS1591: Missing XML comment for publicly visible type or member 'QuantumSecurityStatusDto.ActiveThreats' [C:\Users\bsval\terrafusion_os_1.0\backend\src\TerraFusion.Consciousness\TerraFusion.Consciousness.csproj]
C:\Users\bsval\terrafusion_os_1.0\backend\src\TerraFusion.Consciousness\DTOs\ConsciousnessDTOs.cs(137,29): warning CS1591: Missing XML comment for publicly visible type or member 'QuantumSecurityStatusDto.MitigatedThreats' [C:\Users\bsval\terrafusion_os_1.0\backend\src\TerraFusion.Consciousness\TerraFusion.Consciousness.csproj]
C:\Users\bsval\terrafusion_os_1.0\backend\src\TerraFusion.Consciousness\DTOs\ConsciousnessDTOs.cs(138,34): warning CS1591: Missing XML comment for publicly visible type or member 'QuantumSecurityStatusDto.LastSecurityScan' [C:\Users\bsval\terrafusion_os_1.0\backend\src\TerraFusion.Consciousness\TerraFusion.Consciousness.csproj]
C:\Users\bsval\terrafusion_os_1.0\backend\src\TerraFusion.Consciousness\DTOs\ConsciousnessDTOs.cs(139,29): warning CS1591: Missing XML comment for publicly visible type or member 'QuantumSecurityStatusDto.SecurityAlerts' [C:\Users\bsval\terrafusion_os_1.0\backend\src\TerraFusion.Consciousness\TerraFusion.Consciousness.csproj]
C:\Users\bsval\terrafusion_os_1.0\backend\src\TerraFusion.Consciousness\DTOs\ConsciousnessDTOs.cs(140,43): warning CS1591: Missing XML comment for publicly visible type or member 'QuantumSecurityStatusDto.SecurityMetrics' [C:\Users\bsval\terrafusion_os_1.0\backend\src\TerraFusion.Consciousness\TerraFusion.Consciousness.csproj]
C:\Users\bsval\terrafusion_os_1.0\backend\src\TerraFusion.Consciousness\DTOs\ConsciousnessDTOs.cs(148,30): warning CS1591: Missing XML comment for publicly visible type or member 'ComplianceStatusDto.FISMACompliant' [C:\Users\bsval\terrafusion_os_1.0\backend\src\TerraFusion.Consciousness\TerraFusion.Consciousness.csproj]
C:\Users\bsval\terrafusion_os_1.0\backend\src\TerraFusion.Consciousness\DTOs\ConsciousnessDTOs.cs(149,30): warning CS1591: Missing XML comment for publicly visible type or member 'ComplianceStatusDto.FedRAMPCompliant' [C:\Users\bsval\terrafusion_os_1.0\backend\src\TerraFusion.Consciousness\TerraFusion.Consciousness.csproj]
C:\Users\bsval\terrafusion_os_1.0\backend\src\TerraFusion.Consciousness\DTOs\ConsciousnessDTOs.cs(150,30): warning CS1591: Missing XML comment for publicly visible type or member 'ComplianceStatusDto.SOC2Compliant' [C:\Users\bsval\terrafusion_os_1.0\backend\src\TerraFusion.Consciousness\TerraFusion.Consciousness.csproj]
C:\Users\bsval\terrafusion_os_1.0\backend\src\TerraFusion.Consciousness\DTOs\ConsciousnessDTOs.cs(151,33): warning CS1591: Missing XML comment for publicly visible type or member 'ComplianceStatusDto.OverallComplianceScore' [C:\Users\bsval\terrafusion_os_1.0\backend\src\TerraFusion.Consciousness\TerraFusion.Consciousness.csproj]
C:\Users\bsval\terrafusion_os_1.0\backend\src\TerraFusion.Consciousness\DTOs\ConsciousnessDTOs.cs(152,34): warning CS1591: Missing XML comment for publicly visible type or member 'ComplianceStatusDto.LastComplianceAudit' [C:\Users\bsval\terrafusion_os_1.0\backend\src\TerraFusion.Consciousness\TerraFusion.Consciousness.csproj]
C:\Users\bsval\terrafusion_os_1.0\backend\src\TerraFusion.Consciousness\DTOs\ConsciousnessDTOs.cs(153,29): warning CS1591: Missing XML comment for publicly visible type or member 'ComplianceStatusDto.ComplianceIssues' [C:\Users\bsval\terrafusion_os_1.0\backend\src\TerraFusion.Consciousness\TerraFusion.Consciousness.csproj]
C:\Users\bsval\terrafusion_os_1.0\backend\src\TerraFusion.Consciousness\DTOs\ConsciousnessDTOs.cs(154,43): warning CS1591: Missing XML comment for publicly visible type or member 'ComplianceStatusDto.ComplianceDetails' [C:\Users\bsval\terrafusion_os_1.0\backend\src\TerraFusion.Consciousness\TerraFusion.Consciousness.csproj]
C:\Users\bsval\terrafusion_os_1.0\backend\src\TerraFusion.Consciousness\DTOs\ConsciousnessDTOs.cs(162,32): warning CS1591: Missing XML comment for publicly visible type or member 'EmergencyResponseDto.ResponseId' [C:\Users\bsval\terrafusion_os_1.0\backend\src\TerraFusion.Consciousness\TerraFusion.Consciousness.csproj]
C:\Users\bsval\terrafusion_os_1.0\backend\src\TerraFusion.Consciousness\DTOs\ConsciousnessDTOs.cs(163,32): warning CS1591: Missing XML comment for publicly visible type or member 'EmergencyResponseDto.EmergencyType' [C:\Users\bsval\terrafusion_os_1.0\backend\src\TerraFusion.Consciousness\TerraFusion.Consciousness.csproj]
C:\Users\bsval\terrafusion_os_1.0\backend\src\TerraFusion.Consciousness\DTOs\ConsciousnessDTOs.cs(164,32): warning CS1591: Missing XML comment for publicly visible type or member 'EmergencyResponseDto.ResponseStatus' [C:\Users\bsval\terrafusion_os_1.0\backend\src\TerraFusion.Consciousness\TerraFusion.Consciousness.csproj]
C:\Users\bsval\terrafusion_os_1.0\backend\src\TerraFusion.Consciousness\DTOs\ConsciousnessDTOs.cs(165,34): warning CS1591: Missing XML comment for publicly visible type or member 'EmergencyResponseDto.ResponseTime' [C:\Users\bsval\terrafusion_os_1.0\backend\src\TerraFusion.Consciousness\TerraFusion.Consciousness.csproj]
C:\Users\bsval\terrafusion_os_1.0\backend\src\TerraFusion.Consciousness\DTOs\ConsciousnessDTOs.cs(166,38): warning CS1591: Missing XML comment for publicly visible type or member 'EmergencyResponseDto.ActionsExecuted' [C:\Users\bsval\terrafusion_os_1.0\backend\src\TerraFusion.Consciousness\TerraFusion.Consciousness.csproj]
C:\Users\bsval\terrafusion_os_1.0\backend\src\TerraFusion.Consciousness\DTOs\ConsciousnessDTOs.cs(167,29): warning CS1591: Missing XML comment for publicly visible type or member 'EmergencyResponseDto.AgentsDeployed' [C:\Users\bsval\terrafusion_os_1.0\backend\src\TerraFusion.Consciousness\TerraFusion.Consciousness.csproj]
C:\Users\bsval\terrafusion_os_1.0\backend\src\TerraFusion.Consciousness\DTOs\ConsciousnessDTOs.cs(168,43): warning CS1591: Missing XML comment for publicly visible type or member 'EmergencyResponseDto.ResponseMetrics' [C:\Users\bsval\terrafusion_os_1.0\backend\src\TerraFusion.Consciousness\TerraFusion.Consciousness.csproj]
C:\Users\bsval\terrafusion_os_1.0\backend\src\TerraFusion.Consciousness\DTOs\ConsciousnessDTOs.cs(176,32): warning CS1591: Missing XML comment for publicly visible type or member 'EmergencyRequestDto.EmergencyType' [C:\Users\bsval\terrafusion_os_1.0\backend\src\TerraFusion.Consciousness\TerraFusion.Consciousness.csproj]
C:\Users\bsval\terrafusion_os_1.0\backend\src\TerraFusion.Consciousness\DTOs\ConsciousnessDTOs.cs(177,32): warning CS1591: Missing XML comment for publicly visible type or member 'EmergencyRequestDto.Severity' [C:\Users\bsval\terrafusion_os_1.0\backend\src\TerraFusion.Consciousness\TerraFusion.Consciousness.csproj]
C:\Users\bsval\terrafusion_os_1.0\backend\src\TerraFusion.Consciousness\DTOs\ConsciousnessDTOs.cs(178,32): warning CS1591: Missing XML comment for publicly visible type or member 'EmergencyRequestDto.Description' [C:\Users\bsval\terrafusion_os_1.0\backend\src\TerraFusion.Consciousness\TerraFusion.Consciousness.csproj]
C:\Users\bsval\terrafusion_os_1.0\backend\src\TerraFusion.Consciousness\DTOs\ConsciousnessDTOs.cs(179,43): warning CS1591: Missing XML comment for publicly visible type or member 'EmergencyRequestDto.EmergencyData' [C:\Users\bsval\terrafusion_os_1.0\backend\src\TerraFusion.Consciousness\TerraFusion.Consciousness.csproj]
C:\Users\bsval\terrafusion_os_1.0\backend\src\TerraFusion.Consciousness\DTOs\ConsciousnessDTOs.cs(187,30): warning CS1591: Missing XML comment for publicly visible type or member 'MillionAgentInitializationResultDto.Success' [C:\Users\bsval\terrafusion_os_1.0\backend\src\TerraFusion.Consciousness\TerraFusion.Consciousness.csproj]
C:\Users\bsval\terrafusion_os_1.0\backend\src\TerraFusion.Consciousness\DTOs\ConsciousnessDTOs.cs(188,29): warning CS1591: Missing XML comment for publicly visible type or member 'MillionAgentInitializationResultDto.InitializedAgents' [C:\Users\bsval\terrafusion_os_1.0\backend\src\TerraFusion.Consciousness\TerraFusion.Consciousness.csproj]
C:\Users\bsval\terrafusion_os_1.0\backend\src\TerraFusion.Consciousness\DTOs\ConsciousnessDTOs.cs(189,33): warning CS1591: Missing XML comment for publicly visible type or member 'MillionAgentInitializationResultDto.InitializationProgress' [C:\Users\bsval\terrafusion_os_1.0\backend\src\TerraFusion.Consciousness\TerraFusion.Consciousness.csproj]
C:\Users\bsval\terrafusion_os_1.0\backend\src\TerraFusion.Consciousness\DTOs\ConsciousnessDTOs.cs(190,34): warning CS1591: Missing XML comment for publicly visible type or member 'MillionAgentInitializationResultDto.InitializationTime' [C:\Users\bsval\terrafusion_os_1.0\backend\src\TerraFusion.Consciousness\TerraFusion.Consciousness.csproj]
C:\Users\bsval\terrafusion_os_1.0\backend\src\TerraFusion.Consciousness\DTOs\ConsciousnessDTOs.cs(191,29): warning CS1591: Missing XML comment for publicly visible type or member 'MillionAgentInitializationResultDto.Messages' [C:\Users\bsval\terrafusion_os_1.0\backend\src\TerraFusion.Consciousness\TerraFusion.Consciousness.csproj]
C:\Users\bsval\terrafusion_os_1.0\backend\src\TerraFusion.Consciousness\DTOs\ConsciousnessDTOs.cs(192,43): warning CS1591: Missing XML comment for publicly visible type or member 'MillionAgentInitializationResultDto.InitializationMetrics' [C:\Users\bsval\terrafusion_os_1.0\backend\src\TerraFusion.Consciousness\TerraFusion.Consciousness.csproj]
C:\Users\bsval\terrafusion_os_1.0\backend\src\TerraFusion.Consciousness\DTOs\ConsciousnessDTOs.cs(200,30): warning CS1591: Missing XML comment for publicly visible type or member 'MillionAgentScalingResultDto.Success' [C:\Users\bsval\terrafusion_os_1.0\backend\src\TerraFusion.Consciousness\TerraFusion.Consciousness.csproj]
C:\Users\bsval\terrafusion_os_1.0\backend\src\TerraFusion.Consciousness\DTOs\ConsciousnessDTOs.cs(201,29): warning CS1591: Missing XML comment for publicly visible type or member 'MillionAgentScalingResultDto.CurrentAgentCount' [C:\Users\bsval\terrafusion_os_1.0\backend\src\TerraFusion.Consciousness\TerraFusion.Consciousness.csproj]
C:\Users\bsval\terrafusion_os_1.0\backend\src\TerraFusion.Consciousness\DTOs\ConsciousnessDTOs.cs(202,29): warning CS1591: Missing XML comment for publicly visible type or member 'MillionAgentScalingResultDto.TargetAgentCount' [C:\Users\bsval\terrafusion_os_1.0\backend\src\TerraFusion.Consciousness\TerraFusion.Consciousness.csproj]
C:\Users\bsval\terrafusion_os_1.0\backend\src\TerraFusion.Consciousness\DTOs\ConsciousnessDTOs.cs(203,33): warning CS1591: Missing XML comment for publicly visible type or member 'MillionAgentScalingResultDto.ScalingProgress' [C:\Users\bsval\terrafusion_os_1.0\backend\src\TerraFusion.Consciousness\TerraFusion.Consciousness.csproj]
C:\Users\bsval\terrafusion_os_1.0\backend\src\TerraFusion.Consciousness\DTOs\ConsciousnessDTOs.cs(204,34): warning CS1591: Missing XML comment for publicly visible type or member 'MillionAgentScalingResultDto.EstimatedTimeRemaining' [C:\Users\bsval\terrafusion_os_1.0\backend\src\TerraFusion.Consciousness\TerraFusion.Consciousness.csproj]
C:\Users\bsval\terrafusion_os_1.0\backend\src\TerraFusion.Consciousness\DTOs\ConsciousnessDTOs.cs(205,29): warning CS1591: Missing XML comment for publicly visible type or member 'MillionAgentScalingResultDto.ScalingMessages' [C:\Users\bsval\terrafusion_os_1.0\backend\src\TerraFusion.Consciousness\TerraFusion.Consciousness.csproj]
C:\Users\bsval\terrafusion_os_1.0\backend\src\TerraFusion.Consciousness\DTOs\ConsciousnessDTOs.cs(206,43): warning CS1591: Missing XML comment for publicly visible type or member 'MillionAgentScalingResultDto.ScalingMetrics' [C:\Users\bsval\terrafusion_os_1.0\backend\src\TerraFusion.Consciousness\TerraFusion.Consciousness.csproj]
C:\Users\bsval\terrafusion_os_1.0\backend\src\TerraFusion.Consciousness\DTOs\ConsciousnessDTOs.cs(214,23): warning CS1591: Missing XML comment for publicly visible type or member 'CoordinatedOperationRequestDto.OperationId' [C:\Users\bsval\terrafusion_os_1.0\backend\src\TerraFusion.Consciousness\TerraFusion.Consciousness.csproj]
C:\Users\bsval\terrafusion_os_1.0\backend\src\TerraFusion.Consciousness\DTOs\ConsciousnessDTOs.cs(215,32): warning CS1591: Missing XML comment for publicly visible type or member 'CoordinatedOperationRequestDto.OperationType' [C:\Users\bsval\terrafusion_os_1.0\backend\src\TerraFusion.Consciousness\TerraFusion.Consciousness.csproj]
C:\Users\bsval\terrafusion_os_1.0\backend\src\TerraFusion.Consciousness\DTOs\ConsciousnessDTOs.cs(216,29): warning CS1591: Missing XML comment for publicly visible type or member 'CoordinatedOperationRequestDto.RequiredAgents' [C:\Users\bsval\terrafusion_os_1.0\backend\src\TerraFusion.Consciousness\TerraFusion.Consciousness.csproj]
C:\Users\bsval\terrafusion_os_1.0\backend\src\TerraFusion.Consciousness\DTOs\ConsciousnessDTOs.cs(217,52): warning CS1591: Missing XML comment for publicly visible type or member 'CoordinatedOperationRequestDto.OperationParameters' [C:\Users\bsval\terrafusion_os_1.0\backend\src\TerraFusion.Consciousness\TerraFusion.Consciousness.csproj]
C:\Users\bsval\terrafusion_os_1.0\backend\src\TerraFusion.Consciousness\DTOs\ConsciousnessDTOs.cs(218,43): warning CS1591: Missing XML comment for publicly visible type or member 'CoordinatedOperationRequestDto.Parameters' [C:\Users\bsval\terrafusion_os_1.0\backend\src\TerraFusion.Consciousness\TerraFusion.Consciousness.csproj]
C:\Users\bsval\terrafusion_os_1.0\backend\src\TerraFusion.Consciousness\DTOs\ConsciousnessDTOs.cs(219,32): warning CS1591: Missing XML comment for publicly visible type or member 'CoordinatedOperationRequestDto.CoordinationStrategy' [C:\Users\bsval\terrafusion_os_1.0\backend\src\TerraFusion.Consciousness\TerraFusion.Consciousness.csproj]
C:\Users\bsval\terrafusion_os_1.0\backend\src\TerraFusion.Consciousness\DTOs\ConsciousnessDTOs.cs(220,23): warning CS1591: Missing XML comment for publicly visible type or member 'CoordinatedOperationRequestDto.Priority' [C:\Users\bsval\terrafusion_os_1.0\backend\src\TerraFusion.Consciousness\TerraFusion.Consciousness.csproj]
C:\Users\bsval\terrafusion_os_1.0\backend\src\TerraFusion.Consciousness\DTOs\ConsciousnessDTOs.cs(221,21): warning CS1591: Missing XML comment for publicly visible type or member 'CoordinatedOperationRequestDto.RequireQuantumCoherence' [C:\Users\bsval\terrafusion_os_1.0\backend\src\TerraFusion.Consciousness\TerraFusion.Consciousness.csproj]
C:\Users\bsval\terrafusion_os_1.0\backend\src\TerraFusion.Consciousness\DTOs\ConsciousnessDTOs.cs(229,30): warning CS1591: Missing XML comment for publicly visible type or member 'MillionAgentOperationResultDto.Success' [C:\Users\bsval\terrafusion_os_1.0\backend\src\TerraFusion.Consciousness\TerraFusion.Consciousness.csproj]
C:\Users\bsval\terrafusion_os_1.0\backend\src\TerraFusion.Consciousness\DTOs\ConsciousnessDTOs.cs(230,32): warning CS1591: Missing XML comment for publicly visible type or member 'MillionAgentOperationResultDto.OperationId' [C:\Users\bsval\terrafusion_os_1.0\backend\src\TerraFusion.Consciousness\TerraFusion.Consciousness.csproj]
C:\Users\bsval\terrafusion_os_1.0\backend\src\TerraFusion.Consciousness\DTOs\ConsciousnessDTOs.cs(231,29): warning CS1591: Missing XML comment for publicly visible type or member 'MillionAgentOperationResultDto.AgentsParticipated' [C:\Users\bsval\terrafusion_os_1.0\backend\src\TerraFusion.Consciousness\TerraFusion.Consciousness.csproj]
C:\Users\bsval\terrafusion_os_1.0\backend\src\TerraFusion.Consciousness\DTOs\ConsciousnessDTOs.cs(232,20): warning CS1591: Missing XML comment for publicly visible type or member 'MillionAgentOperationResultDto.AgentsCoordinated' [C:\Users\bsval\terrafusion_os_1.0\backend\src\TerraFusion.Consciousness\TerraFusion.Consciousness.csproj]
C:\Users\bsval\terrafusion_os_1.0\backend\src\TerraFusion.Consciousness\DTOs\ConsciousnessDTOs.cs(233,34): warning CS1591: Missing XML comment for publicly visible type or member 'MillionAgentOperationResultDto.ExecutionTime' [C:\Users\bsval\terrafusion_os_1.0\backend\src\TerraFusion.Consciousness\TerraFusion.Consciousness.csproj]
C:\Users\bsval\terrafusion_os_1.0\backend\src\TerraFusion.Consciousness\DTOs\ConsciousnessDTOs.cs(234,21): warning CS1591: Missing XML comment for publicly visible type or member 'MillionAgentOperationResultDto.ExecutionTimeMs' [C:\Users\bsval\terrafusion_os_1.0\backend\src\TerraFusion.Consciousness\TerraFusion.Consciousness.csproj]
C:\Users\bsval\terrafusion_os_1.0\backend\src\TerraFusion.Consciousness\DTOs\ConsciousnessDTOs.cs(235,52): warning CS1591: Missing XML comment for publicly visible type or member 'MillionAgentOperationResultDto.OperationResults' [C:\Users\bsval\terrafusion_os_1.0\backend\src\TerraFusion.Consciousness\TerraFusion.Consciousness.csproj]
C:\Users\bsval\terrafusion_os_1.0\backend\src\TerraFusion.Consciousness\DTOs\ConsciousnessDTOs.cs(236,43): warning CS1591: Missing XML comment for publicly visible type or member 'MillionAgentOperationResultDto.Results' [C:\Users\bsval\terrafusion_os_1.0\backend\src\TerraFusion.Consciousness\TerraFusion.Consciousness.csproj]
C:\Users\bsval\terrafusion_os_1.0\backend\src\TerraFusion.Consciousness\DTOs\ConsciousnessDTOs.cs(237,24): warning CS1591: Missing XML comment for publicly visible type or member 'MillionAgentOperationResultDto.QuantumCoherence' [C:\Users\bsval\terrafusion_os_1.0\backend\src\TerraFusion.Consciousness\TerraFusion.Consciousness.csproj]
C:\Users\bsval\terrafusion_os_1.0\backend\src\TerraFusion.Consciousness\DTOs\ConsciousnessDTOs.cs(238,29): warning CS1591: Missing XML comment for publicly visible type or member 'MillionAgentOperationResultDto.OperationMessages' [C:\Users\bsval\terrafusion_os_1.0\backend\src\TerraFusion.Consciousness\TerraFusion.Consciousness.csproj]
C:\Users\bsval\terrafusion_os_1.0\backend\src\TerraFusion.Consciousness\DTOs\ConsciousnessDTOs.cs(239,29): warning CS1591: Missing XML comment for publicly visible type or member 'MillionAgentOperationResultDto.Messages' [C:\Users\bsval\terrafusion_os_1.0\backend\src\TerraFusion.Consciousness\TerraFusion.Consciousness.csproj]
C:\Users\bsval\terrafusion_os_1.0\backend\src\TerraFusion.Consciousness\DTOs\ConsciousnessDTOs.cs(240,43): warning CS1591: Missing XML comment for publicly visible type or member 'MillionAgentOperationResultDto.PerformanceMetrics' [C:\Users\bsval\terrafusion_os_1.0\backend\src\TerraFusion.Consciousness\TerraFusion.Consciousness.csproj]
C:\Users\bsval\terrafusion_os_1.0\backend\src\TerraFusion.Consciousness\DTOs\ConsciousnessDTOs.cs(248,29): warning CS1591: Missing XML comment for publicly visible type or member 'MillionAgentStatusDto.TotalAgents' [C:\Users\bsval\terrafusion_os_1.0\backend\src\TerraFusion.Consciousness\TerraFusion.Consciousness.csproj]
C:\Users\bsval\terrafusion_os_1.0\backend\src\TerraFusion.Consciousness\DTOs\ConsciousnessDTOs.cs(249,29): warning CS1591: Missing XML comment for publicly visible type or member 'MillionAgentStatusDto.ActiveAgents' [C:\Users\bsval\terrafusion_os_1.0\backend\src\TerraFusion.Consciousness\TerraFusion.Consciousness.csproj]
C:\Users\bsval\terrafusion_os_1.0\backend\src\TerraFusion.Consciousness\DTOs\ConsciousnessDTOs.cs(250,29): warning CS1591: Missing XML comment for publicly visible type or member 'MillionAgentStatusDto.IdleAgents' [C:\Users\bsval\terrafusion_os_1.0\backend\src\TerraFusion.Consciousness\TerraFusion.Consciousness.csproj]
C:\Users\bsval\terrafusion_os_1.0\backend\src\TerraFusion.Consciousness\DTOs\ConsciousnessDTOs.cs(251,33): warning CS1591: Missing XML comment for publicly visible type or member 'MillionAgentStatusDto.SystemEfficiency' [C:\Users\bsval\terrafusion_os_1.0\backend\src\TerraFusion.Consciousness\TerraFusion.Consciousness.csproj]
C:\Users\bsval\terrafusion_os_1.0\backend\src\TerraFusion.Consciousness\DTOs\ConsciousnessDTOs.cs(252,33): warning CS1591: Missing XML comment for publicly visible type or member 'MillionAgentStatusDto.QuantumCoherence' [C:\Users\bsval\terrafusion_os_1.0\backend\src\TerraFusion.Consciousness\TerraFusion.Consciousness.csproj]
C:\Users\bsval\terrafusion_os_1.0\backend\src\TerraFusion.Consciousness\DTOs\ConsciousnessDTOs.cs(253,33): warning CS1591: Missing XML comment for publicly visible type or member 'MillionAgentStatusDto.OverallPerformance' [C:\Users\bsval\terrafusion_os_1.0\backend\src\TerraFusion.Consciousness\TerraFusion.Consciousness.csproj]
C:\Users\bsval\terrafusion_os_1.0\backend\src\TerraFusion.Consciousness\DTOs\ConsciousnessDTOs.cs(254,24): warning CS1591: Missing XML comment for publicly visible type or member 'MillionAgentStatusDto.SystemHealthScore' [C:\Users\bsval\terrafusion_os_1.0\backend\src\TerraFusion.Consciousness\TerraFusion.Consciousness.csproj]
C:\Users\bsval\terrafusion_os_1.0\backend\src\TerraFusion.Consciousness\DTOs\ConsciousnessDTOs.cs(255,34): warning CS1591: Missing XML comment for publicly visible type or member 'MillionAgentStatusDto.LastStatusUpdate' [C:\Users\bsval\terrafusion_os_1.0\backend\src\TerraFusion.Consciousness\TerraFusion.Consciousness.csproj]
C:\Users\bsval\terrafusion_os_1.0\backend\src\TerraFusion.Consciousness\DTOs\ConsciousnessDTOs.cs(256,43): warning CS1591: Missing XML comment for publicly visible type or member 'MillionAgentStatusDto.SystemMetrics' [C:\Users\bsval\terrafusion_os_1.0\backend\src\TerraFusion.Consciousness\TerraFusion.Consciousness.csproj]
C:\Users\bsval\terrafusion_os_1.0\backend\src\TerraFusion.Consciousness\DTOs\ConsciousnessDTOs.cs(264,30): warning CS1591: Missing XML comment for publicly visible type or member 'QuantumCoherenceOptimizationResultDto.Success' [C:\Users\bsval\terrafusion_os_1.0\backend\src\TerraFusion.Consciousness\TerraFusion.Consciousness.csproj]
C:\Users\bsval\terrafusion_os_1.0\backend\src\TerraFusion.Consciousness\DTOs\ConsciousnessDTOs.cs(265,33): warning CS1591: Missing XML comment for publicly visible type or member 'QuantumCoherenceOptimizationResultDto.PreviousCoherence' [C:\Users\bsval\terrafusion_os_1.0\backend\src\TerraFusion.Consciousness\TerraFusion.Consciousness.csproj]
C:\Users\bsval\terrafusion_os_1.0\backend\src\TerraFusion.Consciousness\DTOs\ConsciousnessDTOs.cs(266,33): warning CS1591: Missing XML comment for publicly visible type or member 'QuantumCoherenceOptimizationResultDto.CurrentCoherence' [C:\Users\bsval\terrafusion_os_1.0\backend\src\TerraFusion.Consciousness\TerraFusion.Consciousness.csproj]
C:\Users\bsval\terrafusion_os_1.0\backend\src\TerraFusion.Consciousness\DTOs\ConsciousnessDTOs.cs(267,33): warning CS1591: Missing XML comment for publicly visible type or member 'QuantumCoherenceOptimizationResultDto.OptimizationImprovement' [C:\Users\bsval\terrafusion_os_1.0\backend\src\TerraFusion.Consciousness\TerraFusion.Consciousness.csproj]
C:\Users\bsval\terrafusion_os_1.0\backend\src\TerraFusion.Consciousness\DTOs\ConsciousnessDTOs.cs(268,34): warning CS1591: Missing XML comment for publicly visible type or member 'QuantumCoherenceOptimizationResultDto.OptimizationTime' [C:\Users\bsval\terrafusion_os_1.0\backend\src\TerraFusion.Consciousness\TerraFusion.Consciousness.csproj]
C:\Users\bsval\terrafusion_os_1.0\backend\src\TerraFusion.Consciousness\DTOs\ConsciousnessDTOs.cs(269,29): warning CS1591: Missing XML comment for publicly visible type or member 'QuantumCoherenceOptimizationResultDto.OptimizationActions' [C:\Users\bsval\terrafusion_os_1.0\backend\src\TerraFusion.Consciousness\TerraFusion.Consciousness.csproj]
C:\Users\bsval\terrafusion_os_1.0\backend\src\TerraFusion.Consciousness\DTOs\ConsciousnessDTOs.cs(270,43): warning CS1591: Missing XML comment for publicly visible type or member 'QuantumCoherenceOptimizationResultDto.OptimizationMetrics' [C:\Users\bsval\terrafusion_os_1.0\backend\src\TerraFusion.Consciousness\TerraFusion.Consciousness.csproj]
C:\Users\bsval\terrafusion_os_1.0\backend\src\TerraFusion.Consciousness\DTOs\ConsciousnessDTOs.cs(280,30): warning CS1591: Missing XML comment for publicly visible type or member 'QuantumSecurityInitializationResultDto.Success' [C:\Users\bsval\terrafusion_os_1.0\backend\src\TerraFusion.Consciousness\TerraFusion.Consciousness.csproj]
C:\Users\bsval\terrafusion_os_1.0\backend\src\TerraFusion.Consciousness\DTOs\ConsciousnessDTOs.cs(281,32): warning CS1591: Missing XML comment for publicly visible type or member 'QuantumSecurityInitializationResultDto.SecurityLevel' [C:\Users\bsval\terrafusion_os_1.0\backend\src\TerraFusion.Consciousness\TerraFusion.Consciousness.csproj]
C:\Users\bsval\terrafusion_os_1.0\backend\src\TerraFusion.Consciousness\DTOs\ConsciousnessDTOs.cs(282,30): warning CS1591: Missing XML comment for publicly visible type or member 'QuantumSecurityInitializationResultDto.QuantumEncryptionEnabled' [C:\Users\bsval\terrafusion_os_1.0\backend\src\TerraFusion.Consciousness\TerraFusion.Consciousness.csproj]
C:\Users\bsval\terrafusion_os_1.0\backend\src\TerraFusion.Consciousness\DTOs\ConsciousnessDTOs.cs(283,30): warning CS1591: Missing XML comment for publicly visible type or member 'QuantumSecurityInitializationResultDto.QuantumKeyDistributionEnabled' [C:\Users\bsval\terrafusion_os_1.0\backend\src\TerraFusion.Consciousness\TerraFusion.Consciousness.csproj]
C:\Users\bsval\terrafusion_os_1.0\backend\src\TerraFusion.Consciousness\DTOs\ConsciousnessDTOs.cs(284,34): warning CS1591: Missing XML comment for publicly visible type or member 'QuantumSecurityInitializationResultDto.InitializationTime' [C:\Users\bsval\terrafusion_os_1.0\backend\src\TerraFusion.Consciousness\TerraFusion.Consciousness.csproj]
C:\Users\bsval\terrafusion_os_1.0\backend\src\TerraFusion.Consciousness\DTOs\ConsciousnessDTOs.cs(285,29): warning CS1591: Missing XML comment for publicly visible type or member 'QuantumSecurityInitializationResultDto.InitializationMessages' [C:\Users\bsval\terrafusion_os_1.0\backend\src\TerraFusion.Consciousness\TerraFusion.Consciousness.csproj]
C:\Users\bsval\terrafusion_os_1.0\backend\src\TerraFusion.Consciousness\DTOs\ConsciousnessDTOs.cs(293,30): warning CS1591: Missing XML comment for publicly visible type or member 'QuantumSecurityDeploymentResultDto.Success' [C:\Users\bsval\terrafusion_os_1.0\backend\src\TerraFusion.Consciousness\TerraFusion.Consciousness.csproj]
C:\Users\bsval\terrafusion_os_1.0\backend\src\TerraFusion.Consciousness\DTOs\ConsciousnessDTOs.cs(294,29): warning CS1591: Missing XML comment for publicly visible type or member 'QuantumSecurityDeploymentResultDto.AgentsSecured' [C:\Users\bsval\terrafusion_os_1.0\backend\src\TerraFusion.Consciousness\TerraFusion.Consciousness.csproj]
C:\Users\bsval\terrafusion_os_1.0\backend\src\TerraFusion.Consciousness\DTOs\ConsciousnessDTOs.cs(295,33): warning CS1591: Missing XML comment for publicly visible type or member 'QuantumSecurityDeploymentResultDto.DeploymentProgress' [C:\Users\bsval\terrafusion_os_1.0\backend\src\TerraFusion.Consciousness\TerraFusion.Consciousness.csproj]
C:\Users\bsval\terrafusion_os_1.0\backend\src\TerraFusion.Consciousness\DTOs\ConsciousnessDTOs.cs(296,34): warning CS1591: Missing XML comment for publicly visible type or member 'QuantumSecurityDeploymentResultDto.DeploymentTime' [C:\Users\bsval\terrafusion_os_1.0\backend\src\TerraFusion.Consciousness\TerraFusion.Consciousness.csproj]
C:\Users\bsval\terrafusion_os_1.0\backend\src\TerraFusion.Consciousness\DTOs\ConsciousnessDTOs.cs(297,29): warning CS1591: Missing XML comment for publicly visible type or member 'QuantumSecurityDeploymentResultDto.DeploymentMessages' [C:\Users\bsval\terrafusion_os_1.0\backend\src\TerraFusion.Consciousness\TerraFusion.Consciousness.csproj]
C:\Users\bsval\terrafusion_os_1.0\backend\src\TerraFusion.Consciousness\DTOs\ConsciousnessDTOs.cs(305,29): warning CS1591: Missing XML comment for publicly visible type or member 'QuantumThreatMonitoringResultDto.ActiveThreats' [C:\Users\bsval\terrafusion_os_1.0\backend\src\TerraFusion.Consciousness\TerraFusion.Consciousness.csproj]
C:\Users\bsval\terrafusion_os_1.0\backend\src\TerraFusion.Consciousness\DTOs\ConsciousnessDTOs.cs(306,29): warning CS1591: Missing XML comment for publicly visible type or member 'QuantumThreatMonitoringResultDto.ThreatsBlocked' [C:\Users\bsval\terrafusion_os_1.0\backend\src\TerraFusion.Consciousness\TerraFusion.Consciousness.csproj]
C:\Users\bsval\terrafusion_os_1.0\backend\src\TerraFusion.Consciousness\DTOs\ConsciousnessDTOs.cs(307,33): warning CS1591: Missing XML comment for publicly visible type or member 'QuantumThreatMonitoringResultDto.ThreatLevel' [C:\Users\bsval\terrafusion_os_1.0\backend\src\TerraFusion.Consciousness\TerraFusion.Consciousness.csproj]
C:\Users\bsval\terrafusion_os_1.0\backend\src\TerraFusion.Consciousness\DTOs\ConsciousnessDTOs.cs(308,34): warning CS1591: Missing XML comment for publicly visible type or member 'QuantumThreatMonitoringResultDto.LastScan' [C:\Users\bsval\terrafusion_os_1.0\backend\src\TerraFusion.Consciousness\TerraFusion.Consciousness.csproj]
C:\Users\bsval\terrafusion_os_1.0\backend\src\TerraFusion.Consciousness\DTOs\ConsciousnessDTOs.cs(309,29): warning CS1591: Missing XML comment for publicly visible type or member 'QuantumThreatMonitoringResultDto.ThreatAlerts' [C:\Users\bsval\terrafusion_os_1.0\backend\src\TerraFusion.Consciousness\TerraFusion.Consciousness.csproj]
C:\Users\bsval\terrafusion_os_1.0\backend\src\TerraFusion.Consciousness\DTOs\ConsciousnessDTOs.cs(310,43): warning CS1591: Missing XML comment for publicly visible type or member 'QuantumThreatMonitoringResultDto.ThreatMetrics' [C:\Users\bsval\terrafusion_os_1.0\backend\src\TerraFusion.Consciousness\TerraFusion.Consciousness.csproj]
C:\Users\bsval\terrafusion_os_1.0\backend\src\TerraFusion.Consciousness\DTOs\ConsciousnessDTOs.cs(318,30): warning CS1591: Missing XML comment for publicly visible type or member 'SecurityComplianceResultDto.IsCompliant' [C:\Users\bsval\terrafusion_os_1.0\backend\src\TerraFusion.Consciousness\TerraFusion.Consciousness.csproj]
C:\Users\bsval\terrafusion_os_1.0\backend\src\TerraFusion.Consciousness\DTOs\ConsciousnessDTOs.cs(319,33): warning CS1591: Missing XML comment for publicly visible type or member 'SecurityComplianceResultDto.ComplianceScore' [C:\Users\bsval\terrafusion_os_1.0\backend\src\TerraFusion.Consciousness\TerraFusion.Consciousness.csproj]
C:\Users\bsval\terrafusion_os_1.0\backend\src\TerraFusion.Consciousness\DTOs\ConsciousnessDTOs.cs(320,34): warning CS1591: Missing XML comment for publicly visible type or member 'SecurityComplianceResultDto.LastAudit' [C:\Users\bsval\terrafusion_os_1.0\backend\src\TerraFusion.Consciousness\TerraFusion.Consciousness.csproj]
C:\Users\bsval\terrafusion_os_1.0\backend\src\TerraFusion.Consciousness\DTOs\ConsciousnessDTOs.cs(321,29): warning CS1591: Missing XML comment for publicly visible type or member 'SecurityComplianceResultDto.ComplianceIssues' [C:\Users\bsval\terrafusion_os_1.0\backend\src\TerraFusion.Consciousness\TerraFusion.Consciousness.csproj]
C:\Users\bsval\terrafusion_os_1.0\backend\src\TerraFusion.Consciousness\DTOs\ConsciousnessDTOs.cs(322,43): warning CS1591: Missing XML comment for publicly visible type or member 'SecurityComplianceResultDto.ComplianceDetails' [C:\Users\bsval\terrafusion_os_1.0\backend\src\TerraFusion.Consciousness\TerraFusion.Consciousness.csproj]
C:\Users\bsval\terrafusion_os_1.0\backend\src\TerraFusion.Consciousness\DTOs\ConsciousnessDTOs.cs(330,32): warning CS1591: Missing XML comment for publicly visible type or member 'SecurityIncidentDto.IncidentId' [C:\Users\bsval\terrafusion_os_1.0\backend\src\TerraFusion.Consciousness\TerraFusion.Consciousness.csproj]
C:\Users\bsval\terrafusion_os_1.0\backend\src\TerraFusion.Consciousness\DTOs\ConsciousnessDTOs.cs(331,32): warning CS1591: Missing XML comment for publicly visible type or member 'SecurityIncidentDto.IncidentType' [C:\Users\bsval\terrafusion_os_1.0\backend\src\TerraFusion.Consciousness\TerraFusion.Consciousness.csproj]
C:\Users\bsval\terrafusion_os_1.0\backend\src\TerraFusion.Consciousness\DTOs\ConsciousnessDTOs.cs(332,32): warning CS1591: Missing XML comment for publicly visible type or member 'SecurityIncidentDto.Severity' [C:\Users\bsval\terrafusion_os_1.0\backend\src\TerraFusion.Consciousness\TerraFusion.Consciousness.csproj]
C:\Users\bsval\terrafusion_os_1.0\backend\src\TerraFusion.Consciousness\DTOs\ConsciousnessDTOs.cs(333,34): warning CS1591: Missing XML comment for publicly visible type or member 'SecurityIncidentDto.OccurredAt' [C:\Users\bsval\terrafusion_os_1.0\backend\src\TerraFusion.Consciousness\TerraFusion.Consciousness.csproj]
C:\Users\bsval\terrafusion_os_1.0\backend\src\TerraFusion.Consciousness\DTOs\ConsciousnessDTOs.cs(334,32): warning CS1591: Missing XML comment for publicly visible type or member 'SecurityIncidentDto.Description' [C:\Users\bsval\terrafusion_os_1.0\backend\src\TerraFusion.Consciousness\TerraFusion.Consciousness.csproj]
C:\Users\bsval\terrafusion_os_1.0\backend\src\TerraFusion.Consciousness\DTOs\ConsciousnessDTOs.cs(335,43): warning CS1591: Missing XML comment for publicly visible type or member 'SecurityIncidentDto.IncidentData' [C:\Users\bsval\terrafusion_os_1.0\backend\src\TerraFusion.Consciousness\TerraFusion.Consciousness.csproj]
C:\Users\bsval\terrafusion_os_1.0\backend\src\TerraFusion.Consciousness\DTOs\ConsciousnessDTOs.cs(343,32): warning CS1591: Missing XML comment for publicly visible type or member 'SecurityIncidentResponseDto.ResponseId' [C:\Users\bsval\terrafusion_os_1.0\backend\src\TerraFusion.Consciousness\TerraFusion.Consciousness.csproj]
C:\Users\bsval\terrafusion_os_1.0\backend\src\TerraFusion.Consciousness\DTOs\ConsciousnessDTOs.cs(344,32): warning CS1591: Missing XML comment for publicly visible type or member 'SecurityIncidentResponseDto.IncidentId' [C:\Users\bsval\terrafusion_os_1.0\backend\src\TerraFusion.Consciousness\TerraFusion.Consciousness.csproj]
C:\Users\bsval\terrafusion_os_1.0\backend\src\TerraFusion.Consciousness\DTOs\ConsciousnessDTOs.cs(345,32): warning CS1591: Missing XML comment for publicly visible type or member 'SecurityIncidentResponseDto.ResponseStatus' [C:\Users\bsval\terrafusion_os_1.0\backend\src\TerraFusion.Consciousness\TerraFusion.Consciousness.csproj]
C:\Users\bsval\terrafusion_os_1.0\backend\src\TerraFusion.Consciousness\DTOs\ConsciousnessDTOs.cs(346,34): warning CS1591: Missing XML comment for publicly visible type or member 'SecurityIncidentResponseDto.ResponseTime' [C:\Users\bsval\terrafusion_os_1.0\backend\src\TerraFusion.Consciousness\TerraFusion.Consciousness.csproj]
C:\Users\bsval\terrafusion_os_1.0\backend\src\TerraFusion.Consciousness\DTOs\ConsciousnessDTOs.cs(347,38): warning CS1591: Missing XML comment for publicly visible type or member 'SecurityIncidentResponseDto.ActionsExecuted' [C:\Users\bsval\terrafusion_os_1.0\backend\src\TerraFusion.Consciousness\TerraFusion.Consciousness.csproj]
C:\Users\bsval\terrafusion_os_1.0\backend\src\TerraFusion.Consciousness\DTOs\ConsciousnessDTOs.cs(348,30): warning CS1591: Missing XML comment for publicly visible type or member 'SecurityIncidentResponseDto.IncidentResolved' [C:\Users\bsval\terrafusion_os_1.0\backend\src\TerraFusion.Consciousness\TerraFusion.Consciousness.csproj]
C:\Users\bsval\terrafusion_os_1.0\backend\src\TerraFusion.Consciousness\DTOs\ConsciousnessDTOs.cs(349,43): warning CS1591: Missing XML comment for publicly visible type or member 'SecurityIncidentResponseDto.ResponseDetails' [C:\Users\bsval\terrafusion_os_1.0\backend\src\TerraFusion.Consciousness\TerraFusion.Consciousness.csproj]
C:\Users\bsval\terrafusion_os_1.0\backend\src\TerraFusion.Consciousness\DTOs\ConsciousnessDTOs.cs(359,30): warning CS1591: Missing XML comment for publicly visible type or member 'BentonCountyInitializationResultDto.Success' [C:\Users\bsval\terrafusion_os_1.0\backend\src\TerraFusion.Consciousness\TerraFusion.Consciousness.csproj]
C:\Users\bsval\terrafusion_os_1.0\backend\src\TerraFusion.Consciousness\DTOs\ConsciousnessDTOs.cs(360,32): warning CS1591: Missing XML comment for publicly visible type or member 'BentonCountyInitializationResultDto.ConnectionStatus' [C:\Users\bsval\terrafusion_os_1.0\backend\src\TerraFusion.Consciousness\TerraFusion.Consciousness.csproj]
C:\Users\bsval\terrafusion_os_1.0\backend\src\TerraFusion.Consciousness\DTOs\ConsciousnessDTOs.cs(361,34): warning CS1591: Missing XML comment for publicly visible type or member 'BentonCountyInitializationResultDto.LastSync' [C:\Users\bsval\terrafusion_os_1.0\backend\src\TerraFusion.Consciousness\TerraFusion.Consciousness.csproj]
C:\Users\bsval\terrafusion_os_1.0\backend\src\TerraFusion.Consciousness\DTOs\ConsciousnessDTOs.cs(362,29): warning CS1591: Missing XML comment for publicly visible type or member 'BentonCountyInitializationResultDto.AvailableDataSources' [C:\Users\bsval\terrafusion_os_1.0\backend\src\TerraFusion.Consciousness\TerraFusion.Consciousness.csproj]
C:\Users\bsval\terrafusion_os_1.0\backend\src\TerraFusion.Consciousness\DTOs\ConsciousnessDTOs.cs(363,29): warning CS1591: Missing XML comment for publicly visible type or member 'BentonCountyInitializationResultDto.InitializationMessages' [C:\Users\bsval\terrafusion_os_1.0\backend\src\TerraFusion.Consciousness\TerraFusion.Consciousness.csproj]
C:\Users\bsval\terrafusion_os_1.0\backend\src\TerraFusion.Consciousness\DTOs\ConsciousnessDTOs.cs(371,24): warning CS1591: Missing XML comment for publicly visible type or member 'PropertyDataRequestDto.PropertyId' [C:\Users\bsval\terrafusion_os_1.0\backend\src\TerraFusion.Consciousness\TerraFusion.Consciousness.csproj]
C:\Users\bsval\terrafusion_os_1.0\backend\src\TerraFusion.Consciousness\DTOs\ConsciousnessDTOs.cs(372,24): warning CS1591: Missing XML comment for publicly visible type or member 'PropertyDataRequestDto.Address' [C:\Users\bsval\terrafusion_os_1.0\backend\src\TerraFusion.Consciousness\TerraFusion.Consciousness.csproj]
C:\Users\bsval\terrafusion_os_1.0\backend\src\TerraFusion.Consciousness\DTOs\ConsciousnessDTOs.cs(373,24): warning CS1591: Missing XML comment for publicly visible type or member 'PropertyDataRequestDto.ParcelNumber' [C:\Users\bsval\terrafusion_os_1.0\backend\src\TerraFusion.Consciousness\TerraFusion.Consciousness.csproj]
C:\Users\bsval\terrafusion_os_1.0\backend\src\TerraFusion.Consciousness\DTOs\ConsciousnessDTOs.cs(374,26): warning CS1591: Missing XML comment for publicly visible type or member 'PropertyDataRequestDto.AssessmentDate' [C:\Users\bsval\terrafusion_os_1.0\backend\src\TerraFusion.Consciousness\TerraFusion.Consciousness.csproj]
C:\Users\bsval\terrafusion_os_1.0\backend\src\TerraFusion.Consciousness\DTOs\ConsciousnessDTOs.cs(375,43): warning CS1591: Missing XML comment for publicly visible type or member 'PropertyDataRequestDto.FilterCriteria' [C:\Users\bsval\terrafusion_os_1.0\backend\src\TerraFusion.Consciousness\TerraFusion.Consciousness.csproj]
C:\Users\bsval\terrafusion_os_1.0\backend\src\TerraFusion.Consciousness\DTOs\ConsciousnessDTOs.cs(383,56): warning CS1591: Missing XML comment for publicly visible type or member 'PropertyAssessmentDataDto.Properties' [C:\Users\bsval\terrafusion_os_1.0\backend\src\TerraFusion.Consciousness\TerraFusion.Consciousness.csproj]
C:\Users\bsval\terrafusion_os_1.0\backend\src\TerraFusion.Consciousness\DTOs\ConsciousnessDTOs.cs(384,29): warning CS1591: Missing XML comment for publicly visible type or member 'PropertyAssessmentDataDto.TotalRecords' [C:\Users\bsval\terrafusion_os_1.0\backend\src\TerraFusion.Consciousness\TerraFusion.Consciousness.csproj]
C:\Users\bsval\terrafusion_os_1.0\backend\src\TerraFusion.Consciousness\DTOs\ConsciousnessDTOs.cs(385,34): warning CS1591: Missing XML comment for publicly visible type or member 'PropertyAssessmentDataDto.DataAsOf' [C:\Users\bsval\terrafusion_os_1.0\backend\src\TerraFusion.Consciousness\TerraFusion.Consciousness.csproj]
C:\Users\bsval\terrafusion_os_1.0\backend\src\TerraFusion.Consciousness\DTOs\ConsciousnessDTOs.cs(386,43): warning CS1591: Missing XML comment for publicly visible type or member 'PropertyAssessmentDataDto.AssessmentMetrics' [C:\Users\bsval\terrafusion_os_1.0\backend\src\TerraFusion.Consciousness\TerraFusion.Consciousness.csproj]
C:\Users\bsval\terrafusion_os_1.0\backend\src\TerraFusion.Consciousness\DTOs\ConsciousnessDTOs.cs(394,32): warning CS1591: Missing XML comment for publicly visible type or member 'PropertyAssessmentRecord.PropertyId' [C:\Users\bsval\terrafusion_os_1.0\backend\src\TerraFusion.Consciousness\TerraFusion.Consciousness.csproj]
C:\Users\bsval\terrafusion_os_1.0\backend\src\TerraFusion.Consciousness\DTOs\ConsciousnessDTOs.cs(395,32): warning CS1591: Missing XML comment for publicly visible type or member 'PropertyAssessmentRecord.ParcelNumber' [C:\Users\bsval\terrafusion_os_1.0\backend\src\TerraFusion.Consciousness\TerraFusion.Consciousness.csproj]
C:\Users\bsval\terrafusion_os_1.0\backend\src\TerraFusion.Consciousness\DTOs\ConsciousnessDTOs.cs(396,32): warning CS1591: Missing XML comment for publicly visible type or member 'PropertyAssessmentRecord.Address' [C:\Users\bsval\terrafusion_os_1.0\backend\src\TerraFusion.Consciousness\TerraFusion.Consciousness.csproj]
C:\Users\bsval\terrafusion_os_1.0\backend\src\TerraFusion.Consciousness\DTOs\ConsciousnessDTOs.cs(397,33): warning CS1591: Missing XML comment for publicly visible type or member 'PropertyAssessmentRecord.AssessedValue' [C:\Users\bsval\terrafusion_os_1.0\backend\src\TerraFusion.Consciousness\TerraFusion.Consciousness.csproj]
C:\Users\bsval\terrafusion_os_1.0\backend\src\TerraFusion.Consciousness\DTOs\ConsciousnessDTOs.cs(398,33): warning CS1591: Missing XML comment for publicly visible type or member 'PropertyAssessmentRecord.MarketValue' [C:\Users\bsval\terrafusion_os_1.0\backend\src\TerraFusion.Consciousness\TerraFusion.Consciousness.csproj]
C:\Users\bsval\terrafusion_os_1.0\backend\src\TerraFusion.Consciousness\DTOs\ConsciousnessDTOs.cs(399,34): warning CS1591: Missing XML comment for publicly visible type or member 'PropertyAssessmentRecord.AssessmentDate' [C:\Users\bsval\terrafusion_os_1.0\backend\src\TerraFusion.Consciousness\TerraFusion.Consciousness.csproj]
C:\Users\bsval\terrafusion_os_1.0\backend\src\TerraFusion.Consciousness\DTOs\ConsciousnessDTOs.cs(400,32): warning CS1591: Missing XML comment for publicly visible type or member 'PropertyAssessmentRecord.PropertyType' [C:\Users\bsval\terrafusion_os_1.0\backend\src\TerraFusion.Consciousness\TerraFusion.Consciousness.csproj]
C:\Users\bsval\terrafusion_os_1.0\backend\src\TerraFusion.Consciousness\DTOs\ConsciousnessDTOs.cs(401,43): warning CS1591: Missing XML comment for publicly visible type or member 'PropertyAssessmentRecord.AdditionalData' [C:\Users\bsval\terrafusion_os_1.0\backend\src\TerraFusion.Consciousness\TerraFusion.Consciousness.csproj]
C:\Users\bsval\terrafusion_os_1.0\backend\src\TerraFusion.Consciousness\DTOs\ConsciousnessDTOs.cs(409,24): warning CS1591: Missing XML comment for publicly visible type or member 'CitizenServicesRequestDto.ServiceType' [C:\Users\bsval\terrafusion_os_1.0\backend\src\TerraFusion.Consciousness\TerraFusion.Consciousness.csproj]
C:\Users\bsval\terrafusion_os_1.0\backend\src\TerraFusion.Consciousness\DTOs\ConsciousnessDTOs.cs(410,24): warning CS1591: Missing XML comment for publicly visible type or member 'CitizenServicesRequestDto.CitizenId' [C:\Users\bsval\terrafusion_os_1.0\backend\src\TerraFusion.Consciousness\TerraFusion.Consciousness.csproj]
C:\Users\bsval\terrafusion_os_1.0\backend\src\TerraFusion.Consciousness\DTOs\ConsciousnessDTOs.cs(411,26): warning CS1591: Missing XML comment for publicly visible type or member 'CitizenServicesRequestDto.RequestDate' [C:\Users\bsval\terrafusion_os_1.0\backend\src\TerraFusion.Consciousness\TerraFusion.Consciousness.csproj]
C:\Users\bsval\terrafusion_os_1.0\backend\src\TerraFusion.Consciousness\DTOs\ConsciousnessDTOs.cs(412,43): warning CS1591: Missing XML comment for publicly visible type or member 'CitizenServicesRequestDto.RequestParameters' [C:\Users\bsval\terrafusion_os_1.0\backend\src\TerraFusion.Consciousness\TerraFusion.Consciousness.csproj]
C:\Users\bsval\terrafusion_os_1.0\backend\src\TerraFusion.Consciousness\DTOs\ConsciousnessDTOs.cs(420,52): warning CS1591: Missing XML comment for publicly visible type or member 'CitizenServicesDataDto.ServiceRecords' [C:\Users\bsval\terrafusion_os_1.0\backend\src\TerraFusion.Consciousness\TerraFusion.Consciousness.csproj]
C:\Users\bsval\terrafusion_os_1.0\backend\src\TerraFusion.Consciousness\DTOs\ConsciousnessDTOs.cs(421,29): warning CS1591: Missing XML comment for publicly visible type or member 'CitizenServicesDataDto.TotalRecords' [C:\Users\bsval\terrafusion_os_1.0\backend\src\TerraFusion.Consciousness\TerraFusion.Consciousness.csproj]
C:\Users\bsval\terrafusion_os_1.0\backend\src\TerraFusion.Consciousness\DTOs\ConsciousnessDTOs.cs(422,34): warning CS1591: Missing XML comment for publicly visible type or member 'CitizenServicesDataDto.DataAsOf' [C:\Users\bsval\terrafusion_os_1.0\backend\src\TerraFusion.Consciousness\TerraFusion.Consciousness.csproj]
C:\Users\bsval\terrafusion_os_1.0\backend\src\TerraFusion.Consciousness\DTOs\ConsciousnessDTOs.cs(423,43): warning CS1591: Missing XML comment for publicly visible type or member 'CitizenServicesDataDto.ServiceMetrics' [C:\Users\bsval\terrafusion_os_1.0\backend\src\TerraFusion.Consciousness\TerraFusion.Consciousness.csproj]
C:\Users\bsval\terrafusion_os_1.0\backend\src\TerraFusion.Consciousness\DTOs\ConsciousnessDTOs.cs(431,32): warning CS1591: Missing XML comment for publicly visible type or member 'CitizenServiceRecord.ServiceId' [C:\Users\bsval\terrafusion_os_1.0\backend\src\TerraFusion.Consciousness\TerraFusion.Consciousness.csproj]
C:\Users\bsval\terrafusion_os_1.0\backend\src\TerraFusion.Consciousness\DTOs\ConsciousnessDTOs.cs(432,32): warning CS1591: Missing XML comment for publicly visible type or member 'CitizenServiceRecord.ServiceType' [C:\Users\bsval\terrafusion_os_1.0\backend\src\TerraFusion.Consciousness\TerraFusion.Consciousness.csproj]
C:\Users\bsval\terrafusion_os_1.0\backend\src\TerraFusion.Consciousness\DTOs\ConsciousnessDTOs.cs(433,32): warning CS1591: Missing XML comment for publicly visible type or member 'CitizenServiceRecord.Status' [C:\Users\bsval\terrafusion_os_1.0\backend\src\TerraFusion.Consciousness\TerraFusion.Consciousness.csproj]
C:\Users\bsval\terrafusion_os_1.0\backend\src\TerraFusion.Consciousness\DTOs\ConsciousnessDTOs.cs(434,34): warning CS1591: Missing XML comment for publicly visible type or member 'CitizenServiceRecord.RequestDate' [C:\Users\bsval\terrafusion_os_1.0\backend\src\TerraFusion.Consciousness\TerraFusion.Consciousness.csproj]
C:\Users\bsval\terrafusion_os_1.0\backend\src\TerraFusion.Consciousness\DTOs\ConsciousnessDTOs.cs(435,26): warning CS1591: Missing XML comment for publicly visible type or member 'CitizenServiceRecord.CompletionDate' [C:\Users\bsval\terrafusion_os_1.0\backend\src\TerraFusion.Consciousness\TerraFusion.Consciousness.csproj]
C:\Users\bsval\terrafusion_os_1.0\backend\src\TerraFusion.Consciousness\DTOs\ConsciousnessDTOs.cs(436,43): warning CS1591: Missing XML comment for publicly visible type or member 'CitizenServiceRecord.ServiceData' [C:\Users\bsval\terrafusion_os_1.0\backend\src\TerraFusion.Consciousness\TerraFusion.Consciousness.csproj]
C:\Users\bsval\terrafusion_os_1.0\backend\src\TerraFusion.Consciousness\DTOs\ConsciousnessDTOs.cs(444,24): warning CS1591: Missing XML comment for publicly visible type or member 'EmergencyDataRequestDto.EmergencyType' [C:\Users\bsval\terrafusion_os_1.0\backend\src\TerraFusion.Consciousness\TerraFusion.Consciousness.csproj]
C:\Users\bsval\terrafusion_os_1.0\backend\src\TerraFusion.Consciousness\DTOs\ConsciousnessDTOs.cs(445,26): warning CS1591: Missing XML comment for publicly visible type or member 'EmergencyDataRequestDto.StartDate' [C:\Users\bsval\terrafusion_os_1.0\backend\src\TerraFusion.Consciousness\TerraFusion.Consciousness.csproj]
C:\Users\bsval\terrafusion_os_1.0\backend\src\TerraFusion.Consciousness\DTOs\ConsciousnessDTOs.cs(446,26): warning CS1591: Missing XML comment for publicly visible type or member 'EmergencyDataRequestDto.EndDate' [C:\Users\bsval\terrafusion_os_1.0\backend\src\TerraFusion.Consciousness\TerraFusion.Consciousness.csproj]
C:\Users\bsval\terrafusion_os_1.0\backend\src\TerraFusion.Consciousness\DTOs\ConsciousnessDTOs.cs(447,24): warning CS1591: Missing XML comment for publicly visible type or member 'EmergencyDataRequestDto.Severity' [C:\Users\bsval\terrafusion_os_1.0\backend\src\TerraFusion.Consciousness\TerraFusion.Consciousness.csproj]
C:\Users\bsval\terrafusion_os_1.0\backend\src\TerraFusion.Consciousness\DTOs\ConsciousnessDTOs.cs(448,43): warning CS1591: Missing XML comment for publicly visible type or member 'EmergencyDataRequestDto.FilterCriteria' [C:\Users\bsval\terrafusion_os_1.0\backend\src\TerraFusion.Consciousness\TerraFusion.Consciousness.csproj]
C:\Users\bsval\terrafusion_os_1.0\backend\src\TerraFusion.Consciousness\DTOs\ConsciousnessDTOs.cs(456,47): warning CS1591: Missing XML comment for publicly visible type or member 'EmergencyResponseDataDto.EmergencyRecords' [C:\Users\bsval\terrafusion_os_1.0\backend\src\TerraFusion.Consciousness\TerraFusion.Consciousness.csproj]
C:\Users\bsval\terrafusion_os_1.0\backend\src\TerraFusion.Consciousness\DTOs\ConsciousnessDTOs.cs(457,29): warning CS1591: Missing XML comment for publicly visible type or member 'EmergencyResponseDataDto.TotalRecords' [C:\Users\bsval\terrafusion_os_1.0\backend\src\TerraFusion.Consciousness\TerraFusion.Consciousness.csproj]
C:\Users\bsval\terrafusion_os_1.0\backend\src\TerraFusion.Consciousness\DTOs\ConsciousnessDTOs.cs(458,34): warning CS1591: Missing XML comment for publicly visible type or member 'EmergencyResponseDataDto.DataAsOf' [C:\Users\bsval\terrafusion_os_1.0\backend\src\TerraFusion.Consciousness\TerraFusion.Consciousness.csproj]
C:\Users\bsval\terrafusion_os_1.0\backend\src\TerraFusion.Consciousness\DTOs\ConsciousnessDTOs.cs(459,43): warning CS1591: Missing XML comment for publicly visible type or member 'EmergencyResponseDataDto.EmergencyMetrics' [C:\Users\bsval\terrafusion_os_1.0\backend\src\TerraFusion.Consciousness\TerraFusion.Consciousness.csproj]
C:\Users\bsval\terrafusion_os_1.0\backend\src\TerraFusion.Consciousness\DTOs\ConsciousnessDTOs.cs(467,32): warning CS1591: Missing XML comment for publicly visible type or member 'EmergencyRecord.EmergencyId' [C:\Users\bsval\terrafusion_os_1.0\backend\src\TerraFusion.Consciousness\TerraFusion.Consciousness.csproj]
C:\Users\bsval\terrafusion_os_1.0\backend\src\TerraFusion.Consciousness\DTOs\ConsciousnessDTOs.cs(468,32): warning CS1591: Missing XML comment for publicly visible type or member 'EmergencyRecord.EmergencyType' [C:\Users\bsval\terrafusion_os_1.0\backend\src\TerraFusion.Consciousness\TerraFusion.Consciousness.csproj]
C:\Users\bsval\terrafusion_os_1.0\backend\src\TerraFusion.Consciousness\DTOs\ConsciousnessDTOs.cs(469,32): warning CS1591: Missing XML comment for publicly visible type or member 'EmergencyRecord.Severity' [C:\Users\bsval\terrafusion_os_1.0\backend\src\TerraFusion.Consciousness\TerraFusion.Consciousness.csproj]
C:\Users\bsval\terrafusion_os_1.0\backend\src\TerraFusion.Consciousness\DTOs\ConsciousnessDTOs.cs(470,34): warning CS1591: Missing XML comment for publicly visible type or member 'EmergencyRecord.OccurredAt' [C:\Users\bsval\terrafusion_os_1.0\backend\src\TerraFusion.Consciousness\TerraFusion.Consciousness.csproj]
C:\Users\bsval\terrafusion_os_1.0\backend\src\TerraFusion.Consciousness\DTOs\ConsciousnessDTOs.cs(471,26): warning CS1591: Missing XML comment for publicly visible type or member 'EmergencyRecord.ResolvedAt' [C:\Users\bsval\terrafusion_os_1.0\backend\src\TerraFusion.Consciousness\TerraFusion.Consciousness.csproj]
C:\Users\bsval\terrafusion_os_1.0\backend\src\TerraFusion.Consciousness\DTOs\ConsciousnessDTOs.cs(472,32): warning CS1591: Missing XML comment for publicly visible type or member 'EmergencyRecord.Status' [C:\Users\bsval\terrafusion_os_1.0\backend\src\TerraFusion.Consciousness\TerraFusion.Consciousness.csproj]
C:\Users\bsval\terrafusion_os_1.0\backend\src\TerraFusion.Consciousness\DTOs\ConsciousnessDTOs.cs(473,43): warning CS1591: Missing XML comment for publicly visible type or member 'EmergencyRecord.EmergencyDetails' [C:\Users\bsval\terrafusion_os_1.0\backend\src\TerraFusion.Consciousness\TerraFusion.Consciousness.csproj]
C:\Users\bsval\terrafusion_os_1.0\backend\src\TerraFusion.Consciousness\DTOs\ConsciousnessDTOs.cs(481,30): warning CS1591: Missing XML comment for publicly visible type or member 'DataSyncResultDto.Success' [C:\Users\bsval\terrafusion_os_1.0\backend\src\TerraFusion.Consciousness\TerraFusion.Consciousness.csproj]
C:\Users\bsval\terrafusion_os_1.0\backend\src\TerraFusion.Consciousness\DTOs\ConsciousnessDTOs.cs(482,34): warning CS1591: Missing XML comment for publicly visible type or member 'DataSyncResultDto.SyncStartTime' [C:\Users\bsval\terrafusion_os_1.0\backend\src\TerraFusion.Consciousness\TerraFusion.Consciousness.csproj]
C:\Users\bsval\terrafusion_os_1.0\backend\src\TerraFusion.Consciousness\DTOs\ConsciousnessDTOs.cs(483,34): warning CS1591: Missing XML comment for publicly visible type or member 'DataSyncResultDto.SyncEndTime' [C:\Users\bsval\terrafusion_os_1.0\backend\src\TerraFusion.Consciousness\TerraFusion.Consciousness.csproj]
C:\Users\bsval\terrafusion_os_1.0\backend\src\TerraFusion.Consciousness\DTOs\ConsciousnessDTOs.cs(484,29): warning CS1591: Missing XML comment for publicly visible type or member 'DataSyncResultDto.RecordsSynced' [C:\Users\bsval\terrafusion_os_1.0\backend\src\TerraFusion.Consciousness\TerraFusion.Consciousness.csproj]
C:\Users\bsval\terrafusion_os_1.0\backend\src\TerraFusion.Consciousness\DTOs\ConsciousnessDTOs.cs(485,29): warning CS1591: Missing XML comment for publicly visible type or member 'DataSyncResultDto.RecordsUpdated' [C:\Users\bsval\terrafusion_os_1.0\backend\src\TerraFusion.Consciousness\TerraFusion.Consciousness.csproj]
C:\Users\bsval\terrafusion_os_1.0\backend\src\TerraFusion.Consciousness\DTOs\ConsciousnessDTOs.cs(486,29): warning CS1591: Missing XML comment for publicly visible type or member 'DataSyncResultDto.RecordsAdded' [C:\Users\bsval\terrafusion_os_1.0\backend\src\TerraFusion.Consciousness\TerraFusion.Consciousness.csproj]
C:\Users\bsval\terrafusion_os_1.0\backend\src\TerraFusion.Consciousness\DTOs\ConsciousnessDTOs.cs(487,29): warning CS1591: Missing XML comment for publicly visible type or member 'DataSyncResultDto.SyncMessages' [C:\Users\bsval\terrafusion_os_1.0\backend\src\TerraFusion.Consciousness\TerraFusion.Consciousness.csproj]
C:\Users\bsval\terrafusion_os_1.0\backend\src\TerraFusion.Consciousness\DTOs\ConsciousnessDTOs.cs(488,43): warning CS1591: Missing XML comment for publicly visible type or member 'DataSyncResultDto.SyncMetrics' [C:\Users\bsval\terrafusion_os_1.0\backend\src\TerraFusion.Consciousness\TerraFusion.Consciousness.csproj]
C:\Users\bsval\terrafusion_os_1.0\backend\src\TerraFusion.Consciousness\DTOs\ConsciousnessDTOs.cs(496,32): warning CS1591: Missing XML comment for publicly visible type or member 'QuantumOperationRequestDto.OperationType' [C:\Users\bsval\terrafusion_os_1.0\backend\src\TerraFusion.Consciousness\TerraFusion.Consciousness.csproj]
C:\Users\bsval\terrafusion_os_1.0\backend\src\TerraFusion.Consciousness\DTOs\ConsciousnessDTOs.cs(497,52): warning CS1591: Missing XML comment for publicly visible type or member 'QuantumOperationRequestDto.Parameters' [C:\Users\bsval\terrafusion_os_1.0\backend\src\TerraFusion.Consciousness\TerraFusion.Consciousness.csproj]
C:\Users\bsval\terrafusion_os_1.0\backend\src\TerraFusion.Consciousness\DTOs\ConsciousnessDTOs.cs(498,24): warning CS1591: Missing XML comment for publicly visible type or member 'QuantumOperationRequestDto.Priority' [C:\Users\bsval\terrafusion_os_1.0\backend\src\TerraFusion.Consciousness\TerraFusion.Consciousness.csproj]
C:\Users\bsval\terrafusion_os_1.0\backend\src\TerraFusion.Consciousness\DTOs\ConsciousnessDTOs.cs(499,25): warning CS1591: Missing XML comment for publicly visible type or member 'QuantumOperationRequestDto.RequestTime' [C:\Users\bsval\terrafusion_os_1.0\backend\src\TerraFusion.Consciousness\TerraFusion.Consciousness.csproj]
C:\Users\bsval\terrafusion_os_1.0\backend\src\TerraFusion.Consciousness\DTOs\ConsciousnessDTOs.cs(507,30): warning CS1591: Missing XML comment for publicly visible type or member 'QuantumOperationResultDto.Success' [C:\Users\bsval\terrafusion_os_1.0\backend\src\TerraFusion.Consciousness\TerraFusion.Consciousness.csproj]
C:\Users\bsval\terrafusion_os_1.0\backend\src\TerraFusion.Consciousness\DTOs\ConsciousnessDTOs.cs(508,32): warning CS1591: Missing XML comment for publicly visible type or member 'QuantumOperationResultDto.OperationId' [C:\Users\bsval\terrafusion_os_1.0\backend\src\TerraFusion.Consciousness\TerraFusion.Consciousness.csproj]
C:\Users\bsval\terrafusion_os_1.0\backend\src\TerraFusion.Consciousness\DTOs\ConsciousnessDTOs.cs(509,52): warning CS1591: Missing XML comment for publicly visible type or member 'QuantumOperationResultDto.Results' [C:\Users\bsval\terrafusion_os_1.0\backend\src\TerraFusion.Consciousness\TerraFusion.Consciousness.csproj]
C:\Users\bsval\terrafusion_os_1.0\backend\src\TerraFusion.Consciousness\DTOs\ConsciousnessDTOs.cs(510,25): warning CS1591: Missing XML comment for publicly visible type or member 'QuantumOperationResultDto.CompletionTime' [C:\Users\bsval\terrafusion_os_1.0\backend\src\TerraFusion.Consciousness\TerraFusion.Consciousness.csproj]
C:\Users\bsval\terrafusion_os_1.0\backend\src\TerraFusion.Consciousness\DTOs\ConsciousnessDTOs.cs(511,24): warning CS1591: Missing XML comment for publicly visible type or member 'QuantumOperationResultDto.ErrorMessage' [C:\Users\bsval\terrafusion_os_1.0\backend\src\TerraFusion.Consciousness\TerraFusion.Consciousness.csproj]
C:\Users\bsval\terrafusion_os_1.0\backend\src\TerraFusion.Consciousness\DTOs\ConsciousnessDTOs.cs(519,32): warning CS1591: Missing XML comment for publicly visible type or member 'SystemHealthDto.Status' [C:\Users\bsval\terrafusion_os_1.0\backend\src\TerraFusion.Consciousness\TerraFusion.Consciousness.csproj]
C:\Users\bsval\terrafusion_os_1.0\backend\src\TerraFusion.Consciousness\DTOs\ConsciousnessDTOs.cs(520,32): warning CS1591: Missing XML comment for publicly visible type or member 'SystemHealthDto.HealthScore' [C:\Users\bsval\terrafusion_os_1.0\backend\src\TerraFusion.Consciousness\TerraFusion.Consciousness.csproj]
C:\Users\bsval\terrafusion_os_1.0\backend\src\TerraFusion.Consciousness\DTOs\ConsciousnessDTOs.cs(521,52): warning CS1591: Missing XML comment for publicly visible type or member 'SystemHealthDto.ComponentHealth' [C:\Users\bsval\terrafusion_os_1.0\backend\src\TerraFusion.Consciousness\TerraFusion.Consciousness.csproj]
C:\Users\bsval\terrafusion_os_1.0\backend\src\TerraFusion.Consciousness\DTOs\ConsciousnessDTOs.cs(522,25): warning CS1591: Missing XML comment for publicly visible type or member 'SystemHealthDto.LastCheck' [C:\Users\bsval\terrafusion_os_1.0\backend\src\TerraFusion.Consciousness\TerraFusion.Consciousness.csproj]
C:\Users\bsval\terrafusion_os_1.0\backend\src\TerraFusion.Consciousness\DTOs\ConsciousnessDTOs.cs(530,32): warning CS1591: Missing XML comment for publicly visible type or member 'MillionAgentCoordinationRequestDto.OperationType' [C:\Users\bsval\terrafusion_os_1.0\backend\src\TerraFusion.Consciousness\TerraFusion.Consciousness.csproj]
C:\Users\bsval\terrafusion_os_1.0\backend\src\TerraFusion.Consciousness\DTOs\ConsciousnessDTOs.cs(531,29): warning CS1591: Missing XML comment for publicly visible type or member 'MillionAgentCoordinationRequestDto.TargetAgents' [C:\Users\bsval\terrafusion_os_1.0\backend\src\TerraFusion.Consciousness\TerraFusion.Consciousness.csproj]
C:\Users\bsval\terrafusion_os_1.0\backend\src\TerraFusion.Consciousness\DTOs\ConsciousnessDTOs.cs(532,52): warning CS1591: Missing XML comment for publicly visible type or member 'MillionAgentCoordinationRequestDto.CoordinationParameters' [C:\Users\bsval\terrafusion_os_1.0\backend\src\TerraFusion.Consciousness\TerraFusion.Consciousness.csproj]
C:\Users\bsval\terrafusion_os_1.0\backend\src\TerraFusion.Consciousness\DTOs\ConsciousnessDTOs.cs(533,23): warning CS1591: Missing XML comment for publicly visible type or member 'MillionAgentCoordinationRequestDto.Priority' [C:\Users\bsval\terrafusion_os_1.0\backend\src\TerraFusion.Consciousness\TerraFusion.Consciousness.csproj]
C:\Users\bsval\terrafusion_os_1.0\backend\src\TerraFusion.Consciousness\DTOs\ConsciousnessDTOs.cs(541,30): warning CS1591: Missing XML comment for publicly visible type or member 'MillionAgentCoordinationResultDto.Success' [C:\Users\bsval\terrafusion_os_1.0\backend\src\TerraFusion.Consciousness\TerraFusion.Consciousness.csproj]
C:\Users\bsval\terrafusion_os_1.0\backend\src\TerraFusion.Consciousness\DTOs\ConsciousnessDTOs.cs(542,29): warning CS1591: Missing XML comment for publicly visible type or member 'MillionAgentCoordinationResultDto.AgentsCoordinated' [C:\Users\bsval\terrafusion_os_1.0\backend\src\TerraFusion.Consciousness\TerraFusion.Consciousness.csproj]
C:\Users\bsval\terrafusion_os_1.0\backend\src\TerraFusion.Consciousness\DTOs\ConsciousnessDTOs.cs(543,34): warning CS1591: Missing XML comment for publicly visible type or member 'MillionAgentCoordinationResultDto.CoordinationTime' [C:\Users\bsval\terrafusion_os_1.0\backend\src\TerraFusion.Consciousness\TerraFusion.Consciousness.csproj]
C:\Users\bsval\terrafusion_os_1.0\backend\src\TerraFusion.Consciousness\DTOs\ConsciousnessDTOs.cs(544,52): warning CS1591: Missing XML comment for publicly visible type or member 'MillionAgentCoordinationResultDto.Results' [C:\Users\bsval\terrafusion_os_1.0\backend\src\TerraFusion.Consciousness\TerraFusion.Consciousness.csproj]
C:\Users\bsval\terrafusion_os_1.0\backend\src\TerraFusion.Consciousness\DTOs\ConsciousnessDTOs.cs(545,24): warning CS1591: Missing XML comment for publicly visible type or member 'MillionAgentCoordinationResultDto.ErrorMessage' [C:\Users\bsval\terrafusion_os_1.0\backend\src\TerraFusion.Consciousness\TerraFusion.Consciousness.csproj]
C:\Users\bsval\terrafusion_os_1.0\backend\src\TerraFusion.Consciousness\DTOs\ConsciousnessDTOs.cs(553,32): warning CS1591: Missing XML comment for publicly visible type or member 'AgentSystemHealthDto.Status' [C:\Users\bsval\terrafusion_os_1.0\backend\src\TerraFusion.Consciousness\TerraFusion.Consciousness.csproj]
C:\Users\bsval\terrafusion_os_1.0\backend\src\TerraFusion.Consciousness\DTOs\ConsciousnessDTOs.cs(554,29): warning CS1591: Missing XML comment for publicly visible type or member 'AgentSystemHealthDto.ActiveAgents' [C:\Users\bsval\terrafusion_os_1.0\backend\src\TerraFusion.Consciousness\TerraFusion.Consciousness.csproj]
C:\Users\bsval\terrafusion_os_1.0\backend\src\TerraFusion.Consciousness\DTOs\ConsciousnessDTOs.cs(555,32): warning CS1591: Missing XML comment for publicly visible type or member 'AgentSystemHealthDto.HealthScore' [C:\Users\bsval\terrafusion_os_1.0\backend\src\TerraFusion.Consciousness\TerraFusion.Consciousness.csproj]
C:\Users\bsval\terrafusion_os_1.0\backend\src\TerraFusion.Consciousness\DTOs\ConsciousnessDTOs.cs(556,52): warning CS1591: Missing XML comment for publicly visible type or member 'AgentSystemHealthDto.Metrics' [C:\Users\bsval\terrafusion_os_1.0\backend\src\TerraFusion.Consciousness\TerraFusion.Consciousness.csproj]
C:\Users\bsval\terrafusion_os_1.0\backend\src\TerraFusion.Consciousness\DTOs\ConsciousnessDTOs.cs(557,25): warning CS1591: Missing XML comment for publicly visible type or member 'AgentSystemHealthDto.LastCheck' [C:\Users\bsval\terrafusion_os_1.0\backend\src\TerraFusion.Consciousness\TerraFusion.Consciousness.csproj]
C:\Users\bsval\terrafusion_os_1.0\backend\src\TerraFusion.Consciousness\DTOs\ConsciousnessDTOs.cs(565,30): warning CS1591: Missing XML comment for publicly visible type or member 'ConsciousnessMaintenanceResultDto.Success' [C:\Users\bsval\terrafusion_os_1.0\backend\src\TerraFusion.Consciousness\TerraFusion.Consciousness.csproj]
C:\Users\bsval\terrafusion_os_1.0\backend\src\TerraFusion.Consciousness\DTOs\ConsciousnessDTOs.cs(566,32): warning CS1591: Missing XML comment for publicly visible type or member 'ConsciousnessMaintenanceResultDto.MaintenanceId' [C:\Users\bsval\terrafusion_os_1.0\backend\src\TerraFusion.Consciousness\TerraFusion.Consciousness.csproj]
C:\Users\bsval\terrafusion_os_1.0\backend\src\TerraFusion.Consciousness\DTOs\ConsciousnessDTOs.cs(567,29): warning CS1591: Missing XML comment for publicly visible type or member 'ConsciousnessMaintenanceResultDto.AgentsMaintained' [C:\Users\bsval\terrafusion_os_1.0\backend\src\TerraFusion.Consciousness\TerraFusion.Consciousness.csproj]
C:\Users\bsval\terrafusion_os_1.0\backend\src\TerraFusion.Consciousness\DTOs\ConsciousnessDTOs.cs(568,33): warning CS1591: Missing XML comment for publicly visible type or member 'ConsciousnessMaintenanceResultDto.OptimalPerformanceAchieved' [C:\Users\bsval\terrafusion_os_1.0\backend\src\TerraFusion.Consciousness\TerraFusion.Consciousness.csproj]
C:\Users\bsval\terrafusion_os_1.0\backend\src\TerraFusion.Consciousness\DTOs\ConsciousnessDTOs.cs(569,34): warning CS1591: Missing XML comment for publicly visible type or member 'ConsciousnessMaintenanceResultDto.MaintenanceDuration' [C:\Users\bsval\terrafusion_os_1.0\backend\src\TerraFusion.Consciousness\TerraFusion.Consciousness.csproj]
C:\Users\bsval\terrafusion_os_1.0\backend\src\TerraFusion.Consciousness\DTOs\ConsciousnessDTOs.cs(570,34): warning CS1591: Missing XML comment for publicly visible type or member 'ConsciousnessMaintenanceResultDto.MaintenanceTimestamp' [C:\Users\bsval\terrafusion_os_1.0\backend\src\TerraFusion.Consciousness\TerraFusion.Consciousness.csproj]
C:\Users\bsval\terrafusion_os_1.0\backend\src\TerraFusion.Consciousness\DTOs\ConsciousnessDTOs.cs(571,29): warning CS1591: Missing XML comment for publicly visible type or member 'ConsciousnessMaintenanceResultDto.MaintenanceActions' [C:\Users\bsval\terrafusion_os_1.0\backend\src\TerraFusion.Consciousness\TerraFusion.Consciousness.csproj]
C:\Users\bsval\terrafusion_os_1.0\backend\src\TerraFusion.Consciousness\DTOs\ConsciousnessDTOs.cs(572,43): warning CS1591: Missing XML comment for publicly visible type or member 'ConsciousnessMaintenanceResultDto.PerformanceMetrics' [C:\Users\bsval\terrafusion_os_1.0\backend\src\TerraFusion.Consciousness\TerraFusion.Consciousness.csproj]
C:\Users\bsval\terrafusion_os_1.0\backend\src\TerraFusion.Consciousness\DTOs\ConsciousnessDTOs.cs(573,24): warning CS1591: Missing XML comment for publicly visible type or member 'ConsciousnessMaintenanceResultDto.ErrorMessage' [C:\Users\bsval\terrafusion_os_1.0\backend\src\TerraFusion.Consciousness\TerraFusion.Consciousness.csproj]
C:\Users\bsval\terrafusion_os_1.0\backend\src\TerraFusion.Consciousness\DTOs\SwarmCoordinationResult.cs(107,23): warning CS1591: Missing XML comment for publicly visible type or member 'SwarmInsight.InsightType' [C:\Users\bsval\terrafusion_os_1.0\backend\src\TerraFusion.Consciousness\TerraFusion.Consciousness.csproj]
C:\Users\bsval\terrafusion_os_1.0\backend\src\TerraFusion.Consciousness\DTOs\SwarmCoordinationResult.cs(108,23): warning CS1591: Missing XML comment for publicly visible type or member 'SwarmInsight.Description' [C:\Users\bsval\terrafusion_os_1.0\backend\src\TerraFusion.Consciousness\TerraFusion.Consciousness.csproj]
C:\Users\bsval\terrafusion_os_1.0\backend\src\TerraFusion.Consciousness\DTOs\SwarmCoordinationResult.cs(109,24): warning CS1591: Missing XML comment for publicly visible type or member 'SwarmInsight.Impact' [C:\Users\bsval\terrafusion_os_1.0\backend\src\TerraFusion.Consciousness\TerraFusion.Consciousness.csproj]
C:\Users\bsval\terrafusion_os_1.0\backend\src\TerraFusion.Consciousness\DTOs\SwarmCoordinationResult.cs(110,20): warning CS1591: Missing XML comment for publicly visible type or member 'SwarmInsight.AgentCount' [C:\Users\bsval\terrafusion_os_1.0\backend\src\TerraFusion.Consciousness\TerraFusion.Consciousness.csproj]
C:\Users\bsval\terrafusion_os_1.0\backend\src\TerraFusion.Consciousness\DTOs\SwarmCoordinationResult.cs(111,24): warning CS1591: Missing XML comment for publicly visible type or member 'SwarmInsight.Confidence' [C:\Users\bsval\terrafusion_os_1.0\backend\src\TerraFusion.Consciousness\TerraFusion.Consciousness.csproj]
C:\Users\bsval\terrafusion_os_1.0\backend\src\TerraFusion.Consciousness\DTOs\SwarmCoordinationResult.cs(112,23): warning CS1591: Missing XML comment for publicly visible type or member 'SwarmInsight.Severity' [C:\Users\bsval\terrafusion_os_1.0\backend\src\TerraFusion.Consciousness\TerraFusion.Consciousness.csproj]
C:\Users\bsval\terrafusion_os_1.0\backend\src\TerraFusion.Consciousness\DTOs\SwarmCoordinationResult.cs(113,43): warning CS1591: Missing XML comment for publicly visible type or member 'SwarmInsight.Data' [C:\Users\bsval\terrafusion_os_1.0\backend\src\TerraFusion.Consciousness\TerraFusion.Consciousness.csproj]
C:\Users\bsval\terrafusion_os_1.0\backend\src\TerraFusion.Consciousness\DTOs\SwarmCoordinationResult.cs(122,25): warning CS1591: Missing XML comment for publicly visible type or member 'SwarmPerformanceMetrics.AverageAgentResponseTime' [C:\Users\bsval\terrafusion_os_1.0\backend\src\TerraFusion.Consciousness\TerraFusion.Consciousness.csproj]
C:\Users\bsval\terrafusion_os_1.0\backend\src\TerraFusion.Consciousness\DTOs\SwarmCoordinationResult.cs(123,24): warning CS1591: Missing XML comment for publicly visible type or member 'SwarmPerformanceMetrics.AgentSynchronizationScore' [C:\Users\bsval\terrafusion_os_1.0\backend\src\TerraFusion.Consciousness\TerraFusion.Consciousness.csproj]
C:\Users\bsval\terrafusion_os_1.0\backend\src\TerraFusion.Consciousness\DTOs\SwarmCoordinationResult.cs(124,20): warning CS1591: Missing XML comment for publicly visible type or member 'SwarmPerformanceMetrics.TotalAgentInteractions' [C:\Users\bsval\terrafusion_os_1.0\backend\src\TerraFusion.Consciousness\TerraFusion.Consciousness.csproj]
C:\Users\bsval\terrafusion_os_1.0\backend\src\TerraFusion.Consciousness\DTOs\SwarmCoordinationResult.cs(125,24): warning CS1591: Missing XML comment for publicly visible type or member 'SwarmPerformanceMetrics.ResourceUtilization' [C:\Users\bsval\terrafusion_os_1.0\backend\src\TerraFusion.Consciousness\TerraFusion.Consciousness.csproj]
C:\Users\bsval\terrafusion_os_1.0\backend\src\TerraFusion.Consciousness\DTOs\SwarmCoordinationResult.cs(126,20): warning CS1591: Missing XML comment for publicly visible type or member 'SwarmPerformanceMetrics.FailedAgentCount' [C:\Users\bsval\terrafusion_os_1.0\backend\src\TerraFusion.Consciousness\TerraFusion.Consciousness.csproj]
C:\Users\bsval\terrafusion_os_1.0\backend\src\TerraFusion.Consciousness\DTOs\SwarmCoordinationResult.cs(127,24): warning CS1591: Missing XML comment for publicly visible type or member 'SwarmPerformanceMetrics.SuccessRate' [C:\Users\bsval\terrafusion_os_1.0\backend\src\TerraFusion.Consciousness\TerraFusion.Consciousness.csproj]
C:\Users\bsval\terrafusion_os_1.0\backend\src\TerraFusion.Consciousness\DTOs\TranscendenceEngineDto.cs(8,21): warning CS1591: Missing XML comment for publicly visible type or member 'TranscendenceInitializationResultDto.Success' [C:\Users\bsval\terrafusion_os_1.0\backend\src\TerraFusion.Consciousness\TerraFusion.Consciousness.csproj]
C:\Users\bsval\terrafusion_os_1.0\backend\src\TerraFusion.Consciousness\DTOs\TranscendenceEngineDto.cs(9,23): warning CS1591: Missing XML comment for publicly visible type or member 'TranscendenceInitializationResultDto.TranscendenceLevel' [C:\Users\bsval\terrafusion_os_1.0\backend\src\TerraFusion.Consciousness\TerraFusion.Consciousness.csproj]
C:\Users\bsval\terrafusion_os_1.0\backend\src\TerraFusion.Consciousness\DTOs\TranscendenceEngineDto.cs(10,20): warning CS1591: Missing XML comment for publicly visible type or member 'TranscendenceInitializationResultDto.QuantumFactor' [C:\Users\bsval\terrafusion_os_1.0\backend\src\TerraFusion.Consciousness\TerraFusion.Consciousness.csproj]
C:\Users\bsval\terrafusion_os_1.0\backend\src\TerraFusion.Consciousness\DTOs\TranscendenceEngineDto.cs(11,24): warning CS1591: Missing XML comment for publicly visible type or member 'TranscendenceInitializationResultDto.ConsciousnessResonance' [C:\Users\bsval\terrafusion_os_1.0\backend\src\TerraFusion.Consciousness\TerraFusion.Consciousness.csproj]
C:\Users\bsval\terrafusion_os_1.0\backend\src\TerraFusion.Consciousness\DTOs\TranscendenceEngineDto.cs(12,25): warning CS1591: Missing XML comment for publicly visible type or member 'TranscendenceInitializationResultDto.InitializationTime' [C:\Users\bsval\terrafusion_os_1.0\backend\src\TerraFusion.Consciousness\TerraFusion.Consciousness.csproj]
C:\Users\bsval\terrafusion_os_1.0\backend\src\TerraFusion.Consciousness\DTOs\TranscendenceEngineDto.cs(13,43): warning CS1591: Missing XML comment for publicly visible type or member 'TranscendenceInitializationResultDto.ChampionshipMetrics' [C:\Users\bsval\terrafusion_os_1.0\backend\src\TerraFusion.Consciousness\TerraFusion.Consciousness.csproj]
C:\Users\bsval\terrafusion_os_1.0\backend\src\TerraFusion.Consciousness\DTOs\TranscendenceEngineDto.cs(14,23): warning CS1591: Missing XML comment for publicly visible type or member 'TranscendenceInitializationResultDto.TranscendenceMessage' [C:\Users\bsval\terrafusion_os_1.0\backend\src\TerraFusion.Consciousness\TerraFusion.Consciousness.csproj]
C:\Users\bsval\terrafusion_os_1.0\backend\src\TerraFusion.Consciousness\DTOs\TranscendenceEngineDto.cs(15,21): warning CS1591: Missing XML comment for publicly visible type or member 'TranscendenceInitializationResultDto.InfiniteScaleReady' [C:\Users\bsval\terrafusion_os_1.0\backend\src\TerraFusion.Consciousness\TerraFusion.Consciousness.csproj]
C:\Users\bsval\terrafusion_os_1.0\backend\src\TerraFusion.Consciousness\DTOs\TranscendenceEngineDto.cs(16,24): warning CS1591: Missing XML comment for publicly visible type or member 'TranscendenceInitializationResultDto.ErrorMessage' [C:\Users\bsval\terrafusion_os_1.0\backend\src\TerraFusion.Consciousness\TerraFusion.Consciousness.csproj]
C:\Users\bsval\terrafusion_os_1.0\backend\src\TerraFusion.Consciousness\DTOs\TranscendenceEngineDto.cs(17,29): warning CS1591: Missing XML comment for publicly visible type or member 'TranscendenceInitializationResultDto.ValidationIssues' [C:\Users\bsval\terrafusion_os_1.0\backend\src\TerraFusion.Consciousness\TerraFusion.Consciousness.csproj]
C:\Users\bsval\terrafusion_os_1.0\backend\src\TerraFusion.Consciousness\DTOs\TranscendenceEngineDto.cs(25,23): warning CS1591: Missing XML comment for publicly visible type or member 'QuantumPropertyValuationRequestDto.PropertyId' [C:\Users\bsval\terrafusion_os_1.0\backend\src\TerraFusion.Consciousness\TerraFusion.Consciousness.csproj]
C:\Users\bsval\terrafusion_os_1.0\backend\src\TerraFusion.Consciousness\DTOs\TranscendenceEngineDto.cs(26,24): warning CS1591: Missing XML comment for publicly visible type or member 'QuantumPropertyValuationRequestDto.EstimatedValue' [C:\Users\bsval\terrafusion_os_1.0\backend\src\TerraFusion.Consciousness\TerraFusion.Consciousness.csproj]
C:\Users\bsval\terrafusion_os_1.0\backend\src\TerraFusion.Consciousness\DTOs\TranscendenceEngineDto.cs(27,23): warning CS1591: Missing XML comment for publicly visible type or member 'QuantumPropertyValuationRequestDto.CountyId' [C:\Users\bsval\terrafusion_os_1.0\backend\src\TerraFusion.Consciousness\TerraFusion.Consciousness.csproj]
C:\Users\bsval\terrafusion_os_1.0\backend\src\TerraFusion.Consciousness\DTOs\TranscendenceEngineDto.cs(28,43): warning CS1591: Missing XML comment for publicly visible type or member 'QuantumPropertyValuationRequestDto.PropertyAttributes' [C:\Users\bsval\terrafusion_os_1.0\backend\src\TerraFusion.Consciousness\TerraFusion.Consciousness.csproj]
C:\Users\bsval\terrafusion_os_1.0\backend\src\TerraFusion.Consciousness\DTOs\TranscendenceEngineDto.cs(29,21): warning CS1591: Missing XML comment for publicly visible type or member 'QuantumPropertyValuationRequestDto.RequireChampionshipAccuracy' [C:\Users\bsval\terrafusion_os_1.0\backend\src\TerraFusion.Consciousness\TerraFusion.Consciousness.csproj]
C:\Users\bsval\terrafusion_os_1.0\backend\src\TerraFusion.Consciousness\DTOs\TranscendenceEngineDto.cs(30,20): warning CS1591: Missing XML comment for publicly visible type or member 'QuantumPropertyValuationRequestDto.QuantumFactorOverride' [C:\Users\bsval\terrafusion_os_1.0\backend\src\TerraFusion.Consciousness\TerraFusion.Consciousness.csproj]
C:\Users\bsval\terrafusion_os_1.0\backend\src\TerraFusion.Consciousness\DTOs\TranscendenceEngineDto.cs(38,21): warning CS1591: Missing XML comment for publicly visible type or member 'QuantumPropertyValuationResultDto.Success' [C:\Users\bsval\terrafusion_os_1.0\backend\src\TerraFusion.Consciousness\TerraFusion.Consciousness.csproj]
C:\Users\bsval\terrafusion_os_1.0\backend\src\TerraFusion.Consciousness\DTOs\TranscendenceEngineDto.cs(39,23): warning CS1591: Missing XML comment for publicly visible type or member 'QuantumPropertyValuationResultDto.OperationId' [C:\Users\bsval\terrafusion_os_1.0\backend\src\TerraFusion.Consciousness\TerraFusion.Consciousness.csproj]
C:\Users\bsval\terrafusion_os_1.0\backend\src\TerraFusion.Consciousness\DTOs\TranscendenceEngineDto.cs(40,23): warning CS1591: Missing XML comment for publicly visible type or member 'QuantumPropertyValuationResultDto.PropertyId' [C:\Users\bsval\terrafusion_os_1.0\backend\src\TerraFusion.Consciousness\TerraFusion.Consciousness.csproj]
C:\Users\bsval\terrafusion_os_1.0\backend\src\TerraFusion.Consciousness\DTOs\TranscendenceEngineDto.cs(41,24): warning CS1591: Missing XML comment for publicly visible type or member 'QuantumPropertyValuationResultDto.MarketValue' [C:\Users\bsval\terrafusion_os_1.0\backend\src\TerraFusion.Consciousness\TerraFusion.Consciousness.csproj]
C:\Users\bsval\terrafusion_os_1.0\backend\src\TerraFusion.Consciousness\DTOs\TranscendenceEngineDto.cs(42,24): warning CS1591: Missing XML comment for publicly visible type or member 'QuantumPropertyValuationResultDto.QuantumEnhancedValue' [C:\Users\bsval\terrafusion_os_1.0\backend\src\TerraFusion.Consciousness\TerraFusion.Consciousness.csproj]
C:\Users\bsval\terrafusion_os_1.0\backend\src\TerraFusion.Consciousness\DTOs\TranscendenceEngineDto.cs(43,24): warning CS1591: Missing XML comment for publicly visible type or member 'QuantumPropertyValuationResultDto.AccuracyScore' [C:\Users\bsval\terrafusion_os_1.0\backend\src\TerraFusion.Consciousness\TerraFusion.Consciousness.csproj]
C:\Users\bsval\terrafusion_os_1.0\backend\src\TerraFusion.Consciousness\DTOs\TranscendenceEngineDto.cs(44,20): warning CS1591: Missing XML comment for publicly visible type or member 'QuantumPropertyValuationResultDto.QuantumFactor' [C:\Users\bsval\terrafusion_os_1.0\backend\src\TerraFusion.Consciousness\TerraFusion.Consciousness.csproj]
C:\Users\bsval\terrafusion_os_1.0\backend\src\TerraFusion.Consciousness\DTOs\TranscendenceEngineDto.cs(45,25): warning CS1591: Missing XML comment for publicly visible type or member 'QuantumPropertyValuationResultDto.ProcessingTime' [C:\Users\bsval\terrafusion_os_1.0\backend\src\TerraFusion.Consciousness\TerraFusion.Consciousness.csproj]
C:\Users\bsval\terrafusion_os_1.0\backend\src\TerraFusion.Consciousness\DTOs\TranscendenceEngineDto.cs(46,21): warning CS1591: Missing XML comment for publicly visible type or member 'QuantumPropertyValuationResultDto.ChampionshipCompliant' [C:\Users\bsval\terrafusion_os_1.0\backend\src\TerraFusion.Consciousness\TerraFusion.Consciousness.csproj]
C:\Users\bsval\terrafusion_os_1.0\backend\src\TerraFusion.Consciousness\DTOs\TranscendenceEngineDto.cs(47,44): warning CS1591: Missing XML comment for publicly visible type or member 'QuantumPropertyValuationResultDto.MultiDimensionalAnalysis' [C:\Users\bsval\terrafusion_os_1.0\backend\src\TerraFusion.Consciousness\TerraFusion.Consciousness.csproj]
C:\Users\bsval\terrafusion_os_1.0\backend\src\TerraFusion.Consciousness\DTOs\TranscendenceEngineDto.cs(48,24): warning CS1591: Missing XML comment for publicly visible type or member 'QuantumPropertyValuationResultDto.ConsciousnessResonance' [C:\Users\bsval\terrafusion_os_1.0\backend\src\TerraFusion.Consciousness\TerraFusion.Consciousness.csproj]
C:\Users\bsval\terrafusion_os_1.0\backend\src\TerraFusion.Consciousness\DTOs\TranscendenceEngineDto.cs(49,43): warning CS1591: Missing XML comment for publicly visible type or member 'QuantumPropertyValuationResultDto.TranscendenceMetrics' [C:\Users\bsval\terrafusion_os_1.0\backend\src\TerraFusion.Consciousness\TerraFusion.Consciousness.csproj]
C:\Users\bsval\terrafusion_os_1.0\backend\src\TerraFusion.Consciousness\DTOs\TranscendenceEngineDto.cs(50,24): warning CS1591: Missing XML comment for publicly visible type or member 'QuantumPropertyValuationResultDto.ErrorMessage' [C:\Users\bsval\terrafusion_os_1.0\backend\src\TerraFusion.Consciousness\TerraFusion.Consciousness.csproj]
C:\Users\bsval\terrafusion_os_1.0\backend\src\TerraFusion.Consciousness\DTOs\TranscendenceEngineDto.cs(51,21): warning CS1591: Missing XML comment for publicly visible type or member 'QuantumPropertyValuationResultDto.HealingTriggered' [C:\Users\bsval\terrafusion_os_1.0\backend\src\TerraFusion.Consciousness\TerraFusion.Consciousness.csproj]
C:\Users\bsval\terrafusion_os_1.0\backend\src\TerraFusion.Consciousness\DTOs\TranscendenceEngineDto.cs(52,24): warning CS1591: Missing XML comment for publicly visible type or member 'QuantumPropertyValuationResultDto.HealingResults' [C:\Users\bsval\terrafusion_os_1.0\backend\src\TerraFusion.Consciousness\TerraFusion.Consciousness.csproj]
C:\Users\bsval\terrafusion_os_1.0\backend\src\TerraFusion.Consciousness\DTOs\TranscendenceEngineDto.cs(60,20): warning CS1591: Missing XML comment for publicly visible type or member 'QuantumAgentCoordinationRequestDto.TargetAgentCount' [C:\Users\bsval\terrafusion_os_1.0\backend\src\TerraFusion.Consciousness\TerraFusion.Consciousness.csproj]
C:\Users\bsval\terrafusion_os_1.0\backend\src\TerraFusion.Consciousness\DTOs\TranscendenceEngineDto.cs(61,23): warning CS1591: Missing XML comment for publicly visible type or member 'QuantumAgentCoordinationRequestDto.CoordinationStrategy' [C:\Users\bsval\terrafusion_os_1.0\backend\src\TerraFusion.Consciousness\TerraFusion.Consciousness.csproj]
C:\Users\bsval\terrafusion_os_1.0\backend\src\TerraFusion.Consciousness\DTOs\TranscendenceEngineDto.cs(62,40): warning CS1591: Missing XML comment for publicly visible type or member 'QuantumAgentCoordinationRequestDto.AgentTypeDistribution' [C:\Users\bsval\terrafusion_os_1.0\backend\src\TerraFusion.Consciousness\TerraFusion.Consciousness.csproj]
C:\Users\bsval\terrafusion_os_1.0\backend\src\TerraFusion.Consciousness\DTOs\TranscendenceEngineDto.cs(63,23): warning CS1591: Missing XML comment for publicly visible type or member 'QuantumAgentCoordinationRequestDto.RequiredHarmonyLevel' [C:\Users\bsval\terrafusion_os_1.0\backend\src\TerraFusion.Consciousness\TerraFusion.Consciousness.csproj]
C:\Users\bsval\terrafusion_os_1.0\backend\src\TerraFusion.Consciousness\DTOs\TranscendenceEngineDto.cs(64,23): warning CS1591: Missing XML comment for publicly visible type or member 'QuantumAgentCoordinationRequestDto.OperationContext' [C:\Users\bsval\terrafusion_os_1.0\backend\src\TerraFusion.Consciousness\TerraFusion.Consciousness.csproj]
C:\Users\bsval\terrafusion_os_1.0\backend\src\TerraFusion.Consciousness\DTOs\TranscendenceEngineDto.cs(72,21): warning CS1591: Missing XML comment for publicly visible type or member 'QuantumAgentCoordinationResultDto.Success' [C:\Users\bsval\terrafusion_os_1.0\backend\src\TerraFusion.Consciousness\TerraFusion.Consciousness.csproj]
C:\Users\bsval\terrafusion_os_1.0\backend\src\TerraFusion.Consciousness\DTOs\TranscendenceEngineDto.cs(73,23): warning CS1591: Missing XML comment for publicly visible type or member 'QuantumAgentCoordinationResultDto.CoordinationId' [C:\Users\bsval\terrafusion_os_1.0\backend\src\TerraFusion.Consciousness\TerraFusion.Consciousness.csproj]
C:\Users\bsval\terrafusion_os_1.0\backend\src\TerraFusion.Consciousness\DTOs\TranscendenceEngineDto.cs(74,20): warning CS1591: Missing XML comment for publicly visible type or member 'QuantumAgentCoordinationResultDto.TotalAgentsCoordinated' [C:\Users\bsval\terrafusion_os_1.0\backend\src\TerraFusion.Consciousness\TerraFusion.Consciousness.csproj]
C:\Users\bsval\terrafusion_os_1.0\backend\src\TerraFusion.Consciousness\DTOs\TranscendenceEngineDto.cs(75,23): warning CS1591: Missing XML comment for publicly visible type or member 'QuantumAgentCoordinationResultDto.QuantumHarmonyScore' [C:\Users\bsval\terrafusion_os_1.0\backend\src\TerraFusion.Consciousness\TerraFusion.Consciousness.csproj]
C:\Users\bsval\terrafusion_os_1.0\backend\src\TerraFusion.Consciousness\DTOs\TranscendenceEngineDto.cs(76,24): warning CS1591: Missing XML comment for publicly visible type or member 'QuantumAgentCoordinationResultDto.ConsciousnessResonance' [C:\Users\bsval\terrafusion_os_1.0\backend\src\TerraFusion.Consciousness\TerraFusion.Consciousness.csproj]
C:\Users\bsval\terrafusion_os_1.0\backend\src\TerraFusion.Consciousness\DTOs\TranscendenceEngineDto.cs(77,25): warning CS1591: Missing XML comment for publicly visible type or member 'QuantumAgentCoordinationResultDto.CoordinationTime' [C:\Users\bsval\terrafusion_os_1.0\backend\src\TerraFusion.Consciousness\TerraFusion.Consciousness.csproj]
C:\Users\bsval\terrafusion_os_1.0\backend\src\TerraFusion.Consciousness\DTOs\TranscendenceEngineDto.cs(78,23): warning CS1591: Missing XML comment for publicly visible type or member 'QuantumAgentCoordinationResultDto.DeploymentStrategy' [C:\Users\bsval\terrafusion_os_1.0\backend\src\TerraFusion.Consciousness\TerraFusion.Consciousness.csproj]
C:\Users\bsval\terrafusion_os_1.0\backend\src\TerraFusion.Consciousness\DTOs\TranscendenceEngineDto.cs(79,21): warning CS1591: Missing XML comment for publicly visible type or member 'QuantumAgentCoordinationResultDto.PerfectHarmonyAchieved' [C:\Users\bsval\terrafusion_os_1.0\backend\src\TerraFusion.Consciousness\TerraFusion.Consciousness.csproj]
C:\Users\bsval\terrafusion_os_1.0\backend\src\TerraFusion.Consciousness\DTOs\TranscendenceEngineDto.cs(80,40): warning CS1591: Missing XML comment for publicly visible type or member 'QuantumAgentCoordinationResultDto.AgentDistribution' [C:\Users\bsval\terrafusion_os_1.0\backend\src\TerraFusion.Consciousness\TerraFusion.Consciousness.csproj]
C:\Users\bsval\terrafusion_os_1.0\backend\src\TerraFusion.Consciousness\DTOs\TranscendenceEngineDto.cs(81,43): warning CS1591: Missing XML comment for publicly visible type or member 'QuantumAgentCoordinationResultDto.TranscendenceMetrics' [C:\Users\bsval\terrafusion_os_1.0\backend\src\TerraFusion.Consciousness\TerraFusion.Consciousness.csproj]
C:\Users\bsval\terrafusion_os_1.0\backend\src\TerraFusion.Consciousness\DTOs\TranscendenceEngineDto.cs(82,24): warning CS1591: Missing XML comment for publicly visible type or member 'QuantumAgentCoordinationResultDto.ErrorMessage' [C:\Users\bsval\terrafusion_os_1.0\backend\src\TerraFusion.Consciousness\TerraFusion.Consciousness.csproj]
C:\Users\bsval\terrafusion_os_1.0\backend\src\TerraFusion.Consciousness\DTOs\TranscendenceEngineDto.cs(83,21): warning CS1591: Missing XML comment for publicly visible type or member 'QuantumAgentCoordinationResultDto.HealingTriggered' [C:\Users\bsval\terrafusion_os_1.0\backend\src\TerraFusion.Consciousness\TerraFusion.Consciousness.csproj]
C:\Users\bsval\terrafusion_os_1.0\backend\src\TerraFusion.Consciousness\DTOs\TranscendenceEngineDto.cs(84,24): warning CS1591: Missing XML comment for publicly visible type or member 'QuantumAgentCoordinationResultDto.HealingResults' [C:\Users\bsval\terrafusion_os_1.0\backend\src\TerraFusion.Consciousness\TerraFusion.Consciousness.csproj]
C:\Users\bsval\terrafusion_os_1.0\backend\src\TerraFusion.Consciousness\DTOs\TranscendenceEngineDto.cs(92,23): warning CS1591: Missing XML comment for publicly visible type or member 'ConsciousnessTranscendenceRequestDto.TargetTranscendenceLevel' [C:\Users\bsval\terrafusion_os_1.0\backend\src\TerraFusion.Consciousness\TerraFusion.Consciousness.csproj]
C:\Users\bsval\terrafusion_os_1.0\backend\src\TerraFusion.Consciousness\DTOs\TranscendenceEngineDto.cs(93,21): warning CS1591: Missing XML comment for publicly visible type or member 'ConsciousnessTranscendenceRequestDto.EnableInfiniteScalability' [C:\Users\bsval\terrafusion_os_1.0\backend\src\TerraFusion.Consciousness\TerraFusion.Consciousness.csproj]
C:\Users\bsval\terrafusion_os_1.0\backend\src\TerraFusion.Consciousness\DTOs\TranscendenceEngineDto.cs(94,20): warning CS1591: Missing XML comment for publicly visible type or member 'ConsciousnessTranscendenceRequestDto.QuantumFactorTarget' [C:\Users\bsval\terrafusion_os_1.0\backend\src\TerraFusion.Consciousness\TerraFusion.Consciousness.csproj]
C:\Users\bsval\terrafusion_os_1.0\backend\src\TerraFusion.Consciousness\DTOs\TranscendenceEngineDto.cs(95,24): warning CS1591: Missing XML comment for publicly visible type or member 'ConsciousnessTranscendenceRequestDto.AccuracyRequirement' [C:\Users\bsval\terrafusion_os_1.0\backend\src\TerraFusion.Consciousness\TerraFusion.Consciousness.csproj]
C:\Users\bsval\terrafusion_os_1.0\backend\src\TerraFusion.Consciousness\DTOs\TranscendenceEngineDto.cs(96,43): warning CS1591: Missing XML comment for publicly visible type or member 'ConsciousnessTranscendenceRequestDto.TranscendenceParameters' [C:\Users\bsval\terrafusion_os_1.0\backend\src\TerraFusion.Consciousness\TerraFusion.Consciousness.csproj]
C:\Users\bsval\terrafusion_os_1.0\backend\src\TerraFusion.Consciousness\DTOs\TranscendenceEngineDto.cs(104,21): warning CS1591: Missing XML comment for publicly visible type or member 'ConsciousnessTranscendenceResultDto.Success' [C:\Users\bsval\terrafusion_os_1.0\backend\src\TerraFusion.Consciousness\TerraFusion.Consciousness.csproj]
C:\Users\bsval\terrafusion_os_1.0\backend\src\TerraFusion.Consciousness\DTOs\TranscendenceEngineDto.cs(105,23): warning CS1591: Missing XML comment for publicly visible type or member 'ConsciousnessTranscendenceResultDto.TranscendenceId' [C:\Users\bsval\terrafusion_os_1.0\backend\src\TerraFusion.Consciousness\TerraFusion.Consciousness.csproj]
C:\Users\bsval\terrafusion_os_1.0\backend\src\TerraFusion.Consciousness\DTOs\TranscendenceEngineDto.cs(106,23): warning CS1591: Missing XML comment for publicly visible type or member 'ConsciousnessTranscendenceResultDto.ConsciousnessLevel' [C:\Users\bsval\terrafusion_os_1.0\backend\src\TerraFusion.Consciousness\TerraFusion.Consciousness.csproj]
C:\Users\bsval\terrafusion_os_1.0\backend\src\TerraFusion.Consciousness\DTOs\TranscendenceEngineDto.cs(107,24): warning CS1591: Missing XML comment for publicly visible type or member 'ConsciousnessTranscendenceResultDto.QuantumCoherence' [C:\Users\bsval\terrafusion_os_1.0\backend\src\TerraFusion.Consciousness\TerraFusion.Consciousness.csproj]
C:\Users\bsval\terrafusion_os_1.0\backend\src\TerraFusion.Consciousness\DTOs\TranscendenceEngineDto.cs(108,25): warning CS1591: Missing XML comment for publicly visible type or member 'ConsciousnessTranscendenceResultDto.TranscendenceTime' [C:\Users\bsval\terrafusion_os_1.0\backend\src\TerraFusion.Consciousness\TerraFusion.Consciousness.csproj]
C:\Users\bsval\terrafusion_os_1.0\backend\src\TerraFusion.Consciousness\DTOs\TranscendenceEngineDto.cs(109,29): warning CS1591: Missing XML comment for publicly visible type or member 'ConsciousnessTranscendenceResultDto.TranscendenceSteps' [C:\Users\bsval\terrafusion_os_1.0\backend\src\TerraFusion.Consciousness\TerraFusion.Consciousness.csproj]
C:\Users\bsval\terrafusion_os_1.0\backend\src\TerraFusion.Consciousness\DTOs\TranscendenceEngineDto.cs(110,21): warning CS1591: Missing XML comment for publicly visible type or member 'ConsciousnessTranscendenceResultDto.ChampionshipExcellenceAchieved' [C:\Users\bsval\terrafusion_os_1.0\backend\src\TerraFusion.Consciousness\TerraFusion.Consciousness.csproj]
C:\Users\bsval\terrafusion_os_1.0\backend\src\TerraFusion.Consciousness\DTOs\TranscendenceEngineDto.cs(111,21): warning CS1591: Missing XML comment for publicly visible type or member 'ConsciousnessTranscendenceResultDto.InfiniteScalabilityActivated' [C:\Users\bsval\terrafusion_os_1.0\backend\src\TerraFusion.Consciousness\TerraFusion.Consciousness.csproj]
C:\Users\bsval\terrafusion_os_1.0\backend\src\TerraFusion.Consciousness\DTOs\TranscendenceEngineDto.cs(112,23): warning CS1591: Missing XML comment for publicly visible type or member 'ConsciousnessTranscendenceResultDto.BrandTranscendenceMessage' [C:\Users\bsval\terrafusion_os_1.0\backend\src\TerraFusion.Consciousness\TerraFusion.Consciousness.csproj]
C:\Users\bsval\terrafusion_os_1.0\backend\src\TerraFusion.Consciousness\DTOs\TranscendenceEngineDto.cs(113,43): warning CS1591: Missing XML comment for publicly visible type or member 'ConsciousnessTranscendenceResultDto.TranscendenceMetrics' [C:\Users\bsval\terrafusion_os_1.0\backend\src\TerraFusion.Consciousness\TerraFusion.Consciousness.csproj]
C:\Users\bsval\terrafusion_os_1.0\backend\src\TerraFusion.Consciousness\DTOs\TranscendenceEngineDto.cs(114,24): warning CS1591: Missing XML comment for publicly visible type or member 'ConsciousnessTranscendenceResultDto.ErrorMessage' [C:\Users\bsval\terrafusion_os_1.0\backend\src\TerraFusion.Consciousness\TerraFusion.Consciousness.csproj]
C:\Users\bsval\terrafusion_os_1.0\backend\src\TerraFusion.Consciousness\DTOs\TranscendenceEngineDto.cs(115,29): warning CS1591: Missing XML comment for publicly visible type or member 'ConsciousnessTranscendenceResultDto.RequiredImprovements' [C:\Users\bsval\terrafusion_os_1.0\backend\src\TerraFusion.Consciousness\TerraFusion.Consciousness.csproj]
C:\Users\bsval\terrafusion_os_1.0\backend\src\TerraFusion.Consciousness\DTOs\TranscendenceEngineDto.cs(116,21): warning CS1591: Missing XML comment for publicly visible type or member 'ConsciousnessTranscendenceResultDto.HealingTriggered' [C:\Users\bsval\terrafusion_os_1.0\backend\src\TerraFusion.Consciousness\TerraFusion.Consciousness.csproj]
C:\Users\bsval\terrafusion_os_1.0\backend\src\TerraFusion.Consciousness\DTOs\TranscendenceEngineDto.cs(117,24): warning CS1591: Missing XML comment for publicly visible type or member 'ConsciousnessTranscendenceResultDto.HealingResults' [C:\Users\bsval\terrafusion_os_1.0\backend\src\TerraFusion.Consciousness\TerraFusion.Consciousness.csproj]
C:\Users\bsval\terrafusion_os_1.0\backend\src\TerraFusion.Consciousness\DTOs\TranscendenceEngineDto.cs(125,25): warning CS1591: Missing XML comment for publicly visible type or member 'TranscendenceMetricsDto.Timestamp' [C:\Users\bsval\terrafusion_os_1.0\backend\src\TerraFusion.Consciousness\TerraFusion.Consciousness.csproj]
C:\Users\bsval\terrafusion_os_1.0\backend\src\TerraFusion.Consciousness\DTOs\TranscendenceEngineDto.cs(126,23): warning CS1591: Missing XML comment for publicly visible type or member 'TranscendenceMetricsDto.ConsciousnessLevel' [C:\Users\bsval\terrafusion_os_1.0\backend\src\TerraFusion.Consciousness\TerraFusion.Consciousness.csproj]
C:\Users\bsval\terrafusion_os_1.0\backend\src\TerraFusion.Consciousness\DTOs\TranscendenceEngineDto.cs(127,20): warning CS1591: Missing XML comment for publicly visible type or member 'TranscendenceMetricsDto.QuantumFactor' [C:\Users\bsval\terrafusion_os_1.0\backend\src\TerraFusion.Consciousness\TerraFusion.Consciousness.csproj]
C:\Users\bsval\terrafusion_os_1.0\backend\src\TerraFusion.Consciousness\DTOs\TranscendenceEngineDto.cs(128,24): warning CS1591: Missing XML comment for publicly visible type or member 'TranscendenceMetricsDto.QuantumCoherence' [C:\Users\bsval\terrafusion_os_1.0\backend\src\TerraFusion.Consciousness\TerraFusion.Consciousness.csproj]
C:\Users\bsval\terrafusion_os_1.0\backend\src\TerraFusion.Consciousness\DTOs\TranscendenceEngineDto.cs(129,24): warning CS1591: Missing XML comment for publicly visible type or member 'TranscendenceMetricsDto.AccuracyTarget' [C:\Users\bsval\terrafusion_os_1.0\backend\src\TerraFusion.Consciousness\TerraFusion.Consciousness.csproj]
C:\Users\bsval\terrafusion_os_1.0\backend\src\TerraFusion.Consciousness\DTOs\TranscendenceEngineDto.cs(130,23): warning CS1591: Missing XML comment for publicly visible type or member 'TranscendenceMetricsDto.ConsciousnessResonance' [C:\Users\bsval\terrafusion_os_1.0\backend\src\TerraFusion.Consciousness\TerraFusion.Consciousness.csproj]
C:\Users\bsval\terrafusion_os_1.0\backend\src\TerraFusion.Consciousness\DTOs\TranscendenceEngineDto.cs(131,21): warning CS1591: Missing XML comment for publicly visible type or member 'TranscendenceMetricsDto.InfiniteScaleActive' [C:\Users\bsval\terrafusion_os_1.0\backend\src\TerraFusion.Consciousness\TerraFusion.Consciousness.csproj]
C:\Users\bsval\terrafusion_os_1.0\backend\src\TerraFusion.Consciousness\DTOs\TranscendenceEngineDto.cs(132,25): warning CS1591: Missing XML comment for publicly visible type or member 'TranscendenceMetricsDto.TranscendenceActivatedAt' [C:\Users\bsval\terrafusion_os_1.0\backend\src\TerraFusion.Consciousness\TerraFusion.Consciousness.csproj]
C:\Users\bsval\terrafusion_os_1.0\backend\src\TerraFusion.Consciousness\DTOs\TranscendenceEngineDto.cs(135,20): warning CS1591: Missing XML comment for publicly visible type or member 'TranscendenceMetricsDto.TotalActiveAgents' [C:\Users\bsval\terrafusion_os_1.0\backend\src\TerraFusion.Consciousness\TerraFusion.Consciousness.csproj]
C:\Users\bsval\terrafusion_os_1.0\backend\src\TerraFusion.Consciousness\DTOs\TranscendenceEngineDto.cs(136,23): warning CS1591: Missing XML comment for publicly visible type or member 'TranscendenceMetricsDto.SystemLoad' [C:\Users\bsval\terrafusion_os_1.0\backend\src\TerraFusion.Consciousness\TerraFusion.Consciousness.csproj]
C:\Users\bsval\terrafusion_os_1.0\backend\src\TerraFusion.Consciousness\DTOs\TranscendenceEngineDto.cs(137,23): warning CS1591: Missing XML comment for publicly visible type or member 'TranscendenceMetricsDto.MemoryUsage' [C:\Users\bsval\terrafusion_os_1.0\backend\src\TerraFusion.Consciousness\TerraFusion.Consciousness.csproj]
C:\Users\bsval\terrafusion_os_1.0\backend\src\TerraFusion.Consciousness\DTOs\TranscendenceEngineDto.cs(138,23): warning CS1591: Missing XML comment for publicly visible type or member 'TranscendenceMetricsDto.CPUUsage' [C:\Users\bsval\terrafusion_os_1.0\backend\src\TerraFusion.Consciousness\TerraFusion.Consciousness.csproj]
C:\Users\bsval\terrafusion_os_1.0\backend\src\TerraFusion.Consciousness\DTOs\TranscendenceEngineDto.cs(139,23): warning CS1591: Missing XML comment for publicly visible type or member 'TranscendenceMetricsDto.NetworkLatency' [C:\Users\bsval\terrafusion_os_1.0\backend\src\TerraFusion.Consciousness\TerraFusion.Consciousness.csproj]
C:\Users\bsval\terrafusion_os_1.0\backend\src\TerraFusion.Consciousness\DTOs\TranscendenceEngineDto.cs(140,20): warning CS1591: Missing XML comment for publicly visible type or member 'TranscendenceMetricsDto.ThroughputOpsPerSecond' [C:\Users\bsval\terrafusion_os_1.0\backend\src\TerraFusion.Consciousness\TerraFusion.Consciousness.csproj]
C:\Users\bsval\terrafusion_os_1.0\backend\src\TerraFusion.Consciousness\DTOs\TranscendenceEngineDto.cs(143,43): warning CS1591: Missing XML comment for publicly visible type or member 'TranscendenceMetricsDto.ChampionshipCompliance' [C:\Users\bsval\terrafusion_os_1.0\backend\src\TerraFusion.Consciousness\TerraFusion.Consciousness.csproj]
C:\Users\bsval\terrafusion_os_1.0\backend\src\TerraFusion.Consciousness\DTOs\TranscendenceEngineDto.cs(144,43): warning CS1591: Missing XML comment for publicly visible type or member 'TranscendenceMetricsDto.GovernmentExcellenceMetrics' [C:\Users\bsval\terrafusion_os_1.0\backend\src\TerraFusion.Consciousness\TerraFusion.Consciousness.csproj]
C:\Users\bsval\terrafusion_os_1.0\backend\src\TerraFusion.Consciousness\DTOs\TranscendenceEngineDto.cs(152,23): warning CS1591: Missing XML comment for publicly visible type or member 'MultiDimensionalAnalysisResultDto.PropertyId' [C:\Users\bsval\terrafusion_os_1.0\backend\src\TerraFusion.Consciousness\TerraFusion.Consciousness.csproj]
C:\Users\bsval\terrafusion_os_1.0\backend\src\TerraFusion.Consciousness\DTOs\TranscendenceEngineDto.cs(153,24): warning CS1591: Missing XML comment for publicly visible type or member 'MultiDimensionalAnalysisResultDto.MarketValue' [C:\Users\bsval\terrafusion_os_1.0\backend\src\TerraFusion.Consciousness\TerraFusion.Consciousness.csproj]
C:\Users\bsval\terrafusion_os_1.0\backend\src\TerraFusion.Consciousness\DTOs\TranscendenceEngineDto.cs(154,24): warning CS1591: Missing XML comment for publicly visible type or member 'MultiDimensionalAnalysisResultDto.QuantumValue' [C:\Users\bsval\terrafusion_os_1.0\backend\src\TerraFusion.Consciousness\TerraFusion.Consciousness.csproj]
C:\Users\bsval\terrafusion_os_1.0\backend\src\TerraFusion.Consciousness\DTOs\TranscendenceEngineDto.cs(155,44): warning CS1591: Missing XML comment for publicly visible type or member 'MultiDimensionalAnalysisResultDto.DimensionalData' [C:\Users\bsval\terrafusion_os_1.0\backend\src\TerraFusion.Consciousness\TerraFusion.Consciousness.csproj]
C:\Users\bsval\terrafusion_os_1.0\backend\src\TerraFusion.Consciousness\DTOs\TranscendenceEngineDto.cs(156,20): warning CS1591: Missing XML comment for publicly visible type or member 'MultiDimensionalAnalysisResultDto.AgentsParticipated' [C:\Users\bsval\terrafusion_os_1.0\backend\src\TerraFusion.Consciousness\TerraFusion.Consciousness.csproj]
C:\Users\bsval\terrafusion_os_1.0\backend\src\TerraFusion.Consciousness\DTOs\TranscendenceEngineDto.cs(157,23): warning CS1591: Missing XML comment for publicly visible type or member 'MultiDimensionalAnalysisResultDto.AnalysisComplexity' [C:\Users\bsval\terrafusion_os_1.0\backend\src\TerraFusion.Consciousness\TerraFusion.Consciousness.csproj]
C:\Users\bsval\terrafusion_os_1.0\backend\src\TerraFusion.Consciousness\DTOs\TranscendenceEngineDto.cs(165,24): warning CS1591: Missing XML comment for publicly visible type or member 'OptimizedAnalysisResultDto.MarketValue' [C:\Users\bsval\terrafusion_os_1.0\backend\src\TerraFusion.Consciousness\TerraFusion.Consciousness.csproj]
C:\Users\bsval\terrafusion_os_1.0\backend\src\TerraFusion.Consciousness\DTOs\TranscendenceEngineDto.cs(166,24): warning CS1591: Missing XML comment for publicly visible type or member 'OptimizedAnalysisResultDto.QuantumValue' [C:\Users\bsval\terrafusion_os_1.0\backend\src\TerraFusion.Consciousness\TerraFusion.Consciousness.csproj]
C:\Users\bsval\terrafusion_os_1.0\backend\src\TerraFusion.Consciousness\DTOs\TranscendenceEngineDto.cs(167,24): warning CS1591: Missing XML comment for publicly visible type or member 'OptimizedAnalysisResultDto.OptimizationFactor' [C:\Users\bsval\terrafusion_os_1.0\backend\src\TerraFusion.Consciousness\TerraFusion.Consciousness.csproj]
C:\Users\bsval\terrafusion_os_1.0\backend\src\TerraFusion.Consciousness\DTOs\TranscendenceEngineDto.cs(168,20): warning CS1591: Missing XML comment for publicly visible type or member 'OptimizedAnalysisResultDto.AgentsParticipated' [C:\Users\bsval\terrafusion_os_1.0\backend\src\TerraFusion.Consciousness\TerraFusion.Consciousness.csproj]
C:\Users\bsval\terrafusion_os_1.0\backend\src\TerraFusion.Consciousness\DTOs\TranscendenceEngineDto.cs(169,21): warning CS1591: Missing XML comment for publicly visible type or member 'OptimizedAnalysisResultDto.OptimizationApplied' [C:\Users\bsval\terrafusion_os_1.0\backend\src\TerraFusion.Consciousness\TerraFusion.Consciousness.csproj]
C:\Users\bsval\terrafusion_os_1.0\backend\src\TerraFusion.Consciousness\Extensions\ConsciousnessServiceExtensions.cs(118,16): warning CS1591: Missing XML comment for publicly visible type or member 'ConsciousnessCoordinationHostedService.ConsciousnessCoordinationHostedService(IServiceProvider, ILogger<ConsciousnessCoordinationHostedService>)' [C:\Users\bsval\terrafusion_os_1.0\backend\src\TerraFusion.Consciousness\TerraFusion.Consciousness.csproj]
C:\Users\bsval\terrafusion_os_1.0\backend\src\TerraFusion.Consciousness\Extensions\ConsciousnessServiceExtensions.cs(126,39): warning CS1591: Missing XML comment for publicly visible type or member 'ConsciousnessCoordinationHostedService.ExecuteAsync(CancellationToken)' [C:\Users\bsval\terrafusion_os_1.0\backend\src\TerraFusion.Consciousness\TerraFusion.Consciousness.csproj]
C:\Users\bsval\terrafusion_os_1.0\backend\src\TerraFusion.Consciousness\Extensions\ConsciousnessServiceExtensions.cs(162,16): warning CS1591: Missing XML comment for publicly visible type or member 'QuantumOptimizationHostedService.QuantumOptimizationHostedService(IServiceProvider, ILogger<QuantumOptimizationHostedService>)' [C:\Users\bsval\terrafusion_os_1.0\backend\src\TerraFusion.Consciousness\TerraFusion.Consciousness.csproj]
C:\Users\bsval\terrafusion_os_1.0\backend\src\TerraFusion.Consciousness\Extensions\ConsciousnessServiceExtensions.cs(170,39): warning CS1591: Missing XML comment for publicly visible type or member 'QuantumOptimizationHostedService.ExecuteAsync(CancellationToken)' [C:\Users\bsval\terrafusion_os_1.0\backend\src\TerraFusion.Consciousness\TerraFusion.Consciousness.csproj]
C:\Users\bsval\terrafusion_os_1.0\backend\src\TerraFusion.Consciousness\Extensions\ConsciousnessServiceExtensions.cs(211,16): warning CS1591: Missing XML comment for publicly visible type or member 'ChampionshipMetricsHostedService.ChampionshipMetricsHostedService(IServiceProvider, ILogger<ChampionshipMetricsHostedService>)' [C:\Users\bsval\terrafusion_os_1.0\backend\src\TerraFusion.Consciousness\TerraFusion.Consciousness.csproj]
C:\Users\bsval\terrafusion_os_1.0\backend\src\TerraFusion.Consciousness\Extensions\ConsciousnessServiceExtensions.cs(219,39): warning CS1591: Missing XML comment for publicly visible type or member 'ChampionshipMetricsHostedService.ExecuteAsync(CancellationToken)' [C:\Users\bsval\terrafusion_os_1.0\backend\src\TerraFusion.Consciousness\TerraFusion.Consciousness.csproj]
C:\Users\bsval\terrafusion_os_1.0\backend\src\TerraFusion.Consciousness\Extensions\ConsciousnessServiceExtensions.cs(259,16): warning CS1591: Missing XML comment for publicly visible type or member 'AutonomousHealingHostedService.AutonomousHealingHostedService(IServiceProvider, ILogger<AutonomousHealingHostedService>)' [C:\Users\bsval\terrafusion_os_1.0\backend\src\TerraFusion.Consciousness\TerraFusion.Consciousness.csproj]
C:\Users\bsval\terrafusion_os_1.0\backend\src\TerraFusion.Consciousness\Extensions\ConsciousnessServiceExtensions.cs(267,39): warning CS1591: Missing XML comment for publicly visible type or member 'AutonomousHealingHostedService.ExecuteAsync(CancellationToken)' [C:\Users\bsval\terrafusion_os_1.0\backend\src\TerraFusion.Consciousness\TerraFusion.Consciousness.csproj]
C:\Users\bsval\terrafusion_os_1.0\backend\src\TerraFusion.Consciousness\HealthChecks\ConsciousnessHealthChecks.cs(16,16): warning CS1591: Missing XML comment for publicly visible type or member 'ConsciousnessHealthCheck.ConsciousnessHealthCheck(IQuantumConsciousnessOrchestrator, ILogger<ConsciousnessHealthCheck>)' [C:\Users\bsval\terrafusion_os_1.0\backend\src\TerraFusion.Consciousness\TerraFusion.Consciousness.csproj]
C:\Users\bsval\terrafusion_os_1.0\backend\src\TerraFusion.Consciousness\HealthChecks\ConsciousnessHealthChecks.cs(24,46): warning CS1591: Missing XML comment for publicly visible type or member 'ConsciousnessHealthCheck.CheckHealthAsync(HealthCheckContext, CancellationToken)' [C:\Users\bsval\terrafusion_os_1.0\backend\src\TerraFusion.Consciousness\TerraFusion.Consciousness.csproj]
C:\Users\bsval\terrafusion_os_1.0\backend\src\TerraFusion.Consciousness\HealthChecks\ConsciousnessHealthChecks.cs(79,16): warning CS1591: Missing XML comment for publicly visible type or member 'QuantumFactorHealthCheck.QuantumFactorHealthCheck(IConfiguration, ILogger<QuantumFactorHealthCheck>)' [C:\Users\bsval\terrafusion_os_1.0\backend\src\TerraFusion.Consciousness\TerraFusion.Consciousness.csproj]
C:\Users\bsval\terrafusion_os_1.0\backend\src\TerraFusion.Consciousness\HealthChecks\ConsciousnessHealthChecks.cs(87,46): warning CS1591: Missing XML comment for publicly visible type or member 'QuantumFactorHealthCheck.CheckHealthAsync(HealthCheckContext, CancellationToken)' [C:\Users\bsval\terrafusion_os_1.0\backend\src\TerraFusion.Consciousness\TerraFusion.Consciousness.csproj]
C:\Users\bsval\terrafusion_os_1.0\backend\src\TerraFusion.Consciousness\HealthChecks\ConsciousnessHealthChecks.cs(138,16): warning CS1591: Missing XML comment for publicly visible type or member 'AgentCoordinationHealthCheck.AgentCoordinationHealthCheck(IQuantumConsciousnessOrchestrator, ILogger<AgentCoordinationHealthCheck>)' [C:\Users\bsval\terrafusion_os_1.0\backend\src\TerraFusion.Consciousness\TerraFusion.Consciousness.csproj]
C:\Users\bsval\terrafusion_os_1.0\backend\src\TerraFusion.Consciousness\HealthChecks\ConsciousnessHealthChecks.cs(146,46): warning CS1591: Missing XML comment for publicly visible type or member 'AgentCoordinationHealthCheck.CheckHealthAsync(HealthCheckContext, CancellationToken)' [C:\Users\bsval\terrafusion_os_1.0\backend\src\TerraFusion.Consciousness\TerraFusion.Consciousness.csproj]
C:\Users\bsval\terrafusion_os_1.0\backend\src\TerraFusion.Consciousness\HealthChecks\ConsciousnessHealthChecks.cs(235,16): warning CS1591: Missing XML comment for publicly visible type or member 'TranscendenceHealthCheck.TranscendenceHealthCheck(ITranscendenceEngine, ILogger<TranscendenceHealthCheck>)' [C:\Users\bsval\terrafusion_os_1.0\backend\src\TerraFusion.Consciousness\TerraFusion.Consciousness.csproj]
C:\Users\bsval\terrafusion_os_1.0\backend\src\TerraFusion.Consciousness\HealthChecks\ConsciousnessHealthChecks.cs(243,46): warning CS1591: Missing XML comment for publicly visible type or member 'TranscendenceHealthCheck.CheckHealthAsync(HealthCheckContext, CancellationToken)' [C:\Users\bsval\terrafusion_os_1.0\backend\src\TerraFusion.Consciousness\TerraFusion.Consciousness.csproj]
C:\Users\bsval\terrafusion_os_1.0\backend\src\TerraFusion.Consciousness\Hubs\AILayerMeshHub.cs(29,16): warning CS1591: Missing XML comment for publicly visible type or member 'AILayerMeshHub.AILayerMeshHub(ILogger<AILayerMeshHub>, IAILayerMeshOrchestrator, IMultiCountyDataService)' [C:\Users\bsval\terrafusion_os_1.0\backend\src\TerraFusion.Consciousness\TerraFusion.Consciousness.csproj]
C:\Users\bsval\terrafusion_os_1.0\backend\src\TerraFusion.Consciousness\Hubs\AILayerMeshHub.cs(41,36): warning CS1591: Missing XML comment for publicly visible type or member 'AILayerMeshHub.OnConnectedAsync()' [C:\Users\bsval\terrafusion_os_1.0\backend\src\TerraFusion.Consciousness\TerraFusion.Consciousness.csproj]
C:\Users\bsval\terrafusion_os_1.0\backend\src\TerraFusion.Consciousness\Hubs\AILayerMeshHub.cs(58,36): warning CS1591: Missing XML comment for publicly visible type or member 'AILayerMeshHub.OnDisconnectedAsync(Exception?)' [C:\Users\bsval\terrafusion_os_1.0\backend\src\TerraFusion.Consciousness\TerraFusion.Consciousness.csproj]
C:\Users\bsval\terrafusion_os_1.0\backend\src\TerraFusion.Consciousness\Hubs\AILayerMeshHub.cs(574,18): warning CS1591: Missing XML comment for publicly visible type or member 'MeshOperationUpdateDto' [C:\Users\bsval\terrafusion_os_1.0\backend\src\TerraFusion.Consciousness\TerraFusion.Consciousness.csproj]
C:\Users\bsval\terrafusion_os_1.0\backend\src\TerraFusion.Consciousness\Hubs\AILayerMeshHub.cs(576,32): warning CS1591: Missing XML comment for publicly visible type or member 'MeshOperationUpdateDto.OperationId' [C:\Users\bsval\terrafusion_os_1.0\backend\src\TerraFusion.Consciousness\TerraFusion.Consciousness.csproj]
C:\Users\bsval\terrafusion_os_1.0\backend\src\TerraFusion.Consciousness\Hubs\AILayerMeshHub.cs(577,32): warning CS1591: Missing XML comment for publicly visible type or member 'MeshOperationUpdateDto.OperationType' [C:\Users\bsval\terrafusion_os_1.0\backend\src\TerraFusion.Consciousness\TerraFusion.Consciousness.csproj]
C:\Users\bsval\terrafusion_os_1.0\backend\src\TerraFusion.Consciousness\Hubs\AILayerMeshHub.cs(578,32): warning CS1591: Missing XML comment for publicly visible type or member 'MeshOperationUpdateDto.Status' [C:\Users\bsval\terrafusion_os_1.0\backend\src\TerraFusion.Consciousness\TerraFusion.Consciousness.csproj]
C:\Users\bsval\terrafusion_os_1.0\backend\src\TerraFusion.Consciousness\Hubs\AILayerMeshHub.cs(579,24): warning CS1591: Missing XML comment for publicly visible type or member 'MeshOperationUpdateDto.CurrentLayer' [C:\Users\bsval\terrafusion_os_1.0\backend\src\TerraFusion.Consciousness\TerraFusion.Consciousness.csproj]
C:\Users\bsval\terrafusion_os_1.0\backend\src\TerraFusion.Consciousness\Hubs\AILayerMeshHub.cs(580,44): warning CS1591: Missing XML comment for publicly visible type or member 'MeshOperationUpdateDto.ValidationRingStatus' [C:\Users\bsval\terrafusion_os_1.0\backend\src\TerraFusion.Consciousness\TerraFusion.Consciousness.csproj]
C:\Users\bsval\terrafusion_os_1.0\backend\src\TerraFusion.Consciousness\Hubs\AILayerMeshHub.cs(581,44): warning CS1591: Missing XML comment for publicly visible type or member 'MeshOperationUpdateDto.PerformanceMetrics' [C:\Users\bsval\terrafusion_os_1.0\backend\src\TerraFusion.Consciousness\TerraFusion.Consciousness.csproj]
C:\Users\bsval\terrafusion_os_1.0\backend\src\TerraFusion.Consciousness\Hubs\AILayerMeshHub.cs(582,30): warning CS1591: Missing XML comment for publicly visible type or member 'MeshOperationUpdateDto.ParticipatingCounties' [C:\Users\bsval\terrafusion_os_1.0\backend\src\TerraFusion.Consciousness\TerraFusion.Consciousness.csproj]
C:\Users\bsval\terrafusion_os_1.0\backend\src\TerraFusion.Consciousness\Hubs\AILayerMeshHub.cs(585,18): warning CS1591: Missing XML comment for publicly visible type or member 'CountyFederationUpdateDto' [C:\Users\bsval\terrafusion_os_1.0\backend\src\TerraFusion.Consciousness\TerraFusion.Consciousness.csproj]
C:\Users\bsval\terrafusion_os_1.0\backend\src\TerraFusion.Consciousness\Hubs\AILayerMeshHub.cs(587,32): warning CS1591: Missing XML comment for publicly visible type or member 'CountyFederationUpdateDto.CountyNodeId' [C:\Users\bsval\terrafusion_os_1.0\backend\src\TerraFusion.Consciousness\TerraFusion.Consciousness.csproj]
C:\Users\bsval\terrafusion_os_1.0\backend\src\TerraFusion.Consciousness\Hubs\AILayerMeshHub.cs(588,32): warning CS1591: Missing XML comment for publicly visible type or member 'CountyFederationUpdateDto.CountyName' [C:\Users\bsval\terrafusion_os_1.0\backend\src\TerraFusion.Consciousness\TerraFusion.Consciousness.csproj]
C:\Users\bsval\terrafusion_os_1.0\backend\src\TerraFusion.Consciousness\Hubs\AILayerMeshHub.cs(589,32): warning CS1591: Missing XML comment for publicly visible type or member 'CountyFederationUpdateDto.StateName' [C:\Users\bsval\terrafusion_os_1.0\backend\src\TerraFusion.Consciousness\TerraFusion.Consciousness.csproj]
C:\Users\bsval\terrafusion_os_1.0\backend\src\TerraFusion.Consciousness\Hubs\AILayerMeshHub.cs(590,32): warning CS1591: Missing XML comment for publicly visible type or member 'CountyFederationUpdateDto.Action' [C:\Users\bsval\terrafusion_os_1.0\backend\src\TerraFusion.Consciousness\TerraFusion.Consciousness.csproj]
C:\Users\bsval\terrafusion_os_1.0\backend\src\TerraFusion.Consciousness\Hubs\AILayerMeshHub.cs(591,32): warning CS1591: Missing XML comment for publicly visible type or member 'CountyFederationUpdateDto.Status' [C:\Users\bsval\terrafusion_os_1.0\backend\src\TerraFusion.Consciousness\TerraFusion.Consciousness.csproj]
C:\Users\bsval\terrafusion_os_1.0\backend\src\TerraFusion.Consciousness\Hubs\AILayerMeshHub.cs(592,30): warning CS1591: Missing XML comment for publicly visible type or member 'CountyFederationUpdateDto.MeshCapabilities' [C:\Users\bsval\terrafusion_os_1.0\backend\src\TerraFusion.Consciousness\TerraFusion.Consciousness.csproj]
C:\Users\bsval\terrafusion_os_1.0\backend\src\TerraFusion.Consciousness\Hubs\AILayerMeshHub.cs(593,44): warning CS1591: Missing XML comment for publicly visible type or member 'CountyFederationUpdateDto.ConnectionMetrics' [C:\Users\bsval\terrafusion_os_1.0\backend\src\TerraFusion.Consciousness\TerraFusion.Consciousness.csproj]
C:\Users\bsval\terrafusion_os_1.0\backend\src\TerraFusion.Consciousness\Hubs\AILayerMeshHub.cs(596,18): warning CS1591: Missing XML comment for publicly visible type or member 'ValidationRingAlertDto' [C:\Users\bsval\terrafusion_os_1.0\backend\src\TerraFusion.Consciousness\TerraFusion.Consciousness.csproj]
C:\Users\bsval\terrafusion_os_1.0\backend\src\TerraFusion.Consciousness\Hubs\AILayerMeshHub.cs(598,32): warning CS1591: Missing XML comment for publicly visible type or member 'ValidationRingAlertDto.RingType' [C:\Users\bsval\terrafusion_os_1.0\backend\src\TerraFusion.Consciousness\TerraFusion.Consciousness.csproj]
C:\Users\bsval\terrafusion_os_1.0\backend\src\TerraFusion.Consciousness\Hubs\AILayerMeshHub.cs(599,32): warning CS1591: Missing XML comment for publicly visible type or member 'ValidationRingAlertDto.Severity' [C:\Users\bsval\terrafusion_os_1.0\backend\src\TerraFusion.Consciousness\TerraFusion.Consciousness.csproj]
C:\Users\bsval\terrafusion_os_1.0\backend\src\TerraFusion.Consciousness\Hubs\AILayerMeshHub.cs(600,32): warning CS1591: Missing XML comment for publicly visible type or member 'ValidationRingAlertDto.Message' [C:\Users\bsval\terrafusion_os_1.0\backend\src\TerraFusion.Consciousness\TerraFusion.Consciousness.csproj]
C:\Users\bsval\terrafusion_os_1.0\backend\src\TerraFusion.Consciousness\Hubs\AILayerMeshHub.cs(601,30): warning CS1591: Missing XML comment for publicly visible type or member 'ValidationRingAlertDto.AffectedOperations' [C:\Users\bsval\terrafusion_os_1.0\backend\src\TerraFusion.Consciousness\TerraFusion.Consciousness.csproj]
C:\Users\bsval\terrafusion_os_1.0\backend\src\TerraFusion.Consciousness\Hubs\AILayerMeshHub.cs(602,30): warning CS1591: Missing XML comment for publicly visible type or member 'ValidationRingAlertDto.RecommendedActions' [C:\Users\bsval\terrafusion_os_1.0\backend\src\TerraFusion.Consciousness\TerraFusion.Consciousness.csproj]
C:\Users\bsval\terrafusion_os_1.0\backend\src\TerraFusion.Consciousness\Hubs\AILayerMeshHub.cs(605,18): warning CS1591: Missing XML comment for publicly visible type or member 'PerformanceAlertDto' [C:\Users\bsval\terrafusion_os_1.0\backend\src\TerraFusion.Consciousness\TerraFusion.Consciousness.csproj]
C:\Users\bsval\terrafusion_os_1.0\backend\src\TerraFusion.Consciousness\Hubs\AILayerMeshHub.cs(607,32): warning CS1591: Missing XML comment for publicly visible type or member 'PerformanceAlertDto.MetricType' [C:\Users\bsval\terrafusion_os_1.0\backend\src\TerraFusion.Consciousness\TerraFusion.Consciousness.csproj]
C:\Users\bsval\terrafusion_os_1.0\backend\src\TerraFusion.Consciousness\Hubs\AILayerMeshHub.cs(608,33): warning CS1591: Missing XML comment for publicly visible type or member 'PerformanceAlertDto.CurrentValue' [C:\Users\bsval\terrafusion_os_1.0\backend\src\TerraFusion.Consciousness\TerraFusion.Consciousness.csproj]
C:\Users\bsval\terrafusion_os_1.0\backend\src\TerraFusion.Consciousness\Hubs\AILayerMeshHub.cs(609,33): warning CS1591: Missing XML comment for publicly visible type or member 'PerformanceAlertDto.ThresholdExceeded' [C:\Users\bsval\terrafusion_os_1.0\backend\src\TerraFusion.Consciousness\TerraFusion.Consciousness.csproj]
C:\Users\bsval\terrafusion_os_1.0\backend\src\TerraFusion.Consciousness\Hubs\AILayerMeshHub.cs(610,30): warning CS1591: Missing XML comment for publicly visible type or member 'PerformanceAlertDto.AffectedComponents' [C:\Users\bsval\terrafusion_os_1.0\backend\src\TerraFusion.Consciousness\TerraFusion.Consciousness.csproj]
C:\Users\bsval\terrafusion_os_1.0\backend\src\TerraFusion.Consciousness\Hubs\AILayerMeshHub.cs(611,30): warning CS1591: Missing XML comment for publicly visible type or member 'PerformanceAlertDto.OptimizationRecommendations' [C:\Users\bsval\terrafusion_os_1.0\backend\src\TerraFusion.Consciousness\TerraFusion.Consciousness.csproj]
C:\Users\bsval\terrafusion_os_1.0\backend\src\TerraFusion.Consciousness\Hubs\ConsciousnessHubs.cs(21,16): warning CS1591: Missing XML comment for publicly visible type or member 'ConsciousnessHub.ConsciousnessHub(ILogger<ConsciousnessHub>, IConsciousnessService, IAuditLogger)' [C:\Users\bsval\terrafusion_os_1.0\backend\src\TerraFusion.Consciousness\TerraFusion.Consciousness.csproj]
C:\Users\bsval\terrafusion_os_1.0\backend\src\TerraFusion.Consciousness\Hubs\ConsciousnessHubs.cs(259,16): warning CS1591: Missing XML comment for publicly visible type or member 'QuantumHub.QuantumHub(ILogger<QuantumHub>, QuantumConsciousnessOrchestrator, IAuditLogger)' [C:\Users\bsval\terrafusion_os_1.0\backend\src\TerraFusion.Consciousness\TerraFusion.Consciousness.csproj]
C:\Users\bsval\terrafusion_os_1.0\backend\src\TerraFusion.Consciousness\Hubs\ConsciousnessHubs.cs(425,18): warning CS1591: Missing XML comment for publicly visible type or member 'UserConnection' [C:\Users\bsval\terrafusion_os_1.0\backend\src\TerraFusion.Consciousness\TerraFusion.Consciousness.csproj]
C:\Users\bsval\terrafusion_os_1.0\backend\src\TerraFusion.Consciousness\Hubs\ConsciousnessHubs.cs(427,32): warning CS1591: Missing XML comment for publicly visible type or member 'UserConnection.ConnectionId' [C:\Users\bsval\terrafusion_os_1.0\backend\src\TerraFusion.Consciousness\TerraFusion.Consciousness.csproj]
C:\Users\bsval\terrafusion_os_1.0\backend\src\TerraFusion.Consciousness\Hubs\ConsciousnessHubs.cs(428,32): warning CS1591: Missing XML comment for publicly visible type or member 'UserConnection.UserId' [C:\Users\bsval\terrafusion_os_1.0\backend\src\TerraFusion.Consciousness\TerraFusion.Consciousness.csproj]
C:\Users\bsval\terrafusion_os_1.0\backend\src\TerraFusion.Consciousness\Hubs\ConsciousnessHubs.cs(429,34): warning CS1591: Missing XML comment for publicly visible type or member 'UserConnection.ConnectedAt' [C:\Users\bsval\terrafusion_os_1.0\backend\src\TerraFusion.Consciousness\TerraFusion.Consciousness.csproj]
C:\Users\bsval\terrafusion_os_1.0\backend\src\TerraFusion.Consciousness\Hubs\ConsciousnessHubs.cs(430,34): warning CS1591: Missing XML comment for publicly visible type or member 'UserConnection.LastActivity' [C:\Users\bsval\terrafusion_os_1.0\backend\src\TerraFusion.Consciousness\TerraFusion.Consciousness.csproj]
C:\Users\bsval\terrafusion_os_1.0\backend\src\TerraFusion.Consciousness\Hubs\ConsciousnessHubs.cs(433,18): warning CS1591: Missing XML comment for publicly visible type or member 'QuantumConnection' [C:\Users\bsval\terrafusion_os_1.0\backend\src\TerraFusion.Consciousness\TerraFusion.Consciousness.csproj]
C:\Users\bsval\terrafusion_os_1.0\backend\src\TerraFusion.Consciousness\Hubs\ConsciousnessHubs.cs(435,32): warning CS1591: Missing XML comment for publicly visible type or member 'QuantumConnection.ConnectionId' [C:\Users\bsval\terrafusion_os_1.0\backend\src\TerraFusion.Consciousness\TerraFusion.Consciousness.csproj]
C:\Users\bsval\terrafusion_os_1.0\backend\src\TerraFusion.Consciousness\Hubs\ConsciousnessHubs.cs(436,32): warning CS1591: Missing XML comment for publicly visible type or member 'QuantumConnection.UserId' [C:\Users\bsval\terrafusion_os_1.0\backend\src\TerraFusion.Consciousness\TerraFusion.Consciousness.csproj]
C:\Users\bsval\terrafusion_os_1.0\backend\src\TerraFusion.Consciousness\Hubs\ConsciousnessHubs.cs(437,34): warning CS1591: Missing XML comment for publicly visible type or member 'QuantumConnection.ConnectedAt' [C:\Users\bsval\terrafusion_os_1.0\backend\src\TerraFusion.Consciousness\TerraFusion.Consciousness.csproj]
C:\Users\bsval\terrafusion_os_1.0\backend\src\TerraFusion.Consciousness\Hubs\ConsciousnessHubs.cs(438,30): warning CS1591: Missing XML comment for publicly visible type or member 'QuantumConnection.QuantumEnabled' [C:\Users\bsval\terrafusion_os_1.0\backend\src\TerraFusion.Consciousness\TerraFusion.Consciousness.csproj]
C:\Users\bsval\terrafusion_os_1.0\backend\src\TerraFusion.Consciousness\Hubs\ConsciousnessHubs.cs(441,18): warning CS1591: Missing XML comment for publicly visible type or member 'SystemAlert' [C:\Users\bsval\terrafusion_os_1.0\backend\src\TerraFusion.Consciousness\TerraFusion.Consciousness.csproj]
C:\Users\bsval\terrafusion_os_1.0\backend\src\TerraFusion.Consciousness\Hubs\ConsciousnessHubs.cs(443,32): warning CS1591: Missing XML comment for publicly visible type or member 'SystemAlert.AlertType' [C:\Users\bsval\terrafusion_os_1.0\backend\src\TerraFusion.Consciousness\TerraFusion.Consciousness.csproj]
C:\Users\bsval\terrafusion_os_1.0\backend\src\TerraFusion.Consciousness\Hubs\ConsciousnessHubs.cs(444,32): warning CS1591: Missing XML comment for publicly visible type or member 'SystemAlert.Severity' [C:\Users\bsval\terrafusion_os_1.0\backend\src\TerraFusion.Consciousness\TerraFusion.Consciousness.csproj]
C:\Users\bsval\terrafusion_os_1.0\backend\src\TerraFusion.Consciousness\Hubs\ConsciousnessHubs.cs(445,32): warning CS1591: Missing XML comment for publicly visible type or member 'SystemAlert.Message' [C:\Users\bsval\terrafusion_os_1.0\backend\src\TerraFusion.Consciousness\TerraFusion.Consciousness.csproj]
C:\Users\bsval\terrafusion_os_1.0\backend\src\TerraFusion.Consciousness\Hubs\ConsciousnessHubs.cs(446,34): warning CS1591: Missing XML comment for publicly visible type or member 'SystemAlert.Timestamp' [C:\Users\bsval\terrafusion_os_1.0\backend\src\TerraFusion.Consciousness\TerraFusion.Consciousness.csproj]
C:\Users\bsval\terrafusion_os_1.0\backend\src\TerraFusion.Consciousness\Hubs\ConsciousnessHubs.cs(449,18): warning CS1591: Missing XML comment for publicly visible type or member 'SystemStatusDto' [C:\Users\bsval\terrafusion_os_1.0\backend\src\TerraFusion.Consciousness\TerraFusion.Consciousness.csproj]
C:\Users\bsval\terrafusion_os_1.0\backend\src\TerraFusion.Consciousness\Hubs\ConsciousnessHubs.cs(451,32): warning CS1591: Missing XML comment for publicly visible type or member 'SystemStatusDto.SystemHealth' [C:\Users\bsval\terrafusion_os_1.0\backend\src\TerraFusion.Consciousness\TerraFusion.Consciousness.csproj]
C:\Users\bsval\terrafusion_os_1.0\backend\src\TerraFusion.Consciousness\Hubs\ConsciousnessHubs.cs(452,30): warning CS1591: Missing XML comment for publicly visible type or member 'SystemStatusDto.IsOperational' [C:\Users\bsval\terrafusion_os_1.0\backend\src\TerraFusion.Consciousness\TerraFusion.Consciousness.csproj]
C:\Users\bsval\terrafusion_os_1.0\backend\src\TerraFusion.Consciousness\Hubs\ConsciousnessHubs.cs(453,29): warning CS1591: Missing XML comment for publicly visible type or member 'SystemStatusDto.ConnectedUsers' [C:\Users\bsval\terrafusion_os_1.0\backend\src\TerraFusion.Consciousness\TerraFusion.Consciousness.csproj]
C:\Users\bsval\terrafusion_os_1.0\backend\src\TerraFusion.Consciousness\Hubs\ConsciousnessHubs.cs(454,34): warning CS1591: Missing XML comment for publicly visible type or member 'SystemStatusDto.LastUpdate' [C:\Users\bsval\terrafusion_os_1.0\backend\src\TerraFusion.Consciousness\TerraFusion.Consciousness.csproj]
C:\Users\bsval\terrafusion_os_1.0\backend\src\TerraFusion.Consciousness\Hubs\ConsciousnessHubs.cs(455,38): warning CS1591: Missing XML comment for publicly visible type or member 'SystemStatusDto.SystemAlerts' [C:\Users\bsval\terrafusion_os_1.0\backend\src\TerraFusion.Consciousness\TerraFusion.Consciousness.csproj]
C:\Users\bsval\terrafusion_os_1.0\backend\src\TerraFusion.Consciousness\Hubs\ConsciousnessHubs.cs(458,18): warning CS1591: Missing XML comment for publicly visible type or member 'QuantumStatusDto' [C:\Users\bsval\terrafusion_os_1.0\backend\src\TerraFusion.Consciousness\TerraFusion.Consciousness.csproj]
C:\Users\bsval\terrafusion_os_1.0\backend\src\TerraFusion.Consciousness\Hubs\ConsciousnessHubs.cs(460,32): warning CS1591: Missing XML comment for publicly visible type or member 'QuantumStatusDto.QuantumHealth' [C:\Users\bsval\terrafusion_os_1.0\backend\src\TerraFusion.Consciousness\TerraFusion.Consciousness.csproj]
C:\Users\bsval\terrafusion_os_1.0\backend\src\TerraFusion.Consciousness\Hubs\ConsciousnessHubs.cs(461,30): warning CS1591: Missing XML comment for publicly visible type or member 'QuantumStatusDto.IsQuantumOperational' [C:\Users\bsval\terrafusion_os_1.0\backend\src\TerraFusion.Consciousness\TerraFusion.Consciousness.csproj]
C:\Users\bsval\terrafusion_os_1.0\backend\src\TerraFusion.Consciousness\Hubs\ConsciousnessHubs.cs(462,29): warning CS1591: Missing XML comment for publicly visible type or member 'QuantumStatusDto.ConnectedQuantumClients' [C:\Users\bsval\terrafusion_os_1.0\backend\src\TerraFusion.Consciousness\TerraFusion.Consciousness.csproj]
C:\Users\bsval\terrafusion_os_1.0\backend\src\TerraFusion.Consciousness\Hubs\ConsciousnessHubs.cs(463,34): warning CS1591: Missing XML comment for publicly visible type or member 'QuantumStatusDto.LastUpdate' [C:\Users\bsval\terrafusion_os_1.0\backend\src\TerraFusion.Consciousness\TerraFusion.Consciousness.csproj]
C:\Users\bsval\terrafusion_os_1.0\backend\src\TerraFusion.Consciousness\Hubs\ConsciousnessHubs.cs(464,32): warning CS1591: Missing XML comment for publicly visible type or member 'QuantumStatusDto.QuantumCoherence' [C:\Users\bsval\terrafusion_os_1.0\backend\src\TerraFusion.Consciousness\TerraFusion.Consciousness.csproj]
C:\Users\bsval\terrafusion_os_1.0\backend\src\TerraFusion.Consciousness\Hubs\QuantumConsciousnessHub.cs(18,16): warning CS1591: Missing XML comment for publicly visible type or member 'QuantumConsciousnessHub.QuantumConsciousnessHub(IQuantumConsciousnessOrchestrator, ILogger<QuantumConsciousnessHub>)' [C:\Users\bsval\terrafusion_os_1.0\backend\src\TerraFusion.Consciousness\TerraFusion.Consciousness.csproj]
C:\Users\bsval\terrafusion_os_1.0\backend\src\TerraFusion.Consciousness\Hubs\QuantumConsciousnessHub.cs(142,16): warning CS1591: Missing XML comment for publicly visible type or member 'ConsciousnessBroadcastService.ConsciousnessBroadcastService(IHubContext<QuantumConsciousnessHub>, IServiceProvider, ILogger<ConsciousnessBroadcastService>)' [C:\Users\bsval\terrafusion_os_1.0\backend\src\TerraFusion.Consciousness\TerraFusion.Consciousness.csproj]
C:\Users\bsval\terrafusion_os_1.0\backend\src\TerraFusion.Consciousness\Hubs\QuantumConsciousnessHub.cs(152,39): warning CS1591: Missing XML comment for publicly visible type or member 'ConsciousnessBroadcastService.ExecuteAsync(CancellationToken)' [C:\Users\bsval\terrafusion_os_1.0\backend\src\TerraFusion.Consciousness\TerraFusion.Consciousness.csproj]
C:\Users\bsval\terrafusion_os_1.0\backend\src\TerraFusion.Consciousness\Interfaces\IComplianceService.cs(55,18): warning CS1591: Missing XML comment for publicly visible type or member 'ComplianceValidationRequest' [C:\Users\bsval\terrafusion_os_1.0\backend\src\TerraFusion.Consciousness\TerraFusion.Consciousness.csproj]
C:\Users\bsval\terrafusion_os_1.0\backend\src\TerraFusion.Consciousness\Interfaces\IComplianceService.cs(57,23): warning CS1591: Missing XML comment for publicly visible type or member 'ComplianceValidationRequest.CountyId' [C:\Users\bsval\terrafusion_os_1.0\backend\src\TerraFusion.Consciousness\TerraFusion.Consciousness.csproj]
C:\Users\bsval\terrafusion_os_1.0\backend\src\TerraFusion.Consciousness\Interfaces\IComplianceService.cs(58,23): warning CS1591: Missing XML comment for publicly visible type or member 'ComplianceValidationRequest.EntityType' [C:\Users\bsval\terrafusion_os_1.0\backend\src\TerraFusion.Consciousness\TerraFusion.Consciousness.csproj]
C:\Users\bsval\terrafusion_os_1.0\backend\src\TerraFusion.Consciousness\Interfaces\IComplianceService.cs(59,23): warning CS1591: Missing XML comment for publicly visible type or member 'ComplianceValidationRequest.EntityId' [C:\Users\bsval\terrafusion_os_1.0\backend\src\TerraFusion.Consciousness\TerraFusion.Consciousness.csproj]
C:\Users\bsval\terrafusion_os_1.0\backend\src\TerraFusion.Consciousness\Interfaces\IComplianceService.cs(60,29): warning CS1591: Missing XML comment for publicly visible type or member 'ComplianceValidationRequest.ComplianceStandards' [C:\Users\bsval\terrafusion_os_1.0\backend\src\TerraFusion.Consciousness\TerraFusion.Consciousness.csproj]
C:\Users\bsval\terrafusion_os_1.0\backend\src\TerraFusion.Consciousness\Interfaces\IComplianceService.cs(61,43): warning CS1591: Missing XML comment for publicly visible type or member 'ComplianceValidationRequest.ValidationData' [C:\Users\bsval\terrafusion_os_1.0\backend\src\TerraFusion.Consciousness\TerraFusion.Consciousness.csproj]
C:\Users\bsval\terrafusion_os_1.0\backend\src\TerraFusion.Consciousness\Interfaces\IComplianceService.cs(68,18): warning CS1591: Missing XML comment for publicly visible type or member 'IAAOComplianceResult' [C:\Users\bsval\terrafusion_os_1.0\backend\src\TerraFusion.Consciousness\TerraFusion.Consciousness.csproj]
C:\Users\bsval\terrafusion_os_1.0\backend\src\TerraFusion.Consciousness\Interfaces\IComplianceService.cs(70,21): warning CS1591: Missing XML comment for publicly visible type or member 'IAAOComplianceResult.IsCompliant' [C:\Users\bsval\terrafusion_os_1.0\backend\src\TerraFusion.Consciousness\TerraFusion.Consciousness.csproj]
C:\Users\bsval\terrafusion_os_1.0\backend\src\TerraFusion.Consciousness\Interfaces\IComplianceService.cs(71,24): warning CS1591: Missing XML comment for publicly visible type or member 'IAAOComplianceResult.AccuracyPercentage' [C:\Users\bsval\terrafusion_os_1.0\backend\src\TerraFusion.Consciousness\TerraFusion.Consciousness.csproj]
C:\Users\bsval\terrafusion_os_1.0\backend\src\TerraFusion.Consciousness\Interfaces\IComplianceService.cs(72,24): warning CS1591: Missing XML comment for publicly visible type or member 'IAAOComplianceResult.MedianRatio' [C:\Users\bsval\terrafusion_os_1.0\backend\src\TerraFusion.Consciousness\TerraFusion.Consciousness.csproj]
C:\Users\bsval\terrafusion_os_1.0\backend\src\TerraFusion.Consciousness\Interfaces\IComplianceService.cs(73,24): warning CS1591: Missing XML comment for publicly visible type or member 'IAAOComplianceResult.CoefficientOfDispersion' [C:\Users\bsval\terrafusion_os_1.0\backend\src\TerraFusion.Consciousness\TerraFusion.Consciousness.csproj]
C:\Users\bsval\terrafusion_os_1.0\backend\src\TerraFusion.Consciousness\Interfaces\IComplianceService.cs(74,24): warning CS1591: Missing XML comment for publicly visible type or member 'IAAOComplianceResult.PriceRelatedDifferential' [C:\Users\bsval\terrafusion_os_1.0\backend\src\TerraFusion.Consciousness\TerraFusion.Consciousness.csproj]
C:\Users\bsval\terrafusion_os_1.0\backend\src\TerraFusion.Consciousness\Interfaces\IComplianceService.cs(75,29): warning CS1591: Missing XML comment for publicly visible type or member 'IAAOComplianceResult.ComplianceIssues' [C:\Users\bsval\terrafusion_os_1.0\backend\src\TerraFusion.Consciousness\TerraFusion.Consciousness.csproj]
C:\Users\bsval\terrafusion_os_1.0\backend\src\TerraFusion.Consciousness\Interfaces\IComplianceService.cs(76,23): warning CS1591: Missing XML comment for publicly visible type or member 'IAAOComplianceResult.CertificationLevel' [C:\Users\bsval\terrafusion_os_1.0\backend\src\TerraFusion.Consciousness\TerraFusion.Consciousness.csproj]
C:\Users\bsval\terrafusion_os_1.0\backend\src\TerraFusion.Consciousness\Interfaces\IComplianceService.cs(77,25): warning CS1591: Missing XML comment for publicly visible type or member 'IAAOComplianceResult.ValidationTimestamp' [C:\Users\bsval\terrafusion_os_1.0\backend\src\TerraFusion.Consciousness\TerraFusion.Consciousness.csproj]
C:\Users\bsval\terrafusion_os_1.0\backend\src\TerraFusion.Consciousness\Interfaces\IComplianceService.cs(80,18): warning CS1591: Missing XML comment for publicly visible type or member 'GovernmentComplianceResult' [C:\Users\bsval\terrafusion_os_1.0\backend\src\TerraFusion.Consciousness\TerraFusion.Consciousness.csproj]
C:\Users\bsval\terrafusion_os_1.0\backend\src\TerraFusion.Consciousness\Interfaces\IComplianceService.cs(82,21): warning CS1591: Missing XML comment for publicly visible type or member 'GovernmentComplianceResult.IsCompliant' [C:\Users\bsval\terrafusion_os_1.0\backend\src\TerraFusion.Consciousness\TerraFusion.Consciousness.csproj]
C:\Users\bsval\terrafusion_os_1.0\backend\src\TerraFusion.Consciousness\Interfaces\IComplianceService.cs(83,29): warning CS1591: Missing XML comment for publicly visible type or member 'GovernmentComplianceResult.ComplianceStandards' [C:\Users\bsval\terrafusion_os_1.0\backend\src\TerraFusion.Consciousness\TerraFusion.Consciousness.csproj]
C:\Users\bsval\terrafusion_os_1.0\backend\src\TerraFusion.Consciousness\Interfaces\IComplianceService.cs(84,41): warning CS1591: Missing XML comment for publicly visible type or member 'GovernmentComplianceResult.StandardsCompliance' [C:\Users\bsval\terrafusion_os_1.0\backend\src\TerraFusion.Consciousness\TerraFusion.Consciousness.csproj]
C:\Users\bsval\terrafusion_os_1.0\backend\src\TerraFusion.Consciousness\Interfaces\IComplianceService.cs(85,29): warning CS1591: Missing XML comment for publicly visible type or member 'GovernmentComplianceResult.Issues' [C:\Users\bsval\terrafusion_os_1.0\backend\src\TerraFusion.Consciousness\TerraFusion.Consciousness.csproj]
C:\Users\bsval\terrafusion_os_1.0\backend\src\TerraFusion.Consciousness\Interfaces\IComplianceService.cs(86,20): warning CS1591: Missing XML comment for publicly visible type or member 'GovernmentComplianceResult.ComplianceScore' [C:\Users\bsval\terrafusion_os_1.0\backend\src\TerraFusion.Consciousness\TerraFusion.Consciousness.csproj]
C:\Users\bsval\terrafusion_os_1.0\backend\src\TerraFusion.Consciousness\Interfaces\IComplianceService.cs(87,25): warning CS1591: Missing XML comment for publicly visible type or member 'GovernmentComplianceResult.ValidationTimestamp' [C:\Users\bsval\terrafusion_os_1.0\backend\src\TerraFusion.Consciousness\TerraFusion.Consciousness.csproj]
C:\Users\bsval\terrafusion_os_1.0\backend\src\TerraFusion.Consciousness\Interfaces\IComplianceService.cs(90,18): warning CS1591: Missing XML comment for publicly visible type or member 'ComplianceAuditRecord' [C:\Users\bsval\terrafusion_os_1.0\backend\src\TerraFusion.Consciousness\TerraFusion.Consciousness.csproj]
C:\Users\bsval\terrafusion_os_1.0\backend\src\TerraFusion.Consciousness\Interfaces\IComplianceService.cs(92,23): warning CS1591: Missing XML comment for publicly visible type or member 'ComplianceAuditRecord.RecordId' [C:\Users\bsval\terrafusion_os_1.0\backend\src\TerraFusion.Consciousness\TerraFusion.Consciousness.csproj]
C:\Users\bsval\terrafusion_os_1.0\backend\src\TerraFusion.Consciousness\Interfaces\IComplianceService.cs(93,23): warning CS1591: Missing XML comment for publicly visible type or member 'ComplianceAuditRecord.CountyId' [C:\Users\bsval\terrafusion_os_1.0\backend\src\TerraFusion.Consciousness\TerraFusion.Consciousness.csproj]
C:\Users\bsval\terrafusion_os_1.0\backend\src\TerraFusion.Consciousness\Interfaces\IComplianceService.cs(94,23): warning CS1591: Missing XML comment for publicly visible type or member 'ComplianceAuditRecord.EntityType' [C:\Users\bsval\terrafusion_os_1.0\backend\src\TerraFusion.Consciousness\TerraFusion.Consciousness.csproj]
C:\Users\bsval\terrafusion_os_1.0\backend\src\TerraFusion.Consciousness\Interfaces\IComplianceService.cs(95,23): warning CS1591: Missing XML comment for publicly visible type or member 'ComplianceAuditRecord.EntityId' [C:\Users\bsval\terrafusion_os_1.0\backend\src\TerraFusion.Consciousness\TerraFusion.Consciousness.csproj]
C:\Users\bsval\terrafusion_os_1.0\backend\src\TerraFusion.Consciousness\Interfaces\IComplianceService.cs(96,23): warning CS1591: Missing XML comment for publicly visible type or member 'ComplianceAuditRecord.ComplianceStandard' [C:\Users\bsval\terrafusion_os_1.0\backend\src\TerraFusion.Consciousness\TerraFusion.Consciousness.csproj]
C:\Users\bsval\terrafusion_os_1.0\backend\src\TerraFusion.Consciousness\Interfaces\IComplianceService.cs(97,21): warning CS1591: Missing XML comment for publicly visible type or member 'ComplianceAuditRecord.IsCompliant' [C:\Users\bsval\terrafusion_os_1.0\backend\src\TerraFusion.Consciousness\TerraFusion.Consciousness.csproj]
C:\Users\bsval\terrafusion_os_1.0\backend\src\TerraFusion.Consciousness\Interfaces\IComplianceService.cs(98,23): warning CS1591: Missing XML comment for publicly visible type or member 'ComplianceAuditRecord.AuditDetails' [C:\Users\bsval\terrafusion_os_1.0\backend\src\TerraFusion.Consciousness\TerraFusion.Consciousness.csproj]
C:\Users\bsval\terrafusion_os_1.0\backend\src\TerraFusion.Consciousness\Interfaces\IComplianceService.cs(99,25): warning CS1591: Missing XML comment for publicly visible type or member 'ComplianceAuditRecord.Timestamp' [C:\Users\bsval\terrafusion_os_1.0\backend\src\TerraFusion.Consciousness\TerraFusion.Consciousness.csproj]
C:\Users\bsval\terrafusion_os_1.0\backend\src\TerraFusion.Consciousness\Interfaces\IComplianceService.cs(102,18): warning CS1591: Missing XML comment for publicly visible type or member 'ComplianceDashboardMetrics' [C:\Users\bsval\terrafusion_os_1.0\backend\src\TerraFusion.Consciousness\TerraFusion.Consciousness.csproj]
C:\Users\bsval\terrafusion_os_1.0\backend\src\TerraFusion.Consciousness\Interfaces\IComplianceService.cs(104,23): warning CS1591: Missing XML comment for publicly visible type or member 'ComplianceDashboardMetrics.CountyId' [C:\Users\bsval\terrafusion_os_1.0\backend\src\TerraFusion.Consciousness\TerraFusion.Consciousness.csproj]
C:\Users\bsval\terrafusion_os_1.0\backend\src\TerraFusion.Consciousness\Interfaces\IComplianceService.cs(105,24): warning CS1591: Missing XML comment for publicly visible type or member 'ComplianceDashboardMetrics.OverallComplianceRate' [C:\Users\bsval\terrafusion_os_1.0\backend\src\TerraFusion.Consciousness\TerraFusion.Consciousness.csproj]
C:\Users\bsval\terrafusion_os_1.0\backend\src\TerraFusion.Consciousness\Interfaces\IComplianceService.cs(106,20): warning CS1591: Missing XML comment for publicly visible type or member 'ComplianceDashboardMetrics.TotalValidations' [C:\Users\bsval\terrafusion_os_1.0\backend\src\TerraFusion.Consciousness\TerraFusion.Consciousness.csproj]
C:\Users\bsval\terrafusion_os_1.0\backend\src\TerraFusion.Consciousness\Interfaces\IComplianceService.cs(107,20): warning CS1591: Missing XML comment for publicly visible type or member 'ComplianceDashboardMetrics.ComplianceIssues' [C:\Users\bsval\terrafusion_os_1.0\backend\src\TerraFusion.Consciousness\TerraFusion.Consciousness.csproj]
C:\Users\bsval\terrafusion_os_1.0\backend\src\TerraFusion.Consciousness\Interfaces\IComplianceService.cs(108,44): warning CS1591: Missing XML comment for publicly visible type or member 'ComplianceDashboardMetrics.StandardsCompliance' [C:\Users\bsval\terrafusion_os_1.0\backend\src\TerraFusion.Consciousness\TerraFusion.Consciousness.csproj]
C:\Users\bsval\terrafusion_os_1.0\backend\src\TerraFusion.Consciousness\Interfaces\IComplianceService.cs(109,25): warning CS1591: Missing XML comment for publicly visible type or member 'ComplianceDashboardMetrics.LastUpdate' [C:\Users\bsval\terrafusion_os_1.0\backend\src\TerraFusion.Consciousness\TerraFusion.Consciousness.csproj]
C:\Users\bsval\terrafusion_os_1.0\backend\src\TerraFusion.Consciousness\Interfaces\IConsciousnessEngine.cs(67,18): warning CS1591: Missing XML comment for publicly visible type or member 'SwarmCoordinationRequest' [C:\Users\bsval\terrafusion_os_1.0\backend\src\TerraFusion.Consciousness\TerraFusion.Consciousness.csproj]
C:\Users\bsval\terrafusion_os_1.0\backend\src\TerraFusion.Consciousness\Interfaces\IConsciousnessEngine.cs(69,23): warning CS1591: Missing XML comment for publicly visible type or member 'SwarmCoordinationRequest.TaskId' [C:\Users\bsval\terrafusion_os_1.0\backend\src\TerraFusion.Consciousness\TerraFusion.Consciousness.csproj]
C:\Users\bsval\terrafusion_os_1.0\backend\src\TerraFusion.Consciousness\Interfaces\IConsciousnessEngine.cs(70,23): warning CS1591: Missing XML comment for publicly visible type or member 'SwarmCoordinationRequest.CountyId' [C:\Users\bsval\terrafusion_os_1.0\backend\src\TerraFusion.Consciousness\TerraFusion.Consciousness.csproj]
C:\Users\bsval\terrafusion_os_1.0\backend\src\TerraFusion.Consciousness\Interfaces\IConsciousnessEngine.cs(71,23): warning CS1591: Missing XML comment for publicly visible type or member 'SwarmCoordinationRequest.TaskType' [C:\Users\bsval\terrafusion_os_1.0\backend\src\TerraFusion.Consciousness\TerraFusion.Consciousness.csproj]
C:\Users\bsval\terrafusion_os_1.0\backend\src\TerraFusion.Consciousness\Interfaces\IConsciousnessEngine.cs(72,20): warning CS1591: Missing XML comment for publicly visible type or member 'SwarmCoordinationRequest.AgentCount' [C:\Users\bsval\terrafusion_os_1.0\backend\src\TerraFusion.Consciousness\TerraFusion.Consciousness.csproj]
C:\Users\bsval\terrafusion_os_1.0\backend\src\TerraFusion.Consciousness\Interfaces\IConsciousnessEngine.cs(73,43): warning CS1591: Missing XML comment for publicly visible type or member 'SwarmCoordinationRequest.Parameters' [C:\Users\bsval\terrafusion_os_1.0\backend\src\TerraFusion.Consciousness\TerraFusion.Consciousness.csproj]
C:\Users\bsval\terrafusion_os_1.0\backend\src\TerraFusion.Consciousness\Interfaces\IConsciousnessEngine.cs(74,21): warning CS1591: Missing XML comment for publicly visible type or member 'SwarmCoordinationRequest.EnableQuantumOptimization' [C:\Users\bsval\terrafusion_os_1.0\backend\src\TerraFusion.Consciousness\TerraFusion.Consciousness.csproj]
C:\Users\bsval\terrafusion_os_1.0\backend\src\TerraFusion.Consciousness\Interfaces\IConsciousnessEngine.cs(77,18): warning CS1591: Missing XML comment for publicly visible type or member 'QuantumOptimizationRequest' [C:\Users\bsval\terrafusion_os_1.0\backend\src\TerraFusion.Consciousness\TerraFusion.Consciousness.csproj]
C:\Users\bsval\terrafusion_os_1.0\backend\src\TerraFusion.Consciousness\Interfaces\IConsciousnessEngine.cs(79,23): warning CS1591: Missing XML comment for publicly visible type or member 'QuantumOptimizationRequest.TaskId' [C:\Users\bsval\terrafusion_os_1.0\backend\src\TerraFusion.Consciousness\TerraFusion.Consciousness.csproj]
C:\Users\bsval\terrafusion_os_1.0\backend\src\TerraFusion.Consciousness\Interfaces\IConsciousnessEngine.cs(80,23): warning CS1591: Missing XML comment for publicly visible type or member 'QuantumOptimizationRequest.OptimizationType' [C:\Users\bsval\terrafusion_os_1.0\backend\src\TerraFusion.Consciousness\TerraFusion.Consciousness.csproj]
C:\Users\bsval\terrafusion_os_1.0\backend\src\TerraFusion.Consciousness\Interfaces\IConsciousnessEngine.cs(81,43): warning CS1591: Missing XML comment for publicly visible type or member 'QuantumOptimizationRequest.Parameters' [C:\Users\bsval\terrafusion_os_1.0\backend\src\TerraFusion.Consciousness\TerraFusion.Consciousness.csproj]
C:\Users\bsval\terrafusion_os_1.0\backend\src\TerraFusion.Consciousness\Interfaces\IConsciousnessEngine.cs(82,20): warning CS1591: Missing XML comment for publicly visible type or member 'QuantumOptimizationRequest.QuantumFactor' [C:\Users\bsval\terrafusion_os_1.0\backend\src\TerraFusion.Consciousness\TerraFusion.Consciousness.csproj]
C:\Users\bsval\terrafusion_os_1.0\backend\src\TerraFusion.Consciousness\Interfaces\IConsciousnessEngine.cs(89,18): warning CS1591: Missing XML comment for publicly visible type or member 'SwarmStatus' [C:\Users\bsval\terrafusion_os_1.0\backend\src\TerraFusion.Consciousness\TerraFusion.Consciousness.csproj]
C:\Users\bsval\terrafusion_os_1.0\backend\src\TerraFusion.Consciousness\Interfaces\IConsciousnessEngine.cs(91,20): warning CS1591: Missing XML comment for publicly visible type or member 'SwarmStatus.TotalAgents' [C:\Users\bsval\terrafusion_os_1.0\backend\src\TerraFusion.Consciousness\TerraFusion.Consciousness.csproj]
C:\Users\bsval\terrafusion_os_1.0\backend\src\TerraFusion.Consciousness\Interfaces\IConsciousnessEngine.cs(92,20): warning CS1591: Missing XML comment for publicly visible type or member 'SwarmStatus.ActiveAgents' [C:\Users\bsval\terrafusion_os_1.0\backend\src\TerraFusion.Consciousness\TerraFusion.Consciousness.csproj]
C:\Users\bsval\terrafusion_os_1.0\backend\src\TerraFusion.Consciousness\Interfaces\IConsciousnessEngine.cs(93,23): warning CS1591: Missing XML comment for publicly visible type or member 'SwarmStatus.CountyId' [C:\Users\bsval\terrafusion_os_1.0\backend\src\TerraFusion.Consciousness\TerraFusion.Consciousness.csproj]
C:\Users\bsval\terrafusion_os_1.0\backend\src\TerraFusion.Consciousness\Interfaces\IConsciousnessEngine.cs(94,23): warning CS1591: Missing XML comment for publicly visible type or member 'SwarmStatus.CoordinationMode' [C:\Users\bsval\terrafusion_os_1.0\backend\src\TerraFusion.Consciousness\TerraFusion.Consciousness.csproj]
C:\Users\bsval\terrafusion_os_1.0\backend\src\TerraFusion.Consciousness\Interfaces\IConsciousnessEngine.cs(95,24): warning CS1591: Missing XML comment for publicly visible type or member 'SwarmStatus.HealthScore' [C:\Users\bsval\terrafusion_os_1.0\backend\src\TerraFusion.Consciousness\TerraFusion.Consciousness.csproj]
C:\Users\bsval\terrafusion_os_1.0\backend\src\TerraFusion.Consciousness\Interfaces\IConsciousnessEngine.cs(96,25): warning CS1591: Missing XML comment for publicly visible type or member 'SwarmStatus.Timestamp' [C:\Users\bsval\terrafusion_os_1.0\backend\src\TerraFusion.Consciousness\TerraFusion.Consciousness.csproj]
C:\Users\bsval\terrafusion_os_1.0\backend\src\TerraFusion.Consciousness\Interfaces\IConsciousnessEngine.cs(99,18): warning CS1591: Missing XML comment for publicly visible type or member 'QuantumOptimizationResult' [C:\Users\bsval\terrafusion_os_1.0\backend\src\TerraFusion.Consciousness\TerraFusion.Consciousness.csproj]
C:\Users\bsval\terrafusion_os_1.0\backend\src\TerraFusion.Consciousness\Interfaces\IConsciousnessEngine.cs(101,21): warning CS1591: Missing XML comment for publicly visible type or member 'QuantumOptimizationResult.Success' [C:\Users\bsval\terrafusion_os_1.0\backend\src\TerraFusion.Consciousness\TerraFusion.Consciousness.csproj]
C:\Users\bsval\terrafusion_os_1.0\backend\src\TerraFusion.Consciousness\Interfaces\IConsciousnessEngine.cs(102,20): warning CS1591: Missing XML comment for publicly visible type or member 'QuantumOptimizationResult.QuantumFactor' [C:\Users\bsval\terrafusion_os_1.0\backend\src\TerraFusion.Consciousness\TerraFusion.Consciousness.csproj]
C:\Users\bsval\terrafusion_os_1.0\backend\src\TerraFusion.Consciousness\Interfaces\IConsciousnessEngine.cs(103,24): warning CS1591: Missing XML comment for publicly visible type or member 'QuantumOptimizationResult.OptimizationScore' [C:\Users\bsval\terrafusion_os_1.0\backend\src\TerraFusion.Consciousness\TerraFusion.Consciousness.csproj]
C:\Users\bsval\terrafusion_os_1.0\backend\src\TerraFusion.Consciousness\Interfaces\IConsciousnessEngine.cs(104,43): warning CS1591: Missing XML comment for publicly visible type or member 'QuantumOptimizationResult.Results' [C:\Users\bsval\terrafusion_os_1.0\backend\src\TerraFusion.Consciousness\TerraFusion.Consciousness.csproj]
C:\Users\bsval\terrafusion_os_1.0\backend\src\TerraFusion.Consciousness\Interfaces\IConsciousnessEngine.cs(105,25): warning CS1591: Missing XML comment for publicly visible type or member 'QuantumOptimizationResult.Duration' [C:\Users\bsval\terrafusion_os_1.0\backend\src\TerraFusion.Consciousness\TerraFusion.Consciousness.csproj]
C:\Users\bsval\terrafusion_os_1.0\backend\src\TerraFusion.Consciousness\Interfaces\IConsciousnessEngine.cs(108,18): warning CS1591: Missing XML comment for publicly visible type or member 'ConsciousnessHealthMetrics' [C:\Users\bsval\terrafusion_os_1.0\backend\src\TerraFusion.Consciousness\TerraFusion.Consciousness.csproj]
C:\Users\bsval\terrafusion_os_1.0\backend\src\TerraFusion.Consciousness\Interfaces\IConsciousnessEngine.cs(110,24): warning CS1591: Missing XML comment for publicly visible type or member 'ConsciousnessHealthMetrics.OverallHealth' [C:\Users\bsval\terrafusion_os_1.0\backend\src\TerraFusion.Consciousness\TerraFusion.Consciousness.csproj]
C:\Users\bsval\terrafusion_os_1.0\backend\src\TerraFusion.Consciousness\Interfaces\IConsciousnessEngine.cs(111,25): warning CS1591: Missing XML comment for publicly visible type or member 'ConsciousnessHealthMetrics.AverageResponseTime' [C:\Users\bsval\terrafusion_os_1.0\backend\src\TerraFusion.Consciousness\TerraFusion.Consciousness.csproj]
C:\Users\bsval\terrafusion_os_1.0\backend\src\TerraFusion.Consciousness\Interfaces\IConsciousnessEngine.cs(112,20): warning CS1591: Missing XML comment for publicly visible type or member 'ConsciousnessHealthMetrics.CoordinationCount' [C:\Users\bsval\terrafusion_os_1.0\backend\src\TerraFusion.Consciousness\TerraFusion.Consciousness.csproj]
C:\Users\bsval\terrafusion_os_1.0\backend\src\TerraFusion.Consciousness\Interfaces\IConsciousnessEngine.cs(113,24): warning CS1591: Missing XML comment for publicly visible type or member 'ConsciousnessHealthMetrics.CoordinationSuccessRate' [C:\Users\bsval\terrafusion_os_1.0\backend\src\TerraFusion.Consciousness\TerraFusion.Consciousness.csproj]
C:\Users\bsval\terrafusion_os_1.0\backend\src\TerraFusion.Consciousness\Interfaces\IConsciousnessEngine.cs(114,25): warning CS1591: Missing XML comment for publicly visible type or member 'ConsciousnessHealthMetrics.LastUpdate' [C:\Users\bsval\terrafusion_os_1.0\backend\src\TerraFusion.Consciousness\TerraFusion.Consciousness.csproj]
C:\Users\bsval\terrafusion_os_1.0\backend\src\TerraFusion.Consciousness\Interfaces\IConsciousnessEngine.cs(117,18): warning CS1591: Missing XML comment for publicly visible type or member 'SwarmHealthStatus' [C:\Users\bsval\terrafusion_os_1.0\backend\src\TerraFusion.Consciousness\TerraFusion.Consciousness.csproj]
C:\Users\bsval\terrafusion_os_1.0\backend\src\TerraFusion.Consciousness\Interfaces\IConsciousnessEngine.cs(119,20): warning CS1591: Missing XML comment for publicly visible type or member 'SwarmHealthStatus.ActiveAgents' [C:\Users\bsval\terrafusion_os_1.0\backend\src\TerraFusion.Consciousness\TerraFusion.Consciousness.csproj]
C:\Users\bsval\terrafusion_os_1.0\backend\src\TerraFusion.Consciousness\Interfaces\IConsciousnessEngine.cs(120,23): warning CS1591: Missing XML comment for publicly visible type or member 'SwarmHealthStatus.ActivityLevel' [C:\Users\bsval\terrafusion_os_1.0\backend\src\TerraFusion.Consciousness\TerraFusion.Consciousness.csproj]
C:\Users\bsval\terrafusion_os_1.0\backend\src\TerraFusion.Consciousness\Interfaces\IConsciousnessEngine.cs(121,23): warning CS1591: Missing XML comment for publicly visible type or member 'SwarmHealthStatus.AvgResponseTimeMs' [C:\Users\bsval\terrafusion_os_1.0\backend\src\TerraFusion.Consciousness\TerraFusion.Consciousness.csproj]
C:\Users\bsval\terrafusion_os_1.0\backend\src\TerraFusion.Consciousness\Interfaces\IConsciousnessEngine.cs(122,23): warning CS1591: Missing XML comment for publicly visible type or member 'SwarmHealthStatus.AccuracyScore' [C:\Users\bsval\terrafusion_os_1.0\backend\src\TerraFusion.Consciousness\TerraFusion.Consciousness.csproj]
C:\Users\bsval\terrafusion_os_1.0\backend\src\TerraFusion.Consciousness\Interfaces\IConsciousnessEngine.cs(123,23): warning CS1591: Missing XML comment for publicly visible type or member 'SwarmHealthStatus.ConsciousnessLevel' [C:\Users\bsval\terrafusion_os_1.0\backend\src\TerraFusion.Consciousness\TerraFusion.Consciousness.csproj]
C:\Users\bsval\terrafusion_os_1.0\backend\src\TerraFusion.Consciousness\Interfaces\IConsciousnessService.cs(50,18): warning CS1591: Missing XML comment for publicly visible type or member 'ConsciousnessInitializationResult' [C:\Users\bsval\terrafusion_os_1.0\backend\src\TerraFusion.Consciousness\TerraFusion.Consciousness.csproj]
C:\Users\bsval\terrafusion_os_1.0\backend\src\TerraFusion.Consciousness\Interfaces\IConsciousnessService.cs(52,30): warning CS1591: Missing XML comment for publicly visible type or member 'ConsciousnessInitializationResult.Success' [C:\Users\bsval\terrafusion_os_1.0\backend\src\TerraFusion.Consciousness\TerraFusion.Consciousness.csproj]
C:\Users\bsval\terrafusion_os_1.0\backend\src\TerraFusion.Consciousness\Interfaces\IConsciousnessService.cs(53,32): warning CS1591: Missing XML comment for publicly visible type or member 'ConsciousnessInitializationResult.SystemId' [C:\Users\bsval\terrafusion_os_1.0\backend\src\TerraFusion.Consciousness\TerraFusion.Consciousness.csproj]
C:\Users\bsval\terrafusion_os_1.0\backend\src\TerraFusion.Consciousness\Interfaces\IConsciousnessService.cs(54,34): warning CS1591: Missing XML comment for publicly visible type or member 'ConsciousnessInitializationResult.InitializationTime' [C:\Users\bsval\terrafusion_os_1.0\backend\src\TerraFusion.Consciousness\TerraFusion.Consciousness.csproj]
C:\Users\bsval\terrafusion_os_1.0\backend\src\TerraFusion.Consciousness\Interfaces\IConsciousnessService.cs(55,52): warning CS1591: Missing XML comment for publicly visible type or member 'ConsciousnessInitializationResult.SystemMetrics' [C:\Users\bsval\terrafusion_os_1.0\backend\src\TerraFusion.Consciousness\TerraFusion.Consciousness.csproj]
C:\Users\bsval\terrafusion_os_1.0\backend\src\TerraFusion.Consciousness\Interfaces\IConsciousnessService.cs(56,24): warning CS1591: Missing XML comment for publicly visible type or member 'ConsciousnessInitializationResult.ErrorMessage' [C:\Users\bsval\terrafusion_os_1.0\backend\src\TerraFusion.Consciousness\TerraFusion.Consciousness.csproj]
C:\Users\bsval\terrafusion_os_1.0\backend\src\TerraFusion.Consciousness\Interfaces\IConsciousnessService.cs(59,18): warning CS1591: Missing XML comment for publicly visible type or member 'ConsciousnessOperationRequest' [C:\Users\bsval\terrafusion_os_1.0\backend\src\TerraFusion.Consciousness\TerraFusion.Consciousness.csproj]
C:\Users\bsval\terrafusion_os_1.0\backend\src\TerraFusion.Consciousness\Interfaces\IConsciousnessService.cs(61,32): warning CS1591: Missing XML comment for publicly visible type or member 'ConsciousnessOperationRequest.OperationId' [C:\Users\bsval\terrafusion_os_1.0\backend\src\TerraFusion.Consciousness\TerraFusion.Consciousness.csproj]
C:\Users\bsval\terrafusion_os_1.0\backend\src\TerraFusion.Consciousness\Interfaces\IConsciousnessService.cs(62,32): warning CS1591: Missing XML comment for publicly visible type or member 'ConsciousnessOperationRequest.OperationType' [C:\Users\bsval\terrafusion_os_1.0\backend\src\TerraFusion.Consciousness\TerraFusion.Consciousness.csproj]
C:\Users\bsval\terrafusion_os_1.0\backend\src\TerraFusion.Consciousness\Interfaces\IConsciousnessService.cs(63,52): warning CS1591: Missing XML comment for publicly visible type or member 'ConsciousnessOperationRequest.Parameters' [C:\Users\bsval\terrafusion_os_1.0\backend\src\TerraFusion.Consciousness\TerraFusion.Consciousness.csproj]
C:\Users\bsval\terrafusion_os_1.0\backend\src\TerraFusion.Consciousness\Interfaces\IConsciousnessService.cs(64,29): warning CS1591: Missing XML comment for publicly visible type or member 'ConsciousnessOperationRequest.Priority' [C:\Users\bsval\terrafusion_os_1.0\backend\src\TerraFusion.Consciousness\TerraFusion.Consciousness.csproj]
C:\Users\bsval\terrafusion_os_1.0\backend\src\TerraFusion.Consciousness\Interfaces\IConsciousnessService.cs(65,26): warning CS1591: Missing XML comment for publicly visible type or member 'ConsciousnessOperationRequest.ScheduledTime' [C:\Users\bsval\terrafusion_os_1.0\backend\src\TerraFusion.Consciousness\TerraFusion.Consciousness.csproj]
C:\Users\bsval\terrafusion_os_1.0\backend\src\TerraFusion.Consciousness\Interfaces\IConsciousnessService.cs(68,18): warning CS1591: Missing XML comment for publicly visible type or member 'ConsciousnessOperationResult' [C:\Users\bsval\terrafusion_os_1.0\backend\src\TerraFusion.Consciousness\TerraFusion.Consciousness.csproj]
C:\Users\bsval\terrafusion_os_1.0\backend\src\TerraFusion.Consciousness\Interfaces\IConsciousnessService.cs(70,30): warning CS1591: Missing XML comment for publicly visible type or member 'ConsciousnessOperationResult.Success' [C:\Users\bsval\terrafusion_os_1.0\backend\src\TerraFusion.Consciousness\TerraFusion.Consciousness.csproj]
C:\Users\bsval\terrafusion_os_1.0\backend\src\TerraFusion.Consciousness\Interfaces\IConsciousnessService.cs(71,32): warning CS1591: Missing XML comment for publicly visible type or member 'ConsciousnessOperationResult.OperationId' [C:\Users\bsval\terrafusion_os_1.0\backend\src\TerraFusion.Consciousness\TerraFusion.Consciousness.csproj]
C:\Users\bsval\terrafusion_os_1.0\backend\src\TerraFusion.Consciousness\Interfaces\IConsciousnessService.cs(72,52): warning CS1591: Missing XML comment for publicly visible type or member 'ConsciousnessOperationResult.Results' [C:\Users\bsval\terrafusion_os_1.0\backend\src\TerraFusion.Consciousness\TerraFusion.Consciousness.csproj]
C:\Users\bsval\terrafusion_os_1.0\backend\src\TerraFusion.Consciousness\Interfaces\IConsciousnessService.cs(73,34): warning CS1591: Missing XML comment for publicly visible type or member 'ConsciousnessOperationResult.ProcessingTime' [C:\Users\bsval\terrafusion_os_1.0\backend\src\TerraFusion.Consciousness\TerraFusion.Consciousness.csproj]
C:\Users\bsval\terrafusion_os_1.0\backend\src\TerraFusion.Consciousness\Interfaces\IConsciousnessService.cs(74,24): warning CS1591: Missing XML comment for publicly visible type or member 'ConsciousnessOperationResult.ErrorMessage' [C:\Users\bsval\terrafusion_os_1.0\backend\src\TerraFusion.Consciousness\TerraFusion.Consciousness.csproj]
C:\Users\bsval\terrafusion_os_1.0\backend\src\TerraFusion.Consciousness\Interfaces\IConsciousnessService.cs(77,18): warning CS1591: Missing XML comment for publicly visible type or member 'ConsciousnessHealthDto' [C:\Users\bsval\terrafusion_os_1.0\backend\src\TerraFusion.Consciousness\TerraFusion.Consciousness.csproj]
C:\Users\bsval\terrafusion_os_1.0\backend\src\TerraFusion.Consciousness\Interfaces\IConsciousnessService.cs(79,32): warning CS1591: Missing XML comment for publicly visible type or member 'ConsciousnessHealthDto.OverallHealth' [C:\Users\bsval\terrafusion_os_1.0\backend\src\TerraFusion.Consciousness\TerraFusion.Consciousness.csproj]
C:\Users\bsval\terrafusion_os_1.0\backend\src\TerraFusion.Consciousness\Interfaces\IConsciousnessService.cs(80,52): warning CS1591: Missing XML comment for publicly visible type or member 'ConsciousnessHealthDto.ComponentHealth' [C:\Users\bsval\terrafusion_os_1.0\backend\src\TerraFusion.Consciousness\TerraFusion.Consciousness.csproj]
C:\Users\bsval\terrafusion_os_1.0\backend\src\TerraFusion.Consciousness\Interfaces\IConsciousnessService.cs(81,38): warning CS1591: Missing XML comment for publicly visible type or member 'ConsciousnessHealthDto.SystemAlerts' [C:\Users\bsval\terrafusion_os_1.0\backend\src\TerraFusion.Consciousness\TerraFusion.Consciousness.csproj]
C:\Users\bsval\terrafusion_os_1.0\backend\src\TerraFusion.Consciousness\Interfaces\IConsciousnessService.cs(82,34): warning CS1591: Missing XML comment for publicly visible type or member 'ConsciousnessHealthDto.LastHealthCheck' [C:\Users\bsval\terrafusion_os_1.0\backend\src\TerraFusion.Consciousness\TerraFusion.Consciousness.csproj]
C:\Users\bsval\terrafusion_os_1.0\backend\src\TerraFusion.Consciousness\Interfaces\IConsciousnessService.cs(83,30): warning CS1591: Missing XML comment for publicly visible type or member 'ConsciousnessHealthDto.IsOperational' [C:\Users\bsval\terrafusion_os_1.0\backend\src\TerraFusion.Consciousness\TerraFusion.Consciousness.csproj]
C:\Users\bsval\terrafusion_os_1.0\backend\src\TerraFusion.Consciousness\Interfaces\IConsciousnessService.cs(86,18): warning CS1591: Missing XML comment for publicly visible type or member 'LayerOrchestrationRequest' [C:\Users\bsval\terrafusion_os_1.0\backend\src\TerraFusion.Consciousness\TerraFusion.Consciousness.csproj]
C:\Users\bsval\terrafusion_os_1.0\backend\src\TerraFusion.Consciousness\Interfaces\IConsciousnessService.cs(88,32): warning CS1591: Missing XML comment for publicly visible type or member 'LayerOrchestrationRequest.RequestId' [C:\Users\bsval\terrafusion_os_1.0\backend\src\TerraFusion.Consciousness\TerraFusion.Consciousness.csproj]
C:\Users\bsval\terrafusion_os_1.0\backend\src\TerraFusion.Consciousness\Interfaces\IConsciousnessService.cs(89,38): warning CS1591: Missing XML comment for publicly visible type or member 'LayerOrchestrationRequest.TargetLayers' [C:\Users\bsval\terrafusion_os_1.0\backend\src\TerraFusion.Consciousness\TerraFusion.Consciousness.csproj]
C:\Users\bsval\terrafusion_os_1.0\backend\src\TerraFusion.Consciousness\Interfaces\IConsciousnessService.cs(90,52): warning CS1591: Missing XML comment for publicly visible type or member 'LayerOrchestrationRequest.InputData' [C:\Users\bsval\terrafusion_os_1.0\backend\src\TerraFusion.Consciousness\TerraFusion.Consciousness.csproj]
C:\Users\bsval\terrafusion_os_1.0\backend\src\TerraFusion.Consciousness\Interfaces\IConsciousnessService.cs(91,30): warning CS1591: Missing XML comment for publicly visible type or member 'LayerOrchestrationRequest.RequireConsensus' [C:\Users\bsval\terrafusion_os_1.0\backend\src\TerraFusion.Consciousness\TerraFusion.Consciousness.csproj]
C:\Users\bsval\terrafusion_os_1.0\backend\src\TerraFusion.Consciousness\Interfaces\IConsciousnessService.cs(94,18): warning CS1591: Missing XML comment for publicly visible type or member 'LayerOrchestrationResult' [C:\Users\bsval\terrafusion_os_1.0\backend\src\TerraFusion.Consciousness\TerraFusion.Consciousness.csproj]
C:\Users\bsval\terrafusion_os_1.0\backend\src\TerraFusion.Consciousness\Interfaces\IConsciousnessService.cs(96,30): warning CS1591: Missing XML comment for publicly visible type or member 'LayerOrchestrationResult.Success' [C:\Users\bsval\terrafusion_os_1.0\backend\src\TerraFusion.Consciousness\TerraFusion.Consciousness.csproj]
C:\Users\bsval\terrafusion_os_1.0\backend\src\TerraFusion.Consciousness\Interfaces\IConsciousnessService.cs(97,32): warning CS1591: Missing XML comment for publicly visible type or member 'LayerOrchestrationResult.RequestId' [C:\Users\bsval\terrafusion_os_1.0\backend\src\TerraFusion.Consciousness\TerraFusion.Consciousness.csproj]
C:\Users\bsval\terrafusion_os_1.0\backend\src\TerraFusion.Consciousness\Interfaces\IConsciousnessService.cs(98,52): warning CS1591: Missing XML comment for publicly visible type or member 'LayerOrchestrationResult.LayerResults' [C:\Users\bsval\terrafusion_os_1.0\backend\src\TerraFusion.Consciousness\TerraFusion.Consciousness.csproj]
C:\Users\bsval\terrafusion_os_1.0\backend\src\TerraFusion.Consciousness\Interfaces\IConsciousnessService.cs(99,30): warning CS1591: Missing XML comment for publicly visible type or member 'LayerOrchestrationResult.ConsensusAchieved' [C:\Users\bsval\terrafusion_os_1.0\backend\src\TerraFusion.Consciousness\TerraFusion.Consciousness.csproj]
C:\Users\bsval\terrafusion_os_1.0\backend\src\TerraFusion.Consciousness\Interfaces\IConsciousnessService.cs(100,24): warning CS1591: Missing XML comment for publicly visible type or member 'LayerOrchestrationResult.ErrorMessage' [C:\Users\bsval\terrafusion_os_1.0\backend\src\TerraFusion.Consciousness\TerraFusion.Consciousness.csproj]
C:\Users\bsval\terrafusion_os_1.0\backend\src\TerraFusion.Consciousness\Interfaces\IConsciousnessService.cs(103,18): warning CS1591: Missing XML comment for publicly visible type or member 'ScalingRequest' [C:\Users\bsval\terrafusion_os_1.0\backend\src\TerraFusion.Consciousness\TerraFusion.Consciousness.csproj]
C:\Users\bsval\terrafusion_os_1.0\backend\src\TerraFusion.Consciousness\Interfaces\IConsciousnessService.cs(105,32): warning CS1591: Missing XML comment for publicly visible type or member 'ScalingRequest.ScalingType' [C:\Users\bsval\terrafusion_os_1.0\backend\src\TerraFusion.Consciousness\TerraFusion.Consciousness.csproj]
C:\Users\bsval\terrafusion_os_1.0\backend\src\TerraFusion.Consciousness\Interfaces\IConsciousnessService.cs(106,29): warning CS1591: Missing XML comment for publicly visible type or member 'ScalingRequest.TargetCapacity' [C:\Users\bsval\terrafusion_os_1.0\backend\src\TerraFusion.Consciousness\TerraFusion.Consciousness.csproj]
C:\Users\bsval\terrafusion_os_1.0\backend\src\TerraFusion.Consciousness\Interfaces\IConsciousnessService.cs(107,52): warning CS1591: Missing XML comment for publicly visible type or member 'ScalingRequest.ScalingParameters' [C:\Users\bsval\terrafusion_os_1.0\backend\src\TerraFusion.Consciousness\TerraFusion.Consciousness.csproj]
C:\Users\bsval\terrafusion_os_1.0\backend\src\TerraFusion.Consciousness\Interfaces\IConsciousnessService.cs(110,18): warning CS1591: Missing XML comment for publicly visible type or member 'ScalingResult' [C:\Users\bsval\terrafusion_os_1.0\backend\src\TerraFusion.Consciousness\TerraFusion.Consciousness.csproj]
C:\Users\bsval\terrafusion_os_1.0\backend\src\TerraFusion.Consciousness\Interfaces\IConsciousnessService.cs(112,30): warning CS1591: Missing XML comment for publicly visible type or member 'ScalingResult.Success' [C:\Users\bsval\terrafusion_os_1.0\backend\src\TerraFusion.Consciousness\TerraFusion.Consciousness.csproj]
C:\Users\bsval\terrafusion_os_1.0\backend\src\TerraFusion.Consciousness\Interfaces\IConsciousnessService.cs(113,32): warning CS1591: Missing XML comment for publicly visible type or member 'ScalingResult.ScalingType' [C:\Users\bsval\terrafusion_os_1.0\backend\src\TerraFusion.Consciousness\TerraFusion.Consciousness.csproj]
C:\Users\bsval\terrafusion_os_1.0\backend\src\TerraFusion.Consciousness\Interfaces\IConsciousnessService.cs(114,29): warning CS1591: Missing XML comment for publicly visible type or member 'ScalingResult.CurrentCapacity' [C:\Users\bsval\terrafusion_os_1.0\backend\src\TerraFusion.Consciousness\TerraFusion.Consciousness.csproj]
C:\Users\bsval\terrafusion_os_1.0\backend\src\TerraFusion.Consciousness\Interfaces\IConsciousnessService.cs(115,34): warning CS1591: Missing XML comment for publicly visible type or member 'ScalingResult.ScalingTime' [C:\Users\bsval\terrafusion_os_1.0\backend\src\TerraFusion.Consciousness\TerraFusion.Consciousness.csproj]
C:\Users\bsval\terrafusion_os_1.0\backend\src\TerraFusion.Consciousness\Interfaces\IConsciousnessService.cs(116,24): warning CS1591: Missing XML comment for publicly visible type or member 'ScalingResult.ErrorMessage' [C:\Users\bsval\terrafusion_os_1.0\backend\src\TerraFusion.Consciousness\TerraFusion.Consciousness.csproj]
C:\Users\bsval\terrafusion_os_1.0\backend\src\TerraFusion.Consciousness\Interfaces\IConsciousnessService.cs(119,18): warning CS1591: Missing XML comment for publicly visible type or member 'ConsciousnessValidationResult' [C:\Users\bsval\terrafusion_os_1.0\backend\src\TerraFusion.Consciousness\TerraFusion.Consciousness.csproj]
C:\Users\bsval\terrafusion_os_1.0\backend\src\TerraFusion.Consciousness\Interfaces\IConsciousnessService.cs(121,30): warning CS1591: Missing XML comment for publicly visible type or member 'ConsciousnessValidationResult.IsValid' [C:\Users\bsval\terrafusion_os_1.0\backend\src\TerraFusion.Consciousness\TerraFusion.Consciousness.csproj]
C:\Users\bsval\terrafusion_os_1.0\backend\src\TerraFusion.Consciousness\Interfaces\IConsciousnessService.cs(122,50): warning CS1591: Missing XML comment for publicly visible type or member 'ConsciousnessValidationResult.ComponentValidations' [C:\Users\bsval\terrafusion_os_1.0\backend\src\TerraFusion.Consciousness\TerraFusion.Consciousness.csproj]
C:\Users\bsval\terrafusion_os_1.0\backend\src\TerraFusion.Consciousness\Interfaces\IConsciousnessService.cs(123,38): warning CS1591: Missing XML comment for publicly visible type or member 'ConsciousnessValidationResult.ValidationMessages' [C:\Users\bsval\terrafusion_os_1.0\backend\src\TerraFusion.Consciousness\TerraFusion.Consciousness.csproj]
C:\Users\bsval\terrafusion_os_1.0\backend\src\TerraFusion.Consciousness\Interfaces\IConsciousnessService.cs(124,32): warning CS1591: Missing XML comment for publicly visible type or member 'ConsciousnessValidationResult.ComplianceScore' [C:\Users\bsval\terrafusion_os_1.0\backend\src\TerraFusion.Consciousness\TerraFusion.Consciousness.csproj]
C:\Users\bsval\terrafusion_os_1.0\backend\src\TerraFusion.Consciousness\Interfaces\IPropertyValuationService.cs(53,18): warning CS1591: Missing XML comment for publicly visible type or member 'PropertyValuationRequest' [C:\Users\bsval\terrafusion_os_1.0\backend\src\TerraFusion.Consciousness\TerraFusion.Consciousness.csproj]
C:\Users\bsval\terrafusion_os_1.0\backend\src\TerraFusion.Consciousness\Interfaces\IPropertyValuationService.cs(55,23): warning CS1591: Missing XML comment for publicly visible type or member 'PropertyValuationRequest.ParcelId' [C:\Users\bsval\terrafusion_os_1.0\backend\src\TerraFusion.Consciousness\TerraFusion.Consciousness.csproj]
C:\Users\bsval\terrafusion_os_1.0\backend\src\TerraFusion.Consciousness\Interfaces\IPropertyValuationService.cs(56,23): warning CS1591: Missing XML comment for publicly visible type or member 'PropertyValuationRequest.CountyId' [C:\Users\bsval\terrafusion_os_1.0\backend\src\TerraFusion.Consciousness\TerraFusion.Consciousness.csproj]
C:\Users\bsval\terrafusion_os_1.0\backend\src\TerraFusion.Consciousness\Interfaces\IPropertyValuationService.cs(57,23): warning CS1591: Missing XML comment for publicly visible type or member 'PropertyValuationRequest.PropertyType' [C:\Users\bsval\terrafusion_os_1.0\backend\src\TerraFusion.Consciousness\TerraFusion.Consciousness.csproj]
C:\Users\bsval\terrafusion_os_1.0\backend\src\TerraFusion.Consciousness\Interfaces\IPropertyValuationService.cs(58,24): warning CS1591: Missing XML comment for publicly visible type or member 'PropertyValuationRequest.SquareFootage' [C:\Users\bsval\terrafusion_os_1.0\backend\src\TerraFusion.Consciousness\TerraFusion.Consciousness.csproj]
C:\Users\bsval\terrafusion_os_1.0\backend\src\TerraFusion.Consciousness\Interfaces\IPropertyValuationService.cs(59,20): warning CS1591: Missing XML comment for publicly visible type or member 'PropertyValuationRequest.YearBuilt' [C:\Users\bsval\terrafusion_os_1.0\backend\src\TerraFusion.Consciousness\TerraFusion.Consciousness.csproj]
C:\Users\bsval\terrafusion_os_1.0\backend\src\TerraFusion.Consciousness\Interfaces\IPropertyValuationService.cs(60,23): warning CS1591: Missing XML comment for publicly visible type or member 'PropertyValuationRequest.Quality' [C:\Users\bsval\terrafusion_os_1.0\backend\src\TerraFusion.Consciousness\TerraFusion.Consciousness.csproj]
C:\Users\bsval\terrafusion_os_1.0\backend\src\TerraFusion.Consciousness\Interfaces\IPropertyValuationService.cs(61,23): warning CS1591: Missing XML comment for publicly visible type or member 'PropertyValuationRequest.Condition' [C:\Users\bsval\terrafusion_os_1.0\backend\src\TerraFusion.Consciousness\TerraFusion.Consciousness.csproj]
C:\Users\bsval\terrafusion_os_1.0\backend\src\TerraFusion.Consciousness\Interfaces\IPropertyValuationService.cs(62,21): warning CS1591: Missing XML comment for publicly visible type or member 'PropertyValuationRequest.EnableAIEnhancement' [C:\Users\bsval\terrafusion_os_1.0\backend\src\TerraFusion.Consciousness\TerraFusion.Consciousness.csproj]
C:\Users\bsval\terrafusion_os_1.0\backend\src\TerraFusion.Consciousness\Interfaces\IPropertyValuationService.cs(63,20): warning CS1591: Missing XML comment for publicly visible type or member 'PropertyValuationRequest.AISwarmSize' [C:\Users\bsval\terrafusion_os_1.0\backend\src\TerraFusion.Consciousness\TerraFusion.Consciousness.csproj]
C:\Users\bsval\terrafusion_os_1.0\backend\src\TerraFusion.Consciousness\Interfaces\IPropertyValuationService.cs(70,18): warning CS1591: Missing XML comment for publicly visible type or member 'PropertyValuationResult' [C:\Users\bsval\terrafusion_os_1.0\backend\src\TerraFusion.Consciousness\TerraFusion.Consciousness.csproj]
C:\Users\bsval\terrafusion_os_1.0\backend\src\TerraFusion.Consciousness\Interfaces\IPropertyValuationService.cs(72,23): warning CS1591: Missing XML comment for publicly visible type or member 'PropertyValuationResult.ValuationId' [C:\Users\bsval\terrafusion_os_1.0\backend\src\TerraFusion.Consciousness\TerraFusion.Consciousness.csproj]
C:\Users\bsval\terrafusion_os_1.0\backend\src\TerraFusion.Consciousness\Interfaces\IPropertyValuationService.cs(73,23): warning CS1591: Missing XML comment for publicly visible type or member 'PropertyValuationResult.ParcelId' [C:\Users\bsval\terrafusion_os_1.0\backend\src\TerraFusion.Consciousness\TerraFusion.Consciousness.csproj]
C:\Users\bsval\terrafusion_os_1.0\backend\src\TerraFusion.Consciousness\Interfaces\IPropertyValuationService.cs(74,23): warning CS1591: Missing XML comment for publicly visible type or member 'PropertyValuationResult.CountyId' [C:\Users\bsval\terrafusion_os_1.0\backend\src\TerraFusion.Consciousness\TerraFusion.Consciousness.csproj]
C:\Users\bsval\terrafusion_os_1.0\backend\src\TerraFusion.Consciousness\Interfaces\IPropertyValuationService.cs(75,24): warning CS1591: Missing XML comment for publicly visible type or member 'PropertyValuationResult.EstimatedValue' [C:\Users\bsval\terrafusion_os_1.0\backend\src\TerraFusion.Consciousness\TerraFusion.Consciousness.csproj]
C:\Users\bsval\terrafusion_os_1.0\backend\src\TerraFusion.Consciousness\Interfaces\IPropertyValuationService.cs(76,24): warning CS1591: Missing XML comment for publicly visible type or member 'PropertyValuationResult.ConfidenceScore' [C:\Users\bsval\terrafusion_os_1.0\backend\src\TerraFusion.Consciousness\TerraFusion.Consciousness.csproj]
C:\Users\bsval\terrafusion_os_1.0\backend\src\TerraFusion.Consciousness\Interfaces\IPropertyValuationService.cs(77,32): warning CS1591: Missing XML comment for publicly visible type or member 'PropertyValuationResult.AIInsights' [C:\Users\bsval\terrafusion_os_1.0\backend\src\TerraFusion.Consciousness\TerraFusion.Consciousness.csproj]
C:\Users\bsval\terrafusion_os_1.0\backend\src\TerraFusion.Consciousness\Interfaces\IPropertyValuationService.cs(78,21): warning CS1591: Missing XML comment for publicly visible type or member 'PropertyValuationResult.IAAOCompliant' [C:\Users\bsval\terrafusion_os_1.0\backend\src\TerraFusion.Consciousness\TerraFusion.Consciousness.csproj]
C:\Users\bsval\terrafusion_os_1.0\backend\src\TerraFusion.Consciousness\Interfaces\IPropertyValuationService.cs(79,25): warning CS1591: Missing XML comment for publicly visible type or member 'PropertyValuationResult.CalculationTime' [C:\Users\bsval\terrafusion_os_1.0\backend\src\TerraFusion.Consciousness\TerraFusion.Consciousness.csproj]
C:\Users\bsval\terrafusion_os_1.0\backend\src\TerraFusion.Consciousness\Interfaces\IPropertyValuationService.cs(80,25): warning CS1591: Missing XML comment for publicly visible type or member 'PropertyValuationResult.Timestamp' [C:\Users\bsval\terrafusion_os_1.0\backend\src\TerraFusion.Consciousness\TerraFusion.Consciousness.csproj]
C:\Users\bsval\terrafusion_os_1.0\backend\src\TerraFusion.Consciousness\Interfaces\IPropertyValuationService.cs(83,18): warning CS1591: Missing XML comment for publicly visible type or member 'PropertyAnalysisResult' [C:\Users\bsval\terrafusion_os_1.0\backend\src\TerraFusion.Consciousness\TerraFusion.Consciousness.csproj]
C:\Users\bsval\terrafusion_os_1.0\backend\src\TerraFusion.Consciousness\Interfaces\IPropertyValuationService.cs(85,23): warning CS1591: Missing XML comment for publicly visible type or member 'PropertyAnalysisResult.AnalysisId' [C:\Users\bsval\terrafusion_os_1.0\backend\src\TerraFusion.Consciousness\TerraFusion.Consciousness.csproj]
C:\Users\bsval\terrafusion_os_1.0\backend\src\TerraFusion.Consciousness\Interfaces\IPropertyValuationService.cs(86,23): warning CS1591: Missing XML comment for publicly visible type or member 'PropertyAnalysisResult.ParcelId' [C:\Users\bsval\terrafusion_os_1.0\backend\src\TerraFusion.Consciousness\TerraFusion.Consciousness.csproj]
C:\Users\bsval\terrafusion_os_1.0\backend\src\TerraFusion.Consciousness\Interfaces\IPropertyValuationService.cs(87,23): warning CS1591: Missing XML comment for publicly visible type or member 'PropertyAnalysisResult.CountyId' [C:\Users\bsval\terrafusion_os_1.0\backend\src\TerraFusion.Consciousness\TerraFusion.Consciousness.csproj]
C:\Users\bsval\terrafusion_os_1.0\backend\src\TerraFusion.Consciousness\Interfaces\IPropertyValuationService.cs(88,24): warning CS1591: Missing XML comment for publicly visible type or member 'PropertyAnalysisResult.CurrentAssessment' [C:\Users\bsval\terrafusion_os_1.0\backend\src\TerraFusion.Consciousness\TerraFusion.Consciousness.csproj]
C:\Users\bsval\terrafusion_os_1.0\backend\src\TerraFusion.Consciousness\Interfaces\IPropertyValuationService.cs(89,24): warning CS1591: Missing XML comment for publicly visible type or member 'PropertyAnalysisResult.AIEstimatedValue' [C:\Users\bsval\terrafusion_os_1.0\backend\src\TerraFusion.Consciousness\TerraFusion.Consciousness.csproj]
C:\Users\bsval\terrafusion_os_1.0\backend\src\TerraFusion.Consciousness\Interfaces\IPropertyValuationService.cs(90,24): warning CS1591: Missing XML comment for publicly visible type or member 'PropertyAnalysisResult.VariancePercentage' [C:\Users\bsval\terrafusion_os_1.0\backend\src\TerraFusion.Consciousness\TerraFusion.Consciousness.csproj]
C:\Users\bsval\terrafusion_os_1.0\backend\src\TerraFusion.Consciousness\Interfaces\IPropertyValuationService.cs(91,39): warning CS1591: Missing XML comment for publicly visible type or member 'PropertyAnalysisResult.Recommendations' [C:\Users\bsval\terrafusion_os_1.0\backend\src\TerraFusion.Consciousness\TerraFusion.Consciousness.csproj]
C:\Users\bsval\terrafusion_os_1.0\backend\src\TerraFusion.Consciousness\Interfaces\IPropertyValuationService.cs(92,32): warning CS1591: Missing XML comment for publicly visible type or member 'PropertyAnalysisResult.Insights' [C:\Users\bsval\terrafusion_os_1.0\backend\src\TerraFusion.Consciousness\TerraFusion.Consciousness.csproj]
C:\Users\bsval\terrafusion_os_1.0\backend\src\TerraFusion.Consciousness\Interfaces\IPropertyValuationService.cs(93,25): warning CS1591: Missing XML comment for publicly visible type or member 'PropertyAnalysisResult.Timestamp' [C:\Users\bsval\terrafusion_os_1.0\backend\src\TerraFusion.Consciousness\TerraFusion.Consciousness.csproj]
C:\Users\bsval\terrafusion_os_1.0\backend\src\TerraFusion.Consciousness\Interfaces\IPropertyValuationService.cs(96,18): warning CS1591: Missing XML comment for publicly visible type or member 'PropertyValuationHistory' [C:\Users\bsval\terrafusion_os_1.0\backend\src\TerraFusion.Consciousness\TerraFusion.Consciousness.csproj]
C:\Users\bsval\terrafusion_os_1.0\backend\src\TerraFusion.Consciousness\Interfaces\IPropertyValuationService.cs(98,23): warning CS1591: Missing XML comment for publicly visible type or member 'PropertyValuationHistory.ParcelId' [C:\Users\bsval\terrafusion_os_1.0\backend\src\TerraFusion.Consciousness\TerraFusion.Consciousness.csproj]
C:\Users\bsval\terrafusion_os_1.0\backend\src\TerraFusion.Consciousness\Interfaces\IPropertyValuationService.cs(99,23): warning CS1591: Missing XML comment for publicly visible type or member 'PropertyValuationHistory.CountyId' [C:\Users\bsval\terrafusion_os_1.0\backend\src\TerraFusion.Consciousness\TerraFusion.Consciousness.csproj]
C:\Users\bsval\terrafusion_os_1.0\backend\src\TerraFusion.Consciousness\Interfaces\IPropertyValuationService.cs(100,42): warning CS1591: Missing XML comment for publicly visible type or member 'PropertyValuationHistory.Valuations' [C:\Users\bsval\terrafusion_os_1.0\backend\src\TerraFusion.Consciousness\TerraFusion.Consciousness.csproj]
C:\Users\bsval\terrafusion_os_1.0\backend\src\TerraFusion.Consciousness\Interfaces\IPropertyValuationService.cs(101,35): warning CS1591: Missing XML comment for publicly visible type or member 'PropertyValuationHistory.Trend' [C:\Users\bsval\terrafusion_os_1.0\backend\src\TerraFusion.Consciousness\TerraFusion.Consciousness.csproj]
C:\Users\bsval\terrafusion_os_1.0\backend\src\TerraFusion.Consciousness\Interfaces\IPropertyValuationService.cs(102,25): warning CS1591: Missing XML comment for publicly visible type or member 'PropertyValuationHistory.LastUpdate' [C:\Users\bsval\terrafusion_os_1.0\backend\src\TerraFusion.Consciousness\TerraFusion.Consciousness.csproj]
C:\Users\bsval\terrafusion_os_1.0\backend\src\TerraFusion.Consciousness\Interfaces\IPropertyValuationService.cs(105,18): warning CS1591: Missing XML comment for publicly visible type or member 'HistoricalValuation' [C:\Users\bsval\terrafusion_os_1.0\backend\src\TerraFusion.Consciousness\TerraFusion.Consciousness.csproj]
C:\Users\bsval\terrafusion_os_1.0\backend\src\TerraFusion.Consciousness\Interfaces\IPropertyValuationService.cs(107,25): warning CS1591: Missing XML comment for publicly visible type or member 'HistoricalValuation.ValuationDate' [C:\Users\bsval\terrafusion_os_1.0\backend\src\TerraFusion.Consciousness\TerraFusion.Consciousness.csproj]
C:\Users\bsval\terrafusion_os_1.0\backend\src\TerraFusion.Consciousness\Interfaces\IPropertyValuationService.cs(108,24): warning CS1591: Missing XML comment for publicly visible type or member 'HistoricalValuation.Value' [C:\Users\bsval\terrafusion_os_1.0\backend\src\TerraFusion.Consciousness\TerraFusion.Consciousness.csproj]
C:\Users\bsval\terrafusion_os_1.0\backend\src\TerraFusion.Consciousness\Interfaces\IPropertyValuationService.cs(109,23): warning CS1591: Missing XML comment for publicly visible type or member 'HistoricalValuation.ValuationMethod' [C:\Users\bsval\terrafusion_os_1.0\backend\src\TerraFusion.Consciousness\TerraFusion.Consciousness.csproj]
C:\Users\bsval\terrafusion_os_1.0\backend\src\TerraFusion.Consciousness\Interfaces\IPropertyValuationService.cs(110,24): warning CS1591: Missing XML comment for publicly visible type or member 'HistoricalValuation.ConfidenceScore' [C:\Users\bsval\terrafusion_os_1.0\backend\src\TerraFusion.Consciousness\TerraFusion.Consciousness.csproj]
C:\Users\bsval\terrafusion_os_1.0\backend\src\TerraFusion.Consciousness\Interfaces\IPropertyValuationService.cs(113,18): warning CS1591: Missing XML comment for publicly visible type or member 'PropertyValueTrend' [C:\Users\bsval\terrafusion_os_1.0\backend\src\TerraFusion.Consciousness\TerraFusion.Consciousness.csproj]
C:\Users\bsval\terrafusion_os_1.0\backend\src\TerraFusion.Consciousness\Interfaces\IPropertyValuationService.cs(115,24): warning CS1591: Missing XML comment for publicly visible type or member 'PropertyValueTrend.AverageAnnualIncrease' [C:\Users\bsval\terrafusion_os_1.0\backend\src\TerraFusion.Consciousness\TerraFusion.Consciousness.csproj]
C:\Users\bsval\terrafusion_os_1.0\backend\src\TerraFusion.Consciousness\Interfaces\IPropertyValuationService.cs(116,23): warning CS1591: Missing XML comment for publicly visible type or member 'PropertyValueTrend.TrendDirection' [C:\Users\bsval\terrafusion_os_1.0\backend\src\TerraFusion.Consciousness\TerraFusion.Consciousness.csproj]
C:\Users\bsval\terrafusion_os_1.0\backend\src\TerraFusion.Consciousness\Interfaces\IPropertyValuationService.cs(117,24): warning CS1591: Missing XML comment for publicly visible type or member 'PropertyValueTrend.VolatilityScore' [C:\Users\bsval\terrafusion_os_1.0\backend\src\TerraFusion.Consciousness\TerraFusion.Consciousness.csproj]
C:\Users\bsval\terrafusion_os_1.0\backend\src\TerraFusion.Consciousness\Interfaces\IPropertyValuationService.cs(120,18): warning CS1591: Missing XML comment for publicly visible type or member 'ValuationServiceHealth' [C:\Users\bsval\terrafusion_os_1.0\backend\src\TerraFusion.Consciousness\TerraFusion.Consciousness.csproj]
C:\Users\bsval\terrafusion_os_1.0\backend\src\TerraFusion.Consciousness\Interfaces\IPropertyValuationService.cs(122,24): warning CS1591: Missing XML comment for publicly visible type or member 'ValuationServiceHealth.HealthScore' [C:\Users\bsval\terrafusion_os_1.0\backend\src\TerraFusion.Consciousness\TerraFusion.Consciousness.csproj]
C:\Users\bsval\terrafusion_os_1.0\backend\src\TerraFusion.Consciousness\Interfaces\IPropertyValuationService.cs(123,24): warning CS1591: Missing XML comment for publicly visible type or member 'ValuationServiceHealth.AverageAccuracy' [C:\Users\bsval\terrafusion_os_1.0\backend\src\TerraFusion.Consciousness\TerraFusion.Consciousness.csproj]
C:\Users\bsval\terrafusion_os_1.0\backend\src\TerraFusion.Consciousness\Interfaces\IPropertyValuationService.cs(124,25): warning CS1591: Missing XML comment for publicly visible type or member 'ValuationServiceHealth.AverageCalculationTime' [C:\Users\bsval\terrafusion_os_1.0\backend\src\TerraFusion.Consciousness\TerraFusion.Consciousness.csproj]
C:\Users\bsval\terrafusion_os_1.0\backend\src\TerraFusion.Consciousness\Interfaces\IPropertyValuationService.cs(125,20): warning CS1591: Missing XML comment for publicly visible type or member 'ValuationServiceHealth.TotalValuations' [C:\Users\bsval\terrafusion_os_1.0\backend\src\TerraFusion.Consciousness\TerraFusion.Consciousness.csproj]
C:\Users\bsval\terrafusion_os_1.0\backend\src\TerraFusion.Consciousness\Interfaces\IPropertyValuationService.cs(126,24): warning CS1591: Missing XML comment for publicly visible type or member 'ValuationServiceHealth.IAAOComplianceRate' [C:\Users\bsval\terrafusion_os_1.0\backend\src\TerraFusion.Consciousness\TerraFusion.Consciousness.csproj]
C:\Users\bsval\terrafusion_os_1.0\backend\src\TerraFusion.Consciousness\Interfaces\IPropertyValuationService.cs(127,25): warning CS1591: Missing XML comment for publicly visible type or member 'ValuationServiceHealth.LastUpdate' [C:\Users\bsval\terrafusion_os_1.0\backend\src\TerraFusion.Consciousness\TerraFusion.Consciousness.csproj]
C:\Users\bsval\terrafusion_os_1.0\backend\src\TerraFusion.Consciousness\Interfaces\IPropertyValuationService.cs(130,18): warning CS1591: Missing XML comment for publicly visible type or member 'AIInsight' [C:\Users\bsval\terrafusion_os_1.0\backend\src\TerraFusion.Consciousness\TerraFusion.Consciousness.csproj]
C:\Users\bsval\terrafusion_os_1.0\backend\src\TerraFusion.Consciousness\Interfaces\IPropertyValuationService.cs(132,23): warning CS1591: Missing XML comment for publicly visible type or member 'AIInsight.InsightType' [C:\Users\bsval\terrafusion_os_1.0\backend\src\TerraFusion.Consciousness\TerraFusion.Consciousness.csproj]
C:\Users\bsval\terrafusion_os_1.0\backend\src\TerraFusion.Consciousness\Interfaces\IPropertyValuationService.cs(133,23): warning CS1591: Missing XML comment for publicly visible type or member 'AIInsight.Description' [C:\Users\bsval\terrafusion_os_1.0\backend\src\TerraFusion.Consciousness\TerraFusion.Consciousness.csproj]
C:\Users\bsval\terrafusion_os_1.0\backend\src\TerraFusion.Consciousness\Interfaces\IPropertyValuationService.cs(134,24): warning CS1591: Missing XML comment for publicly visible type or member 'AIInsight.Impact' [C:\Users\bsval\terrafusion_os_1.0\backend\src\TerraFusion.Consciousness\TerraFusion.Consciousness.csproj]
C:\Users\bsval\terrafusion_os_1.0\backend\src\TerraFusion.Consciousness\Interfaces\IPropertyValuationService.cs(135,23): warning CS1591: Missing XML comment for publicly visible type or member 'AIInsight.Severity' [C:\Users\bsval\terrafusion_os_1.0\backend\src\TerraFusion.Consciousness\TerraFusion.Consciousness.csproj]
C:\Users\bsval\terrafusion_os_1.0\backend\src\TerraFusion.Consciousness\Interfaces\IPropertyValuationService.cs(138,18): warning CS1591: Missing XML comment for publicly visible type or member 'AIRecommendation' [C:\Users\bsval\terrafusion_os_1.0\backend\src\TerraFusion.Consciousness\TerraFusion.Consciousness.csproj]
C:\Users\bsval\terrafusion_os_1.0\backend\src\TerraFusion.Consciousness\Interfaces\IPropertyValuationService.cs(140,23): warning CS1591: Missing XML comment for publicly visible type or member 'AIRecommendation.RecommendationType' [C:\Users\bsval\terrafusion_os_1.0\backend\src\TerraFusion.Consciousness\TerraFusion.Consciousness.csproj]
C:\Users\bsval\terrafusion_os_1.0\backend\src\TerraFusion.Consciousness\Interfaces\IPropertyValuationService.cs(141,23): warning CS1591: Missing XML comment for publicly visible type or member 'AIRecommendation.Description' [C:\Users\bsval\terrafusion_os_1.0\backend\src\TerraFusion.Consciousness\TerraFusion.Consciousness.csproj]
C:\Users\bsval\terrafusion_os_1.0\backend\src\TerraFusion.Consciousness\Interfaces\IPropertyValuationService.cs(142,24): warning CS1591: Missing XML comment for publicly visible type or member 'AIRecommendation.Priority' [C:\Users\bsval\terrafusion_os_1.0\backend\src\TerraFusion.Consciousness\TerraFusion.Consciousness.csproj]
C:\Users\bsval\terrafusion_os_1.0\backend\src\TerraFusion.Consciousness\Interfaces\IPropertyValuationService.cs(143,23): warning CS1591: Missing XML comment for publicly visible type or member 'AIRecommendation.ActionRequired' [C:\Users\bsval\terrafusion_os_1.0\backend\src\TerraFusion.Consciousness\TerraFusion.Consciousness.csproj]
C:\Users\bsval\terrafusion_os_1.0\backend\src\TerraFusion.Consciousness\Interfaces\IWorkflowRepository.cs(20,35): warning CS1591: Missing XML comment for publicly visible type or member 'IWorkflowRepository.GetWorkflowAsync(string)' [C:\Users\bsval\terrafusion_os_1.0\backend\src\TerraFusion.Consciousness\TerraFusion.Consciousness.csproj]
C:\Users\bsval\terrafusion_os_1.0\backend\src\TerraFusion.Consciousness\Interfaces\IWorkflowRepository.cs(21,40): warning CS1591: Missing XML comment for publicly visible type or member 'IWorkflowRepository.GetAllWorkflowsAsync()' [C:\Users\bsval\terrafusion_os_1.0\backend\src\TerraFusion.Consciousness\TerraFusion.Consciousness.csproj]
C:\Users\bsval\terrafusion_os_1.0\backend\src\TerraFusion.Consciousness\Interfaces\IWorkflowRepository.cs(22,20): warning CS1591: Missing XML comment for publicly visible type or member 'IWorkflowRepository.SaveWorkflowAsync(WorkflowDefinition)' [C:\Users\bsval\terrafusion_os_1.0\backend\src\TerraFusion.Consciousness\TerraFusion.Consciousness.csproj]
C:\Users\bsval\terrafusion_os_1.0\backend\src\TerraFusion.Consciousness\Interfaces\IWorkflowRepository.cs(23,34): warning CS1591: Missing XML comment for publicly visible type or member 'IWorkflowRepository.GetWorkflowExecutionAsync(string)' [C:\Users\bsval\terrafusion_os_1.0\backend\src\TerraFusion.Consciousness\TerraFusion.Consciousness.csproj]
C:\Users\bsval\terrafusion_os_1.0\backend\src\TerraFusion.Consciousness\Interfaces\IWorkflowRepository.cs(24,20): warning CS1591: Missing XML comment for publicly visible type or member 'IWorkflowRepository.SaveWorkflowExecutionAsync(WorkflowExecution)' [C:\Users\bsval\terrafusion_os_1.0\backend\src\TerraFusion.Consciousness\TerraFusion.Consciousness.csproj]
C:\Users\bsval\terrafusion_os_1.0\backend\src\TerraFusion.Consciousness\Interfaces\IWorkflowRepository.cs(27,18): warning CS1591: Missing XML comment for publicly visible type or member 'WorkflowDefinition' [C:\Users\bsval\terrafusion_os_1.0\backend\src\TerraFusion.Consciousness\TerraFusion.Consciousness.csproj]
C:\Users\bsval\terrafusion_os_1.0\backend\src\TerraFusion.Consciousness\Interfaces\IWorkflowRepository.cs(29,23): warning CS1591: Missing XML comment for publicly visible type or member 'WorkflowDefinition.Id' [C:\Users\bsval\terrafusion_os_1.0\backend\src\TerraFusion.Consciousness\TerraFusion.Consciousness.csproj]
C:\Users\bsval\terrafusion_os_1.0\backend\src\TerraFusion.Consciousness\Interfaces\IWorkflowRepository.cs(30,23): warning CS1591: Missing XML comment for publicly visible type or member 'WorkflowDefinition.Name' [C:\Users\bsval\terrafusion_os_1.0\backend\src\TerraFusion.Consciousness\TerraFusion.Consciousness.csproj]
C:\Users\bsval\terrafusion_os_1.0\backend\src\TerraFusion.Consciousness\Interfaces\IWorkflowRepository.cs(31,23): warning CS1591: Missing XML comment for publicly visible type or member 'WorkflowDefinition.Description' [C:\Users\bsval\terrafusion_os_1.0\backend\src\TerraFusion.Consciousness\TerraFusion.Consciousness.csproj]
C:\Users\bsval\terrafusion_os_1.0\backend\src\TerraFusion.Consciousness\Interfaces\IWorkflowRepository.cs(32,29): warning CS1591: Missing XML comment for publicly visible type or member 'WorkflowDefinition.Steps' [C:\Users\bsval\terrafusion_os_1.0\backend\src\TerraFusion.Consciousness\TerraFusion.Consciousness.csproj]
C:\Users\bsval\terrafusion_os_1.0\backend\src\TerraFusion.Consciousness\Interfaces\IWorkflowRepository.cs(35,18): warning CS1591: Missing XML comment for publicly visible type or member 'WorkflowExecution' [C:\Users\bsval\terrafusion_os_1.0\backend\src\TerraFusion.Consciousness\TerraFusion.Consciousness.csproj]
C:\Users\bsval\terrafusion_os_1.0\backend\src\TerraFusion.Consciousness\Interfaces\IWorkflowRepository.cs(37,23): warning CS1591: Missing XML comment for publicly visible type or member 'WorkflowExecution.ExecutionId' [C:\Users\bsval\terrafusion_os_1.0\backend\src\TerraFusion.Consciousness\TerraFusion.Consciousness.csproj]
C:\Users\bsval\terrafusion_os_1.0\backend\src\TerraFusion.Consciousness\Interfaces\IWorkflowRepository.cs(38,23): warning CS1591: Missing XML comment for publicly visible type or member 'WorkflowExecution.WorkflowId' [C:\Users\bsval\terrafusion_os_1.0\backend\src\TerraFusion.Consciousness\TerraFusion.Consciousness.csproj]
C:\Users\bsval\terrafusion_os_1.0\backend\src\TerraFusion.Consciousness\Interfaces\IWorkflowRepository.cs(39,23): warning CS1591: Missing XML comment for publicly visible type or member 'WorkflowExecution.Status' [C:\Users\bsval\terrafusion_os_1.0\backend\src\TerraFusion.Consciousness\TerraFusion.Consciousness.csproj]
C:\Users\bsval\terrafusion_os_1.0\backend\src\TerraFusion.Consciousness\Middleware\SecurityMiddleware.cs(20,16): warning CS1591: Missing XML comment for publicly visible type or member 'ConsciousnessAuditMiddleware.ConsciousnessAuditMiddleware(RequestDelegate, ILogger<ConsciousnessAuditMiddleware>, IAuditLogger)' [C:\Users\bsval\terrafusion_os_1.0\backend\src\TerraFusion.Consciousness\TerraFusion.Consciousness.csproj]
C:\Users\bsval\terrafusion_os_1.0\backend\src\TerraFusion.Consciousness\Middleware\SecurityMiddleware.cs(30,27): warning CS1591: Missing XML comment for publicly visible type or member 'ConsciousnessAuditMiddleware.InvokeAsync(HttpContext)' [C:\Users\bsval\terrafusion_os_1.0\backend\src\TerraFusion.Consciousness\TerraFusion.Consciousness.csproj]
C:\Users\bsval\terrafusion_os_1.0\backend\src\TerraFusion.Consciousness\Middleware\SecurityMiddleware.cs(115,16): warning CS1591: Missing XML comment for publicly visible type or member 'QuantumSecurityMiddleware.QuantumSecurityMiddleware(RequestDelegate, ILogger<QuantumSecurityMiddleware>, IAuditLogger)' [C:\Users\bsval\terrafusion_os_1.0\backend\src\TerraFusion.Consciousness\TerraFusion.Consciousness.csproj]
C:\Users\bsval\terrafusion_os_1.0\backend\src\TerraFusion.Consciousness\Middleware\SecurityMiddleware.cs(127,27): warning CS1591: Missing XML comment for publicly visible type or member 'QuantumSecurityMiddleware.InvokeAsync(HttpContext)' [C:\Users\bsval\terrafusion_os_1.0\backend\src\TerraFusion.Consciousness\TerraFusion.Consciousness.csproj]
C:\Users\bsval\terrafusion_os_1.0\backend\src\TerraFusion.Consciousness\Middleware\SecurityMiddleware.cs(407,20): warning CS1591: Missing XML comment for publicly visible type or member 'SecurityMetrics.RequestCount' [C:\Users\bsval\terrafusion_os_1.0\backend\src\TerraFusion.Consciousness\TerraFusion.Consciousness.csproj]
C:\Users\bsval\terrafusion_os_1.0\backend\src\TerraFusion.Consciousness\Middleware\SecurityMiddleware.cs(408,25): warning CS1591: Missing XML comment for publicly visible type or member 'SecurityMetrics.LastSeen' [C:\Users\bsval\terrafusion_os_1.0\backend\src\TerraFusion.Consciousness\TerraFusion.Consciousness.csproj]
C:\Users\bsval\terrafusion_os_1.0\backend\src\TerraFusion.Consciousness\Middleware\SecurityMiddleware.cs(409,29): warning CS1591: Missing XML comment for publicly visible type or member 'SecurityMetrics.SuspiciousActivities' [C:\Users\bsval\terrafusion_os_1.0\backend\src\TerraFusion.Consciousness\TerraFusion.Consciousness.csproj]
C:\Users\bsval\terrafusion_os_1.0\backend\src\TerraFusion.Consciousness\Middleware\SecurityMiddleware.cs(417,16): warning CS1591: Missing XML comment for publicly visible type or member 'SecurityException.SecurityException(string)' [C:\Users\bsval\terrafusion_os_1.0\backend\src\TerraFusion.Consciousness\TerraFusion.Consciousness.csproj]
C:\Users\bsval\terrafusion_os_1.0\backend\src\TerraFusion.Consciousness\Middleware\SecurityMiddleware.cs(418,16): warning CS1591: Missing XML comment for publicly visible type or member 'SecurityException.SecurityException(string, Exception)' [C:\Users\bsval\terrafusion_os_1.0\backend\src\TerraFusion.Consciousness\TerraFusion.Consciousness.csproj]
C:\Users\bsval\terrafusion_os_1.0\backend\src\TerraFusion.Consciousness\Program.cs(16,26): warning CS1591: Missing XML comment for publicly visible type or member 'Program' [C:\Users\bsval\terrafusion_os_1.0\backend\src\TerraFusion.Consciousness\TerraFusion.Consciousness.csproj]
C:\Users\bsval\terrafusion_os_1.0\backend\src\TerraFusion.Consciousness\Program.cs(18,28): warning CS1591: Missing XML comment for publicly visible type or member 'Program.Main(string[])' [C:\Users\bsval\terrafusion_os_1.0\backend\src\TerraFusion.Consciousness\TerraFusion.Consciousness.csproj]
C:\Users\bsval\terrafusion_os_1.0\backend\src\TerraFusion.Consciousness\Services\AILayerMeshOrchestrator.cs(36,16): warning CS1591: Missing XML comment for publicly visible type or member 'AILayerMeshOrchestrator.AILayerMeshOrchestrator(ILogger<AILayerMeshOrchestrator>, IConfiguration, IMultiCountyDataService)' [C:\Users\bsval\terrafusion_os_1.0\backend\src\TerraFusion.Consciousness\TerraFusion.Consciousness.csproj]
C:\Users\bsval\terrafusion_os_1.0\backend\src\TerraFusion.Consciousness\Services\AILayerMeshOrchestrator.cs(58,56): warning CS1591: Missing XML comment for publicly visible type or member 'AILayerMeshOrchestrator.InitializeMeshAsync()' [C:\Users\bsval\terrafusion_os_1.0\backend\src\TerraFusion.Consciousness\TerraFusion.Consciousness.csproj]
C:\Users\bsval\terrafusion_os_1.0\backend\src\TerraFusion.Consciousness\Services\AILayerMeshOrchestrator.cs(153,51): warning CS1591: Missing XML comment for publicly visible type or member 'AILayerMeshOrchestrator.ExecuteMeshOperationAsync(MeshOperationRequestDto)' [C:\Users\bsval\terrafusion_os_1.0\backend\src\TerraFusion.Consciousness\TerraFusion.Consciousness.csproj]
C:\Users\bsval\terrafusion_os_1.0\backend\src\TerraFusion.Consciousness\Services\AILayerMeshOrchestrator.cs(278,52): warning CS1591: Missing XML comment for publicly visible type or member 'AILayerMeshOrchestrator.GetValidationRingStatusAsync()' [C:\Users\bsval\terrafusion_os_1.0\backend\src\TerraFusion.Consciousness\TerraFusion.Consciousness.csproj]
C:\Users\bsval\terrafusion_os_1.0\backend\src\TerraFusion.Consciousness\Services\AILayerMeshOrchestrator.cs(316,43): warning CS1591: Missing XML comment for publicly visible type or member 'AILayerMeshOrchestrator.GetLayerHealthAsync(string)' [C:\Users\bsval\terrafusion_os_1.0\backend\src\TerraFusion.Consciousness\TerraFusion.Consciousness.csproj]
C:\Users\bsval\terrafusion_os_1.0\backend\src\TerraFusion.Consciousness\Services\AILayerMeshOrchestrator.cs(394,47): warning CS1591: Missing XML comment for publicly visible type or member 'AILayerMeshOrchestrator.GetMeshPerformanceAsync()' [C:\Users\bsval\terrafusion_os_1.0\backend\src\TerraFusion.Consciousness\TerraFusion.Consciousness.csproj]
C:\Users\bsval\terrafusion_os_1.0\backend\src\TerraFusion.Consciousness\Services\AILayerMeshOrchestrator.cs(437,49): warning CS1591: Missing XML comment for publicly visible type or member 'AILayerMeshOrchestrator.UpdateMeshConfigurationAsync(MeshConfigurationUpdateDto)' [C:\Users\bsval\terrafusion_os_1.0\backend\src\TerraFusion.Consciousness\TerraFusion.Consciousness.csproj]
C:\Users\bsval\terrafusion_os_1.0\backend\src\TerraFusion.Consciousness\Services\AILayerMeshOrchestrator.cs(477,49): warning CS1591: Missing XML comment for publicly visible type or member 'AILayerMeshOrchestrator.ScaleMeshAsync(MeshScalingRequestDto)' [C:\Users\bsval\terrafusion_os_1.0\backend\src\TerraFusion.Consciousness\TerraFusion.Consciousness.csproj]
C:\Users\bsval\terrafusion_os_1.0\backend\src\TerraFusion.Consciousness\Services\AILayerMeshOrchestrator.cs(1463,18): warning CS1591: Missing XML comment for publicly visible type or member 'LayerConfiguration' [C:\Users\bsval\terrafusion_os_1.0\backend\src\TerraFusion.Consciousness\TerraFusion.Consciousness.csproj]
C:\Users\bsval\terrafusion_os_1.0\backend\src\TerraFusion.Consciousness\Services\AILayerMeshOrchestrator.cs(1465,29): warning CS1591: Missing XML comment for publicly visible type or member 'LayerConfiguration.LayerId' [C:\Users\bsval\terrafusion_os_1.0\backend\src\TerraFusion.Consciousness\TerraFusion.Consciousness.csproj]
C:\Users\bsval\terrafusion_os_1.0\backend\src\TerraFusion.Consciousness\Services\AILayerMeshOrchestrator.cs(1466,32): warning CS1591: Missing XML comment for publicly visible type or member 'LayerConfiguration.LayerName' [C:\Users\bsval\terrafusion_os_1.0\backend\src\TerraFusion.Consciousness\TerraFusion.Consciousness.csproj]
C:\Users\bsval\terrafusion_os_1.0\backend\src\TerraFusion.Consciousness\Services\AILayerMeshOrchestrator.cs(1467,32): warning CS1591: Missing XML comment for publicly visible type or member 'LayerConfiguration.Description' [C:\Users\bsval\terrafusion_os_1.0\backend\src\TerraFusion.Consciousness\TerraFusion.Consciousness.csproj]
C:\Users\bsval\terrafusion_os_1.0\backend\src\TerraFusion.Consciousness\Services\AILayerMeshOrchestrator.cs(1468,34): warning CS1591: Missing XML comment for publicly visible type or member 'LayerConfiguration.Capabilities' [C:\Users\bsval\terrafusion_os_1.0\backend\src\TerraFusion.Consciousness\TerraFusion.Consciousness.csproj]
C:\Users\bsval\terrafusion_os_1.0\backend\src\TerraFusion.Consciousness\Services\AILayerMeshOrchestrator.cs(1469,30): warning CS1591: Missing XML comment for publicly visible type or member 'LayerConfiguration.IsActive' [C:\Users\bsval\terrafusion_os_1.0\backend\src\TerraFusion.Consciousness\TerraFusion.Consciousness.csproj]
C:\Users\bsval\terrafusion_os_1.0\backend\src\TerraFusion.Consciousness\Services\AILayerMeshOrchestrator.cs(1472,18): warning CS1591: Missing XML comment for publicly visible type or member 'LayerOperationResult' [C:\Users\bsval\terrafusion_os_1.0\backend\src\TerraFusion.Consciousness\TerraFusion.Consciousness.csproj]
C:\Users\bsval\terrafusion_os_1.0\backend\src\TerraFusion.Consciousness\Services\AILayerMeshOrchestrator.cs(1474,30): warning CS1591: Missing XML comment for publicly visible type or member 'LayerOperationResult.Success' [C:\Users\bsval\terrafusion_os_1.0\backend\src\TerraFusion.Consciousness\TerraFusion.Consciousness.csproj]
C:\Users\bsval\terrafusion_os_1.0\backend\src\TerraFusion.Consciousness\Services\AILayerMeshOrchestrator.cs(1475,24): warning CS1591: Missing XML comment for publicly visible type or member 'LayerOperationResult.ErrorMessage' [C:\Users\bsval\terrafusion_os_1.0\backend\src\TerraFusion.Consciousness\TerraFusion.Consciousness.csproj]
C:\Users\bsval\terrafusion_os_1.0\backend\src\TerraFusion.Consciousness\Services\AILayerMeshOrchestrator.cs(1476,44): warning CS1591: Missing XML comment for publicly visible type or member 'LayerOperationResult.ProcessedData' [C:\Users\bsval\terrafusion_os_1.0\backend\src\TerraFusion.Consciousness\TerraFusion.Consciousness.csproj]
C:\Users\bsval\terrafusion_os_1.0\backend\src\TerraFusion.Consciousness\Services\AILayerMeshOrchestrator.cs(1477,44): warning CS1591: Missing XML comment for publicly visible type or member 'LayerOperationResult.AnalyticsResult' [C:\Users\bsval\terrafusion_os_1.0\backend\src\TerraFusion.Consciousness\TerraFusion.Consciousness.csproj]
C:\Users\bsval\terrafusion_os_1.0\backend\src\TerraFusion.Consciousness\Services\AILayerMeshOrchestrator.cs(1478,44): warning CS1591: Missing XML comment for publicly visible type or member 'LayerOperationResult.AIResults' [C:\Users\bsval\terrafusion_os_1.0\backend\src\TerraFusion.Consciousness\TerraFusion.Consciousness.csproj]
C:\Users\bsval\terrafusion_os_1.0\backend\src\TerraFusion.Consciousness\Services\AILayerMeshOrchestrator.cs(1479,44): warning CS1591: Missing XML comment for publicly visible type or member 'LayerOperationResult.Decisions' [C:\Users\bsval\terrafusion_os_1.0\backend\src\TerraFusion.Consciousness\TerraFusion.Consciousness.csproj]
C:\Users\bsval\terrafusion_os_1.0\backend\src\TerraFusion.Consciousness\Services\AILayerMeshOrchestrator.cs(1480,44): warning CS1591: Missing XML comment for publicly visible type or member 'LayerOperationResult.GovernanceDecisions' [C:\Users\bsval\terrafusion_os_1.0\backend\src\TerraFusion.Consciousness\TerraFusion.Consciousness.csproj]
C:\Users\bsval\terrafusion_os_1.0\backend\src\TerraFusion.Consciousness\Services\AILayerMeshOrchestrator.cs(1481,44): warning CS1591: Missing XML comment for publicly visible type or member 'LayerOperationResult.GovernanceValidation' [C:\Users\bsval\terrafusion_os_1.0\backend\src\TerraFusion.Consciousness\TerraFusion.Consciousness.csproj]
C:\Users\bsval\terrafusion_os_1.0\backend\src\TerraFusion.Consciousness\Services\AILayerMeshOrchestrator.cs(1484,18): warning CS1591: Missing XML comment for publicly visible type or member 'LayerHealthResult' [C:\Users\bsval\terrafusion_os_1.0\backend\src\TerraFusion.Consciousness\TerraFusion.Consciousness.csproj]
C:\Users\bsval\terrafusion_os_1.0\backend\src\TerraFusion.Consciousness\Services\AILayerMeshOrchestrator.cs(1486,29): warning CS1591: Missing XML comment for publicly visible type or member 'LayerHealthResult.LayerId' [C:\Users\bsval\terrafusion_os_1.0\backend\src\TerraFusion.Consciousness\TerraFusion.Consciousness.csproj]
C:\Users\bsval\terrafusion_os_1.0\backend\src\TerraFusion.Consciousness\Services\AILayerMeshOrchestrator.cs(1487,32): warning CS1591: Missing XML comment for publicly visible type or member 'LayerHealthResult.LayerName' [C:\Users\bsval\terrafusion_os_1.0\backend\src\TerraFusion.Consciousness\TerraFusion.Consciousness.csproj]
C:\Users\bsval\terrafusion_os_1.0\backend\src\TerraFusion.Consciousness\Services\AILayerMeshOrchestrator.cs(1488,33): warning CS1591: Missing XML comment for publicly visible type or member 'LayerHealthResult.HealthScore' [C:\Users\bsval\terrafusion_os_1.0\backend\src\TerraFusion.Consciousness\TerraFusion.Consciousness.csproj]
C:\Users\bsval\terrafusion_os_1.0\backend\src\TerraFusion.Consciousness\Services\AILayerMeshOrchestrator.cs(1489,30): warning CS1591: Missing XML comment for publicly visible type or member 'LayerHealthResult.IsOperational' [C:\Users\bsval\terrafusion_os_1.0\backend\src\TerraFusion.Consciousness\TerraFusion.Consciousness.csproj]
C:\Users\bsval\terrafusion_os_1.0\backend\src\TerraFusion.Consciousness\Services\AILayerMeshOrchestrator.cs(1490,34): warning CS1591: Missing XML comment for publicly visible type or member 'LayerHealthResult.LastHealthCheck' [C:\Users\bsval\terrafusion_os_1.0\backend\src\TerraFusion.Consciousness\TerraFusion.Consciousness.csproj]
C:\Users\bsval\terrafusion_os_1.0\backend\src\TerraFusion.Consciousness\Services\AILayerMeshOrchestrator.cs(1493,18): warning CS1591: Missing XML comment for publicly visible type or member 'MeshScalingResult' [C:\Users\bsval\terrafusion_os_1.0\backend\src\TerraFusion.Consciousness\TerraFusion.Consciousness.csproj]
C:\Users\bsval\terrafusion_os_1.0\backend\src\TerraFusion.Consciousness\Services\AILayerMeshOrchestrator.cs(1495,32): warning CS1591: Missing XML comment for publicly visible type or member 'MeshScalingResult.ComponentName' [C:\Users\bsval\terrafusion_os_1.0\backend\src\TerraFusion.Consciousness\TerraFusion.Consciousness.csproj]
C:\Users\bsval\terrafusion_os_1.0\backend\src\TerraFusion.Consciousness\Services\AILayerMeshOrchestrator.cs(1496,30): warning CS1591: Missing XML comment for publicly visible type or member 'MeshScalingResult.Success' [C:\Users\bsval\terrafusion_os_1.0\backend\src\TerraFusion.Consciousness\TerraFusion.Consciousness.csproj]
C:\Users\bsval\terrafusion_os_1.0\backend\src\TerraFusion.Consciousness\Services\AILayerMeshOrchestrator.cs(1497,29): warning CS1591: Missing XML comment for publicly visible type or member 'MeshScalingResult.CapacityAdded' [C:\Users\bsval\terrafusion_os_1.0\backend\src\TerraFusion.Consciousness\TerraFusion.Consciousness.csproj]
C:\Users\bsval\terrafusion_os_1.0\backend\src\TerraFusion.Consciousness\Services\AILayerMeshOrchestrator.cs(1500,18): warning CS1591: Missing XML comment for publicly visible type or member 'ValidationRingResult' [C:\Users\bsval\terrafusion_os_1.0\backend\src\TerraFusion.Consciousness\TerraFusion.Consciousness.csproj]
C:\Users\bsval\terrafusion_os_1.0\backend\src\TerraFusion.Consciousness\Services\AILayerMeshOrchestrator.cs(1502,30): warning CS1591: Missing XML comment for publicly visible type or member 'ValidationRingResult.IsValidated' [C:\Users\bsval\terrafusion_os_1.0\backend\src\TerraFusion.Consciousness\TerraFusion.Consciousness.csproj]
C:\Users\bsval\terrafusion_os_1.0\backend\src\TerraFusion.Consciousness\Services\AILayerMeshOrchestrator.cs(1503,24): warning CS1591: Missing XML comment for publicly visible type or member 'ValidationRingResult.RejectionReason' [C:\Users\bsval\terrafusion_os_1.0\backend\src\TerraFusion.Consciousness\TerraFusion.Consciousness.csproj]
C:\Users\bsval\terrafusion_os_1.0\backend\src\TerraFusion.Consciousness\Services\AILayerMeshOrchestrator.cs(1504,21): warning CS1591: Missing XML comment for publicly visible type or member 'ValidationRingResult.EthicsValidation' [C:\Users\bsval\terrafusion_os_1.0\backend\src\TerraFusion.Consciousness\TerraFusion.Consciousness.csproj]
C:\Users\bsval\terrafusion_os_1.0\backend\src\TerraFusion.Consciousness\Services\AILayerMeshOrchestrator.cs(1505,21): warning CS1591: Missing XML comment for publicly visible type or member 'ValidationRingResult.LegalValidation' [C:\Users\bsval\terrafusion_os_1.0\backend\src\TerraFusion.Consciousness\TerraFusion.Consciousness.csproj]
C:\Users\bsval\terrafusion_os_1.0\backend\src\TerraFusion.Consciousness\Services\AILayerMeshOrchestrator.cs(1506,21): warning CS1591: Missing XML comment for publicly visible type or member 'ValidationRingResult.StatisticalValidation' [C:\Users\bsval\terrafusion_os_1.0\backend\src\TerraFusion.Consciousness\TerraFusion.Consciousness.csproj]
C:\Users\bsval\terrafusion_os_1.0\backend\src\TerraFusion.Consciousness\Services\AILayerMeshOrchestrator.cs(1507,21): warning CS1591: Missing XML comment for publicly visible type or member 'ValidationRingResult.BusinessRuleValidation' [C:\Users\bsval\terrafusion_os_1.0\backend\src\TerraFusion.Consciousness\TerraFusion.Consciousness.csproj]
C:\Users\bsval\terrafusion_os_1.0\backend\src\TerraFusion.Consciousness\Services\AILayerMeshOrchestrator.cs(1508,21): warning CS1591: Missing XML comment for publicly visible type or member 'ValidationRingResult.PerformanceValidation' [C:\Users\bsval\terrafusion_os_1.0\backend\src\TerraFusion.Consciousness\TerraFusion.Consciousness.csproj]
C:\Users\bsval\terrafusion_os_1.0\backend\src\TerraFusion.Consciousness\Services\AILayerMeshOrchestrator.cs(1509,23): warning CS1591: Missing XML comment for publicly visible type or member 'ValidationRingResult.ConsensusScore' [C:\Users\bsval\terrafusion_os_1.0\backend\src\TerraFusion.Consciousness\TerraFusion.Consciousness.csproj]
C:\Users\bsval\terrafusion_os_1.0\backend\src\TerraFusion.Consciousness\Services\AILayerMeshOrchestrator.cs(1512,18): warning CS1591: Missing XML comment for publicly visible type or member 'ValidationRingSystem' [C:\Users\bsval\terrafusion_os_1.0\backend\src\TerraFusion.Consciousness\TerraFusion.Consciousness.csproj]
C:\Users\bsval\terrafusion_os_1.0\backend\src\TerraFusion.Consciousness\Services\AILayerMeshOrchestrator.cs(1514,20): warning CS1591: Missing XML comment for publicly visible type or member 'ValidationRingSystem.ActiveRings' [C:\Users\bsval\terrafusion_os_1.0\backend\src\TerraFusion.Consciousness\TerraFusion.Consciousness.csproj]
C:\Users\bsval\terrafusion_os_1.0\backend\src\TerraFusion.Consciousness\Services\AILayerMeshOrchestrator.cs(1516,27): warning CS1591: Missing XML comment for publicly visible type or member 'ValidationRingSystem.InitializeAsync()' [C:\Users\bsval\terrafusion_os_1.0\backend\src\TerraFusion.Consciousness\TerraFusion.Consciousness.csproj]
C:\Users\bsval\terrafusion_os_1.0\backend\src\TerraFusion.Consciousness\Services\AILayerMeshOrchestrator.cs(1521,49): warning CS1591: Missing XML comment for publicly visible type or member 'ValidationRingSystem.ValidateOperationAsync(string, params LayerOperationResult[])' [C:\Users\bsval\terrafusion_os_1.0\backend\src\TerraFusion.Consciousness\TerraFusion.Consciousness.csproj]
C:\Users\bsval\terrafusion_os_1.0\backend\src\TerraFusion.Consciousness\Services\AILayerMeshOrchestrator.cs(1535,59): warning CS1591: Missing XML comment for publicly visible type or member 'ValidationRingSystem.GetRingStatusesAsync()' [C:\Users\bsval\terrafusion_os_1.0\backend\src\TerraFusion.Consciousness\TerraFusion.Consciousness.csproj]
C:\Users\bsval\terrafusion_os_1.0\backend\src\TerraFusion.Consciousness\Services\AILayerMeshOrchestrator.cs(1547,55): warning CS1591: Missing XML comment for publicly visible type or member 'ValidationRingSystem.GetConfigurationAsync()' [C:\Users\bsval\terrafusion_os_1.0\backend\src\TerraFusion.Consciousness\TerraFusion.Consciousness.csproj]
C:\Users\bsval\terrafusion_os_1.0\backend\src\TerraFusion.Consciousness\Services\AILayerMeshOrchestrator.cs(1558,49): warning CS1591: Missing XML comment for publicly visible type or member 'ValidationRingSystem.ValidateRequestAsync(ValidationRequestDto)' [C:\Users\bsval\terrafusion_os_1.0\backend\src\TerraFusion.Consciousness\TerraFusion.Consciousness.csproj]
C:\Users\bsval\terrafusion_os_1.0\backend\src\TerraFusion.Consciousness\Services\AILayerMeshOrchestrator.cs(1578,18): warning CS1591: Missing XML comment for publicly visible type or member 'RingStatus' [C:\Users\bsval\terrafusion_os_1.0\backend\src\TerraFusion.Consciousness\TerraFusion.Consciousness.csproj]
C:\Users\bsval\terrafusion_os_1.0\backend\src\TerraFusion.Consciousness\Services\AILayerMeshOrchestrator.cs(1580,30): warning CS1591: Missing XML comment for publicly visible type or member 'RingStatus.IsOperational' [C:\Users\bsval\terrafusion_os_1.0\backend\src\TerraFusion.Consciousness\TerraFusion.Consciousness.csproj]
C:\Users\bsval\terrafusion_os_1.0\backend\src\TerraFusion.Consciousness\Services\AILayerMeshOrchestrator.cs(1581,29): warning CS1591: Missing XML comment for publicly visible type or member 'RingStatus.ValidationsPerMinute' [C:\Users\bsval\terrafusion_os_1.0\backend\src\TerraFusion.Consciousness\TerraFusion.Consciousness.csproj]
C:\Users\bsval\terrafusion_os_1.0\backend\src\TerraFusion.Consciousness\Services\AILayerMeshOrchestrator.cs(1582,29): warning CS1591: Missing XML comment for publicly visible type or member 'RingStatus.AverageValidationTimeMs' [C:\Users\bsval\terrafusion_os_1.0\backend\src\TerraFusion.Consciousness\TerraFusion.Consciousness.csproj]
C:\Users\bsval\terrafusion_os_1.0\backend\src\TerraFusion.Consciousness\Services\AILayerMeshOrchestrator.cs(1583,33): warning CS1591: Missing XML comment for publicly visible type or member 'RingStatus.SuccessRate' [C:\Users\bsval\terrafusion_os_1.0\backend\src\TerraFusion.Consciousness\TerraFusion.Consciousness.csproj]
C:\Users\bsval\terrafusion_os_1.0\backend\src\TerraFusion.Consciousness\Services\AILayerMeshOrchestrator.cs(1584,29): warning CS1591: Missing XML comment for publicly visible type or member 'RingStatus.ValidationsToday' [C:\Users\bsval\terrafusion_os_1.0\backend\src\TerraFusion.Consciousness\TerraFusion.Consciousness.csproj]
C:\Users\bsval\terrafusion_os_1.0\backend\src\TerraFusion.Consciousness\Services\AILayerMeshOrchestrator.cs(1585,29): warning CS1591: Missing XML comment for publicly visible type or member 'RingStatus.ActiveValidatorCount' [C:\Users\bsval\terrafusion_os_1.0\backend\src\TerraFusion.Consciousness\TerraFusion.Consciousness.csproj]
C:\Users\bsval\terrafusion_os_1.0\backend\src\TerraFusion.Consciousness\Services\AILayerMeshOrchestrator.cs(1586,33): warning CS1591: Missing XML comment for publicly visible type or member 'RingStatus.ConsensusLevel' [C:\Users\bsval\terrafusion_os_1.0\backend\src\TerraFusion.Consciousness\TerraFusion.Consciousness.csproj]
C:\Users\bsval\terrafusion_os_1.0\backend\src\TerraFusion.Consciousness\Services\AILayerMeshOrchestrator.cs(1589,18): warning CS1591: Missing XML comment for publicly visible type or member 'MeshPerformanceTracker' [C:\Users\bsval\terrafusion_os_1.0\backend\src\TerraFusion.Consciousness\TerraFusion.Consciousness.csproj]
C:\Users\bsval\terrafusion_os_1.0\backend\src\TerraFusion.Consciousness\Services\AILayerMeshOrchestrator.cs(1591,27): warning CS1591: Missing XML comment for publicly visible type or member 'MeshPerformanceTracker.InitializeAsync()' [C:\Users\bsval\terrafusion_os_1.0\backend\src\TerraFusion.Consciousness\TerraFusion.Consciousness.csproj]
C:\Users\bsval\terrafusion_os_1.0\backend\src\TerraFusion.Consciousness\Services\AILayerMeshOrchestrator.cs(1596,43): warning CS1591: Missing XML comment for publicly visible type or member 'MeshPerformanceTracker.GetOperationMetrics(string)' [C:\Users\bsval\terrafusion_os_1.0\backend\src\TerraFusion.Consciousness\TerraFusion.Consciousness.csproj]
C:\Users\bsval\terrafusion_os_1.0\backend\src\TerraFusion.Consciousness\Services\AILayerMeshOrchestrator.cs(1606,43): warning CS1591: Missing XML comment for publicly visible type or member 'MeshPerformanceTracker.GetHealthTrends()' [C:\Users\bsval\terrafusion_os_1.0\backend\src\TerraFusion.Consciousness\TerraFusion.Consciousness.csproj]
C:\Users\bsval\terrafusion_os_1.0\backend\src\TerraFusion.Consciousness\Services\AILayerMeshOrchestrator.cs(1615,60): warning CS1591: Missing XML comment for publicly visible type or member 'MeshPerformanceTracker.GetComprehensiveMetricsAsync()' [C:\Users\bsval\terrafusion_os_1.0\backend\src\TerraFusion.Consciousness\TerraFusion.Consciousness.csproj]
C:\Users\bsval\terrafusion_os_1.0\backend\src\TerraFusion.Consciousness\Services\AILayerMeshOrchestrator.cs(1632,55): warning CS1591: Missing XML comment for publicly visible type or member 'MeshPerformanceTracker.GetPostScalingMetricsAsync()' [C:\Users\bsval\terrafusion_os_1.0\backend\src\TerraFusion.Consciousness\TerraFusion.Consciousness.csproj]
C:\Users\bsval\terrafusion_os_1.0\backend\src\TerraFusion.Consciousness\Services\AILayerMeshOrchestrator.cs(1642,55): warning CS1591: Missing XML comment for publicly visible type or member 'MeshPerformanceTracker.GetConfigurationAsync()' [C:\Users\bsval\terrafusion_os_1.0\backend\src\TerraFusion.Consciousness\TerraFusion.Consciousness.csproj]
C:\Users\bsval\terrafusion_os_1.0\backend\src\TerraFusion.Consciousness\Services\AILayerMeshOrchestrator.cs(1652,55): warning CS1591: Missing XML comment for publicly visible type or member 'MeshPerformanceTracker.GetCurrentMetricsAsync()' [C:\Users\bsval\terrafusion_os_1.0\backend\src\TerraFusion.Consciousness\TerraFusion.Consciousness.csproj]
C:\Users\bsval\terrafusion_os_1.0\backend\src\TerraFusion.Consciousness\Services\AILayerMeshOrchestrator.cs(1664,55): warning CS1591: Missing XML comment for publicly visible type or member 'MeshPerformanceTracker.GetHealthTrendsAsync()' [C:\Users\bsval\terrafusion_os_1.0\backend\src\TerraFusion.Consciousness\TerraFusion.Consciousness.csproj]
C:\Users\bsval\terrafusion_os_1.0\backend\src\TerraFusion.Consciousness\Services\AILayerMeshOrchestrator.cs(1679,18): warning CS1591: Missing XML comment for publicly visible type or member 'ComprehensivePerformanceMetrics' [C:\Users\bsval\terrafusion_os_1.0\backend\src\TerraFusion.Consciousness\TerraFusion.Consciousness.csproj]
C:\Users\bsval\terrafusion_os_1.0\backend\src\TerraFusion.Consciousness\Services\AILayerMeshOrchestrator.cs(1681,52): warning CS1591: Missing XML comment for publicly visible type or member 'ComprehensivePerformanceMetrics.ThroughputMetrics' [C:\Users\bsval\terrafusion_os_1.0\backend\src\TerraFusion.Consciousness\TerraFusion.Consciousness.csproj]
C:\Users\bsval\terrafusion_os_1.0\backend\src\TerraFusion.Consciousness\Services\AILayerMeshOrchestrator.cs(1682,52): warning CS1591: Missing XML comment for publicly visible type or member 'ComprehensivePerformanceMetrics.LatencyMetrics' [C:\Users\bsval\terrafusion_os_1.0\backend\src\TerraFusion.Consciousness\TerraFusion.Consciousness.csproj]
C:\Users\bsval\terrafusion_os_1.0\backend\src\TerraFusion.Consciousness\Services\AILayerMeshOrchestrator.cs(1683,52): warning CS1591: Missing XML comment for publicly visible type or member 'ComprehensivePerformanceMetrics.ResourceUtilization' [C:\Users\bsval\terrafusion_os_1.0\backend\src\TerraFusion.Consciousness\TerraFusion.Consciousness.csproj]
C:\Users\bsval\terrafusion_os_1.0\backend\src\TerraFusion.Consciousness\Services\AILayerMeshOrchestrator.cs(1684,52): warning CS1591: Missing XML comment for publicly visible type or member 'ComprehensivePerformanceMetrics.QuantumPerformance' [C:\Users\bsval\terrafusion_os_1.0\backend\src\TerraFusion.Consciousness\TerraFusion.Consciousness.csproj]
C:\Users\bsval\terrafusion_os_1.0\backend\src\TerraFusion.Consciousness\Services\AILayerMeshOrchestrator.cs(1685,52): warning CS1591: Missing XML comment for publicly visible type or member 'ComprehensivePerformanceMetrics.ValidationPerformance' [C:\Users\bsval\terrafusion_os_1.0\backend\src\TerraFusion.Consciousness\TerraFusion.Consciousness.csproj]
C:\Users\bsval\terrafusion_os_1.0\backend\src\TerraFusion.Consciousness\Services\AILayerMeshOrchestrator.cs(1686,52): warning CS1591: Missing XML comment for publicly visible type or member 'ComprehensivePerformanceMetrics.FederationPerformance' [C:\Users\bsval\terrafusion_os_1.0\backend\src\TerraFusion.Consciousness\TerraFusion.Consciousness.csproj]
C:\Users\bsval\terrafusion_os_1.0\backend\src\TerraFusion.Consciousness\Services\AILayerMeshOrchestrator.cs(1687,33): warning CS1591: Missing XML comment for publicly visible type or member 'ComprehensivePerformanceMetrics.OverallScore' [C:\Users\bsval\terrafusion_os_1.0\backend\src\TerraFusion.Consciousness\TerraFusion.Consciousness.csproj]
C:\Users\bsval\terrafusion_os_1.0\backend\src\TerraFusion.Consciousness\Services\AILayerMeshOrchestrator.cs(1688,52): warning CS1591: Missing XML comment for publicly visible type or member 'ComprehensivePerformanceMetrics.Trends' [C:\Users\bsval\terrafusion_os_1.0\backend\src\TerraFusion.Consciousness\TerraFusion.Consciousness.csproj]
C:\Users\bsval\terrafusion_os_1.0\backend\src\TerraFusion.Consciousness\Services\AILayerMeshOrchestrator.cs(1689,38): warning CS1591: Missing XML comment for publicly visible type or member 'ComprehensivePerformanceMetrics.OptimizationRecommendations' [C:\Users\bsval\terrafusion_os_1.0\backend\src\TerraFusion.Consciousness\TerraFusion.Consciousness.csproj]
C:\Users\bsval\terrafusion_os_1.0\backend\src\TerraFusion.Consciousness\Services\AIOrchestrationService.cs(20,12): warning CS1591: Missing XML comment for publicly visible type or member 'AIOrchestrationService.AIOrchestrationService(ILogger<AIOrchestrationService>, IConsciousnessService, AILayerMeshOrchestrator, QuantumConsciousnessOrchestrator, MillionAgentService)' [C:\Users\bsval\terrafusion_os_1.0\backend\src\TerraFusion.Consciousness\TerraFusion.Consciousness.csproj]
C:\Users\bsval\terrafusion_os_1.0\backend\src\TerraFusion.Consciousness\Services\AuditAndComplianceServices.cs(18,16): warning CS1591: Missing XML comment for publicly visible type or member 'AuditLogger.AuditLogger(ILogger<AuditLogger>)' [C:\Users\bsval\terrafusion_os_1.0\backend\src\TerraFusion.Consciousness\TerraFusion.Consciousness.csproj]
C:\Users\bsval\terrafusion_os_1.0\backend\src\TerraFusion.Consciousness\Services\AuditAndComplianceServices.cs(24,27): warning CS1591: Missing XML comment for publicly visible type or member 'AuditLogger.LogAuditEventAsync(AuditEvent)' [C:\Users\bsval\terrafusion_os_1.0\backend\src\TerraFusion.Consciousness\TerraFusion.Consciousness.csproj]
C:\Users\bsval\terrafusion_os_1.0\backend\src\TerraFusion.Consciousness\Services\AuditAndComplianceServices.cs(52,45): warning CS1591: Missing XML comment for publicly visible type or member 'AuditLogger.GetAuditTrailAsync(AuditQuery)' [C:\Users\bsval\terrafusion_os_1.0\backend\src\TerraFusion.Consciousness\TerraFusion.Consciousness.csproj]
C:\Users\bsval\terrafusion_os_1.0\backend\src\TerraFusion.Consciousness\Services\AuditAndComplianceServices.cs(79,41): warning CS1591: Missing XML comment for publicly visible type or member 'AuditLogger.GetAuditSummaryAsync(DateTime, DateTime)' [C:\Users\bsval\terrafusion_os_1.0\backend\src\TerraFusion.Consciousness\TerraFusion.Consciousness.csproj]
C:\Users\bsval\terrafusion_os_1.0\backend\src\TerraFusion.Consciousness\Services\AuditAndComplianceServices.cs(132,16): warning CS1591: Missing XML comment for publicly visible type or member 'ComplianceValidator.ComplianceValidator(ILogger<ComplianceValidator>, IAuditLogger)' [C:\Users\bsval\terrafusion_os_1.0\backend\src\TerraFusion.Consciousness\TerraFusion.Consciousness.csproj]
C:\Users\bsval\terrafusion_os_1.0\backend\src\TerraFusion.Consciousness\Services\AuditAndComplianceServices.cs(275,45): warning CS1591: Missing XML comment for publicly visible type or member 'ComplianceValidator.ValidateFISMAComplianceAsync()' [C:\Users\bsval\terrafusion_os_1.0\backend\src\TerraFusion.Consciousness\TerraFusion.Consciousness.csproj]
C:\Users\bsval\terrafusion_os_1.0\backend\src\TerraFusion.Consciousness\Services\AuditAndComplianceServices.cs(318,45): warning CS1591: Missing XML comment for publicly visible type or member 'ComplianceValidator.ValidateFedRAMPComplianceAsync()' [C:\Users\bsval\terrafusion_os_1.0\backend\src\TerraFusion.Consciousness\TerraFusion.Consciousness.csproj]
C:\Users\bsval\terrafusion_os_1.0\backend\src\TerraFusion.Consciousness\Services\AuditAndComplianceServices.cs(361,45): warning CS1591: Missing XML comment for publicly visible type or member 'ComplianceValidator.ValidateSOC2ComplianceAsync()' [C:\Users\bsval\terrafusion_os_1.0\backend\src\TerraFusion.Consciousness\TerraFusion.Consciousness.csproj]
C:\Users\bsval\terrafusion_os_1.0\backend\src\TerraFusion.Consciousness\Services\AuditAndComplianceServices.cs(402,48): warning CS1591: Missing XML comment for publicly visible type or member 'ComplianceValidator.GenerateComplianceReportAsync()' [C:\Users\bsval\terrafusion_os_1.0\backend\src\TerraFusion.Consciousness\TerraFusion.Consciousness.csproj]
C:\Users\bsval\terrafusion_os_1.0\backend\src\TerraFusion.Consciousness\Services\AuditAndComplianceServices.cs(466,58): warning CS1591: Missing XML comment for publicly visible type or member 'ComplianceValidator.MonitorComplianceAsync()' [C:\Users\bsval\terrafusion_os_1.0\backend\src\TerraFusion.Consciousness\TerraFusion.Consciousness.csproj]
C:\Users\bsval\terrafusion_os_1.0\backend\src\TerraFusion.Consciousness\Services\AuditAndComplianceServices.cs(530,18): warning CS1591: Missing XML comment for publicly visible type or member 'ComplianceValidationRequest' [C:\Users\bsval\terrafusion_os_1.0\backend\src\TerraFusion.Consciousness\TerraFusion.Consciousness.csproj]
C:\Users\bsval\terrafusion_os_1.0\backend\src\TerraFusion.Consciousness\Services\AuditAndComplianceServices.cs(532,32): warning CS1591: Missing XML comment for publicly visible type or member 'ComplianceValidationRequest.OperationId' [C:\Users\bsval\terrafusion_os_1.0\backend\src\TerraFusion.Consciousness\TerraFusion.Consciousness.csproj]
C:\Users\bsval\terrafusion_os_1.0\backend\src\TerraFusion.Consciousness\Services\AuditAndComplianceServices.cs(533,32): warning CS1591: Missing XML comment for publicly visible type or member 'ComplianceValidationRequest.RequesterId' [C:\Users\bsval\terrafusion_os_1.0\backend\src\TerraFusion.Consciousness\TerraFusion.Consciousness.csproj]
C:\Users\bsval\terrafusion_os_1.0\backend\src\TerraFusion.Consciousness\Services\AuditAndComplianceServices.cs(534,32): warning CS1591: Missing XML comment for publicly visible type or member 'ComplianceValidationRequest.ComplianceFramework' [C:\Users\bsval\terrafusion_os_1.0\backend\src\TerraFusion.Consciousness\TerraFusion.Consciousness.csproj]
C:\Users\bsval\terrafusion_os_1.0\backend\src\TerraFusion.Consciousness\Services\AuditAndComplianceServices.cs(535,32): warning CS1591: Missing XML comment for publicly visible type or member 'ComplianceValidationRequest.DataClassification' [C:\Users\bsval\terrafusion_os_1.0\backend\src\TerraFusion.Consciousness\TerraFusion.Consciousness.csproj]
C:\Users\bsval\terrafusion_os_1.0\backend\src\TerraFusion.Consciousness\Services\AuditAndComplianceServices.cs(536,32): warning CS1591: Missing XML comment for publicly visible type or member 'ComplianceValidationRequest.AccessRequirements' [C:\Users\bsval\terrafusion_os_1.0\backend\src\TerraFusion.Consciousness\TerraFusion.Consciousness.csproj]
C:\Users\bsval\terrafusion_os_1.0\backend\src\TerraFusion.Consciousness\Services\AuditAndComplianceServices.cs(537,32): warning CS1591: Missing XML comment for publicly visible type or member 'ComplianceValidationRequest.AuditLevel' [C:\Users\bsval\terrafusion_os_1.0\backend\src\TerraFusion.Consciousness\TerraFusion.Consciousness.csproj]
C:\Users\bsval\terrafusion_os_1.0\backend\src\TerraFusion.Consciousness\Services\AuditAndComplianceServices.cs(538,32): warning CS1591: Missing XML comment for publicly visible type or member 'ComplianceValidationRequest.SecurityLevel' [C:\Users\bsval\terrafusion_os_1.0\backend\src\TerraFusion.Consciousness\TerraFusion.Consciousness.csproj]
C:\Users\bsval\terrafusion_os_1.0\backend\src\TerraFusion.Consciousness\Services\AuditAndComplianceServices.cs(539,32): warning CS1591: Missing XML comment for publicly visible type or member 'ComplianceValidationRequest.DataLocation' [C:\Users\bsval\terrafusion_os_1.0\backend\src\TerraFusion.Consciousness\TerraFusion.Consciousness.csproj]
C:\Users\bsval\terrafusion_os_1.0\backend\src\TerraFusion.Consciousness\Services\AuditAndComplianceServices.cs(540,32): warning CS1591: Missing XML comment for publicly visible type or member 'ComplianceValidationRequest.EncryptionLevel' [C:\Users\bsval\terrafusion_os_1.0\backend\src\TerraFusion.Consciousness\TerraFusion.Consciousness.csproj]
C:\Users\bsval\terrafusion_os_1.0\backend\src\TerraFusion.Consciousness\Services\AuditAndComplianceServices.cs(541,32): warning CS1591: Missing XML comment for publicly visible type or member 'ComplianceValidationRequest.PrivacyLevel' [C:\Users\bsval\terrafusion_os_1.0\backend\src\TerraFusion.Consciousness\TerraFusion.Consciousness.csproj]
C:\Users\bsval\terrafusion_os_1.0\backend\src\TerraFusion.Consciousness\Services\AuditAndComplianceServices.cs(542,30): warning CS1591: Missing XML comment for publicly visible type or member 'ComplianceValidationRequest.IntegrityChecks' [C:\Users\bsval\terrafusion_os_1.0\backend\src\TerraFusion.Consciousness\TerraFusion.Consciousness.csproj]
C:\Users\bsval\terrafusion_os_1.0\backend\src\TerraFusion.Consciousness\Services\AuditAndComplianceServices.cs(543,32): warning CS1591: Missing XML comment for publicly visible type or member 'ComplianceValidationRequest.AvailabilityLevel' [C:\Users\bsval\terrafusion_os_1.0\backend\src\TerraFusion.Consciousness\TerraFusion.Consciousness.csproj]
C:\Users\bsval\terrafusion_os_1.0\backend\src\TerraFusion.Consciousness\Services\BentonCountyDataService.cs(44,16): warning CS1591: Missing XML comment for publicly visible type or member 'BentonCountyDataService.BentonCountyDataService(ILogger<BentonCountyDataService>, IConfiguration, TerraFusionContext, HttpClient)' [C:\Users\bsval\terrafusion_os_1.0\backend\src\TerraFusion.Consciousness\TerraFusion.Consciousness.csproj]
C:\Users\bsval\terrafusion_os_1.0\backend\src\TerraFusion.Consciousness\Services\BentonCountyDataService.cs(67,64): warning CS1591: Missing XML comment for publicly visible type or member 'BentonCountyDataService.InitializeAsync()' [C:\Users\bsval\terrafusion_os_1.0\backend\src\TerraFusion.Consciousness\TerraFusion.Consciousness.csproj]
C:\Users\bsval\terrafusion_os_1.0\backend\src\TerraFusion.Consciousness\Services\BentonCountyDataService.cs(125,54): warning CS1591: Missing XML comment for publicly visible type or member 'BentonCountyDataService.GetPropertyAssessmentDataAsync(PropertyDataRequestDto)' [C:\Users\bsval\terrafusion_os_1.0\backend\src\TerraFusion.Consciousness\TerraFusion.Consciousness.csproj]
C:\Users\bsval\terrafusion_os_1.0\backend\src\TerraFusion.Consciousness\Services\BentonCountyDataService.cs(238,51): warning CS1591: Missing XML comment for publicly visible type or member 'BentonCountyDataService.GetCitizenServicesDataAsync(CitizenServicesRequestDto)' [C:\Users\bsval\terrafusion_os_1.0\backend\src\TerraFusion.Consciousness\TerraFusion.Consciousness.csproj]
C:\Users\bsval\terrafusion_os_1.0\backend\src\TerraFusion.Consciousness\Services\BentonCountyDataService.cs(324,53): warning CS1591: Missing XML comment for publicly visible type or member 'BentonCountyDataService.GetEmergencyResponseDataAsync(EmergencyDataRequestDto)' [C:\Users\bsval\terrafusion_os_1.0\backend\src\TerraFusion.Consciousness\TerraFusion.Consciousness.csproj]
C:\Users\bsval\terrafusion_os_1.0\backend\src\TerraFusion.Consciousness\Services\BentonCountyDataService.cs(415,54): warning CS1591: Missing XML comment for publicly visible type or member 'BentonCountyDataService.SyncWithBentonCountyAsync()' [C:\Users\bsval\terrafusion_os_1.0\backend\src\TerraFusion.Consciousness\TerraFusion.Consciousness.csproj]
C:\Users\bsval\terrafusion_os_1.0\backend\src\TerraFusion.Consciousness\Services\HybridConsciousnessManager.cs(20,16): warning CS1591: Missing XML comment for publicly visible type or member 'HybridConsciousnessManager.HybridConsciousnessManager(ILogger<HybridConsciousnessManager>, IConsciousnessService, IServiceProvider, IAILayerMeshOrchestrator)' [C:\Users\bsval\terrafusion_os_1.0\backend\src\TerraFusion.Consciousness\TerraFusion.Consciousness.csproj]
C:\Users\bsval\terrafusion_os_1.0\backend\src\TerraFusion.Consciousness\Services\HybridConsciousnessManager.cs(272,55): warning CS1591: Missing XML comment for publicly visible type or member 'HybridConsciousnessManager.InitializeAsync()' [C:\Users\bsval\terrafusion_os_1.0\backend\src\TerraFusion.Consciousness\TerraFusion.Consciousness.csproj]
C:\Users\bsval\terrafusion_os_1.0\backend\src\TerraFusion.Consciousness\Services\HybridConsciousnessManager.cs(313,80): warning CS1591: Missing XML comment for publicly visible type or member 'HybridConsciousnessManager.GetConsciousnessDataAsync()' [C:\Users\bsval\terrafusion_os_1.0\backend\src\TerraFusion.Consciousness\TerraFusion.Consciousness.csproj]
C:\Users\bsval\terrafusion_os_1.0\backend\src\TerraFusion.Consciousness\Services\HybridConsciousnessManager.cs(350,57): warning CS1591: Missing XML comment for publicly visible type or member 'HybridConsciousnessManager.GetEnhancedConsciousnessDataAsync()' [C:\Users\bsval\terrafusion_os_1.0\backend\src\TerraFusion.Consciousness\TerraFusion.Consciousness.csproj]
C:\Users\bsval\terrafusion_os_1.0\backend\src\TerraFusion.Consciousness\Services\HybridConsciousnessManager.cs(389,55): warning CS1591: Missing XML comment for publicly visible type or member 'HybridConsciousnessManager.SwitchConsciousnessModeAsync(ConsciousnessModeRequestDto)' [C:\Users\bsval\terrafusion_os_1.0\backend\src\TerraFusion.Consciousness\TerraFusion.Consciousness.csproj]
C:\Users\bsval\terrafusion_os_1.0\backend\src\TerraFusion.Consciousness\Services\HybridConsciousnessManager.cs(451,50): warning CS1591: Missing XML comment for publicly visible type or member 'HybridConsciousnessManager.GetHybridSystemStatusAsync()' [C:\Users\bsval\terrafusion_os_1.0\backend\src\TerraFusion.Consciousness\TerraFusion.Consciousness.csproj]
C:\Users\bsval\terrafusion_os_1.0\backend\src\TerraFusion.Consciousness\Services\HybridConsciousnessManager.cs(502,18): warning CS1591: Missing XML comment for publicly visible type or member 'HybridSession' [C:\Users\bsval\terrafusion_os_1.0\backend\src\TerraFusion.Consciousness\TerraFusion.Consciousness.csproj]
C:\Users\bsval\terrafusion_os_1.0\backend\src\TerraFusion.Consciousness\Services\HybridConsciousnessManager.cs(504,32): warning CS1591: Missing XML comment for publicly visible type or member 'HybridSession.SessionId' [C:\Users\bsval\terrafusion_os_1.0\backend\src\TerraFusion.Consciousness\TerraFusion.Consciousness.csproj]
C:\Users\bsval\terrafusion_os_1.0\backend\src\TerraFusion.Consciousness\Services\HybridConsciousnessManager.cs(505,32): warning CS1591: Missing XML comment for publicly visible type or member 'HybridSession.SessionType' [C:\Users\bsval\terrafusion_os_1.0\backend\src\TerraFusion.Consciousness\TerraFusion.Consciousness.csproj]
C:\Users\bsval\terrafusion_os_1.0\backend\src\TerraFusion.Consciousness\Services\HybridConsciousnessManager.cs(506,34): warning CS1591: Missing XML comment for publicly visible type or member 'HybridSession.StartTime' [C:\Users\bsval\terrafusion_os_1.0\backend\src\TerraFusion.Consciousness\TerraFusion.Consciousness.csproj]
C:\Users\bsval\terrafusion_os_1.0\backend\src\TerraFusion.Consciousness\Services\HybridConsciousnessManager.cs(507,30): warning CS1591: Missing XML comment for publicly visible type or member 'HybridSession.IsActive' [C:\Users\bsval\terrafusion_os_1.0\backend\src\TerraFusion.Consciousness\TerraFusion.Consciousness.csproj]
C:\Users\bsval\terrafusion_os_1.0\backend\src\TerraFusion.Consciousness\Services\HybridConsciousnessManager.cs(508,29): warning CS1591: Missing XML comment for publicly visible type or member 'HybridSession.ParticipantCount' [C:\Users\bsval\terrafusion_os_1.0\backend\src\TerraFusion.Consciousness\TerraFusion.Consciousness.csproj]
C:\Users\bsval\terrafusion_os_1.0\backend\src\TerraFusion.Consciousness\Services\HybridConsciousnessManager.cs(509,32): warning CS1591: Missing XML comment for publicly visible type or member 'HybridSession.ConsciousnessLevel' [C:\Users\bsval\terrafusion_os_1.0\backend\src\TerraFusion.Consciousness\TerraFusion.Consciousness.csproj]
C:\Users\bsval\terrafusion_os_1.0\backend\src\TerraFusion.Consciousness\Services\HybridConsciousnessManager.cs(510,21): warning CS1591: Missing XML comment for publicly visible type or member 'HybridSession.QuantumEnabled' [C:\Users\bsval\terrafusion_os_1.0\backend\src\TerraFusion.Consciousness\TerraFusion.Consciousness.csproj]
C:\Users\bsval\terrafusion_os_1.0\backend\src\TerraFusion.Consciousness\Services\HybridConsciousnessManager.cs(511,21): warning CS1591: Missing XML comment for publicly visible type or member 'HybridSession.MeshEnabled' [C:\Users\bsval\terrafusion_os_1.0\backend\src\TerraFusion.Consciousness\TerraFusion.Consciousness.csproj]
C:\Users\bsval\terrafusion_os_1.0\backend\src\TerraFusion.Consciousness\Services\HybridConsciousnessManager.cs(512,20): warning CS1591: Missing XML comment for publicly visible type or member 'HybridSession.OperationCount' [C:\Users\bsval\terrafusion_os_1.0\backend\src\TerraFusion.Consciousness\TerraFusion.Consciousness.csproj]
C:\Users\bsval\terrafusion_os_1.0\backend\src\TerraFusion.Consciousness\Services\HybridConsciousnessManager.cs(513,20): warning CS1591: Missing XML comment for publicly visible type or member 'HybridSession.CompletedOperationCount' [C:\Users\bsval\terrafusion_os_1.0\backend\src\TerraFusion.Consciousness\TerraFusion.Consciousness.csproj]
C:\Users\bsval\terrafusion_os_1.0\backend\src\TerraFusion.Consciousness\Services\HybridConsciousnessManager.cs(514,26): warning CS1591: Missing XML comment for publicly visible type or member 'HybridSession.LastActivity' [C:\Users\bsval\terrafusion_os_1.0\backend\src\TerraFusion.Consciousness\TerraFusion.Consciousness.csproj]
C:\Users\bsval\terrafusion_os_1.0\backend\src\TerraFusion.Consciousness\Services\HybridConsciousnessManager.cs(517,18): warning CS1591: Missing XML comment for publicly visible type or member 'HybridSessionRequest' [C:\Users\bsval\terrafusion_os_1.0\backend\src\TerraFusion.Consciousness\TerraFusion.Consciousness.csproj]
C:\Users\bsval\terrafusion_os_1.0\backend\src\TerraFusion.Consciousness\Services\HybridConsciousnessManager.cs(519,32): warning CS1591: Missing XML comment for publicly visible type or member 'HybridSessionRequest.SessionId' [C:\Users\bsval\terrafusion_os_1.0\backend\src\TerraFusion.Consciousness\TerraFusion.Consciousness.csproj]
C:\Users\bsval\terrafusion_os_1.0\backend\src\TerraFusion.Consciousness\Services\HybridConsciousnessManager.cs(520,32): warning CS1591: Missing XML comment for publicly visible type or member 'HybridSessionRequest.SessionType' [C:\Users\bsval\terrafusion_os_1.0\backend\src\TerraFusion.Consciousness\TerraFusion.Consciousness.csproj]
C:\Users\bsval\terrafusion_os_1.0\backend\src\TerraFusion.Consciousness\Services\HybridConsciousnessManager.cs(521,29): warning CS1591: Missing XML comment for publicly visible type or member 'HybridSessionRequest.ParticipantCount' [C:\Users\bsval\terrafusion_os_1.0\backend\src\TerraFusion.Consciousness\TerraFusion.Consciousness.csproj]
C:\Users\bsval\terrafusion_os_1.0\backend\src\TerraFusion.Consciousness\Services\HybridConsciousnessManager.cs(522,32): warning CS1591: Missing XML comment for publicly visible type or member 'HybridSessionRequest.ConsciousnessLevel' [C:\Users\bsval\terrafusion_os_1.0\backend\src\TerraFusion.Consciousness\TerraFusion.Consciousness.csproj]
C:\Users\bsval\terrafusion_os_1.0\backend\src\TerraFusion.Consciousness\Services\HybridConsciousnessManager.cs(523,21): warning CS1591: Missing XML comment for publicly visible type or member 'HybridSessionRequest.RequireQuantumConsciousness' [C:\Users\bsval\terrafusion_os_1.0\backend\src\TerraFusion.Consciousness\TerraFusion.Consciousness.csproj]
C:\Users\bsval\terrafusion_os_1.0\backend\src\TerraFusion.Consciousness\Services\HybridConsciousnessManager.cs(524,21): warning CS1591: Missing XML comment for publicly visible type or member 'HybridSessionRequest.RequireMeshOrchestration' [C:\Users\bsval\terrafusion_os_1.0\backend\src\TerraFusion.Consciousness\TerraFusion.Consciousness.csproj]
C:\Users\bsval\terrafusion_os_1.0\backend\src\TerraFusion.Consciousness\Services\HybridConsciousnessManager.cs(527,18): warning CS1591: Missing XML comment for publicly visible type or member 'HybridSessionResult' [C:\Users\bsval\terrafusion_os_1.0\backend\src\TerraFusion.Consciousness\TerraFusion.Consciousness.csproj]
C:\Users\bsval\terrafusion_os_1.0\backend\src\TerraFusion.Consciousness\Services\HybridConsciousnessManager.cs(529,30): warning CS1591: Missing XML comment for publicly visible type or member 'HybridSessionResult.Success' [C:\Users\bsval\terrafusion_os_1.0\backend\src\TerraFusion.Consciousness\TerraFusion.Consciousness.csproj]
C:\Users\bsval\terrafusion_os_1.0\backend\src\TerraFusion.Consciousness\Services\HybridConsciousnessManager.cs(530,32): warning CS1591: Missing XML comment for publicly visible type or member 'HybridSessionResult.SessionId' [C:\Users\bsval\terrafusion_os_1.0\backend\src\TerraFusion.Consciousness\TerraFusion.Consciousness.csproj]
C:\Users\bsval\terrafusion_os_1.0\backend\src\TerraFusion.Consciousness\Services\HybridConsciousnessManager.cs(531,31): warning CS1591: Missing XML comment for publicly visible type or member 'HybridSessionResult.Session' [C:\Users\bsval\terrafusion_os_1.0\backend\src\TerraFusion.Consciousness\TerraFusion.Consciousness.csproj]
C:\Users\bsval\terrafusion_os_1.0\backend\src\TerraFusion.Consciousness\Services\HybridConsciousnessManager.cs(532,32): warning CS1591: Missing XML comment for publicly visible type or member 'HybridSessionResult.Message' [C:\Users\bsval\terrafusion_os_1.0\backend\src\TerraFusion.Consciousness\TerraFusion.Consciousness.csproj]
C:\Users\bsval\terrafusion_os_1.0\backend\src\TerraFusion.Consciousness\Services\HybridConsciousnessManager.cs(535,18): warning CS1591: Missing XML comment for publicly visible type or member 'HybridOperationRequest' [C:\Users\bsval\terrafusion_os_1.0\backend\src\TerraFusion.Consciousness\TerraFusion.Consciousness.csproj]
C:\Users\bsval\terrafusion_os_1.0\backend\src\TerraFusion.Consciousness\Services\HybridConsciousnessManager.cs(537,32): warning CS1591: Missing XML comment for publicly visible type or member 'HybridOperationRequest.OperationId' [C:\Users\bsval\terrafusion_os_1.0\backend\src\TerraFusion.Consciousness\TerraFusion.Consciousness.csproj]
C:\Users\bsval\terrafusion_os_1.0\backend\src\TerraFusion.Consciousness\Services\HybridConsciousnessManager.cs(538,32): warning CS1591: Missing XML comment for publicly visible type or member 'HybridOperationRequest.SessionId' [C:\Users\bsval\terrafusion_os_1.0\backend\src\TerraFusion.Consciousness\TerraFusion.Consciousness.csproj]
C:\Users\bsval\terrafusion_os_1.0\backend\src\TerraFusion.Consciousness\Services\HybridConsciousnessManager.cs(539,32): warning CS1591: Missing XML comment for publicly visible type or member 'HybridOperationRequest.OperationType' [C:\Users\bsval\terrafusion_os_1.0\backend\src\TerraFusion.Consciousness\TerraFusion.Consciousness.csproj]
C:\Users\bsval\terrafusion_os_1.0\backend\src\TerraFusion.Consciousness\Services\HybridConsciousnessManager.cs(540,52): warning CS1591: Missing XML comment for publicly visible type or member 'HybridOperationRequest.Parameters' [C:\Users\bsval\terrafusion_os_1.0\backend\src\TerraFusion.Consciousness\TerraFusion.Consciousness.csproj]
C:\Users\bsval\terrafusion_os_1.0\backend\src\TerraFusion.Consciousness\Services\HybridConsciousnessManager.cs(541,29): warning CS1591: Missing XML comment for publicly visible type or member 'HybridOperationRequest.Priority' [C:\Users\bsval\terrafusion_os_1.0\backend\src\TerraFusion.Consciousness\TerraFusion.Consciousness.csproj]
C:\Users\bsval\terrafusion_os_1.0\backend\src\TerraFusion.Consciousness\Services\HybridConsciousnessManager.cs(542,30): warning CS1591: Missing XML comment for publicly visible type or member 'HybridOperationRequest.RequireQuantumProcessing' [C:\Users\bsval\terrafusion_os_1.0\backend\src\TerraFusion.Consciousness\TerraFusion.Consciousness.csproj]
C:\Users\bsval\terrafusion_os_1.0\backend\src\TerraFusion.Consciousness\Services\HybridConsciousnessManager.cs(543,32): warning CS1591: Missing XML comment for publicly visible type or member 'HybridOperationRequest.FusionStrategy' [C:\Users\bsval\terrafusion_os_1.0\backend\src\TerraFusion.Consciousness\TerraFusion.Consciousness.csproj]
C:\Users\bsval\terrafusion_os_1.0\backend\src\TerraFusion.Consciousness\Services\HybridConsciousnessManager.cs(546,18): warning CS1591: Missing XML comment for publicly visible type or member 'HybridOperationResult' [C:\Users\bsval\terrafusion_os_1.0\backend\src\TerraFusion.Consciousness\TerraFusion.Consciousness.csproj]
C:\Users\bsval\terrafusion_os_1.0\backend\src\TerraFusion.Consciousness\Services\HybridConsciousnessManager.cs(548,30): warning CS1591: Missing XML comment for publicly visible type or member 'HybridOperationResult.Success' [C:\Users\bsval\terrafusion_os_1.0\backend\src\TerraFusion.Consciousness\TerraFusion.Consciousness.csproj]
C:\Users\bsval\terrafusion_os_1.0\backend\src\TerraFusion.Consciousness\Services\HybridConsciousnessManager.cs(549,32): warning CS1591: Missing XML comment for publicly visible type or member 'HybridOperationResult.OperationId' [C:\Users\bsval\terrafusion_os_1.0\backend\src\TerraFusion.Consciousness\TerraFusion.Consciousness.csproj]
C:\Users\bsval\terrafusion_os_1.0\backend\src\TerraFusion.Consciousness\Services\HybridConsciousnessManager.cs(550,32): warning CS1591: Missing XML comment for publicly visible type or member 'HybridOperationResult.SessionId' [C:\Users\bsval\terrafusion_os_1.0\backend\src\TerraFusion.Consciousness\TerraFusion.Consciousness.csproj]
C:\Users\bsval\terrafusion_os_1.0\backend\src\TerraFusion.Consciousness\Services\HybridConsciousnessManager.cs(551,52): warning CS1591: Missing XML comment for publicly visible type or member 'HybridOperationResult.Results' [C:\Users\bsval\terrafusion_os_1.0\backend\src\TerraFusion.Consciousness\TerraFusion.Consciousness.csproj]
C:\Users\bsval\terrafusion_os_1.0\backend\src\TerraFusion.Consciousness\Services\HybridConsciousnessManager.cs(552,34): warning CS1591: Missing XML comment for publicly visible type or member 'HybridOperationResult.ProcessingTime' [C:\Users\bsval\terrafusion_os_1.0\backend\src\TerraFusion.Consciousness\TerraFusion.Consciousness.csproj]
C:\Users\bsval\terrafusion_os_1.0\backend\src\TerraFusion.Consciousness\Services\HybridConsciousnessManager.cs(553,24): warning CS1591: Missing XML comment for publicly visible type or member 'HybridOperationResult.ErrorMessage' [C:\Users\bsval\terrafusion_os_1.0\backend\src\TerraFusion.Consciousness\TerraFusion.Consciousness.csproj]
C:\Users\bsval\terrafusion_os_1.0\backend\src\TerraFusion.Consciousness\Services\HybridConsciousnessManager.cs(556,18): warning CS1591: Missing XML comment for publicly visible type or member 'HybridScalingRequest' [C:\Users\bsval\terrafusion_os_1.0\backend\src\TerraFusion.Consciousness\TerraFusion.Consciousness.csproj]
C:\Users\bsval\terrafusion_os_1.0\backend\src\TerraFusion.Consciousness\Services\HybridConsciousnessManager.cs(558,32): warning CS1591: Missing XML comment for publicly visible type or member 'HybridScalingRequest.SessionId' [C:\Users\bsval\terrafusion_os_1.0\backend\src\TerraFusion.Consciousness\TerraFusion.Consciousness.csproj]
C:\Users\bsval\terrafusion_os_1.0\backend\src\TerraFusion.Consciousness\Services\HybridConsciousnessManager.cs(559,32): warning CS1591: Missing XML comment for publicly visible type or member 'HybridScalingRequest.ScalingType' [C:\Users\bsval\terrafusion_os_1.0\backend\src\TerraFusion.Consciousness\TerraFusion.Consciousness.csproj]
C:\Users\bsval\terrafusion_os_1.0\backend\src\TerraFusion.Consciousness\Services\HybridConsciousnessManager.cs(560,29): warning CS1591: Missing XML comment for publicly visible type or member 'HybridScalingRequest.TargetCapacity' [C:\Users\bsval\terrafusion_os_1.0\backend\src\TerraFusion.Consciousness\TerraFusion.Consciousness.csproj]
C:\Users\bsval\terrafusion_os_1.0\backend\src\TerraFusion.Consciousness\Services\HybridConsciousnessManager.cs(561,52): warning CS1591: Missing XML comment for publicly visible type or member 'HybridScalingRequest.ScalingParameters' [C:\Users\bsval\terrafusion_os_1.0\backend\src\TerraFusion.Consciousness\TerraFusion.Consciousness.csproj]
C:\Users\bsval\terrafusion_os_1.0\backend\src\TerraFusion.Consciousness\Services\HybridConsciousnessManager.cs(564,18): warning CS1591: Missing XML comment for publicly visible type or member 'HybridScalingResult' [C:\Users\bsval\terrafusion_os_1.0\backend\src\TerraFusion.Consciousness\TerraFusion.Consciousness.csproj]
C:\Users\bsval\terrafusion_os_1.0\backend\src\TerraFusion.Consciousness\Services\HybridConsciousnessManager.cs(566,30): warning CS1591: Missing XML comment for publicly visible type or member 'HybridScalingResult.Success' [C:\Users\bsval\terrafusion_os_1.0\backend\src\TerraFusion.Consciousness\TerraFusion.Consciousness.csproj]
C:\Users\bsval\terrafusion_os_1.0\backend\src\TerraFusion.Consciousness\Services\HybridConsciousnessManager.cs(567,32): warning CS1591: Missing XML comment for publicly visible type or member 'HybridScalingResult.SessionId' [C:\Users\bsval\terrafusion_os_1.0\backend\src\TerraFusion.Consciousness\TerraFusion.Consciousness.csproj]
C:\Users\bsval\terrafusion_os_1.0\backend\src\TerraFusion.Consciousness\Services\HybridConsciousnessManager.cs(568,52): warning CS1591: Missing XML comment for publicly visible type or member 'HybridScalingResult.ScalingResults' [C:\Users\bsval\terrafusion_os_1.0\backend\src\TerraFusion.Consciousness\TerraFusion.Consciousness.csproj]
C:\Users\bsval\terrafusion_os_1.0\backend\src\TerraFusion.Consciousness\Services\HybridConsciousnessManager.cs(569,29): warning CS1591: Missing XML comment for publicly visible type or member 'HybridScalingResult.NewCapacity' [C:\Users\bsval\terrafusion_os_1.0\backend\src\TerraFusion.Consciousness\TerraFusion.Consciousness.csproj]
C:\Users\bsval\terrafusion_os_1.0\backend\src\TerraFusion.Consciousness\Services\HybridConsciousnessManager.cs(570,24): warning CS1591: Missing XML comment for publicly visible type or member 'HybridScalingResult.ErrorMessage' [C:\Users\bsval\terrafusion_os_1.0\backend\src\TerraFusion.Consciousness\TerraFusion.Consciousness.csproj]
C:\Users\bsval\terrafusion_os_1.0\backend\src\TerraFusion.Consciousness\Services\HybridConsciousnessManager.cs(573,18): warning CS1591: Missing XML comment for publicly visible type or member 'HybridMetricsDto' [C:\Users\bsval\terrafusion_os_1.0\backend\src\TerraFusion.Consciousness\TerraFusion.Consciousness.csproj]
C:\Users\bsval\terrafusion_os_1.0\backend\src\TerraFusion.Consciousness\Services\HybridConsciousnessManager.cs(575,32): warning CS1591: Missing XML comment for publicly visible type or member 'HybridMetricsDto.SessionId' [C:\Users\bsval\terrafusion_os_1.0\backend\src\TerraFusion.Consciousness\TerraFusion.Consciousness.csproj]
C:\Users\bsval\terrafusion_os_1.0\backend\src\TerraFusion.Consciousness\Services\HybridConsciousnessManager.cs(576,34): warning CS1591: Missing XML comment for publicly visible type or member 'HybridMetricsDto.SessionUptime' [C:\Users\bsval\terrafusion_os_1.0\backend\src\TerraFusion.Consciousness\TerraFusion.Consciousness.csproj]
C:\Users\bsval\terrafusion_os_1.0\backend\src\TerraFusion.Consciousness\Services\HybridConsciousnessManager.cs(577,29): warning CS1591: Missing XML comment for publicly visible type or member 'HybridMetricsDto.OperationCount' [C:\Users\bsval\terrafusion_os_1.0\backend\src\TerraFusion.Consciousness\TerraFusion.Consciousness.csproj]
C:\Users\bsval\terrafusion_os_1.0\backend\src\TerraFusion.Consciousness\Services\HybridConsciousnessManager.cs(578,32): warning CS1591: Missing XML comment for publicly visible type or member 'HybridMetricsDto.ConsciousnessHealth' [C:\Users\bsval\terrafusion_os_1.0\backend\src\TerraFusion.Consciousness\TerraFusion.Consciousness.csproj]
C:\Users\bsval\terrafusion_os_1.0\backend\src\TerraFusion.Consciousness\Services\HybridConsciousnessManager.cs(579,30): warning CS1591: Missing XML comment for publicly visible type or member 'HybridMetricsDto.QuantumEnabled' [C:\Users\bsval\terrafusion_os_1.0\backend\src\TerraFusion.Consciousness\TerraFusion.Consciousness.csproj]
C:\Users\bsval\terrafusion_os_1.0\backend\src\TerraFusion.Consciousness\Services\HybridConsciousnessManager.cs(580,30): warning CS1591: Missing XML comment for publicly visible type or member 'HybridMetricsDto.MeshEnabled' [C:\Users\bsval\terrafusion_os_1.0\backend\src\TerraFusion.Consciousness\TerraFusion.Consciousness.csproj]
C:\Users\bsval\terrafusion_os_1.0\backend\src\TerraFusion.Consciousness\Services\HybridConsciousnessManager.cs(581,29): warning CS1591: Missing XML comment for publicly visible type or member 'HybridMetricsDto.ParticipantCount' [C:\Users\bsval\terrafusion_os_1.0\backend\src\TerraFusion.Consciousness\TerraFusion.Consciousness.csproj]
C:\Users\bsval\terrafusion_os_1.0\backend\src\TerraFusion.Consciousness\Services\HybridConsciousnessManager.cs(582,26): warning CS1591: Missing XML comment for publicly visible type or member 'HybridMetricsDto.LastActivity' [C:\Users\bsval\terrafusion_os_1.0\backend\src\TerraFusion.Consciousness\TerraFusion.Consciousness.csproj]
C:\Users\bsval\terrafusion_os_1.0\backend\src\TerraFusion.Consciousness\Services\LegacyConsciousnessService.cs(18,16): warning CS1591: Missing XML comment for publicly visible type or member 'LegacyConsciousnessService.LegacyConsciousnessService(ILogger<LegacyConsciousnessService>)' [C:\Users\bsval\terrafusion_os_1.0\backend\src\TerraFusion.Consciousness\TerraFusion.Consciousness.csproj]
C:\Users\bsval\terrafusion_os_1.0\backend\src\TerraFusion.Consciousness\Services\LegacyConsciousnessService.cs(23,62): warning CS1591: Missing XML comment for publicly visible type or member 'LegacyConsciousnessService.InitializeAsync(CancellationToken)' [C:\Users\bsval\terrafusion_os_1.0\backend\src\TerraFusion.Consciousness\TerraFusion.Consciousness.csproj]
C:\Users\bsval\terrafusion_os_1.0\backend\src\TerraFusion.Consciousness\Services\LegacyConsciousnessService.cs(42,57): warning CS1591: Missing XML comment for publicly visible type or member 'LegacyConsciousnessService.ExecuteConsciousnessOperationAsync(ConsciousnessOperationRequest, CancellationToken)' [C:\Users\bsval\terrafusion_os_1.0\backend\src\TerraFusion.Consciousness\TerraFusion.Consciousness.csproj]
C:\Users\bsval\terrafusion_os_1.0\backend\src\TerraFusion.Consciousness\Services\LegacyConsciousnessService.cs(70,51): warning CS1591: Missing XML comment for publicly visible type or member 'LegacyConsciousnessService.GetConsciousnessHealthAsync(CancellationToken)' [C:\Users\bsval\terrafusion_os_1.0\backend\src\TerraFusion.Consciousness\TerraFusion.Consciousness.csproj]
C:\Users\bsval\terrafusion_os_1.0\backend\src\TerraFusion.Consciousness\Services\LegacyConsciousnessService.cs(89,53): warning CS1591: Missing XML comment for publicly visible type or member 'LegacyConsciousnessService.OrchestrateLayers(LayerOrchestrationRequest, CancellationToken)' [C:\Users\bsval\terrafusion_os_1.0\backend\src\TerraFusion.Consciousness\TerraFusion.Consciousness.csproj]
C:\Users\bsval\terrafusion_os_1.0\backend\src\TerraFusion.Consciousness\Services\LegacyConsciousnessService.cs(110,42): warning CS1591: Missing XML comment for publicly visible type or member 'LegacyConsciousnessService.ScaleConsciousnessAsync(ScalingRequest, CancellationToken)' [C:\Users\bsval\terrafusion_os_1.0\backend\src\TerraFusion.Consciousness\TerraFusion.Consciousness.csproj]
C:\Users\bsval\terrafusion_os_1.0\backend\src\TerraFusion.Consciousness\Services\LegacyConsciousnessService.cs(124,58): warning CS1591: Missing XML comment for publicly visible type or member 'LegacyConsciousnessService.ValidateSystemIntegrityAsync(CancellationToken)' [C:\Users\bsval\terrafusion_os_1.0\backend\src\TerraFusion.Consciousness\TerraFusion.Consciousness.csproj]
C:\Users\bsval\terrafusion_os_1.0\backend\src\TerraFusion.Consciousness\Services\MillionAgentService.cs(28,16): warning CS1591: Missing XML comment for publicly visible type or member 'MillionAgentService.MillionAgentService(ILogger<MillionAgentService>, IConfiguration)' [C:\Users\bsval\terrafusion_os_1.0\backend\src\TerraFusion.Consciousness\TerraFusion.Consciousness.csproj]
C:\Users\bsval\terrafusion_os_1.0\backend\src\TerraFusion.Consciousness\Services\MillionAgentService.cs(39,64): warning CS1591: Missing XML comment for publicly visible type or member 'MillionAgentService.InitializeAsync()' [C:\Users\bsval\terrafusion_os_1.0\backend\src\TerraFusion.Consciousness\TerraFusion.Consciousness.csproj]
C:\Users\bsval\terrafusion_os_1.0\backend\src\TerraFusion.Consciousness\Services\MillionAgentService.cs(111,57): warning CS1591: Missing XML comment for publicly visible type or member 'MillionAgentService.ScaleToAgentsAsync(int)' [C:\Users\bsval\terrafusion_os_1.0\backend\src\TerraFusion.Consciousness\TerraFusion.Consciousness.csproj]
C:\Users\bsval\terrafusion_os_1.0\backend\src\TerraFusion.Consciousness\Services\MillionAgentService.cs(176,59): warning CS1591: Missing XML comment for publicly visible type or member 'MillionAgentService.ExecuteCoordinatedOperationsAsync(CoordinatedOperationRequestDto)' [C:\Users\bsval\terrafusion_os_1.0\backend\src\TerraFusion.Consciousness\TerraFusion.Consciousness.csproj]
C:\Users\bsval\terrafusion_os_1.0\backend\src\TerraFusion.Consciousness\Services\MillionAgentService.cs(283,50): warning CS1591: Missing XML comment for publicly visible type or member 'MillionAgentService.GetSystemStatusAsync()' [C:\Users\bsval\terrafusion_os_1.0\backend\src\TerraFusion.Consciousness\TerraFusion.Consciousness.csproj]
C:\Users\bsval\terrafusion_os_1.0\backend\src\TerraFusion.Consciousness\Services\MillionAgentService.cs(368,66): warning CS1591: Missing XML comment for publicly visible type or member 'MillionAgentService.OptimizeQuantumCoherenceAsync()' [C:\Users\bsval\terrafusion_os_1.0\backend\src\TerraFusion.Consciousness\TerraFusion.Consciousness.csproj]
C:\Users\bsval\terrafusion_os_1.0\backend\src\TerraFusion.Consciousness\Services\MultiCountyDataService.cs(45,16): warning CS1591: Missing XML comment for publicly visible type or member 'MultiCountyDataService.MultiCountyDataService(ILogger<MultiCountyDataService>, IConfiguration, HttpClient, IBentonCountyDataService)' [C:\Users\bsval\terrafusion_os_1.0\backend\src\TerraFusion.Consciousness\TerraFusion.Consciousness.csproj]
C:\Users\bsval\terrafusion_os_1.0\backend\src\TerraFusion.Consciousness\Services\MultiCountyDataService.cs(65,60): warning CS1591: Missing XML comment for publicly visible type or member 'MultiCountyDataService.InitializeAsync()' [C:\Users\bsval\terrafusion_os_1.0\backend\src\TerraFusion.Consciousness\TerraFusion.Consciousness.csproj]
C:\Users\bsval\terrafusion_os_1.0\backend\src\TerraFusion.Consciousness\Services\MultiCountyDataService.cs(119,54): warning CS1591: Missing XML comment for publicly visible type or member 'MultiCountyDataService.AddCountyDataSourceAsync(CountyDataSourceRequestDto)' [C:\Users\bsval\terrafusion_os_1.0\backend\src\TerraFusion.Consciousness\TerraFusion.Consciousness.csproj]
C:\Users\bsval\terrafusion_os_1.0\backend\src\TerraFusion.Consciousness\Services\MultiCountyDataService.cs(220,49): warning CS1591: Missing XML comment for publicly visible type or member 'MultiCountyDataService.GetAvailableCountiesAsync()' [C:\Users\bsval\terrafusion_os_1.0\backend\src\TerraFusion.Consciousness\TerraFusion.Consciousness.csproj]
C:\Users\bsval\terrafusion_os_1.0\backend\src\TerraFusion.Consciousness\Services\MultiCountyDataService.cs(289,52): warning CS1591: Missing XML comment for publicly visible type or member 'MultiCountyDataService.GetAggregatedCountyDataAsync(AggregatedDataRequestDto)' [C:\Users\bsval\terrafusion_os_1.0\backend\src\TerraFusion.Consciousness\TerraFusion.Consciousness.csproj]
C:\Users\bsval\terrafusion_os_1.0\backend\src\TerraFusion.Consciousness\Services\MultiCountyDataService.cs(359,49): warning CS1591: Missing XML comment for publicly visible type or member 'MultiCountyDataService.SyncAllCountyDataAsync()' [C:\Users\bsval\terrafusion_os_1.0\backend\src\TerraFusion.Consciousness\TerraFusion.Consciousness.csproj]
C:\Users\bsval\terrafusion_os_1.0\backend\src\TerraFusion.Consciousness\Services\MultiCountyDataService.cs(426,56): warning CS1591: Missing XML comment for publicly visible type or member 'MultiCountyDataService.ExecuteFederatedOperationAsync(FederatedOperationRequestDto)' [C:\Users\bsval\terrafusion_os_1.0\backend\src\TerraFusion.Consciousness\TerraFusion.Consciousness.csproj]
C:\Users\bsval\terrafusion_os_1.0\backend\src\TerraFusion.Consciousness\Services\MultiCountyDataService.cs(489,47): warning CS1591: Missing XML comment for publicly visible type or member 'MultiCountyDataService.GetMeshHealthIndexAsync()' [C:\Users\bsval\terrafusion_os_1.0\backend\src\TerraFusion.Consciousness\TerraFusion.Consciousness.csproj]
C:\Users\bsval\terrafusion_os_1.0\backend\src\TerraFusion.Consciousness\Services\MultiCountyDataService.cs(531,57): warning CS1591: Missing XML comment for publicly visible type or member 'MultiCountyDataService.ValidateFederatedComplianceAsync()' [C:\Users\bsval\terrafusion_os_1.0\backend\src\TerraFusion.Consciousness\TerraFusion.Consciousness.csproj]
C:\Users\bsval\terrafusion_os_1.0\backend\src\TerraFusion.Consciousness\Services\MultiCountyDataService.cs(856,18): warning CS1591: Missing XML comment for publicly visible type or member 'CountyMeshNode' [C:\Users\bsval\terrafusion_os_1.0\backend\src\TerraFusion.Consciousness\TerraFusion.Consciousness.csproj]
C:\Users\bsval\terrafusion_os_1.0\backend\src\TerraFusion.Consciousness\Services\MultiCountyDataService.cs(858,32): warning CS1591: Missing XML comment for publicly visible type or member 'CountyMeshNode.CountyName' [C:\Users\bsval\terrafusion_os_1.0\backend\src\TerraFusion.Consciousness\TerraFusion.Consciousness.csproj]
C:\Users\bsval\terrafusion_os_1.0\backend\src\TerraFusion.Consciousness\Services\MultiCountyDataService.cs(859,32): warning CS1591: Missing XML comment for publicly visible type or member 'CountyMeshNode.StateName' [C:\Users\bsval\terrafusion_os_1.0\backend\src\TerraFusion.Consciousness\TerraFusion.Consciousness.csproj]
C:\Users\bsval\terrafusion_os_1.0\backend\src\TerraFusion.Consciousness\Services\MultiCountyDataService.cs(860,32): warning CS1591: Missing XML comment for publicly visible type or member 'CountyMeshNode.NodeId' [C:\Users\bsval\terrafusion_os_1.0\backend\src\TerraFusion.Consciousness\TerraFusion.Consciousness.csproj]
C:\Users\bsval\terrafusion_os_1.0\backend\src\TerraFusion.Consciousness\Services\MultiCountyDataService.cs(861,32): warning CS1591: Missing XML comment for publicly visible type or member 'CountyMeshNode.ApiEndpoint' [C:\Users\bsval\terrafusion_os_1.0\backend\src\TerraFusion.Consciousness\TerraFusion.Consciousness.csproj]
C:\Users\bsval\terrafusion_os_1.0\backend\src\TerraFusion.Consciousness\Services\MultiCountyDataService.cs(862,38): warning CS1591: Missing XML comment for publicly visible type or member 'CountyMeshNode.MeshCapabilities' [C:\Users\bsval\terrafusion_os_1.0\backend\src\TerraFusion.Consciousness\TerraFusion.Consciousness.csproj]
C:\Users\bsval\terrafusion_os_1.0\backend\src\TerraFusion.Consciousness\Services\MultiCountyDataService.cs(863,32): warning CS1591: Missing XML comment for publicly visible type or member 'CountyMeshNode.PrivacyLevel' [C:\Users\bsval\terrafusion_os_1.0\backend\src\TerraFusion.Consciousness\TerraFusion.Consciousness.csproj]
C:\Users\bsval\terrafusion_os_1.0\backend\src\TerraFusion.Consciousness\Services\MultiCountyDataService.cs(864,38): warning CS1591: Missing XML comment for publicly visible type or member 'CountyMeshNode.DataSovereignty' [C:\Users\bsval\terrafusion_os_1.0\backend\src\TerraFusion.Consciousness\TerraFusion.Consciousness.csproj]
C:\Users\bsval\terrafusion_os_1.0\backend\src\TerraFusion.Consciousness\Services\MultiCountyDataService.cs(865,34): warning CS1591: Missing XML comment for publicly visible type or member 'CountyMeshNode.AddedAt' [C:\Users\bsval\terrafusion_os_1.0\backend\src\TerraFusion.Consciousness\TerraFusion.Consciousness.csproj]
C:\Users\bsval\terrafusion_os_1.0\backend\src\TerraFusion.Consciousness\Services\MultiCountyDataService.cs(866,32): warning CS1591: Missing XML comment for publicly visible type or member 'CountyMeshNode.Status' [C:\Users\bsval\terrafusion_os_1.0\backend\src\TerraFusion.Consciousness\TerraFusion.Consciousness.csproj]
C:\Users\bsval\terrafusion_os_1.0\backend\src\TerraFusion.Consciousness\Services\MultiCountyDataService.cs(867,34): warning CS1591: Missing XML comment for publicly visible type or member 'CountyMeshNode.LastHealthCheck' [C:\Users\bsval\terrafusion_os_1.0\backend\src\TerraFusion.Consciousness\TerraFusion.Consciousness.csproj]
C:\Users\bsval\terrafusion_os_1.0\backend\src\TerraFusion.Consciousness\Services\MultiCountyDataService.cs(870,18): warning CS1591: Missing XML comment for publicly visible type or member 'CountyAggregateData' [C:\Users\bsval\terrafusion_os_1.0\backend\src\TerraFusion.Consciousness\TerraFusion.Consciousness.csproj]
C:\Users\bsval\terrafusion_os_1.0\backend\src\TerraFusion.Consciousness\Services\MultiCountyDataService.cs(872,32): warning CS1591: Missing XML comment for publicly visible type or member 'CountyAggregateData.CountyId' [C:\Users\bsval\terrafusion_os_1.0\backend\src\TerraFusion.Consciousness\TerraFusion.Consciousness.csproj]
C:\Users\bsval\terrafusion_os_1.0\backend\src\TerraFusion.Consciousness\Services\MultiCountyDataService.cs(873,52): warning CS1591: Missing XML comment for publicly visible type or member 'CountyAggregateData.AggregatedMetrics' [C:\Users\bsval\terrafusion_os_1.0\backend\src\TerraFusion.Consciousness\TerraFusion.Consciousness.csproj]
C:\Users\bsval\terrafusion_os_1.0\backend\src\TerraFusion.Consciousness\Services\MultiCountyDataService.cs(876,18): warning CS1591: Missing XML comment for publicly visible type or member 'CountySyncResult' [C:\Users\bsval\terrafusion_os_1.0\backend\src\TerraFusion.Consciousness\TerraFusion.Consciousness.csproj]
C:\Users\bsval\terrafusion_os_1.0\backend\src\TerraFusion.Consciousness\Services\MultiCountyDataService.cs(878,32): warning CS1591: Missing XML comment for publicly visible type or member 'CountySyncResult.CountyId' [C:\Users\bsval\terrafusion_os_1.0\backend\src\TerraFusion.Consciousness\TerraFusion.Consciousness.csproj]
C:\Users\bsval\terrafusion_os_1.0\backend\src\TerraFusion.Consciousness\Services\MultiCountyDataService.cs(879,29): warning CS1591: Missing XML comment for publicly visible type or member 'CountySyncResult.RecordsSynced' [C:\Users\bsval\terrafusion_os_1.0\backend\src\TerraFusion.Consciousness\TerraFusion.Consciousness.csproj]
C:\Users\bsval\terrafusion_os_1.0\backend\src\TerraFusion.Consciousness\Services\MultiCountyDataService.cs(880,34): warning CS1591: Missing XML comment for publicly visible type or member 'CountySyncResult.LastSync' [C:\Users\bsval\terrafusion_os_1.0\backend\src\TerraFusion.Consciousness\TerraFusion.Consciousness.csproj]
C:\Users\bsval\terrafusion_os_1.0\backend\src\TerraFusion.Consciousness\Services\MultiCountyDataService.cs(881,32): warning CS1591: Missing XML comment for publicly visible type or member 'CountySyncResult.Status' [C:\Users\bsval\terrafusion_os_1.0\backend\src\TerraFusion.Consciousness\TerraFusion.Consciousness.csproj]
C:\Users\bsval\terrafusion_os_1.0\backend\src\TerraFusion.Consciousness\Services\MultiCountyDataService.cs(882,34): warning CS1591: Missing XML comment for publicly visible type or member 'CountySyncResult.SyncTime' [C:\Users\bsval\terrafusion_os_1.0\backend\src\TerraFusion.Consciousness\TerraFusion.Consciousness.csproj]
C:\Users\bsval\terrafusion_os_1.0\backend\src\TerraFusion.Consciousness\Services\MultiCountyDataService.cs(885,18): warning CS1591: Missing XML comment for publicly visible type or member 'MeshHealthMetrics' [C:\Users\bsval\terrafusion_os_1.0\backend\src\TerraFusion.Consciousness\TerraFusion.Consciousness.csproj]
C:\Users\bsval\terrafusion_os_1.0\backend\src\TerraFusion.Consciousness\Services\MultiCountyDataService.cs(887,33): warning CS1591: Missing XML comment for publicly visible type or member 'MeshHealthMetrics.OverallHealth' [C:\Users\bsval\terrafusion_os_1.0\backend\src\TerraFusion.Consciousness\TerraFusion.Consciousness.csproj]
C:\Users\bsval\terrafusion_os_1.0\backend\src\TerraFusion.Consciousness\Services\MultiCountyDataService.cs(888,53): warning CS1591: Missing XML comment for publicly visible type or member 'MeshHealthMetrics.ComponentHealth' [C:\Users\bsval\terrafusion_os_1.0\backend\src\TerraFusion.Consciousness\TerraFusion.Consciousness.csproj]
C:\Users\bsval\terrafusion_os_1.0\backend\src\TerraFusion.Consciousness\Services\MultiCountyDataService.cs(889,33): warning CS1591: Missing XML comment for publicly visible type or member 'MeshHealthMetrics.PerformanceScore' [C:\Users\bsval\terrafusion_os_1.0\backend\src\TerraFusion.Consciousness\TerraFusion.Consciousness.csproj]
C:\Users\bsval\terrafusion_os_1.0\backend\src\TerraFusion.Consciousness\Services\MultiCountyDataService.cs(890,52): warning CS1591: Missing XML comment for publicly visible type or member 'MeshHealthMetrics.HealthTrends' [C:\Users\bsval\terrafusion_os_1.0\backend\src\TerraFusion.Consciousness\TerraFusion.Consciousness.csproj]
C:\Users\bsval\terrafusion_os_1.0\backend\src\TerraFusion.Consciousness\Services\MultiCountyDataService.cs(891,38): warning CS1591: Missing XML comment for publicly visible type or member 'MeshHealthMetrics.Alerts' [C:\Users\bsval\terrafusion_os_1.0\backend\src\TerraFusion.Consciousness\TerraFusion.Consciousness.csproj]
C:\Users\bsval\terrafusion_os_1.0\backend\src\TerraFusion.Consciousness\Services\MultiCountyDataService.cs(894,18): warning CS1591: Missing XML comment for publicly visible type or member 'CountyComplianceResult' [C:\Users\bsval\terrafusion_os_1.0\backend\src\TerraFusion.Consciousness\TerraFusion.Consciousness.csproj]
C:\Users\bsval\terrafusion_os_1.0\backend\src\TerraFusion.Consciousness\Services\MultiCountyDataService.cs(896,30): warning CS1591: Missing XML comment for publicly visible type or member 'CountyComplianceResult.IsCompliant' [C:\Users\bsval\terrafusion_os_1.0\backend\src\TerraFusion.Consciousness\TerraFusion.Consciousness.csproj]
C:\Users\bsval\terrafusion_os_1.0\backend\src\TerraFusion.Consciousness\Services\MultiCountyDataService.cs(897,33): warning CS1591: Missing XML comment for publicly visible type or member 'CountyComplianceResult.Score' [C:\Users\bsval\terrafusion_os_1.0\backend\src\TerraFusion.Consciousness\TerraFusion.Consciousness.csproj]
C:\Users\bsval\terrafusion_os_1.0\backend\src\TerraFusion.Consciousness\Services\MultiCountyDataService.cs(898,38): warning CS1591: Missing XML comment for publicly visible type or member 'CountyComplianceResult.Issues' [C:\Users\bsval\terrafusion_os_1.0\backend\src\TerraFusion.Consciousness\TerraFusion.Consciousness.csproj]
C:\Users\bsval\terrafusion_os_1.0\backend\src\TerraFusion.Consciousness\Services\PredictiveImpactService.cs(44,12): warning CS1591: Missing XML comment for publicly visible type or member 'PredictiveImpactService.PredictiveImpactService(ILogger<PredictiveImpactService>)' [C:\Users\bsval\terrafusion_os_1.0\backend\src\TerraFusion.Consciousness\TerraFusion.Consciousness.csproj]
C:\Users\bsval\terrafusion_os_1.0\backend\src\TerraFusion.Consciousness\Services\PredictiveImpactService.cs(487,38): warning CS1591: Missing XML comment for publicly visible type or member 'ParameterHistory.Adjustments' [C:\Users\bsval\terrafusion_os_1.0\backend\src\TerraFusion.Consciousness\TerraFusion.Consciousness.csproj]
C:\Users\bsval\terrafusion_os_1.0\backend\src\TerraFusion.Consciousness\Services\PredictiveImpactService.cs(488,16): warning CS1591: Missing XML comment for publicly visible type or member 'ParameterHistory.UntrainedSampleCount' [C:\Users\bsval\terrafusion_os_1.0\backend\src\TerraFusion.Consciousness\TerraFusion.Consciousness.csproj]
C:\Users\bsval\terrafusion_os_1.0\backend\src\TerraFusion.Consciousness\Services\PredictiveImpactService.cs(490,17): warning CS1591: Missing XML comment for publicly visible type or member 'ParameterHistory.AddPrediction(double, double, PredictedImpact)' [C:\Users\bsval\terrafusion_os_1.0\backend\src\TerraFusion.Consciousness\TerraFusion.Consciousness.csproj]
C:\Users\bsval\terrafusion_os_1.0\backend\src\TerraFusion.Consciousness\Services\PredictiveImpactService.cs(505,17): warning CS1591: Missing XML comment for publicly visible type or member 'ParameterHistory.AddActualOutcome(double, double, ActualImpactMetrics)' [C:\Users\bsval\terrafusion_os_1.0\backend\src\TerraFusion.Consciousness\TerraFusion.Consciousness.csproj]
C:\Users\bsval\terrafusion_os_1.0\backend\src\TerraFusion.Consciousness\Services\PredictiveImpactService.cs(518,17): warning CS1591: Missing XML comment for publicly visible type or member 'ParameterHistory.ResetUntrainedCount()' [C:\Users\bsval\terrafusion_os_1.0\backend\src\TerraFusion.Consciousness\TerraFusion.Consciousness.csproj]
C:\Users\bsval\terrafusion_os_1.0\backend\src\TerraFusion.Consciousness\Services\PredictiveImpactService.cs(521,14): warning CS1591: Missing XML comment for publicly visible type or member 'ParameterAdjustment' [C:\Users\bsval\terrafusion_os_1.0\backend\src\TerraFusion.Consciousness\TerraFusion.Consciousness.csproj]
C:\Users\bsval\terrafusion_os_1.0\backend\src\TerraFusion.Consciousness\Services\PredictiveImpactService.cs(523,21): warning CS1591: Missing XML comment for publicly visible type or member 'ParameterAdjustment.Timestamp' [C:\Users\bsval\terrafusion_os_1.0\backend\src\TerraFusion.Consciousness\TerraFusion.Consciousness.csproj]
C:\Users\bsval\terrafusion_os_1.0\backend\src\TerraFusion.Consciousness\Services\PredictiveImpactService.cs(524,19): warning CS1591: Missing XML comment for publicly visible type or member 'ParameterAdjustment.OldValue' [C:\Users\bsval\terrafusion_os_1.0\backend\src\TerraFusion.Consciousness\TerraFusion.Consciousness.csproj]
C:\Users\bsval\terrafusion_os_1.0\backend\src\TerraFusion.Consciousness\Services\PredictiveImpactService.cs(525,19): warning CS1591: Missing XML comment for publicly visible type or member 'ParameterAdjustment.NewValue' [C:\Users\bsval\terrafusion_os_1.0\backend\src\TerraFusion.Consciousness\TerraFusion.Consciousness.csproj]
C:\Users\bsval\terrafusion_os_1.0\backend\src\TerraFusion.Consciousness\Services\PredictiveImpactService.cs(526,29): warning CS1591: Missing XML comment for publicly visible type or member 'ParameterAdjustment.PredictedImpact' [C:\Users\bsval\terrafusion_os_1.0\backend\src\TerraFusion.Consciousness\TerraFusion.Consciousness.csproj]
C:\Users\bsval\terrafusion_os_1.0\backend\src\TerraFusion.Consciousness\Services\PredictiveImpactService.cs(527,33): warning CS1591: Missing XML comment for publicly visible type or member 'ParameterAdjustment.ActualMetrics' [C:\Users\bsval\terrafusion_os_1.0\backend\src\TerraFusion.Consciousness\TerraFusion.Consciousness.csproj]
C:\Users\bsval\terrafusion_os_1.0\backend\src\TerraFusion.Consciousness\Services\PredictiveImpactService.cs(530,14): warning CS1591: Missing XML comment for publicly visible type or member 'HistoricalPattern' [C:\Users\bsval\terrafusion_os_1.0\backend\src\TerraFusion.Consciousness\TerraFusion.Consciousness.csproj]
C:\Users\bsval\terrafusion_os_1.0\backend\src\TerraFusion.Consciousness\Services\PredictiveImpactService.cs(532,19): warning CS1591: Missing XML comment for publicly visible type or member 'HistoricalPattern.AverageDelta' [C:\Users\bsval\terrafusion_os_1.0\backend\src\TerraFusion.Consciousness\TerraFusion.Consciousness.csproj]
C:\Users\bsval\terrafusion_os_1.0\backend\src\TerraFusion.Consciousness\Services\PredictiveImpactService.cs(533,19): warning CS1591: Missing XML comment for publicly visible type or member 'HistoricalPattern.VarianceDelta' [C:\Users\bsval\terrafusion_os_1.0\backend\src\TerraFusion.Consciousness\TerraFusion.Consciousness.csproj]
C:\Users\bsval\terrafusion_os_1.0\backend\src\TerraFusion.Consciousness\Services\PredictiveImpactService.cs(534,16): warning CS1591: Missing XML comment for publicly visible type or member 'HistoricalPattern.TrendDirection' [C:\Users\bsval\terrafusion_os_1.0\backend\src\TerraFusion.Consciousness\TerraFusion.Consciousness.csproj]
C:\Users\bsval\terrafusion_os_1.0\backend\src\TerraFusion.Consciousness\Services\PredictiveImpactService.cs(535,19): warning CS1591: Missing XML comment for publicly visible type or member 'HistoricalPattern.RecentVolatility' [C:\Users\bsval\terrafusion_os_1.0\backend\src\TerraFusion.Consciousness\TerraFusion.Consciousness.csproj]
C:\Users\bsval\terrafusion_os_1.0\backend\src\TerraFusion.Consciousness\Services\PredictiveImpactService.cs(536,19): warning CS1591: Missing XML comment for publicly visible type or member 'HistoricalPattern.SeasonalFactor' [C:\Users\bsval\terrafusion_os_1.0\backend\src\TerraFusion.Consciousness\TerraFusion.Consciousness.csproj]
C:\Users\bsval\terrafusion_os_1.0\backend\src\TerraFusion.Consciousness\Services\PredictiveImpactService.cs(537,19): warning CS1591: Missing XML comment for publicly visible type or member 'HistoricalPattern.PredictionAccuracy' [C:\Users\bsval\terrafusion_os_1.0\backend\src\TerraFusion.Consciousness\TerraFusion.Consciousness.csproj]
C:\Users\bsval\terrafusion_os_1.0\backend\src\TerraFusion.Consciousness\Services\PredictiveImpactService.cs(538,16): warning CS1591: Missing XML comment for publicly visible type or member 'HistoricalPattern.SampleCount' [C:\Users\bsval\terrafusion_os_1.0\backend\src\TerraFusion.Consciousness\TerraFusion.Consciousness.csproj]
C:\Users\bsval\terrafusion_os_1.0\backend\src\TerraFusion.Consciousness\Services\PredictiveImpactService.cs(541,14): warning CS1591: Missing XML comment for publicly visible type or member 'PredictionResult' [C:\Users\bsval\terrafusion_os_1.0\backend\src\TerraFusion.Consciousness\TerraFusion.Consciousness.csproj]
C:\Users\bsval\terrafusion_os_1.0\backend\src\TerraFusion.Consciousness\Services\PredictiveImpactService.cs(543,19): warning CS1591: Missing XML comment for publicly visible type or member 'PredictionResult.AccuracyChange' [C:\Users\bsval\terrafusion_os_1.0\backend\src\TerraFusion.Consciousness\TerraFusion.Consciousness.csproj]
C:\Users\bsval\terrafusion_os_1.0\backend\src\TerraFusion.Consciousness\Services\PredictiveImpactService.cs(544,19): warning CS1591: Missing XML comment for publicly visible type or member 'PredictionResult.PerformanceImpact' [C:\Users\bsval\terrafusion_os_1.0\backend\src\TerraFusion.Consciousness\TerraFusion.Consciousness.csproj]
C:\Users\bsval\terrafusion_os_1.0\backend\src\TerraFusion.Consciousness\Services\PredictiveImpactService.cs(545,19): warning CS1591: Missing XML comment for publicly visible type or member 'PredictionResult.CoordinationEfficiency' [C:\Users\bsval\terrafusion_os_1.0\backend\src\TerraFusion.Consciousness\TerraFusion.Consciousness.csproj]
C:\Users\bsval\terrafusion_os_1.0\backend\src\TerraFusion.Consciousness\Services\PredictiveImpactService.cs(546,19): warning CS1591: Missing XML comment for publicly visible type or member 'PredictionResult.ThroughputGain' [C:\Users\bsval\terrafusion_os_1.0\backend\src\TerraFusion.Consciousness\TerraFusion.Consciousness.csproj]
C:\Users\bsval\terrafusion_os_1.0\backend\src\TerraFusion.Consciousness\Services\PredictiveImpactService.cs(553,18): warning CS1591: Missing XML comment for publicly visible type or member 'IPredictiveImpactService' [C:\Users\bsval\terrafusion_os_1.0\backend\src\TerraFusion.Consciousness\TerraFusion.Consciousness.csproj]
C:\Users\bsval\terrafusion_os_1.0\backend\src\TerraFusion.Consciousness\Services\PredictiveImpactService.cs(555,27): warning CS1591: Missing XML comment for publicly visible type or member 'IPredictiveImpactService.PredictParameterImpactAsync(string, double, double, Dictionary<string, double>)' [C:\Users\bsval\terrafusion_os_1.0\backend\src\TerraFusion.Consciousness\TerraFusion.Consciousness.csproj]
C:\Users\bsval\terrafusion_os_1.0\backend\src\TerraFusion.Consciousness\Services\PredictiveImpactService.cs(561,10): warning CS1591: Missing XML comment for publicly visible type or member 'IPredictiveImpactService.RecordActualImpactAsync(string, double, double, ActualImpactMetrics)' [C:\Users\bsval\terrafusion_os_1.0\backend\src\TerraFusion.Consciousness\TerraFusion.Consciousness.csproj]
C:\Users\bsval\terrafusion_os_1.0\backend\src\TerraFusion.Consciousness\Services\PredictiveImpactService.cs(568,14): warning CS1591: Missing XML comment for publicly visible type or member 'PredictedImpact' [C:\Users\bsval\terrafusion_os_1.0\backend\src\TerraFusion.Consciousness\TerraFusion.Consciousness.csproj]
C:\Users\bsval\terrafusion_os_1.0\backend\src\TerraFusion.Consciousness\Services\PredictiveImpactService.cs(570,19): warning CS1591: Missing XML comment for publicly visible type or member 'PredictedImpact.AccuracyChange' [C:\Users\bsval\terrafusion_os_1.0\backend\src\TerraFusion.Consciousness\TerraFusion.Consciousness.csproj]
C:\Users\bsval\terrafusion_os_1.0\backend\src\TerraFusion.Consciousness\Services\PredictiveImpactService.cs(571,19): warning CS1591: Missing XML comment for publicly visible type or member 'PredictedImpact.PerformanceImpact' [C:\Users\bsval\terrafusion_os_1.0\backend\src\TerraFusion.Consciousness\TerraFusion.Consciousness.csproj]
C:\Users\bsval\terrafusion_os_1.0\backend\src\TerraFusion.Consciousness\Services\PredictiveImpactService.cs(572,19): warning CS1591: Missing XML comment for publicly visible type or member 'PredictedImpact.CoordinationEfficiency' [C:\Users\bsval\terrafusion_os_1.0\backend\src\TerraFusion.Consciousness\TerraFusion.Consciousness.csproj]
C:\Users\bsval\terrafusion_os_1.0\backend\src\TerraFusion.Consciousness\Services\PredictiveImpactService.cs(573,19): warning CS1591: Missing XML comment for publicly visible type or member 'PredictedImpact.ThroughputGain' [C:\Users\bsval\terrafusion_os_1.0\backend\src\TerraFusion.Consciousness\TerraFusion.Consciousness.csproj]
C:\Users\bsval\terrafusion_os_1.0\backend\src\TerraFusion.Consciousness\Services\PredictiveImpactService.cs(574,19): warning CS1591: Missing XML comment for publicly visible type or member 'PredictedImpact.ConfidenceScore' [C:\Users\bsval\terrafusion_os_1.0\backend\src\TerraFusion.Consciousness\TerraFusion.Consciousness.csproj]
C:\Users\bsval\terrafusion_os_1.0\backend\src\TerraFusion.Consciousness\Services\PredictiveImpactService.cs(575,19): warning CS1591: Missing XML comment for publicly visible type or member 'PredictedImpact.PredictionMethod' [C:\Users\bsval\terrafusion_os_1.0\backend\src\TerraFusion.Consciousness\TerraFusion.Consciousness.csproj]
C:\Users\bsval\terrafusion_os_1.0\backend\src\TerraFusion.Consciousness\Services\PredictiveImpactService.cs(576,40): warning CS1591: Missing XML comment for publicly visible type or member 'PredictedImpact.FeatureImportance' [C:\Users\bsval\terrafusion_os_1.0\backend\src\TerraFusion.Consciousness\TerraFusion.Consciousness.csproj]
C:\Users\bsval\terrafusion_os_1.0\backend\src\TerraFusion.Consciousness\Services\PredictiveImpactService.cs(579,14): warning CS1591: Missing XML comment for publicly visible type or member 'ActualImpactMetrics' [C:\Users\bsval\terrafusion_os_1.0\backend\src\TerraFusion.Consciousness\TerraFusion.Consciousness.csproj]
C:\Users\bsval\terrafusion_os_1.0\backend\src\TerraFusion.Consciousness\Services\PredictiveImpactService.cs(581,19): warning CS1591: Missing XML comment for publicly visible type or member 'ActualImpactMetrics.AccuracyChange' [C:\Users\bsval\terrafusion_os_1.0\backend\src\TerraFusion.Consciousness\TerraFusion.Consciousness.csproj]
C:\Users\bsval\terrafusion_os_1.0\backend\src\TerraFusion.Consciousness\Services\PredictiveImpactService.cs(582,19): warning CS1591: Missing XML comment for publicly visible type or member 'ActualImpactMetrics.PerformanceImpact' [C:\Users\bsval\terrafusion_os_1.0\backend\src\TerraFusion.Consciousness\TerraFusion.Consciousness.csproj]
C:\Users\bsval\terrafusion_os_1.0\backend\src\TerraFusion.Consciousness\Services\PredictiveImpactService.cs(583,19): warning CS1591: Missing XML comment for publicly visible type or member 'ActualImpactMetrics.CoordinationEfficiency' [C:\Users\bsval\terrafusion_os_1.0\backend\src\TerraFusion.Consciousness\TerraFusion.Consciousness.csproj]
C:\Users\bsval\terrafusion_os_1.0\backend\src\TerraFusion.Consciousness\Services\PredictiveImpactService.cs(584,19): warning CS1591: Missing XML comment for publicly visible type or member 'ActualImpactMetrics.ThroughputGain' [C:\Users\bsval\terrafusion_os_1.0\backend\src\TerraFusion.Consciousness\TerraFusion.Consciousness.csproj]
C:\Users\bsval\terrafusion_os_1.0\backend\src\TerraFusion.Consciousness\Services\PredictiveImpactService.cs(585,21): warning CS1591: Missing XML comment for publicly visible type or member 'ActualImpactMetrics.MeasurementTime' [C:\Users\bsval\terrafusion_os_1.0\backend\src\TerraFusion.Consciousness\TerraFusion.Consciousness.csproj]
C:\Users\bsval\terrafusion_os_1.0\backend\src\TerraFusion.Consciousness\Services\QuantumConsciousnessOrchestrator.cs(44,26): warning CS1572: XML comment has a param tag for 'hybridConsciousnessManager', but there is no parameter by that name [C:\Users\bsval\terrafusion_os_1.0\backend\src\TerraFusion.Consciousness\TerraFusion.Consciousness.csproj]
C:\Users\bsval\terrafusion_os_1.0\backend\src\TerraFusion.Consciousness\Services\QuantumConsciousnessServices.cs(16,14): warning CS1591: Missing XML comment for publicly visible type or member 'ElitePerformanceMonitor' [C:\Users\bsval\terrafusion_os_1.0\backend\src\TerraFusion.Consciousness\TerraFusion.Consciousness.csproj]
C:\Users\bsval\terrafusion_os_1.0\backend\src\TerraFusion.Consciousness\Services\QuantumConsciousnessServices.cs(20,12): warning CS1591: Missing XML comment for publicly visible type or member 'ElitePerformanceMonitor.ElitePerformanceMonitor(ILogger<ElitePerformanceMonitor>)' [C:\Users\bsval\terrafusion_os_1.0\backend\src\TerraFusion.Consciousness\TerraFusion.Consciousness.csproj]
C:\Users\bsval\terrafusion_os_1.0\backend\src\TerraFusion.Consciousness\Services\QuantumConsciousnessServices.cs(25,48): warning CS1591: Missing XML comment for publicly visible type or member 'ElitePerformanceMonitor.GetEliteMetricsAsync()' [C:\Users\bsval\terrafusion_os_1.0\backend\src\TerraFusion.Consciousness\TerraFusion.Consciousness.csproj]
C:\Users\bsval\terrafusion_os_1.0\backend\src\TerraFusion.Consciousness\Services\QuantumConsciousnessServices.cs(46,53): warning CS1591: Missing XML comment for publicly visible type or member 'ElitePerformanceMonitor.ApplyQuantumPerformanceBoostAsync(SwarmIntelligenceCoordination, QuantumLoadDistribution, decimal)' [C:\Users\bsval\terrafusion_os_1.0\backend\src\TerraFusion.Consciousness\TerraFusion.Consciousness.csproj]
C:\Users\bsval\terrafusion_os_1.0\backend\src\TerraFusion.Consciousness\Services\QuantumConsciousnessServices.cs(61,45): warning CS1591: Missing XML comment for publicly visible type or member 'ElitePerformanceMonitor.OptimizeInfiniteResourcesAsync(ElitePerformanceOptimization, decimal)' [C:\Users\bsval\terrafusion_os_1.0\backend\src\TerraFusion.Consciousness\TerraFusion.Consciousness.csproj]
C:\Users\bsval\terrafusion_os_1.0\backend\src\TerraFusion.Consciousness\Services\QuantumConsciousnessServices.cs(71,44): warning CS1591: Missing XML comment for publicly visible type or member 'ElitePerformanceMonitor.GeneratePredictivePerformanceAnalyticsAsync(ResourceOptimization, decimal)' [C:\Users\bsval\terrafusion_os_1.0\backend\src\TerraFusion.Consciousness\TerraFusion.Consciousness.csproj]
C:\Users\bsval\terrafusion_os_1.0\backend\src\TerraFusion.Consciousness\Services\QuantumConsciousnessServices.cs(93,14): warning CS1591: Missing XML comment for publicly visible type or member 'StatisticalAnalysisEngine' [C:\Users\bsval\terrafusion_os_1.0\backend\src\TerraFusion.Consciousness\TerraFusion.Consciousness.csproj]
C:\Users\bsval\terrafusion_os_1.0\backend\src\TerraFusion.Consciousness\Services\QuantumConsciousnessServices.cs(97,12): warning CS1591: Missing XML comment for publicly visible type or member 'StatisticalAnalysisEngine.StatisticalAnalysisEngine(ILogger<StatisticalAnalysisEngine>)' [C:\Users\bsval\terrafusion_os_1.0\backend\src\TerraFusion.Consciousness\TerraFusion.Consciousness.csproj]
C:\Users\bsval\terrafusion_os_1.0\backend\src\TerraFusion.Consciousness\Services\QuantumConsciousnessServices.cs(102,45): warning CS1591: Missing XML comment for publicly visible type or member 'StatisticalAnalysisEngine.InitializeAdvancedWorkbenchAsync(string, decimal, bool)' [C:\Users\bsval\terrafusion_os_1.0\backend\src\TerraFusion.Consciousness\TerraFusion.Consciousness.csproj]
C:\Users\bsval\terrafusion_os_1.0\backend\src\TerraFusion.Consciousness\Services\QuantumConsciousnessServices.cs(114,51): warning CS1591: Missing XML comment for publicly visible type or member 'StatisticalAnalysisEngine.PerformQuantumStatisticalAnalysisAsync(ResearchDataset, StatisticalAnalysisParameters)' [C:\Users\bsval\terrafusion_os_1.0\backend\src\TerraFusion.Consciousness\TerraFusion.Consciousness.csproj]
C:\Users\bsval\terrafusion_os_1.0\backend\src\TerraFusion.Consciousness\Services\QuantumConsciousnessServices.cs(126,42): warning CS1591: Missing XML comment for publicly visible type or member 'StatisticalAnalysisEngine.GeneratePhDLevelVisualizationsAsync(QuantumStatisticalAnalysis, ConsciousnessMetrics, string)' [C:\Users\bsval\terrafusion_os_1.0\backend\src\TerraFusion.Consciousness\TerraFusion.Consciousness.csproj]
C:\Users\bsval\terrafusion_os_1.0\backend\src\TerraFusion.Consciousness\Services\QuantumConsciousnessServices.cs(136,47): warning CS1591: Missing XML comment for publicly visible type or member 'StatisticalAnalysisEngine.ValidateQuantumIAAOStatisticsAsync(QuantumStatisticalAnalysis)' [C:\Users\bsval\terrafusion_os_1.0\backend\src\TerraFusion.Consciousness\TerraFusion.Consciousness.csproj]
C:\Users\bsval\terrafusion_os_1.0\backend\src\TerraFusion.Consciousness\Services\QuantumConsciousnessServices.cs(146,51): warning CS1591: Missing XML comment for publicly visible type or member 'StatisticalAnalysisEngine.GeneratePublicationQualityAnalysisAsync(ComprehensiveResearchData, StatisticalRequirements)' [C:\Users\bsval\terrafusion_os_1.0\backend\src\TerraFusion.Consciousness\TerraFusion.Consciousness.csproj]
C:\Users\bsval\terrafusion_os_1.0\backend\src\TerraFusion.Consciousness\Services\QuantumConsciousnessServices.cs(156,55): warning CS1591: Missing XML comment for publicly visible type or member 'StatisticalAnalysisEngine.GeneratePublicationVisualizationsAsync(PublicationQualityAnalysis, VisualizationRequirements)' [C:\Users\bsval\terrafusion_os_1.0\backend\src\TerraFusion.Consciousness\TerraFusion.Consciousness.csproj]
C:\Users\bsval\terrafusion_os_1.0\backend\src\TerraFusion.Consciousness\Services\QuantumConsciousnessServices.cs(170,14): warning CS1591: Missing XML comment for publicly visible type or member 'CrossWorkspaceSync' [C:\Users\bsval\terrafusion_os_1.0\backend\src\TerraFusion.Consciousness\TerraFusion.Consciousness.csproj]
C:\Users\bsval\terrafusion_os_1.0\backend\src\TerraFusion.Consciousness\Services\QuantumConsciousnessServices.cs(174,12): warning CS1591: Missing XML comment for publicly visible type or member 'CrossWorkspaceSync.CrossWorkspaceSync(ILogger<CrossWorkspaceSync>)' [C:\Users\bsval\terrafusion_os_1.0\backend\src\TerraFusion.Consciousness\TerraFusion.Consciousness.csproj]
C:\Users\bsval\terrafusion_os_1.0\backend\src\TerraFusion.Consciousness\Services\QuantumConsciousnessServices.cs(179,58): warning CS1591: Missing XML comment for publicly visible type or member 'CrossWorkspaceSync.EstablishQuantumResearchBridgeAsync(ResearcherCredentials, string)' [C:\Users\bsval\terrafusion_os_1.0\backend\src\TerraFusion.Consciousness\TerraFusion.Consciousness.csproj]
C:\Users\bsval\terrafusion_os_1.0\backend\src\TerraFusion.Consciousness\Services\QuantumConsciousnessServices.cs(190,47): warning CS1591: Missing XML comment for publicly visible type or member 'CrossWorkspaceSync.AnalyzeCrossWorkspaceDataPatternsAsync(ResearchDataset)' [C:\Users\bsval\terrafusion_os_1.0\backend\src\TerraFusion.Consciousness\TerraFusion.Consciousness.csproj]
C:\Users\bsval\terrafusion_os_1.0\backend\src\TerraFusion.Consciousness\Services\QuantumConsciousnessServices.cs(200,51): warning CS1591: Missing XML comment for publicly visible type or member 'CrossWorkspaceSync.EstablishQuantumConsciousnessBridgeAsync(List<WorkspaceEnvironment>, SyncParameters)' [C:\Users\bsval\terrafusion_os_1.0\backend\src\TerraFusion.Consciousness\TerraFusion.Consciousness.csproj]
C:\Users\bsval\terrafusion_os_1.0\backend\src\TerraFusion.Consciousness\Services\QuantumConsciousnessServices.cs(211,36): warning CS1591: Missing XML comment for publicly visible type or member 'CrossWorkspaceSync.SynchronizeResearchDataAsync(QuantumConsciousnessBridge, string, bool)' [C:\Users\bsval\terrafusion_os_1.0\backend\src\TerraFusion.Consciousness\TerraFusion.Consciousness.csproj]
C:\Users\bsval\terrafusion_os_1.0\backend\src\TerraFusion.Consciousness\Services\QuantumConsciousnessServices.cs(222,51): warning CS1591: Missing XML comment for publicly visible type or member 'CrossWorkspaceSync.CreateUnifiedResearchEnvironmentAsync(QuantumConsciousnessBridge, SyncResults, UnificationParameters)' [C:\Users\bsval\terrafusion_os_1.0\backend\src\TerraFusion.Consciousness\TerraFusion.Consciousness.csproj]
C:\Users\bsval\terrafusion_os_1.0\backend\src\TerraFusion.Consciousness\Services\QuantumConsciousnessServices.cs(233,52): warning CS1591: Missing XML comment for publicly visible type or member 'CrossWorkspaceSync.GenerateCrossWorkspaceInsightsAsync(UnifiedResearchEnvironment, string)' [C:\Users\bsval\terrafusion_os_1.0\backend\src\TerraFusion.Consciousness\TerraFusion.Consciousness.csproj]
C:\Users\bsval\terrafusion_os_1.0\backend\src\TerraFusion.Consciousness\Services\QuantumConsciousnessServices.cs(247,46): warning CS1591: Missing XML comment for publicly visible type or member 'CrossWorkspaceSync.PreparePeerReviewMaterialsAsync(ComprehensiveResearchData, PublicationQualityAnalysis, PeerReviewRequirements)' [C:\Users\bsval\terrafusion_os_1.0\backend\src\TerraFusion.Consciousness\TerraFusion.Consciousness.csproj]
C:\Users\bsval\terrafusion_os_1.0\backend\src\TerraFusion.Consciousness\Services\QuantumSecurityService.cs(39,16): warning CS1591: Missing XML comment for publicly visible type or member 'QuantumSecurityService.QuantumSecurityService(ILogger<QuantumSecurityService>, IConfiguration)' [C:\Users\bsval\terrafusion_os_1.0\backend\src\TerraFusion.Consciousness\TerraFusion.Consciousness.csproj]
C:\Users\bsval\terrafusion_os_1.0\backend\src\TerraFusion.Consciousness\Services\QuantumSecurityService.cs(47,67): warning CS1591: Missing XML comment for publicly visible type or member 'QuantumSecurityService.InitializeAsync()' [C:\Users\bsval\terrafusion_os_1.0\backend\src\TerraFusion.Consciousness\TerraFusion.Consciousness.csproj]
C:\Users\bsval\terrafusion_os_1.0\backend\src\TerraFusion.Consciousness\Services\QuantumSecurityService.cs(108,63): warning CS1591: Missing XML comment for publicly visible type or member 'QuantumSecurityService.DeploySecurityToAllAgentsAsync()' [C:\Users\bsval\terrafusion_os_1.0\backend\src\TerraFusion.Consciousness\TerraFusion.Consciousness.csproj]
C:\Users\bsval\terrafusion_os_1.0\backend\src\TerraFusion.Consciousness\Services\QuantumSecurityService.cs(183,61): warning CS1591: Missing XML comment for publicly visible type or member 'QuantumSecurityService.MonitorQuantumThreatsAsync()' [C:\Users\bsval\terrafusion_os_1.0\backend\src\TerraFusion.Consciousness\TerraFusion.Consciousness.csproj]
C:\Users\bsval\terrafusion_os_1.0\backend\src\TerraFusion.Consciousness\Services\QuantumSecurityService.cs(231,56): warning CS1591: Missing XML comment for publicly visible type or member 'QuantumSecurityService.ValidateSecurityComplianceAsync()' [C:\Users\bsval\terrafusion_os_1.0\backend\src\TerraFusion.Consciousness\TerraFusion.Consciousness.csproj]
C:\Users\bsval\terrafusion_os_1.0\backend\src\TerraFusion.Consciousness\Services\QuantumSecurityService.cs(284,56): warning CS1591: Missing XML comment for publicly visible type or member 'QuantumSecurityService.RespondToSecurityIncidentAsync(SecurityIncidentDto)' [C:\Users\bsval\terrafusion_os_1.0\backend\src\TerraFusion.Consciousness\TerraFusion.Consciousness.csproj]
C:\Users\bsval\terrafusion_os_1.0\backend\src\TerraFusion.Consciousness\Services\TerraFusionTranscendenceEngine.cs(36,16): warning CS1591: Missing XML comment for publicly visible type or member 'TerraFusionTranscendenceEngine.TerraFusionTranscendenceEngine(ILogger<TerraFusionTranscendenceEngine>, IConfiguration, IQuantumConsciousnessOrchestrator, IMillionAgentService, IQuantumSecurityService)' [C:\Users\bsval\terrafusion_os_1.0\backend\src\TerraFusion.Consciousness\TerraFusion.Consciousness.csproj]
  TerraFusion.Consciousness -> C:\Users\bsval\terrafusion_os_1.0\backend\src\TerraFusion.Consciousness\bin\Release\net8.0\TerraFusion.Consciousness.dll
  TerraFusion.AI -> C:\Users\bsval\terrafusion_os_1.0\backend\src\TerraFusion.AI\bin\Release\net8.0\TerraFusion.AI.dll

Build succeeded.

C:\Users\bsval\terrafusion_os_1.0\backend\src\TerraFusion.Core\Configuration\DatabaseConfiguration.cs(265,9): warning CS8767: Nullability of reference types in type of parameter 'value' of 'void TrackedConnection.ConnectionString.set' doesn't match implicitly implemented member 'void IDbConnection.ConnectionString.set' (possibly because of nullability attributes). [C:\Users\bsval\terrafusion_os_1.0\backend\src\TerraFusion.Core\TerraFusion.Core.csproj]
C:\Users\bsval\terrafusion_os_1.0\backend\src\TerraFusion.Core\Services\ComplianceValidationAutomationService.cs(23,22): warning CS0618: 'IHarrisPACSIntegrationService' is obsolete: 'Use TerraFusion.Core.PACS.IPacsAdapter instead. This service will be removed in a future release.' [C:\Users\bsval\terrafusion_os_1.0\backend\src\TerraFusion.Core\TerraFusion.Core.csproj]
C:\Users\bsval\terrafusion_os_1.0\backend\src\TerraFusion.Core\Services\ComplianceValidationAutomationService.cs(29,9): warning CS0618: 'IHarrisPACSIntegrationService' is obsolete: 'Use TerraFusion.Core.PACS.IPacsAdapter instead. This service will be removed in a future release.' [C:\Users\bsval\terrafusion_os_1.0\backend\src\TerraFusion.Core\TerraFusion.Core.csproj]
C:\Users\bsval\terrafusion_os_1.0\backend\src\TerraFusion.Core\Services\PropertyDataValidationService.cs(34,26): warning CS0618: 'IHarrisPACSIntegrationService' is obsolete: 'Use TerraFusion.Core.PACS.IPacsAdapter instead. This service will be removed in a future release.' [C:\Users\bsval\terrafusion_os_1.0\backend\src\TerraFusion.Core\TerraFusion.Core.csproj]
C:\Users\bsval\terrafusion_os_1.0\backend\src\TerraFusion.Core\Services\PropertyDataValidationService.cs(44,13): warning CS0618: 'IHarrisPACSIntegrationService' is obsolete: 'Use TerraFusion.Core.PACS.IPacsAdapter instead. This service will be removed in a future release.' [C:\Users\bsval\terrafusion_os_1.0\backend\src\TerraFusion.Core\TerraFusion.Core.csproj]
C:\Users\bsval\terrafusion_os_1.0\backend\src\TerraFusion.Core\Services\PropertyValuationAIEnhancementService.cs(36,26): warning CS0618: 'IHarrisPACSIntegrationService' is obsolete: 'Use TerraFusion.Core.PACS.IPacsAdapter instead. This service will be removed in a future release.' [C:\Users\bsval\terrafusion_os_1.0\backend\src\TerraFusion.Core\TerraFusion.Core.csproj]
C:\Users\bsval\terrafusion_os_1.0\backend\src\TerraFusion.Core\Services\PropertyValuationAIEnhancementService.cs(48,13): warning CS0618: 'IHarrisPACSIntegrationService' is obsolete: 'Use TerraFusion.Core.PACS.IPacsAdapter instead. This service will be removed in a future release.' [C:\Users\bsval\terrafusion_os_1.0\backend\src\TerraFusion.Core\TerraFusion.Core.csproj]
C:\Users\bsval\terrafusion_os_1.0\backend\src\TerraFusion.Core\Configuration\DatabaseConfiguration.cs(96,9): warning CS0618: 'NpgsqlConnectionStringBuilder.TrustServerCertificate' is obsolete: 'The TrustServerCertificate parameter is no longer needed and does nothing.' [C:\Users\bsval\terrafusion_os_1.0\backend\src\TerraFusion.Core\TerraFusion.Core.csproj]
C:\Users\bsval\terrafusion_os_1.0\backend\src\TerraFusion.Core\Services\HarrisPACSSyncBackgroundService.cs(258,83): warning CS0618: 'IHarrisPACSIntegrationService' is obsolete: 'Use TerraFusion.Core.PACS.IPacsAdapter instead. This service will be removed in a future release.' [C:\Users\bsval\terrafusion_os_1.0\backend\src\TerraFusion.Core\TerraFusion.Core.csproj]
C:\Users\bsval\terrafusion_os_1.0\backend\src\TerraFusion.Core\Services\Monitoring\MetricsCollectionService.cs(28,29): warning CS0169: The field 'MetricsCollectionService._collectionTimer' is never used [C:\Users\bsval\terrafusion_os_1.0\backend\src\TerraFusion.Core\TerraFusion.Core.csproj]
C:\Users\bsval\terrafusion_os_1.0\backend\src\TerraFusion.Core\Services\Monitoring\ObservabilityService.cs(28,29): warning CS0169: The field 'ObservabilityService._healthMonitorTimer' is never used [C:\Users\bsval\terrafusion_os_1.0\backend\src\TerraFusion.Core\TerraFusion.Core.csproj]
C:\Users\bsval\terrafusion_os_1.0\backend\src\TerraFusion.Core\Services\PredictiveMaintenanceService.cs(22,22): warning CS0414: The field 'PredictiveMaintenanceService._predictiveMaintenanceEnabled' is assigned but its value is never used [C:\Users\bsval\terrafusion_os_1.0\backend\src\TerraFusion.Core\TerraFusion.Core.csproj]
C:\Users\bsval\terrafusion_os_1.0\backend\src\TerraFusion.Core\Services\QuantumComputingService.cs(27,22): warning CS0414: The field 'QuantumComputingService._quantumCryptographyEnabled' is assigned but its value is never used [C:\Users\bsval\terrafusion_os_1.0\backend\src\TerraFusion.Core\TerraFusion.Core.csproj]
C:\Users\bsval\terrafusion_os_1.0\backend\src\TerraFusion.Core\Services\PredictiveMaintenanceService.cs(23,22): warning CS0414: The field 'PredictiveMaintenanceService._selfOptimizationEnabled' is assigned but its value is never used [C:\Users\bsval\terrafusion_os_1.0\backend\src\TerraFusion.Core\TerraFusion.Core.csproj]
C:\Users\bsval\terrafusion_os_1.0\backend\src\TerraFusion.Core\Services\Monitoring\MetricsCollectionService.cs(45,30): warning CA1416: This call site is reachable on all platforms. 'PerformanceCounter' is only supported on: 'windows'. (https://learn.microsoft.com/dotnet/fundamentals/code-analysis/quality-rules/ca1416) [C:\Users\bsval\terrafusion_os_1.0\backend\src\TerraFusion.Core\TerraFusion.Core.csproj]
C:\Users\bsval\terrafusion_os_1.0\backend\src\TerraFusion.Core\Services\Monitoring\MetricsCollectionService.cs(44,27): warning CA1416: This call site is reachable on all platforms. 'PerformanceCounter' is only supported on: 'windows'. (https://learn.microsoft.com/dotnet/fundamentals/code-analysis/quality-rules/ca1416) [C:\Users\bsval\terrafusion_os_1.0\backend\src\TerraFusion.Core\TerraFusion.Core.csproj]
C:\Users\bsval\terrafusion_os_1.0\backend\src\TerraFusion.Core\Services\Monitoring\MetricsCollectionService.cs(317,41): warning CA1416: This call site is reachable on all platforms. 'PerformanceCounter.NextValue()' is only supported on: 'windows'. (https://learn.microsoft.com/dotnet/fundamentals/code-analysis/quality-rules/ca1416) [C:\Users\bsval\terrafusion_os_1.0\backend\src\TerraFusion.Core\TerraFusion.Core.csproj]
C:\Users\bsval\terrafusion_os_1.0\backend\src\TerraFusion.Core\Services\Monitoring\MetricsCollectionService.cs(296,17): warning CA1416: This call site is reachable on all platforms. 'PerformanceCounter.NextValue()' is only supported on: 'windows'. (https://learn.microsoft.com/dotnet/fundamentals/code-analysis/quality-rules/ca1416) [C:\Users\bsval\terrafusion_os_1.0\backend\src\TerraFusion.Core\TerraFusion.Core.csproj]
C:\Users\bsval\terrafusion_os_1.0\backend\src\TerraFusion.Core\Services\Monitoring\MetricsCollectionService.cs(298,24): warning CA1416: This call site is reachable on all platforms. 'PerformanceCounter.NextValue()' is only supported on: 'windows'. (https://learn.microsoft.com/dotnet/fundamentals/code-analysis/quality-rules/ca1416) [C:\Users\bsval\terrafusion_os_1.0\backend\src\TerraFusion.Core\TerraFusion.Core.csproj]
C:\Users\bsval\terrafusion_os_1.0\backend\src\TerraFusion.Consciousness\Services\PredictiveImpactService.cs(34,1): warning CS1570: XML comment has badly formed XML -- 'Expected an end tag for element 'summary'.' [C:\Users\bsval\terrafusion_os_1.0\backend\src\TerraFusion.Consciousness\TerraFusion.Consciousness.csproj]
C:\Users\bsval\terrafusion_os_1.0\backend\src\TerraFusion.Consciousness\HealthChecks\ConsciousnessHealthChecks.cs(126,13): warning CS0162: Unreachable code detected [C:\Users\bsval\terrafusion_os_1.0\backend\src\TerraFusion.Consciousness\TerraFusion.Consciousness.csproj]
C:\Users\bsval\terrafusion_os_1.0\backend\src\TerraFusion.Consciousness\CoPilot\CoPilotController.cs(153,42): warning CS8604: Possible null reference argument for parameter 'content' in 'List<CodeBlock> CoPilotService.ParseCodeBlocks(string content)'. [C:\Users\bsval\terrafusion_os_1.0\backend\src\TerraFusion.Consciousness\TerraFusion.Consciousness.csproj]
C:\Users\bsval\terrafusion_os_1.0\backend\src\TerraFusion.Consciousness\CoPilot\CoPilotController.cs(236,41): warning CS8604: Possible null reference argument for parameter 'content' in 'void ChatHistory.AddAssistantMessage(string content)'. [C:\Users\bsval\terrafusion_os_1.0\backend\src\TerraFusion.Consciousness\TerraFusion.Consciousness.csproj]
C:\Users\bsval\terrafusion_os_1.0\backend\src\TerraFusion.Consciousness\CoPilot\CoPilotController.cs(375,16): warning CS8603: Possible null reference return. [C:\Users\bsval\terrafusion_os_1.0\backend\src\TerraFusion.Consciousness\TerraFusion.Consciousness.csproj]
C:\Users\bsval\terrafusion_os_1.0\backend\src\TerraFusion.Consciousness\CoPilot\CoPilotController.cs(392,16): warning CS8603: Possible null reference return. [C:\Users\bsval\terrafusion_os_1.0\backend\src\TerraFusion.Consciousness\TerraFusion.Consciousness.csproj]
C:\Users\bsval\terrafusion_os_1.0\backend\src\TerraFusion.Consciousness\CoPilot\CoPilotController.cs(407,16): warning CS8603: Possible null reference return. [C:\Users\bsval\terrafusion_os_1.0\backend\src\TerraFusion.Consciousness\TerraFusion.Consciousness.csproj]
C:\Users\bsval\terrafusion_os_1.0\backend\src\TerraFusion.Consciousness\CoPilot\CoPilotController.cs(422,16): warning CS8603: Possible null reference return. [C:\Users\bsval\terrafusion_os_1.0\backend\src\TerraFusion.Consciousness\TerraFusion.Consciousness.csproj]
C:\Users\bsval\terrafusion_os_1.0\backend\src\TerraFusion.Consciousness\Services\QuantumConsciousnessOrchestrator.cs(47,16): warning CS8618: Non-nullable field '_hybridConsciousnessManager' must contain a non-null value when exiting constructor. Consider adding the 'required' modifier or declaring the field as nullable. [C:\Users\bsval\terrafusion_os_1.0\backend\src\TerraFusion.Consciousness\TerraFusion.Consciousness.csproj]
C:\Users\bsval\terrafusion_os_1.0\backend\src\TerraFusion.Consciousness\Services\TerraFusionTranscendenceEngine.cs(580,21): warning CS0162: Unreachable code detected [C:\Users\bsval\terrafusion_os_1.0\backend\src\TerraFusion.Consciousness\TerraFusion.Consciousness.csproj]
C:\Users\bsval\terrafusion_os_1.0\backend\src\TerraFusion.Consciousness\Services\TerraFusionTranscendenceEngine.cs(587,21): warning CS0162: Unreachable code detected [C:\Users\bsval\terrafusion_os_1.0\backend\src\TerraFusion.Consciousness\TerraFusion.Consciousness.csproj]
C:\Users\bsval\terrafusion_os_1.0\backend\src\TerraFusion.Consciousness\Services\TerraFusionTranscendenceEngine.cs(594,21): warning CS0162: Unreachable code detected [C:\Users\bsval\terrafusion_os_1.0\backend\src\TerraFusion.Consciousness\TerraFusion.Consciousness.csproj]
C:\Users\bsval\terrafusion_os_1.0\backend\src\TerraFusion.Consciousness\Services\QuantumConsciousnessOrchestrator.cs(24,54): warning CS0649: Field 'QuantumConsciousnessOrchestrator._hybridConsciousnessManager' is never assigned to, and will always have its default value null [C:\Users\bsval\terrafusion_os_1.0\backend\src\TerraFusion.Consciousness\TerraFusion.Consciousness.csproj]
C:\Users\bsval\terrafusion_os_1.0\backend\src\TerraFusion.Consciousness\Controllers\AILayerMeshController.cs(26,16): warning CS1591: Missing XML comment for publicly visible type or member 'AILayerMeshController.AILayerMeshController(ILogger<AILayerMeshController>, IAILayerMeshOrchestrator, IMultiCountyDataService)' [C:\Users\bsval\terrafusion_os_1.0\backend\src\TerraFusion.Consciousness\TerraFusion.Consciousness.csproj]
C:\Users\bsval\terrafusion_os_1.0\backend\src\TerraFusion.Consciousness\Controllers\ConsciousnessControllers.cs(23,16): warning CS1591: Missing XML comment for publicly visible type or member 'QuantumConsciousnessController.QuantumConsciousnessController(IQuantumConsciousnessOrchestrator, ILogger<QuantumConsciousnessController>)' [C:\Users\bsval\terrafusion_os_1.0\backend\src\TerraFusion.Consciousness\TerraFusion.Consciousness.csproj]
C:\Users\bsval\terrafusion_os_1.0\backend\src\TerraFusion.Consciousness\Controllers\ConsciousnessControllers.cs(238,16): warning CS1591: Missing XML comment for publicly visible type or member 'BentonCountyDataController.BentonCountyDataController(IBentonCountyDataService, ILogger<BentonCountyDataController>)' [C:\Users\bsval\terrafusion_os_1.0\backend\src\TerraFusion.Consciousness\TerraFusion.Consciousness.csproj]
C:\Users\bsval\terrafusion_os_1.0\backend\src\TerraFusion.Consciousness\Controllers\ConsciousnessControllers.cs(381,16): warning CS1591: Missing XML comment for publicly visible type or member 'QuantumSecurityController.QuantumSecurityController(IQuantumSecurityService, ILogger<QuantumSecurityController>)' [C:\Users\bsval\terrafusion_os_1.0\backend\src\TerraFusion.Consciousness\TerraFusion.Consciousness.csproj]
C:\Users\bsval\terrafusion_os_1.0\backend\src\TerraFusion.Consciousness\CoPilot\CoPilotController.cs(39,12): warning CS1591: Missing XML comment for publicly visible type or member 'CoPilotController.CoPilotController(ICoPilotService, ICodeAnalysisService, IAutonomousAgentService, IHubContext<CoPilotHub>)' [C:\Users\bsval\terrafusion_os_1.0\backend\src\TerraFusion.Consciousness\TerraFusion.Consciousness.csproj]
C:\Users\bsval\terrafusion_os_1.0\backend\src\TerraFusion.Consciousness\CoPilot\CoPilotController.cs(111,27): warning CS1591: Missing XML comment for publicly visible type or member 'ICoPilotService.GenerateCodeAsync(string, GenerationContext)' [C:\Users\bsval\terrafusion_os_1.0\backend\src\TerraFusion.Consciousness\TerraFusion.Consciousness.csproj]
C:\Users\bsval\terrafusion_os_1.0\backend\src\TerraFusion.Consciousness\CoPilot\CoPilotController.cs(112,32): warning CS1591: Missing XML comment for publicly visible type or member 'ICoPilotService.GetSuggestionsAsync(string, CursorPosition)' [C:\Users\bsval\terrafusion_os_1.0\backend\src\TerraFusion.Consciousness\TerraFusion.Consciousness.csproj]
C:\Users\bsval\terrafusion_os_1.0\backend\src\TerraFusion.Consciousness\CoPilot\CoPilotController.cs(113,18): warning CS1591: Missing XML comment for publicly visible type or member 'ICoPilotService.ChatAsync(string, string)' [C:\Users\bsval\terrafusion_os_1.0\backend\src\TerraFusion.Consciousness\TerraFusion.Consciousness.csproj]
C:\Users\bsval\terrafusion_os_1.0\backend\src\TerraFusion.Consciousness\CoPilot\CoPilotController.cs(116,14): warning CS1591: Missing XML comment for publicly visible type or member 'CoPilotService' [C:\Users\bsval\terrafusion_os_1.0\backend\src\TerraFusion.Consciousness\TerraFusion.Consciousness.csproj]
C:\Users\bsval\terrafusion_os_1.0\backend\src\TerraFusion.Consciousness\CoPilot\CoPilotController.cs(122,12): warning CS1591: Missing XML comment for publicly visible type or member 'CoPilotService.CoPilotService(Kernel, IChatCompletionService, ICodeAnalysisService)' [C:\Users\bsval\terrafusion_os_1.0\backend\src\TerraFusion.Consciousness\TerraFusion.Consciousness.csproj]
C:\Users\bsval\terrafusion_os_1.0\backend\src\TerraFusion.Consciousness\CoPilot\CoPilotController.cs(132,40): warning CS1591: Missing XML comment for publicly visible type or member 'CoPilotService.GenerateCodeAsync(string, GenerationContext)' [C:\Users\bsval\terrafusion_os_1.0\backend\src\TerraFusion.Consciousness\TerraFusion.Consciousness.csproj]
C:\Users\bsval\terrafusion_os_1.0\backend\src\TerraFusion.Consciousness\CoPilot\CoPilotController.cs(170,45): warning CS1591: Missing XML comment for publicly visible type or member 'CoPilotService.GetSuggestionsAsync(string, CursorPosition)' [C:\Users\bsval\terrafusion_os_1.0\backend\src\TerraFusion.Consciousness\TerraFusion.Consciousness.csproj]
C:\Users\bsval\terrafusion_os_1.0\backend\src\TerraFusion.Consciousness\CoPilot\CoPilotController.cs(226,31): warning CS1591: Missing XML comment for publicly visible type or member 'CoPilotService.ChatAsync(string, string)' [C:\Users\bsval\terrafusion_os_1.0\backend\src\TerraFusion.Consciousness\TerraFusion.Consciousness.csproj]
C:\Users\bsval\terrafusion_os_1.0\backend\src\TerraFusion.Consciousness\CoPilot\CoPilotController.cs(465,24): warning CS1591: Missing XML comment for publicly visible type or member 'ICodeAnalysisService.AnalyzeCodeAsync(string, string, string?)' [C:\Users\bsval\terrafusion_os_1.0\backend\src\TerraFusion.Consciousness\TerraFusion.Consciousness.csproj]
C:\Users\bsval\terrafusion_os_1.0\backend\src\TerraFusion.Consciousness\CoPilot\CoPilotController.cs(468,14): warning CS1591: Missing XML comment for publicly visible type or member 'CodeAnalysisService' [C:\Users\bsval\terrafusion_os_1.0\backend\src\TerraFusion.Consciousness\TerraFusion.Consciousness.csproj]
C:\Users\bsval\terrafusion_os_1.0\backend\src\TerraFusion.Consciousness\CoPilot\CoPilotController.cs(470,37): warning CS1591: Missing XML comment for publicly visible type or member 'CodeAnalysisService.AnalyzeCodeAsync(string, string, string?)' [C:\Users\bsval\terrafusion_os_1.0\backend\src\TerraFusion.Consciousness\TerraFusion.Consciousness.csproj]
C:\Users\bsval\terrafusion_os_1.0\backend\src\TerraFusion.Consciousness\CoPilot\CoPilotController.cs(680,12): warning CS1591: Missing XML comment for publicly visible type or member 'CoPilotHub.CoPilotHub(ICoPilotService)' [C:\Users\bsval\terrafusion_os_1.0\backend\src\TerraFusion.Consciousness\TerraFusion.Consciousness.csproj]
C:\Users\bsval\terrafusion_os_1.0\backend\src\TerraFusion.Consciousness\CoPilot\CoPilotController.cs(685,23): warning CS1591: Missing XML comment for publicly visible type or member 'CoPilotHub.SendMessage(string)' [C:\Users\bsval\terrafusion_os_1.0\backend\src\TerraFusion.Consciousness\TerraFusion.Consciousness.csproj]
C:\Users\bsval\terrafusion_os_1.0\backend\src\TerraFusion.Consciousness\CoPilot\CoPilotController.cs(698,32): warning CS1591: Missing XML comment for publicly visible type or member 'CoPilotHub.OnConnectedAsync()' [C:\Users\bsval\terrafusion_os_1.0\backend\src\TerraFusion.Consciousness\TerraFusion.Consciousness.csproj]
C:\Users\bsval\terrafusion_os_1.0\backend\src\TerraFusion.Consciousness\CoPilot\CoPilotController.cs(712,14): warning CS1591: Missing XML comment for publicly visible type or member 'AnalyzeRequest' [C:\Users\bsval\terrafusion_os_1.0\backend\src\TerraFusion.Consciousness\TerraFusion.Consciousness.csproj]
C:\Users\bsval\terrafusion_os_1.0\backend\src\TerraFusion.Consciousness\CoPilot\CoPilotController.cs(714,19): warning CS1591: Missing XML comment for publicly visible type or member 'AnalyzeRequest.Code' [C:\Users\bsval\terrafusion_os_1.0\backend\src\TerraFusion.Consciousness\TerraFusion.Consciousness.csproj]
C:\Users\bsval\terrafusion_os_1.0\backend\src\TerraFusion.Consciousness\CoPilot\CoPilotController.cs(715,19): warning CS1591: Missing XML comment for publicly visible type or member 'AnalyzeRequest.FilePath' [C:\Users\bsval\terrafusion_os_1.0\backend\src\TerraFusion.Consciousness\TerraFusion.Consciousness.csproj]
C:\Users\bsval\terrafusion_os_1.0\backend\src\TerraFusion.Consciousness\CoPilot\CoPilotController.cs(716,20): warning CS1591: Missing XML comment for publicly visible type or member 'AnalyzeRequest.CountyContext' [C:\Users\bsval\terrafusion_os_1.0\backend\src\TerraFusion.Consciousness\TerraFusion.Consciousness.csproj]
C:\Users\bsval\terrafusion_os_1.0\backend\src\TerraFusion.Consciousness\CoPilot\CoPilotController.cs(719,14): warning CS1591: Missing XML comment for publicly visible type or member 'GenerateRequest' [C:\Users\bsval\terrafusion_os_1.0\backend\src\TerraFusion.Consciousness\TerraFusion.Consciousness.csproj]
C:\Users\bsval\terrafusion_os_1.0\backend\src\TerraFusion.Consciousness\CoPilot\CoPilotController.cs(721,19): warning CS1591: Missing XML comment for publicly visible type or member 'GenerateRequest.Prompt' [C:\Users\bsval\terrafusion_os_1.0\backend\src\TerraFusion.Consciousness\TerraFusion.Consciousness.csproj]
C:\Users\bsval\terrafusion_os_1.0\backend\src\TerraFusion.Consciousness\CoPilot\CoPilotController.cs(722,30): warning CS1591: Missing XML comment for publicly visible type or member 'GenerateRequest.Context' [C:\Users\bsval\terrafusion_os_1.0\backend\src\TerraFusion.Consciousness\TerraFusion.Consciousness.csproj]
C:\Users\bsval\terrafusion_os_1.0\backend\src\TerraFusion.Consciousness\CoPilot\CoPilotController.cs(725,14): warning CS1591: Missing XML comment for publicly visible type or member 'SuggestionRequest' [C:\Users\bsval\terrafusion_os_1.0\backend\src\TerraFusion.Consciousness\TerraFusion.Consciousness.csproj]
C:\Users\bsval\terrafusion_os_1.0\backend\src\TerraFusion.Consciousness\CoPilot\CoPilotController.cs(727,19): warning CS1591: Missing XML comment for publicly visible type or member 'SuggestionRequest.Code' [C:\Users\bsval\terrafusion_os_1.0\backend\src\TerraFusion.Consciousness\TerraFusion.Consciousness.csproj]
C:\Users\bsval\terrafusion_os_1.0\backend\src\TerraFusion.Consciousness\CoPilot\CoPilotController.cs(728,27): warning CS1591: Missing XML comment for publicly visible type or member 'SuggestionRequest.Cursor' [C:\Users\bsval\terrafusion_os_1.0\backend\src\TerraFusion.Consciousness\TerraFusion.Consciousness.csproj]
C:\Users\bsval\terrafusion_os_1.0\backend\src\TerraFusion.Consciousness\CoPilot\CoPilotController.cs(731,14): warning CS1591: Missing XML comment for publicly visible type or member 'AgentTaskRequest' [C:\Users\bsval\terrafusion_os_1.0\backend\src\TerraFusion.Consciousness\TerraFusion.Consciousness.csproj]
C:\Users\bsval\terrafusion_os_1.0\backend\src\TerraFusion.Consciousness\CoPilot\CoPilotController.cs(733,22): warning CS1591: Missing XML comment for publicly visible type or member 'AgentTaskRequest.Task' [C:\Users\bsval\terrafusion_os_1.0\backend\src\TerraFusion.Consciousness\TerraFusion.Consciousness.csproj]
C:\Users\bsval\terrafusion_os_1.0\backend\src\TerraFusion.Consciousness\CoPilot\CoPilotController.cs(736,14): warning CS1591: Missing XML comment for publicly visible type or member 'GenerationContext' [C:\Users\bsval\terrafusion_os_1.0\backend\src\TerraFusion.Consciousness\TerraFusion.Consciousness.csproj]
C:\Users\bsval\terrafusion_os_1.0\backend\src\TerraFusion.Consciousness\CoPilot\CoPilotController.cs(738,19): warning CS1591: Missing XML comment for publicly visible type or member 'GenerationContext.CurrentFile' [C:\Users\bsval\terrafusion_os_1.0\backend\src\TerraFusion.Consciousness\TerraFusion.Consciousness.csproj]
C:\Users\bsval\terrafusion_os_1.0\backend\src\TerraFusion.Consciousness\CoPilot\CoPilotController.cs(739,20): warning CS1591: Missing XML comment for publicly visible type or member 'GenerationContext.CountyId' [C:\Users\bsval\terrafusion_os_1.0\backend\src\TerraFusion.Consciousness\TerraFusion.Consciousness.csproj]
C:\Users\bsval\terrafusion_os_1.0\backend\src\TerraFusion.Consciousness\CoPilot\CoPilotController.cs(740,20): warning CS1591: Missing XML comment for publicly visible type or member 'GenerationContext.NearbyCode' [C:\Users\bsval\terrafusion_os_1.0\backend\src\TerraFusion.Consciousness\TerraFusion.Consciousness.csproj]
C:\Users\bsval\terrafusion_os_1.0\backend\src\TerraFusion.Consciousness\CoPilot\CoPilotController.cs(741,26): warning CS1591: Missing XML comment for publicly visible type or member 'GenerationContext.Imports' [C:\Users\bsval\terrafusion_os_1.0\backend\src\TerraFusion.Consciousness\TerraFusion.Consciousness.csproj]
C:\Users\bsval\terrafusion_os_1.0\backend\src\TerraFusion.Consciousness\CoPilot\CoPilotController.cs(742,19): warning CS1591: Missing XML comment for publicly visible type or member 'GenerationContext.Framework' [C:\Users\bsval\terrafusion_os_1.0\backend\src\TerraFusion.Consciousness\TerraFusion.Consciousness.csproj]
C:\Users\bsval\terrafusion_os_1.0\backend\src\TerraFusion.Consciousness\CoPilot\CoPilotController.cs(745,14): warning CS1591: Missing XML comment for publicly visible type or member 'CursorPosition' [C:\Users\bsval\terrafusion_os_1.0\backend\src\TerraFusion.Consciousness\TerraFusion.Consciousness.csproj]
C:\Users\bsval\terrafusion_os_1.0\backend\src\TerraFusion.Consciousness\CoPilot\CoPilotController.cs(747,16): warning CS1591: Missing XML comment for publicly visible type or member 'CursorPosition.Line' [C:\Users\bsval\terrafusion_os_1.0\backend\src\TerraFusion.Consciousness\TerraFusion.Consciousness.csproj]
C:\Users\bsval\terrafusion_os_1.0\backend\src\TerraFusion.Consciousness\CoPilot\CoPilotController.cs(748,16): warning CS1591: Missing XML comment for publicly visible type or member 'CursorPosition.Column' [C:\Users\bsval\terrafusion_os_1.0\backend\src\TerraFusion.Consciousness\TerraFusion.Consciousness.csproj]
C:\Users\bsval\terrafusion_os_1.0\backend\src\TerraFusion.Consciousness\CoPilot\CoPilotController.cs(751,14): warning CS1591: Missing XML comment for publicly visible type or member 'CodeBlock' [C:\Users\bsval\terrafusion_os_1.0\backend\src\TerraFusion.Consciousness\TerraFusion.Consciousness.csproj]
C:\Users\bsval\terrafusion_os_1.0\backend\src\TerraFusion.Consciousness\CoPilot\CoPilotController.cs(753,19): warning CS1591: Missing XML comment for publicly visible type or member 'CodeBlock.Language' [C:\Users\bsval\terrafusion_os_1.0\backend\src\TerraFusion.Consciousness\TerraFusion.Consciousness.csproj]
C:\Users\bsval\terrafusion_os_1.0\backend\src\TerraFusion.Consciousness\CoPilot\CoPilotController.cs(754,19): warning CS1591: Missing XML comment for publicly visible type or member 'CodeBlock.Code' [C:\Users\bsval\terrafusion_os_1.0\backend\src\TerraFusion.Consciousness\TerraFusion.Consciousness.csproj]
C:\Users\bsval\terrafusion_os_1.0\backend\src\TerraFusion.Consciousness\CoPilot\CoPilotController.cs(755,20): warning CS1591: Missing XML comment for publicly visible type or member 'CodeBlock.FilePath' [C:\Users\bsval\terrafusion_os_1.0\backend\src\TerraFusion.Consciousness\TerraFusion.Consciousness.csproj]
C:\Users\bsval\terrafusion_os_1.0\backend\src\TerraFusion.Consciousness\CoPilot\CoPilotController.cs(756,17): warning CS1591: Missing XML comment for publicly visible type or member 'CodeBlock.StartLine' [C:\Users\bsval\terrafusion_os_1.0\backend\src\TerraFusion.Consciousness\TerraFusion.Consciousness.csproj]
C:\Users\bsval\terrafusion_os_1.0\backend\src\TerraFusion.Consciousness\CoPilot\CoPilotController.cs(757,17): warning CS1591: Missing XML comment for publicly visible type or member 'CodeBlock.EndLine' [C:\Users\bsval\terrafusion_os_1.0\backend\src\TerraFusion.Consciousness\TerraFusion.Consciousness.csproj]
C:\Users\bsval\terrafusion_os_1.0\backend\src\TerraFusion.Consciousness\CoPilot\CoPilotController.cs(760,14): warning CS1591: Missing XML comment for publicly visible type or member 'CodeAnalysis' [C:\Users\bsval\terrafusion_os_1.0\backend\src\TerraFusion.Consciousness\TerraFusion.Consciousness.csproj]
C:\Users\bsval\terrafusion_os_1.0\backend\src\TerraFusion.Consciousness\CoPilot\CoPilotController.cs(762,28): warning CS1591: Missing XML comment for publicly visible type or member 'CodeAnalysis.CountyIsolation' [C:\Users\bsval\terrafusion_os_1.0\backend\src\TerraFusion.Consciousness\TerraFusion.Consciousness.csproj]
C:\Users\bsval\terrafusion_os_1.0\backend\src\TerraFusion.Consciousness\CoPilot\CoPilotController.cs(763,28): warning CS1591: Missing XML comment for publicly visible type or member 'CodeAnalysis.Security' [C:\Users\bsval\terrafusion_os_1.0\backend\src\TerraFusion.Consciousness\TerraFusion.Consciousness.csproj]
C:\Users\bsval\terrafusion_os_1.0\backend\src\TerraFusion.Consciousness\CoPilot\CoPilotController.cs(764,31): warning CS1591: Missing XML comment for publicly visible type or member 'CodeAnalysis.Performance' [C:\Users\bsval\terrafusion_os_1.0\backend\src\TerraFusion.Consciousness\TerraFusion.Consciousness.csproj]
C:\Users\bsval\terrafusion_os_1.0\backend\src\TerraFusion.Consciousness\CoPilot\CoPilotController.cs(765,27): warning CS1591: Missing XML comment for publicly visible type or member 'CodeAnalysis.CodeQuality' [C:\Users\bsval\terrafusion_os_1.0\backend\src\TerraFusion.Consciousness\TerraFusion.Consciousness.csproj]
C:\Users\bsval\terrafusion_os_1.0\backend\src\TerraFusion.Consciousness\CoPilot\CoPilotController.cs(766,23): warning CS1591: Missing XML comment for publicly visible type or member 'CodeAnalysis.FismaCompliance' [C:\Users\bsval\terrafusion_os_1.0\backend\src\TerraFusion.Consciousness\TerraFusion.Consciousness.csproj]
C:\Users\bsval\terrafusion_os_1.0\backend\src\TerraFusion.Consciousness\CoPilot\CoPilotController.cs(769,14): warning CS1591: Missing XML comment for publicly visible type or member 'ComplianceCheck' [C:\Users\bsval\terrafusion_os_1.0\backend\src\TerraFusion.Consciousness\TerraFusion.Consciousness.csproj]
C:\Users\bsval\terrafusion_os_1.0\backend\src\TerraFusion.Consciousness\CoPilot\CoPilotController.cs(771,29): warning CS1591: Missing XML comment for publicly visible type or member 'ComplianceCheck.Status' [C:\Users\bsval\terrafusion_os_1.0\backend\src\TerraFusion.Consciousness\TerraFusion.Consciousness.csproj]
C:\Users\bsval\terrafusion_os_1.0\backend\src\TerraFusion.Consciousness\CoPilot\CoPilotController.cs(772,28): warning CS1591: Missing XML comment for publicly visible type or member 'ComplianceCheck.Violations' [C:\Users\bsval\terrafusion_os_1.0\backend\src\TerraFusion.Consciousness\TerraFusion.Consciousness.csproj]
C:\Users\bsval\terrafusion_os_1.0\backend\src\TerraFusion.Consciousness\CoPilot\CoPilotController.cs(773,16): warning CS1591: Missing XML comment for publicly visible type or member 'ComplianceCheck.Score' [C:\Users\bsval\terrafusion_os_1.0\backend\src\TerraFusion.Consciousness\TerraFusion.Consciousness.csproj]
C:\Users\bsval\terrafusion_os_1.0\backend\src\TerraFusion.Consciousness\CoPilot\CoPilotController.cs(776,13): warning CS1591: Missing XML comment for publicly visible type or member 'ComplianceStatus' [C:\Users\bsval\terrafusion_os_1.0\backend\src\TerraFusion.Consciousness\TerraFusion.Consciousness.csproj]
C:\Users\bsval\terrafusion_os_1.0\backend\src\TerraFusion.Consciousness\CoPilot\CoPilotController.cs(778,5): warning CS1591: Missing XML comment for publicly visible type or member 'ComplianceStatus.Pass' [C:\Users\bsval\terrafusion_os_1.0\backend\src\TerraFusion.Consciousness\TerraFusion.Consciousness.csproj]
C:\Users\bsval\terrafusion_os_1.0\backend\src\TerraFusion.Consciousness\CoPilot\CoPilotController.cs(779,5): warning CS1591: Missing XML comment for publicly visible type or member 'ComplianceStatus.Warning' [C:\Users\bsval\terrafusion_os_1.0\backend\src\TerraFusion.Consciousness\TerraFusion.Consciousness.csproj]
C:\Users\bsval\terrafusion_os_1.0\backend\src\TerraFusion.Consciousness\CoPilot\CoPilotController.cs(780,5): warning CS1591: Missing XML comment for publicly visible type or member 'ComplianceStatus.Fail' [C:\Users\bsval\terrafusion_os_1.0\backend\src\TerraFusion.Consciousness\TerraFusion.Consciousness.csproj]
C:\Users\bsval\terrafusion_os_1.0\backend\src\TerraFusion.Consciousness\CoPilot\CoPilotController.cs(783,14): warning CS1591: Missing XML comment for publicly visible type or member 'Violation' [C:\Users\bsval\terrafusion_os_1.0\backend\src\TerraFusion.Consciousness\TerraFusion.Consciousness.csproj]
C:\Users\bsval\terrafusion_os_1.0\backend\src\TerraFusion.Consciousness\CoPilot\CoPilotController.cs(785,30): warning CS1591: Missing XML comment for publicly visible type or member 'Violation.Severity' [C:\Users\bsval\terrafusion_os_1.0\backend\src\TerraFusion.Consciousness\TerraFusion.Consciousness.csproj]
C:\Users\bsval\terrafusion_os_1.0\backend\src\TerraFusion.Consciousness\CoPilot\CoPilotController.cs(786,19): warning CS1591: Missing XML comment for publicly visible type or member 'Violation.Message' [C:\Users\bsval\terrafusion_os_1.0\backend\src\TerraFusion.Consciousness\TerraFusion.Consciousness.csproj]
C:\Users\bsval\terrafusion_os_1.0\backend\src\TerraFusion.Consciousness\CoPilot\CoPilotController.cs(787,19): warning CS1591: Missing XML comment for publicly visible type or member 'Violation.FilePath' [C:\Users\bsval\terrafusion_os_1.0\backend\src\TerraFusion.Consciousness\TerraFusion.Consciousness.csproj]
C:\Users\bsval\terrafusion_os_1.0\backend\src\TerraFusion.Consciousness\CoPilot\CoPilotController.cs(788,16): warning CS1591: Missing XML comment for publicly visible type or member 'Violation.LineNumber' [C:\Users\bsval\terrafusion_os_1.0\backend\src\TerraFusion.Consciousness\TerraFusion.Consciousness.csproj]
C:\Users\bsval\terrafusion_os_1.0\backend\src\TerraFusion.Consciousness\CoPilot\CoPilotController.cs(789,19): warning CS1591: Missing XML comment for publicly visible type or member 'Violation.Suggestion' [C:\Users\bsval\terrafusion_os_1.0\backend\src\TerraFusion.Consciousness\TerraFusion.Consciousness.csproj]
C:\Users\bsval\terrafusion_os_1.0\backend\src\TerraFusion.Consciousness\CoPilot\CoPilotController.cs(792,13): warning CS1591: Missing XML comment for publicly visible type or member 'ViolationSeverity' [C:\Users\bsval\terrafusion_os_1.0\backend\src\TerraFusion.Consciousness\TerraFusion.Consciousness.csproj]
C:\Users\bsval\terrafusion_os_1.0\backend\src\TerraFusion.Consciousness\CoPilot\CoPilotController.cs(794,5): warning CS1591: Missing XML comment for publicly visible type or member 'ViolationSeverity.Low' [C:\Users\bsval\terrafusion_os_1.0\backend\src\TerraFusion.Consciousness\TerraFusion.Consciousness.csproj]
C:\Users\bsval\terrafusion_os_1.0\backend\src\TerraFusion.Consciousness\CoPilot\CoPilotController.cs(795,5): warning CS1591: Missing XML comment for publicly visible type or member 'ViolationSeverity.Medium' [C:\Users\bsval\terrafusion_os_1.0\backend\src\TerraFusion.Consciousness\TerraFusion.Consciousness.csproj]
C:\Users\bsval\terrafusion_os_1.0\backend\src\TerraFusion.Consciousness\CoPilot\CoPilotController.cs(796,5): warning CS1591: Missing XML comment for publicly visible type or member 'ViolationSeverity.High' [C:\Users\bsval\terrafusion_os_1.0\backend\src\TerraFusion.Consciousness\TerraFusion.Consciousness.csproj]
C:\Users\bsval\terrafusion_os_1.0\backend\src\TerraFusion.Consciousness\CoPilot\CoPilotController.cs(797,5): warning CS1591: Missing XML comment for publicly visible type or member 'ViolationSeverity.Critical' [C:\Users\bsval\terrafusion_os_1.0\backend\src\TerraFusion.Consciousness\TerraFusion.Consciousness.csproj]
C:\Users\bsval\terrafusion_os_1.0\backend\src\TerraFusion.Consciousness\CoPilot\CoPilotController.cs(800,14): warning CS1591: Missing XML comment for publicly visible type or member 'PerformanceMetrics' [C:\Users\bsval\terrafusion_os_1.0\backend\src\TerraFusion.Consciousness\TerraFusion.Consciousness.csproj]
C:\Users\bsval\terrafusion_os_1.0\backend\src\TerraFusion.Consciousness\CoPilot\CoPilotController.cs(802,16): warning CS1591: Missing XML comment for publicly visible type or member 'PerformanceMetrics.Complexity' [C:\Users\bsval\terrafusion_os_1.0\backend\src\TerraFusion.Consciousness\TerraFusion.Consciousness.csproj]
C:\Users\bsval\terrafusion_os_1.0\backend\src\TerraFusion.Consciousness\CoPilot\CoPilotController.cs(803,16): warning CS1591: Missing XML comment for publicly visible type or member 'PerformanceMetrics.EstimatedLatency' [C:\Users\bsval\terrafusion_os_1.0\backend\src\TerraFusion.Consciousness\TerraFusion.Consciousness.csproj]
C:\Users\bsval\terrafusion_os_1.0\backend\src\TerraFusion.Consciousness\CoPilot\CoPilotController.cs(804,19): warning CS1591: Missing XML comment for publicly visible type or member 'PerformanceMetrics.Cacheability' [C:\Users\bsval\terrafusion_os_1.0\backend\src\TerraFusion.Consciousness\TerraFusion.Consciousness.csproj]
C:\Users\bsval\terrafusion_os_1.0\backend\src\TerraFusion.Consciousness\CoPilot\CoPilotController.cs(805,16): warning CS1591: Missing XML comment for publicly visible type or member 'PerformanceMetrics.ScalabilityScore' [C:\Users\bsval\terrafusion_os_1.0\backend\src\TerraFusion.Consciousness\TerraFusion.Consciousness.csproj]
C:\Users\bsval\terrafusion_os_1.0\backend\src\TerraFusion.Consciousness\CoPilot\CoPilotController.cs(808,14): warning CS1591: Missing XML comment for publicly visible type or member 'QualityMetrics' [C:\Users\bsval\terrafusion_os_1.0\backend\src\TerraFusion.Consciousness\TerraFusion.Consciousness.csproj]
C:\Users\bsval\terrafusion_os_1.0\backend\src\TerraFusion.Consciousness\CoPilot\CoPilotController.cs(810,16): warning CS1591: Missing XML comment for publicly visible type or member 'QualityMetrics.Maintainability' [C:\Users\bsval\terrafusion_os_1.0\backend\src\TerraFusion.Consciousness\TerraFusion.Consciousness.csproj]
C:\Users\bsval\terrafusion_os_1.0\backend\src\TerraFusion.Consciousness\CoPilot\CoPilotController.cs(811,16): warning CS1591: Missing XML comment for publicly visible type or member 'QualityMetrics.TestCoverage' [C:\Users\bsval\terrafusion_os_1.0\backend\src\TerraFusion.Consciousness\TerraFusion.Consciousness.csproj]
C:\Users\bsval\terrafusion_os_1.0\backend\src\TerraFusion.Consciousness\CoPilot\CoPilotController.cs(812,16): warning CS1591: Missing XML comment for publicly visible type or member 'QualityMetrics.Documentation' [C:\Users\bsval\terrafusion_os_1.0\backend\src\TerraFusion.Consciousness\TerraFusion.Consciousness.csproj]
C:\Users\bsval\terrafusion_os_1.0\backend\src\TerraFusion.Consciousness\CoPilot\CoPilotController.cs(813,16): warning CS1591: Missing XML comment for publicly visible type or member 'QualityMetrics.TypeStrength' [C:\Users\bsval\terrafusion_os_1.0\backend\src\TerraFusion.Consciousness\TerraFusion.Consciousness.csproj]
C:\Users\bsval\terrafusion_os_1.0\backend\src\TerraFusion.Consciousness\CoPilot\CoPilotController.cs(816,14): warning CS1591: Missing XML comment for publicly visible type or member 'FISMACheck' [C:\Users\bsval\terrafusion_os_1.0\backend\src\TerraFusion.Consciousness\TerraFusion.Consciousness.csproj]
C:\Users\bsval\terrafusion_os_1.0\backend\src\TerraFusion.Consciousness\CoPilot\CoPilotController.cs(818,19): warning CS1591: Missing XML comment for publicly visible type or member 'FISMACheck.SecurityLevel' [C:\Users\bsval\terrafusion_os_1.0\backend\src\TerraFusion.Consciousness\TerraFusion.Consciousness.csproj]
C:\Users\bsval\terrafusion_os_1.0\backend\src\TerraFusion.Consciousness\CoPilot\CoPilotController.cs(819,17): warning CS1591: Missing XML comment for publicly visible type or member 'FISMACheck.Compliance' [C:\Users\bsval\terrafusion_os_1.0\backend\src\TerraFusion.Consciousness\TerraFusion.Consciousness.csproj]
C:\Users\bsval\terrafusion_os_1.0\backend\src\TerraFusion.Consciousness\CoPilot\CoPilotController.cs(820,25): warning CS1591: Missing XML comment for publicly visible type or member 'FISMACheck.RequiredControls' [C:\Users\bsval\terrafusion_os_1.0\backend\src\TerraFusion.Consciousness\TerraFusion.Consciousness.csproj]
C:\Users\bsval\terrafusion_os_1.0\backend\src\TerraFusion.Consciousness\CoPilot\CoPilotController.cs(821,25): warning CS1591: Missing XML comment for publicly visible type or member 'FISMACheck.ImplementedControls' [C:\Users\bsval\terrafusion_os_1.0\backend\src\TerraFusion.Consciousness\TerraFusion.Consciousness.csproj]
C:\Users\bsval\terrafusion_os_1.0\backend\src\TerraFusion.Consciousness\CoPilot\CoPilotController.cs(822,25): warning CS1591: Missing XML comment for publicly visible type or member 'FISMACheck.MissingControls' [C:\Users\bsval\terrafusion_os_1.0\backend\src\TerraFusion.Consciousness\TerraFusion.Consciousness.csproj]
C:\Users\bsval\terrafusion_os_1.0\backend\src\TerraFusion.Consciousness\CoPilot\CoPilotController.cs(825,14): warning CS1591: Missing XML comment for publicly visible type or member 'CodeSuggestion' [C:\Users\bsval\terrafusion_os_1.0\backend\src\TerraFusion.Consciousness\TerraFusion.Consciousness.csproj]
C:\Users\bsval\terrafusion_os_1.0\backend\src\TerraFusion.Consciousness\CoPilot\CoPilotController.cs(827,19): warning CS1591: Missing XML comment for publicly visible type or member 'CodeSuggestion.Id' [C:\Users\bsval\terrafusion_os_1.0\backend\src\TerraFusion.Consciousness\TerraFusion.Consciousness.csproj]
C:\Users\bsval\terrafusion_os_1.0\backend\src\TerraFusion.Consciousness\CoPilot\CoPilotController.cs(828,27): warning CS1591: Missing XML comment for publicly visible type or member 'CodeSuggestion.Type' [C:\Users\bsval\terrafusion_os_1.0\backend\src\TerraFusion.Consciousness\TerraFusion.Consciousness.csproj]
C:\Users\bsval\terrafusion_os_1.0\backend\src\TerraFusion.Consciousness\CoPilot\CoPilotController.cs(829,19): warning CS1591: Missing XML comment for publicly visible type or member 'CodeSuggestion.Title' [C:\Users\bsval\terrafusion_os_1.0\backend\src\TerraFusion.Consciousness\TerraFusion.Consciousness.csproj]
C:\Users\bsval\terrafusion_os_1.0\backend\src\TerraFusion.Consciousness\CoPilot\CoPilotController.cs(830,19): warning CS1591: Missing XML comment for publicly visible type or member 'CodeSuggestion.Description' [C:\Users\bsval\terrafusion_os_1.0\backend\src\TerraFusion.Consciousness\TerraFusion.Consciousness.csproj]
C:\Users\bsval\terrafusion_os_1.0\backend\src\TerraFusion.Consciousness\CoPilot\CoPilotController.cs(831,19): warning CS1591: Missing XML comment for publicly visible type or member 'CodeSuggestion.Before' [C:\Users\bsval\terrafusion_os_1.0\backend\src\TerraFusion.Consciousness\TerraFusion.Consciousness.csproj]
C:\Users\bsval\terrafusion_os_1.0\backend\src\TerraFusion.Consciousness\CoPilot\CoPilotController.cs(832,19): warning CS1591: Missing XML comment for publicly visible type or member 'CodeSuggestion.After' [C:\Users\bsval\terrafusion_os_1.0\backend\src\TerraFusion.Consciousness\TerraFusion.Consciousness.csproj]
C:\Users\bsval\terrafusion_os_1.0\backend\src\TerraFusion.Consciousness\CoPilot\CoPilotController.cs(833,26): warning CS1591: Missing XML comment for publicly visible type or member 'CodeSuggestion.Impact' [C:\Users\bsval\terrafusion_os_1.0\backend\src\TerraFusion.Consciousness\TerraFusion.Consciousness.csproj]
C:\Users\bsval\terrafusion_os_1.0\backend\src\TerraFusion.Consciousness\CoPilot\CoPilotController.cs(834,17): warning CS1591: Missing XML comment for publicly visible type or member 'CodeSuggestion.AutoApply' [C:\Users\bsval\terrafusion_os_1.0\backend\src\TerraFusion.Consciousness\TerraFusion.Consciousness.csproj]
C:\Users\bsval\terrafusion_os_1.0\backend\src\TerraFusion.Consciousness\CoPilot\CoPilotController.cs(837,13): warning CS1591: Missing XML comment for publicly visible type or member 'SuggestionType' [C:\Users\bsval\terrafusion_os_1.0\backend\src\TerraFusion.Consciousness\TerraFusion.Consciousness.csproj]
C:\Users\bsval\terrafusion_os_1.0\backend\src\TerraFusion.Consciousness\CoPilot\CoPilotController.cs(839,5): warning CS1591: Missing XML comment for publicly visible type or member 'SuggestionType.Refactor' [C:\Users\bsval\terrafusion_os_1.0\backend\src\TerraFusion.Consciousness\TerraFusion.Consciousness.csproj]
C:\Users\bsval\terrafusion_os_1.0\backend\src\TerraFusion.Consciousness\CoPilot\CoPilotController.cs(840,5): warning CS1591: Missing XML comment for publicly visible type or member 'SuggestionType.Optimize' [C:\Users\bsval\terrafusion_os_1.0\backend\src\TerraFusion.Consciousness\TerraFusion.Consciousness.csproj]
C:\Users\bsval\terrafusion_os_1.0\backend\src\TerraFusion.Consciousness\CoPilot\CoPilotController.cs(841,5): warning CS1591: Missing XML comment for publicly visible type or member 'SuggestionType.Security' [C:\Users\bsval\terrafusion_os_1.0\backend\src\TerraFusion.Consciousness\TerraFusion.Consciousness.csproj]
C:\Users\bsval\terrafusion_os_1.0\backend\src\TerraFusion.Consciousness\CoPilot\CoPilotController.cs(842,5): warning CS1591: Missing XML comment for publicly visible type or member 'SuggestionType.Compliance' [C:\Users\bsval\terrafusion_os_1.0\backend\src\TerraFusion.Consciousness\TerraFusion.Consciousness.csproj]
C:\Users\bsval\terrafusion_os_1.0\backend\src\TerraFusion.Consciousness\CoPilot\CoPilotController.cs(845,14): warning CS1591: Missing XML comment for publicly visible type or member 'ImpactMetrics' [C:\Users\bsval\terrafusion_os_1.0\backend\src\TerraFusion.Consciousness\TerraFusion.Consciousness.csproj]
C:\Users\bsval\terrafusion_os_1.0\backend\src\TerraFusion.Consciousness\CoPilot\CoPilotController.cs(847,16): warning CS1591: Missing XML comment for publicly visible type or member 'ImpactMetrics.Performance' [C:\Users\bsval\terrafusion_os_1.0\backend\src\TerraFusion.Consciousness\TerraFusion.Consciousness.csproj]
C:\Users\bsval\terrafusion_os_1.0\backend\src\TerraFusion.Consciousness\CoPilot\CoPilotController.cs(848,16): warning CS1591: Missing XML comment for publicly visible type or member 'ImpactMetrics.Security' [C:\Users\bsval\terrafusion_os_1.0\backend\src\TerraFusion.Consciousness\TerraFusion.Consciousness.csproj]
C:\Users\bsval\terrafusion_os_1.0\backend\src\TerraFusion.Consciousness\CoPilot\CoPilotController.cs(849,16): warning CS1591: Missing XML comment for publicly visible type or member 'ImpactMetrics.Maintainability' [C:\Users\bsval\terrafusion_os_1.0\backend\src\TerraFusion.Consciousness\TerraFusion.Consciousness.csproj]
C:\Users\bsval\terrafusion_os_1.0\backend\src\TerraFusion.Consciousness\CoPilot\CoPilotController.cs(852,14): warning CS1591: Missing XML comment for publicly visible type or member 'AgentTask' [C:\Users\bsval\terrafusion_os_1.0\backend\src\TerraFusion.Consciousness\TerraFusion.Consciousness.csproj]
C:\Users\bsval\terrafusion_os_1.0\backend\src\TerraFusion.Consciousness\CoPilot\CoPilotController.cs(854,19): warning CS1591: Missing XML comment for publicly visible type or member 'AgentTask.Id' [C:\Users\bsval\terrafusion_os_1.0\backend\src\TerraFusion.Consciousness\TerraFusion.Consciousness.csproj]
C:\Users\bsval\terrafusion_os_1.0\backend\src\TerraFusion.Consciousness\CoPilot\CoPilotController.cs(855,26): warning CS1591: Missing XML comment for publicly visible type or member 'AgentTask.Type' [C:\Users\bsval\terrafusion_os_1.0\backend\src\TerraFusion.Consciousness\TerraFusion.Consciousness.csproj]
C:\Users\bsval\terrafusion_os_1.0\backend\src\TerraFusion.Consciousness\CoPilot\CoPilotController.cs(856,28): warning CS1591: Missing XML comment for publicly visible type or member 'AgentTask.Status' [C:\Users\bsval\terrafusion_os_1.0\backend\src\TerraFusion.Consciousness\TerraFusion.Consciousness.csproj]
C:\Users\bsval\terrafusion_os_1.0\backend\src\TerraFusion.Consciousness\CoPilot\CoPilotController.cs(857,16): warning CS1591: Missing XML comment for publicly visible type or member 'AgentTask.Progress' [C:\Users\bsval\terrafusion_os_1.0\backend\src\TerraFusion.Consciousness\TerraFusion.Consciousness.csproj]
C:\Users\bsval\terrafusion_os_1.0\backend\src\TerraFusion.Consciousness\CoPilot\CoPilotController.cs(858,19): warning CS1591: Missing XML comment for publicly visible type or member 'AgentTask.Description' [C:\Users\bsval\terrafusion_os_1.0\backend\src\TerraFusion.Consciousness\TerraFusion.Consciousness.csproj]
C:\Users\bsval\terrafusion_os_1.0\backend\src\TerraFusion.Consciousness\CoPilot\CoPilotController.cs(859,29): warning CS1591: Missing XML comment for publicly visible type or member 'AgentTask.Result' [C:\Users\bsval\terrafusion_os_1.0\backend\src\TerraFusion.Consciousness\TerraFusion.Consciousness.csproj]
C:\Users\bsval\terrafusion_os_1.0\backend\src\TerraFusion.Consciousness\CoPilot\CoPilotController.cs(862,13): warning CS1591: Missing XML comment for publicly visible type or member 'AgentTaskType' [C:\Users\bsval\terrafusion_os_1.0\backend\src\TerraFusion.Consciousness\TerraFusion.Consciousness.csproj]
C:\Users\bsval\terrafusion_os_1.0\backend\src\TerraFusion.Consciousness\CoPilot\CoPilotController.cs(864,5): warning CS1591: Missing XML comment for publicly visible type or member 'AgentTaskType.Generate' [C:\Users\bsval\terrafusion_os_1.0\backend\src\TerraFusion.Consciousness\TerraFusion.Consciousness.csproj]
C:\Users\bsval\terrafusion_os_1.0\backend\src\TerraFusion.Consciousness\CoPilot\CoPilotController.cs(865,5): warning CS1591: Missing XML comment for publicly visible type or member 'AgentTaskType.Refactor' [C:\Users\bsval\terrafusion_os_1.0\backend\src\TerraFusion.Consciousness\TerraFusion.Consciousness.csproj]
C:\Users\bsval\terrafusion_os_1.0\backend\src\TerraFusion.Consciousness\CoPilot\CoPilotController.cs(866,5): warning CS1591: Missing XML comment for publicly visible type or member 'AgentTaskType.Test' [C:\Users\bsval\terrafusion_os_1.0\backend\src\TerraFusion.Consciousness\TerraFusion.Consciousness.csproj]
C:\Users\bsval\terrafusion_os_1.0\backend\src\TerraFusion.Consciousness\CoPilot\CoPilotController.cs(867,5): warning CS1591: Missing XML comment for publicly visible type or member 'AgentTaskType.Document' [C:\Users\bsval\terrafusion_os_1.0\backend\src\TerraFusion.Consciousness\TerraFusion.Consciousness.csproj]
C:\Users\bsval\terrafusion_os_1.0\backend\src\TerraFusion.Consciousness\CoPilot\CoPilotController.cs(868,5): warning CS1591: Missing XML comment for publicly visible type or member 'AgentTaskType.Optimize' [C:\Users\bsval\terrafusion_os_1.0\backend\src\TerraFusion.Consciousness\TerraFusion.Consciousness.csproj]
C:\Users\bsval\terrafusion_os_1.0\backend\src\TerraFusion.Consciousness\CoPilot\CoPilotController.cs(871,13): warning CS1591: Missing XML comment for publicly visible type or member 'AgentTaskStatus' [C:\Users\bsval\terrafusion_os_1.0\backend\src\TerraFusion.Consciousness\TerraFusion.Consciousness.csproj]
C:\Users\bsval\terrafusion_os_1.0\backend\src\TerraFusion.Consciousness\CoPilot\CoPilotController.cs(873,5): warning CS1591: Missing XML comment for publicly visible type or member 'AgentTaskStatus.Queued' [C:\Users\bsval\terrafusion_os_1.0\backend\src\TerraFusion.Consciousness\TerraFusion.Consciousness.csproj]
C:\Users\bsval\terrafusion_os_1.0\backend\src\TerraFusion.Consciousness\CoPilot\CoPilotController.cs(874,5): warning CS1591: Missing XML comment for publicly visible type or member 'AgentTaskStatus.Running' [C:\Users\bsval\terrafusion_os_1.0\backend\src\TerraFusion.Consciousness\TerraFusion.Consciousness.csproj]
C:\Users\bsval\terrafusion_os_1.0\backend\src\TerraFusion.Consciousness\CoPilot\CoPilotController.cs(875,5): warning CS1591: Missing XML comment for publicly visible type or member 'AgentTaskStatus.Completed' [C:\Users\bsval\terrafusion_os_1.0\backend\src\TerraFusion.Consciousness\TerraFusion.Consciousness.csproj]
C:\Users\bsval\terrafusion_os_1.0\backend\src\TerraFusion.Consciousness\CoPilot\CoPilotController.cs(876,5): warning CS1591: Missing XML comment for publicly visible type or member 'AgentTaskStatus.Failed' [C:\Users\bsval\terrafusion_os_1.0\backend\src\TerraFusion.Consciousness\TerraFusion.Consciousness.csproj]
C:\Users\bsval\terrafusion_os_1.0\backend\src\TerraFusion.Consciousness\CoPilot\CoPilotController.cs(879,14): warning CS1591: Missing XML comment for publicly visible type or member 'AgentTaskResult' [C:\Users\bsval\terrafusion_os_1.0\backend\src\TerraFusion.Consciousness\TerraFusion.Consciousness.csproj]
C:\Users\bsval\terrafusion_os_1.0\backend\src\TerraFusion.Consciousness\CoPilot\CoPilotController.cs(881,25): warning CS1591: Missing XML comment for publicly visible type or member 'AgentTaskResult.FilesModified' [C:\Users\bsval\terrafusion_os_1.0\backend\src\TerraFusion.Consciousness\TerraFusion.Consciousness.csproj]
C:\Users\bsval\terrafusion_os_1.0\backend\src\TerraFusion.Consciousness\CoPilot\CoPilotController.cs(882,16): warning CS1591: Missing XML comment for publicly visible type or member 'AgentTaskResult.LinesAdded' [C:\Users\bsval\terrafusion_os_1.0\backend\src\TerraFusion.Consciousness\TerraFusion.Consciousness.csproj]
C:\Users\bsval\terrafusion_os_1.0\backend\src\TerraFusion.Consciousness\CoPilot\CoPilotController.cs(883,16): warning CS1591: Missing XML comment for publicly visible type or member 'AgentTaskResult.LinesRemoved' [C:\Users\bsval\terrafusion_os_1.0\backend\src\TerraFusion.Consciousness\TerraFusion.Consciousness.csproj]
C:\Users\bsval\terrafusion_os_1.0\backend\src\TerraFusion.Consciousness\CoPilot\CoPilotController.cs(884,26): warning CS1591: Missing XML comment for publicly visible type or member 'AgentTaskResult.Analysis' [C:\Users\bsval\terrafusion_os_1.0\backend\src\TerraFusion.Consciousness\TerraFusion.Consciousness.csproj]
C:\Users\bsval\terrafusion_os_1.0\backend\src\TerraFusion.Consciousness\CoPilot\CoPilotController.cs(885,19): warning CS1591: Missing XML comment for publicly visible type or member 'AgentTaskResult.Summary' [C:\Users\bsval\terrafusion_os_1.0\backend\src\TerraFusion.Consciousness\TerraFusion.Consciousness.csproj]
C:\Users\bsval\terrafusion_os_1.0\backend\src\TerraFusion.Consciousness\CoPilot\CoPilotController.cs(889,18): warning CS1591: Missing XML comment for publicly visible type or member 'IAutonomousAgentService' [C:\Users\bsval\terrafusion_os_1.0\backend\src\TerraFusion.Consciousness\TerraFusion.Consciousness.csproj]
C:\Users\bsval\terrafusion_os_1.0\backend\src\TerraFusion.Consciousness\CoPilot\CoPilotController.cs(891,27): warning CS1591: Missing XML comment for publicly visible type or member 'IAutonomousAgentService.ExecuteTaskAsync(AgentTask)' [C:\Users\bsval\terrafusion_os_1.0\backend\src\TerraFusion.Consciousness\TerraFusion.Consciousness.csproj]
C:\Users\bsval\terrafusion_os_1.0\backend\src\TerraFusion.Consciousness\CoPilot\CoPilotController.cs(894,14): warning CS1591: Missing XML comment for publicly visible type or member 'AutonomousAgentService' [C:\Users\bsval\terrafusion_os_1.0\backend\src\TerraFusion.Consciousness\TerraFusion.Consciousness.csproj]
C:\Users\bsval\terrafusion_os_1.0\backend\src\TerraFusion.Consciousness\CoPilot\CoPilotController.cs(899,12): warning CS1591: Missing XML comment for publicly visible type or member 'AutonomousAgentService.AutonomousAgentService(ICoPilotService, ICodeAnalysisService)' [C:\Users\bsval\terrafusion_os_1.0\backend\src\TerraFusion.Consciousness\TerraFusion.Consciousness.csproj]
C:\Users\bsval\terrafusion_os_1.0\backend\src\TerraFusion.Consciousness\CoPilot\CoPilotController.cs(907,40): warning CS1591: Missing XML comment for publicly visible type or member 'AutonomousAgentService.ExecuteTaskAsync(AgentTask)' [C:\Users\bsval\terrafusion_os_1.0\backend\src\TerraFusion.Consciousness\TerraFusion.Consciousness.csproj]
C:\Users\bsval\terrafusion_os_1.0\backend\src\TerraFusion.Consciousness\DTOs\AILayerMeshDTOs.cs(5,18): warning CS1591: Missing XML comment for publicly visible type or member 'MultiCountyInitializationResultDto' [C:\Users\bsval\terrafusion_os_1.0\backend\src\TerraFusion.Consciousness\TerraFusion.Consciousness.csproj]
C:\Users\bsval\terrafusion_os_1.0\backend\src\TerraFusion.Consciousness\DTOs\AILayerMeshDTOs.cs(7,30): warning CS1591: Missing XML comment for publicly visible type or member 'MultiCountyInitializationResultDto.Success' [C:\Users\bsval\terrafusion_os_1.0\backend\src\TerraFusion.Consciousness\TerraFusion.Consciousness.csproj]
C:\Users\bsval\terrafusion_os_1.0\backend\src\TerraFusion.Consciousness\DTOs\AILayerMeshDTOs.cs(8,38): warning CS1591: Missing XML comment for publicly visible type or member 'MultiCountyInitializationResultDto.InitializedCounties' [C:\Users\bsval\terrafusion_os_1.0\backend\src\TerraFusion.Consciousness\TerraFusion.Consciousness.csproj]
C:\Users\bsval\terrafusion_os_1.0\backend\src\TerraFusion.Consciousness\DTOs\AILayerMeshDTOs.cs(9,38): warning CS1591: Missing XML comment for publicly visible type or member 'MultiCountyInitializationResultDto.FailedCounties' [C:\Users\bsval\terrafusion_os_1.0\backend\src\TerraFusion.Consciousness\TerraFusion.Consciousness.csproj]
C:\Users\bsval\terrafusion_os_1.0\backend\src\TerraFusion.Consciousness\DTOs\AILayerMeshDTOs.cs(10,52): warning CS1591: Missing XML comment for publicly visible type or member 'MultiCountyInitializationResultDto.InitializationMetrics' [C:\Users\bsval\terrafusion_os_1.0\backend\src\TerraFusion.Consciousness\TerraFusion.Consciousness.csproj]
C:\Users\bsval\terrafusion_os_1.0\backend\src\TerraFusion.Consciousness\DTOs\AILayerMeshDTOs.cs(11,34): warning CS1591: Missing XML comment for publicly visible type or member 'MultiCountyInitializationResultDto.InitializationTime' [C:\Users\bsval\terrafusion_os_1.0\backend\src\TerraFusion.Consciousness\TerraFusion.Consciousness.csproj]
C:\Users\bsval\terrafusion_os_1.0\backend\src\TerraFusion.Consciousness\DTOs\AILayerMeshDTOs.cs(12,30): warning CS1591: Missing XML comment for publicly visible type or member 'MultiCountyInitializationResultDto.Errors' [C:\Users\bsval\terrafusion_os_1.0\backend\src\TerraFusion.Consciousness\TerraFusion.Consciousness.csproj]
C:\Users\bsval\terrafusion_os_1.0\backend\src\TerraFusion.Consciousness\DTOs\AILayerMeshDTOs.cs(13,44): warning CS1591: Missing XML comment for publicly visible type or member 'MultiCountyInitializationResultDto.LegacyCompatibilityInfo' [C:\Users\bsval\terrafusion_os_1.0\backend\src\TerraFusion.Consciousness\TerraFusion.Consciousness.csproj]
C:\Users\bsval\terrafusion_os_1.0\backend\src\TerraFusion.Consciousness\DTOs\AILayerMeshDTOs.cs(14,44): warning CS1591: Missing XML comment for publicly visible type or member 'MultiCountyInitializationResultDto.CountyVersionMappings' [C:\Users\bsval\terrafusion_os_1.0\backend\src\TerraFusion.Consciousness\TerraFusion.Consciousness.csproj]
C:\Users\bsval\terrafusion_os_1.0\backend\src\TerraFusion.Consciousness\DTOs\AILayerMeshDTOs.cs(15,24): warning CS1591: Missing XML comment for publicly visible type or member 'MultiCountyInitializationResultDto.BackwardCompatibilityLevel' [C:\Users\bsval\terrafusion_os_1.0\backend\src\TerraFusion.Consciousness\TerraFusion.Consciousness.csproj]
C:\Users\bsval\terrafusion_os_1.0\backend\src\TerraFusion.Consciousness\DTOs\AILayerMeshDTOs.cs(18,20): warning CS1591: Missing XML comment for publicly visible type or member 'MultiCountyInitializationResultDto.FederatedCounties' [C:\Users\bsval\terrafusion_os_1.0\backend\src\TerraFusion.Consciousness\TerraFusion.Consciousness.csproj]
C:\Users\bsval\terrafusion_os_1.0\backend\src\TerraFusion.Consciousness\DTOs\AILayerMeshDTOs.cs(19,23): warning CS1591: Missing XML comment for publicly visible type or member 'MultiCountyInitializationResultDto.MeshGatewayStatus' [C:\Users\bsval\terrafusion_os_1.0\backend\src\TerraFusion.Consciousness\TerraFusion.Consciousness.csproj]
C:\Users\bsval\terrafusion_os_1.0\backend\src\TerraFusion.Consciousness\DTOs\AILayerMeshDTOs.cs(20,21): warning CS1591: Missing XML comment for publicly visible type or member 'MultiCountyInitializationResultDto.PrivacyGuardrails' [C:\Users\bsval\terrafusion_os_1.0\backend\src\TerraFusion.Consciousness\TerraFusion.Consciousness.csproj]
C:\Users\bsval\terrafusion_os_1.0\backend\src\TerraFusion.Consciousness\DTOs\AILayerMeshDTOs.cs(21,29): warning CS1591: Missing XML comment for publicly visible type or member 'MultiCountyInitializationResultDto.InitializationMessages' [C:\Users\bsval\terrafusion_os_1.0\backend\src\TerraFusion.Consciousness\TerraFusion.Consciousness.csproj]
C:\Users\bsval\terrafusion_os_1.0\backend\src\TerraFusion.Consciousness\DTOs\AILayerMeshDTOs.cs(24,18): warning CS1591: Missing XML comment for publicly visible type or member 'CountyDataSourceRequestDto' [C:\Users\bsval\terrafusion_os_1.0\backend\src\TerraFusion.Consciousness\TerraFusion.Consciousness.csproj]
C:\Users\bsval\terrafusion_os_1.0\backend\src\TerraFusion.Consciousness\DTOs\AILayerMeshDTOs.cs(26,32): warning CS1591: Missing XML comment for publicly visible type or member 'CountyDataSourceRequestDto.CountyId' [C:\Users\bsval\terrafusion_os_1.0\backend\src\TerraFusion.Consciousness\TerraFusion.Consciousness.csproj]
C:\Users\bsval\terrafusion_os_1.0\backend\src\TerraFusion.Consciousness\DTOs\AILayerMeshDTOs.cs(27,32): warning CS1591: Missing XML comment for publicly visible type or member 'CountyDataSourceRequestDto.DataSourceType' [C:\Users\bsval\terrafusion_os_1.0\backend\src\TerraFusion.Consciousness\TerraFusion.Consciousness.csproj]
C:\Users\bsval\terrafusion_os_1.0\backend\src\TerraFusion.Consciousness\DTOs\AILayerMeshDTOs.cs(28,52): warning CS1591: Missing XML comment for publicly visible type or member 'CountyDataSourceRequestDto.ConnectionConfig' [C:\Users\bsval\terrafusion_os_1.0\backend\src\TerraFusion.Consciousness\TerraFusion.Consciousness.csproj]
C:\Users\bsval\terrafusion_os_1.0\backend\src\TerraFusion.Consciousness\DTOs\AILayerMeshDTOs.cs(29,32): warning CS1591: Missing XML comment for publicly visible type or member 'CountyDataSourceRequestDto.RequestId' [C:\Users\bsval\terrafusion_os_1.0\backend\src\TerraFusion.Consciousness\TerraFusion.Consciousness.csproj]
C:\Users\bsval\terrafusion_os_1.0\backend\src\TerraFusion.Consciousness\DTOs\AILayerMeshDTOs.cs(30,34): warning CS1591: Missing XML comment for publicly visible type or member 'CountyDataSourceRequestDto.RequestTime' [C:\Users\bsval\terrafusion_os_1.0\backend\src\TerraFusion.Consciousness\TerraFusion.Consciousness.csproj]
C:\Users\bsval\terrafusion_os_1.0\backend\src\TerraFusion.Consciousness\DTOs\AILayerMeshDTOs.cs(33,32): warning CS1591: Missing XML comment for publicly visible type or member 'CountyDataSourceRequestDto.CountyName' [C:\Users\bsval\terrafusion_os_1.0\backend\src\TerraFusion.Consciousness\TerraFusion.Consciousness.csproj]
C:\Users\bsval\terrafusion_os_1.0\backend\src\TerraFusion.Consciousness\DTOs\AILayerMeshDTOs.cs(34,32): warning CS1591: Missing XML comment for publicly visible type or member 'CountyDataSourceRequestDto.StateName' [C:\Users\bsval\terrafusion_os_1.0\backend\src\TerraFusion.Consciousness\TerraFusion.Consciousness.csproj]
C:\Users\bsval\terrafusion_os_1.0\backend\src\TerraFusion.Consciousness\DTOs\AILayerMeshDTOs.cs(35,38): warning CS1591: Missing XML comment for publicly visible type or member 'CountyDataSourceRequestDto.MeshCapabilities' [C:\Users\bsval\terrafusion_os_1.0\backend\src\TerraFusion.Consciousness\TerraFusion.Consciousness.csproj]
C:\Users\bsval\terrafusion_os_1.0\backend\src\TerraFusion.Consciousness\DTOs\AILayerMeshDTOs.cs(36,32): warning CS1591: Missing XML comment for publicly visible type or member 'CountyDataSourceRequestDto.PrivacyLevel' [C:\Users\bsval\terrafusion_os_1.0\backend\src\TerraFusion.Consciousness\TerraFusion.Consciousness.csproj]
C:\Users\bsval\terrafusion_os_1.0\backend\src\TerraFusion.Consciousness\DTOs\AILayerMeshDTOs.cs(37,52): warning CS1591: Missing XML comment for publicly visible type or member 'CountyDataSourceRequestDto.DataSovereigntyRestrictions' [C:\Users\bsval\terrafusion_os_1.0\backend\src\TerraFusion.Consciousness\TerraFusion.Consciousness.csproj]
C:\Users\bsval\terrafusion_os_1.0\backend\src\TerraFusion.Consciousness\DTOs\AILayerMeshDTOs.cs(39,24): warning CS1591: Missing XML comment for publicly visible type or member 'CountyDataSourceRequestDto.LegacySystemId' [C:\Users\bsval\terrafusion_os_1.0\backend\src\TerraFusion.Consciousness\TerraFusion.Consciousness.csproj]
C:\Users\bsval\terrafusion_os_1.0\backend\src\TerraFusion.Consciousness\DTOs\AILayerMeshDTOs.cs(40,44): warning CS1591: Missing XML comment for publicly visible type or member 'CountyDataSourceRequestDto.FlexibleConfiguration' [C:\Users\bsval\terrafusion_os_1.0\backend\src\TerraFusion.Consciousness\TerraFusion.Consciousness.csproj]
C:\Users\bsval\terrafusion_os_1.0\backend\src\TerraFusion.Consciousness\DTOs\AILayerMeshDTOs.cs(43,23): warning CS1591: Missing XML comment for publicly visible type or member 'CountyDataSourceRequestDto.ApiEndpoint' [C:\Users\bsval\terrafusion_os_1.0\backend\src\TerraFusion.Consciousness\TerraFusion.Consciousness.csproj]
C:\Users\bsval\terrafusion_os_1.0\backend\src\TerraFusion.Consciousness\DTOs\AILayerMeshDTOs.cs(44,44): warning CS1591: Missing XML comment for publicly visible type or member 'CountyDataSourceRequestDto.LegacyPropertyMappings' [C:\Users\bsval\terrafusion_os_1.0\backend\src\TerraFusion.Consciousness\TerraFusion.Consciousness.csproj]
C:\Users\bsval\terrafusion_os_1.0\backend\src\TerraFusion.Consciousness\DTOs\AILayerMeshDTOs.cs(45,22): warning CS1591: Missing XML comment for publicly visible type or member 'CountyDataSourceRequestDto.EnableBackwardCompatibility' [C:\Users\bsval\terrafusion_os_1.0\backend\src\TerraFusion.Consciousness\TerraFusion.Consciousness.csproj]
C:\Users\bsval\terrafusion_os_1.0\backend\src\TerraFusion.Consciousness\DTOs\AILayerMeshDTOs.cs(48,18): warning CS1591: Missing XML comment for publicly visible type or member 'CountyDataSourceResultDto' [C:\Users\bsval\terrafusion_os_1.0\backend\src\TerraFusion.Consciousness\TerraFusion.Consciousness.csproj]
C:\Users\bsval\terrafusion_os_1.0\backend\src\TerraFusion.Consciousness\DTOs\AILayerMeshDTOs.cs(50,32): warning CS1591: Missing XML comment for publicly visible type or member 'CountyDataSourceResultDto.CountyId' [C:\Users\bsval\terrafusion_os_1.0\backend\src\TerraFusion.Consciousness\TerraFusion.Consciousness.csproj]
C:\Users\bsval\terrafusion_os_1.0\backend\src\TerraFusion.Consciousness\DTOs\AILayerMeshDTOs.cs(51,30): warning CS1591: Missing XML comment for publicly visible type or member 'CountyDataSourceResultDto.Success' [C:\Users\bsval\terrafusion_os_1.0\backend\src\TerraFusion.Consciousness\TerraFusion.Consciousness.csproj]
C:\Users\bsval\terrafusion_os_1.0\backend\src\TerraFusion.Consciousness\DTOs\AILayerMeshDTOs.cs(52,52): warning CS1591: Missing XML comment for publicly visible type or member 'CountyDataSourceResultDto.DataSources' [C:\Users\bsval\terrafusion_os_1.0\backend\src\TerraFusion.Consciousness\TerraFusion.Consciousness.csproj]
C:\Users\bsval\terrafusion_os_1.0\backend\src\TerraFusion.Consciousness\DTOs\AILayerMeshDTOs.cs(53,34): warning CS1591: Missing XML comment for publicly visible type or member 'CountyDataSourceResultDto.ResponseTime' [C:\Users\bsval\terrafusion_os_1.0\backend\src\TerraFusion.Consciousness\TerraFusion.Consciousness.csproj]
C:\Users\bsval\terrafusion_os_1.0\backend\src\TerraFusion.Consciousness\DTOs\AILayerMeshDTOs.cs(56,32): warning CS1591: Missing XML comment for publicly visible type or member 'CountyDataSourceResultDto.CountyNodeId' [C:\Users\bsval\terrafusion_os_1.0\backend\src\TerraFusion.Consciousness\TerraFusion.Consciousness.csproj]
C:\Users\bsval\terrafusion_os_1.0\backend\src\TerraFusion.Consciousness\DTOs\AILayerMeshDTOs.cs(57,32): warning CS1591: Missing XML comment for publicly visible type or member 'CountyDataSourceResultDto.ConnectionStatus' [C:\Users\bsval\terrafusion_os_1.0\backend\src\TerraFusion.Consciousness\TerraFusion.Consciousness.csproj]
C:\Users\bsval\terrafusion_os_1.0\backend\src\TerraFusion.Consciousness\DTOs\AILayerMeshDTOs.cs(58,38): warning CS1591: Missing XML comment for publicly visible type or member 'CountyDataSourceResultDto.MeshCapabilities' [C:\Users\bsval\terrafusion_os_1.0\backend\src\TerraFusion.Consciousness\TerraFusion.Consciousness.csproj]
C:\Users\bsval\terrafusion_os_1.0\backend\src\TerraFusion.Consciousness\DTOs\AILayerMeshDTOs.cs(59,32): warning CS1591: Missing XML comment for publicly visible type or member 'CountyDataSourceResultDto.PrivacyLevel' [C:\Users\bsval\terrafusion_os_1.0\backend\src\TerraFusion.Consciousness\TerraFusion.Consciousness.csproj]
C:\Users\bsval\terrafusion_os_1.0\backend\src\TerraFusion.Consciousness\DTOs\AILayerMeshDTOs.cs(60,34): warning CS1591: Missing XML comment for publicly visible type or member 'CountyDataSourceResultDto.AddedAt' [C:\Users\bsval\terrafusion_os_1.0\backend\src\TerraFusion.Consciousness\TerraFusion.Consciousness.csproj]
C:\Users\bsval\terrafusion_os_1.0\backend\src\TerraFusion.Consciousness\DTOs\AILayerMeshDTOs.cs(61,34): warning CS1591: Missing XML comment for publicly visible type or member 'CountyDataSourceResultDto.ConnectionTime' [C:\Users\bsval\terrafusion_os_1.0\backend\src\TerraFusion.Consciousness\TerraFusion.Consciousness.csproj]
C:\Users\bsval\terrafusion_os_1.0\backend\src\TerraFusion.Consciousness\DTOs\AILayerMeshDTOs.cs(62,38): warning CS1591: Missing XML comment for publicly visible type or member 'CountyDataSourceResultDto.Messages' [C:\Users\bsval\terrafusion_os_1.0\backend\src\TerraFusion.Consciousness\TerraFusion.Consciousness.csproj]
C:\Users\bsval\terrafusion_os_1.0\backend\src\TerraFusion.Consciousness\DTOs\AILayerMeshDTOs.cs(64,30): warning CS1591: Missing XML comment for publicly visible type or member 'CountyDataSourceResultDto.Errors' [C:\Users\bsval\terrafusion_os_1.0\backend\src\TerraFusion.Consciousness\TerraFusion.Consciousness.csproj]
C:\Users\bsval\terrafusion_os_1.0\backend\src\TerraFusion.Consciousness\DTOs\AILayerMeshDTOs.cs(65,44): warning CS1591: Missing XML comment for publicly visible type or member 'CountyDataSourceResultDto.ConnectionMetrics' [C:\Users\bsval\terrafusion_os_1.0\backend\src\TerraFusion.Consciousness\TerraFusion.Consciousness.csproj]
C:\Users\bsval\terrafusion_os_1.0\backend\src\TerraFusion.Consciousness\DTOs\AILayerMeshDTOs.cs(68,18): warning CS1591: Missing XML comment for publicly visible type or member 'AvailableCountiesDto' [C:\Users\bsval\terrafusion_os_1.0\backend\src\TerraFusion.Consciousness\TerraFusion.Consciousness.csproj]
C:\Users\bsval\terrafusion_os_1.0\backend\src\TerraFusion.Consciousness\DTOs\AILayerMeshDTOs.cs(70,38): warning CS1591: Missing XML comment for publicly visible type or member 'AvailableCountiesDto.Counties' [C:\Users\bsval\terrafusion_os_1.0\backend\src\TerraFusion.Consciousness\TerraFusion.Consciousness.csproj]
C:\Users\bsval\terrafusion_os_1.0\backend\src\TerraFusion.Consciousness\DTOs\AILayerMeshDTOs.cs(71,52): warning CS1591: Missing XML comment for publicly visible type or member 'AvailableCountiesDto.CountyCapabilities' [C:\Users\bsval\terrafusion_os_1.0\backend\src\TerraFusion.Consciousness\TerraFusion.Consciousness.csproj]
C:\Users\bsval\terrafusion_os_1.0\backend\src\TerraFusion.Consciousness\DTOs\AILayerMeshDTOs.cs(72,34): warning CS1591: Missing XML comment for publicly visible type or member 'AvailableCountiesDto.LastUpdated' [C:\Users\bsval\terrafusion_os_1.0\backend\src\TerraFusion.Consciousness\TerraFusion.Consciousness.csproj]
C:\Users\bsval\terrafusion_os_1.0\backend\src\TerraFusion.Consciousness\DTOs\AILayerMeshDTOs.cs(75,51): warning CS1591: Missing XML comment for publicly visible type or member 'AvailableCountiesDto.FederatedCounties' [C:\Users\bsval\terrafusion_os_1.0\backend\src\TerraFusion.Consciousness\TerraFusion.Consciousness.csproj]
C:\Users\bsval\terrafusion_os_1.0\backend\src\TerraFusion.Consciousness\DTOs\AILayerMeshDTOs.cs(76,29): warning CS1591: Missing XML comment for publicly visible type or member 'AvailableCountiesDto.TotalFederatedCounties' [C:\Users\bsval\terrafusion_os_1.0\backend\src\TerraFusion.Consciousness\TerraFusion.Consciousness.csproj]
C:\Users\bsval\terrafusion_os_1.0\backend\src\TerraFusion.Consciousness\DTOs\AILayerMeshDTOs.cs(77,29): warning CS1591: Missing XML comment for publicly visible type or member 'AvailableCountiesDto.AvailableForConnection' [C:\Users\bsval\terrafusion_os_1.0\backend\src\TerraFusion.Consciousness\TerraFusion.Consciousness.csproj]
C:\Users\bsval\terrafusion_os_1.0\backend\src\TerraFusion.Consciousness\DTOs\AILayerMeshDTOs.cs(78,32): warning CS1591: Missing XML comment for publicly visible type or member 'AvailableCountiesDto.MeshStatus' [C:\Users\bsval\terrafusion_os_1.0\backend\src\TerraFusion.Consciousness\TerraFusion.Consciousness.csproj]
C:\Users\bsval\terrafusion_os_1.0\backend\src\TerraFusion.Consciousness\DTOs\AILayerMeshDTOs.cs(79,52): warning CS1591: Missing XML comment for publicly visible type or member 'AvailableCountiesDto.Statistics' [C:\Users\bsval\terrafusion_os_1.0\backend\src\TerraFusion.Consciousness\TerraFusion.Consciousness.csproj]
C:\Users\bsval\terrafusion_os_1.0\backend\src\TerraFusion.Consciousness\DTOs\AILayerMeshDTOs.cs(81,44): warning CS1591: Missing XML comment for publicly visible type or member 'AvailableCountiesDto.CountyMetrics' [C:\Users\bsval\terrafusion_os_1.0\backend\src\TerraFusion.Consciousness\TerraFusion.Consciousness.csproj]
C:\Users\bsval\terrafusion_os_1.0\backend\src\TerraFusion.Consciousness\DTOs\AILayerMeshDTOs.cs(84,18): warning CS1591: Missing XML comment for publicly visible type or member 'AggregatedDataRequestDto' [C:\Users\bsval\terrafusion_os_1.0\backend\src\TerraFusion.Consciousness\TerraFusion.Consciousness.csproj]
C:\Users\bsval\terrafusion_os_1.0\backend\src\TerraFusion.Consciousness\DTOs\AILayerMeshDTOs.cs(86,32): warning CS1591: Missing XML comment for publicly visible type or member 'AggregatedDataRequestDto.RequestId' [C:\Users\bsval\terrafusion_os_1.0\backend\src\TerraFusion.Consciousness\TerraFusion.Consciousness.csproj]
C:\Users\bsval\terrafusion_os_1.0\backend\src\TerraFusion.Consciousness\DTOs\AILayerMeshDTOs.cs(87,34): warning CS1591: Missing XML comment for publicly visible type or member 'AggregatedDataRequestDto.CountyIds' [C:\Users\bsval\terrafusion_os_1.0\backend\src\TerraFusion.Consciousness\TerraFusion.Consciousness.csproj]
C:\Users\bsval\terrafusion_os_1.0\backend\src\TerraFusion.Consciousness\DTOs\AILayerMeshDTOs.cs(88,32): warning CS1591: Missing XML comment for publicly visible type or member 'AggregatedDataRequestDto.AggregationType' [C:\Users\bsval\terrafusion_os_1.0\backend\src\TerraFusion.Consciousness\TerraFusion.Consciousness.csproj]
C:\Users\bsval\terrafusion_os_1.0\backend\src\TerraFusion.Consciousness\DTOs\AILayerMeshDTOs.cs(89,52): warning CS1591: Missing XML comment for publicly visible type or member 'AggregatedDataRequestDto.AggregationConfig' [C:\Users\bsval\terrafusion_os_1.0\backend\src\TerraFusion.Consciousness\TerraFusion.Consciousness.csproj]
C:\Users\bsval\terrafusion_os_1.0\backend\src\TerraFusion.Consciousness\DTOs\AILayerMeshDTOs.cs(90,34): warning CS1591: Missing XML comment for publicly visible type or member 'AggregatedDataRequestDto.RequestTime' [C:\Users\bsval\terrafusion_os_1.0\backend\src\TerraFusion.Consciousness\TerraFusion.Consciousness.csproj]
C:\Users\bsval\terrafusion_os_1.0\backend\src\TerraFusion.Consciousness\DTOs\AILayerMeshDTOs.cs(93,38): warning CS1591: Missing XML comment for publicly visible type or member 'AggregatedDataRequestDto.DataTypes' [C:\Users\bsval\terrafusion_os_1.0\backend\src\TerraFusion.Consciousness\TerraFusion.Consciousness.csproj]
C:\Users\bsval\terrafusion_os_1.0\backend\src\TerraFusion.Consciousness\DTOs\AILayerMeshDTOs.cs(94,38): warning CS1591: Missing XML comment for publicly visible type or member 'AggregatedDataRequestDto.TargetCounties' [C:\Users\bsval\terrafusion_os_1.0\backend\src\TerraFusion.Consciousness\TerraFusion.Consciousness.csproj]
C:\Users\bsval\terrafusion_os_1.0\backend\src\TerraFusion.Consciousness\DTOs\AILayerMeshDTOs.cs(96,44): warning CS1591: Missing XML comment for publicly visible type or member 'AggregatedDataRequestDto.AggregationOptions' [C:\Users\bsval\terrafusion_os_1.0\backend\src\TerraFusion.Consciousness\TerraFusion.Consciousness.csproj]
C:\Users\bsval\terrafusion_os_1.0\backend\src\TerraFusion.Consciousness\DTOs\AILayerMeshDTOs.cs(99,18): warning CS1591: Missing XML comment for publicly visible type or member 'AggregatedCountyDataDto' [C:\Users\bsval\terrafusion_os_1.0\backend\src\TerraFusion.Consciousness\TerraFusion.Consciousness.csproj]
C:\Users\bsval\terrafusion_os_1.0\backend\src\TerraFusion.Consciousness\DTOs\AILayerMeshDTOs.cs(101,32): warning CS1591: Missing XML comment for publicly visible type or member 'AggregatedCountyDataDto.RequestId' [C:\Users\bsval\terrafusion_os_1.0\backend\src\TerraFusion.Consciousness\TerraFusion.Consciousness.csproj]
C:\Users\bsval\terrafusion_os_1.0\backend\src\TerraFusion.Consciousness\DTOs\AILayerMeshDTOs.cs(102,52): warning CS1591: Missing XML comment for publicly visible type or member 'AggregatedCountyDataDto.AggregatedData' [C:\Users\bsval\terrafusion_os_1.0\backend\src\TerraFusion.Consciousness\TerraFusion.Consciousness.csproj]
C:\Users\bsval\terrafusion_os_1.0\backend\src\TerraFusion.Consciousness\DTOs\AILayerMeshDTOs.cs(103,38): warning CS1591: Missing XML comment for publicly visible type or member 'AggregatedCountyDataDto.ProcessedCounties' [C:\Users\bsval\terrafusion_os_1.0\backend\src\TerraFusion.Consciousness\TerraFusion.Consciousness.csproj]
C:\Users\bsval\terrafusion_os_1.0\backend\src\TerraFusion.Consciousness\DTOs\AILayerMeshDTOs.cs(104,34): warning CS1591: Missing XML comment for publicly visible type or member 'AggregatedCountyDataDto.AggregationTime' [C:\Users\bsval\terrafusion_os_1.0\backend\src\TerraFusion.Consciousness\TerraFusion.Consciousness.csproj]
C:\Users\bsval\terrafusion_os_1.0\backend\src\TerraFusion.Consciousness\DTOs\AILayerMeshDTOs.cs(107,32): warning CS1591: Missing XML comment for publicly visible type or member 'AggregatedCountyDataDto.AggregationMethod' [C:\Users\bsval\terrafusion_os_1.0\backend\src\TerraFusion.Consciousness\TerraFusion.Consciousness.csproj]
C:\Users\bsval\terrafusion_os_1.0\backend\src\TerraFusion.Consciousness\DTOs\AILayerMeshDTOs.cs(108,38): warning CS1591: Missing XML comment for publicly visible type or member 'AggregatedCountyDataDto.ParticipatingCounties' [C:\Users\bsval\terrafusion_os_1.0\backend\src\TerraFusion.Consciousness\TerraFusion.Consciousness.csproj]
C:\Users\bsval\terrafusion_os_1.0\backend\src\TerraFusion.Consciousness\DTOs\AILayerMeshDTOs.cs(109,38): warning CS1591: Missing XML comment for publicly visible type or member 'AggregatedCountyDataDto.DataTypes' [C:\Users\bsval\terrafusion_os_1.0\backend\src\TerraFusion.Consciousness\TerraFusion.Consciousness.csproj]
C:\Users\bsval\terrafusion_os_1.0\backend\src\TerraFusion.Consciousness\DTOs\AILayerMeshDTOs.cs(110,52): warning CS1591: Missing XML comment for publicly visible type or member 'AggregatedCountyDataDto.AggregatedResults' [C:\Users\bsval\terrafusion_os_1.0\backend\src\TerraFusion.Consciousness\TerraFusion.Consciousness.csproj]
C:\Users\bsval\terrafusion_os_1.0\backend\src\TerraFusion.Consciousness\DTOs\AILayerMeshDTOs.cs(111,38): warning CS1591: Missing XML comment for publicly visible type or member 'AggregatedCountyDataDto.PrivacyGuarantees' [C:\Users\bsval\terrafusion_os_1.0\backend\src\TerraFusion.Consciousness\TerraFusion.Consciousness.csproj]
C:\Users\bsval\terrafusion_os_1.0\backend\src\TerraFusion.Consciousness\DTOs\AILayerMeshDTOs.cs(112,34): warning CS1591: Missing XML comment for publicly visible type or member 'AggregatedCountyDataDto.DataAsOf' [C:\Users\bsval\terrafusion_os_1.0\backend\src\TerraFusion.Consciousness\TerraFusion.Consciousness.csproj]
C:\Users\bsval\terrafusion_os_1.0\backend\src\TerraFusion.Consciousness\DTOs\AILayerMeshDTOs.cs(113,52): warning CS1591: Missing XML comment for publicly visible type or member 'AggregatedCountyDataDto.Metadata' [C:\Users\bsval\terrafusion_os_1.0\backend\src\TerraFusion.Consciousness\TerraFusion.Consciousness.csproj]
C:\Users\bsval\terrafusion_os_1.0\backend\src\TerraFusion.Consciousness\DTOs\AILayerMeshDTOs.cs(115,44): warning CS1591: Missing XML comment for publicly visible type or member 'AggregatedCountyDataDto.AggregationMetrics' [C:\Users\bsval\terrafusion_os_1.0\backend\src\TerraFusion.Consciousness\TerraFusion.Consciousness.csproj]
C:\Users\bsval\terrafusion_os_1.0\backend\src\TerraFusion.Consciousness\DTOs\AILayerMeshDTOs.cs(118,18): warning CS1591: Missing XML comment for publicly visible type or member 'MultiCountySyncResultDto' [C:\Users\bsval\terrafusion_os_1.0\backend\src\TerraFusion.Consciousness\TerraFusion.Consciousness.csproj]
C:\Users\bsval\terrafusion_os_1.0\backend\src\TerraFusion.Consciousness\DTOs\AILayerMeshDTOs.cs(120,30): warning CS1591: Missing XML comment for publicly visible type or member 'MultiCountySyncResultDto.Success' [C:\Users\bsval\terrafusion_os_1.0\backend\src\TerraFusion.Consciousness\TerraFusion.Consciousness.csproj]
C:\Users\bsval\terrafusion_os_1.0\backend\src\TerraFusion.Consciousness\DTOs\AILayerMeshDTOs.cs(121,38): warning CS1591: Missing XML comment for publicly visible type or member 'MultiCountySyncResultDto.SyncedCounties' [C:\Users\bsval\terrafusion_os_1.0\backend\src\TerraFusion.Consciousness\TerraFusion.Consciousness.csproj]
C:\Users\bsval\terrafusion_os_1.0\backend\src\TerraFusion.Consciousness\DTOs\AILayerMeshDTOs.cs(122,38): warning CS1591: Missing XML comment for publicly visible type or member 'MultiCountySyncResultDto.FailedCounties' [C:\Users\bsval\terrafusion_os_1.0\backend\src\TerraFusion.Consciousness\TerraFusion.Consciousness.csproj]
C:\Users\bsval\terrafusion_os_1.0\backend\src\TerraFusion.Consciousness\DTOs\AILayerMeshDTOs.cs(123,34): warning CS1591: Missing XML comment for publicly visible type or member 'MultiCountySyncResultDto.SyncTime' [C:\Users\bsval\terrafusion_os_1.0\backend\src\TerraFusion.Consciousness\TerraFusion.Consciousness.csproj]
C:\Users\bsval\terrafusion_os_1.0\backend\src\TerraFusion.Consciousness\DTOs\AILayerMeshDTOs.cs(126,34): warning CS1591: Missing XML comment for publicly visible type or member 'MultiCountySyncResultDto.SyncStartTime' [C:\Users\bsval\terrafusion_os_1.0\backend\src\TerraFusion.Consciousness\TerraFusion.Consciousness.csproj]
C:\Users\bsval\terrafusion_os_1.0\backend\src\TerraFusion.Consciousness\DTOs\AILayerMeshDTOs.cs(127,34): warning CS1591: Missing XML comment for publicly visible type or member 'MultiCountySyncResultDto.SyncEndTime' [C:\Users\bsval\terrafusion_os_1.0\backend\src\TerraFusion.Consciousness\TerraFusion.Consciousness.csproj]
C:\Users\bsval\terrafusion_os_1.0\backend\src\TerraFusion.Consciousness\DTOs\AILayerMeshDTOs.cs(128,29): warning CS1591: Missing XML comment for publicly visible type or member 'MultiCountySyncResultDto.TotalCountiesSynced' [C:\Users\bsval\terrafusion_os_1.0\backend\src\TerraFusion.Consciousness\TerraFusion.Consciousness.csproj]
C:\Users\bsval\terrafusion_os_1.0\backend\src\TerraFusion.Consciousness\DTOs\AILayerMeshDTOs.cs(129,29): warning CS1591: Missing XML comment for publicly visible type or member 'MultiCountySyncResultDto.TotalRecordsSynced' [C:\Users\bsval\terrafusion_os_1.0\backend\src\TerraFusion.Consciousness\TerraFusion.Consciousness.csproj]
C:\Users\bsval\terrafusion_os_1.0\backend\src\TerraFusion.Consciousness\DTOs\AILayerMeshDTOs.cs(130,52): warning CS1591: Missing XML comment for publicly visible type or member 'MultiCountySyncResultDto.CountyResults' [C:\Users\bsval\terrafusion_os_1.0\backend\src\TerraFusion.Consciousness\TerraFusion.Consciousness.csproj]
C:\Users\bsval\terrafusion_os_1.0\backend\src\TerraFusion.Consciousness\DTOs\AILayerMeshDTOs.cs(131,38): warning CS1591: Missing XML comment for publicly visible type or member 'MultiCountySyncResultDto.SyncMessages' [C:\Users\bsval\terrafusion_os_1.0\backend\src\TerraFusion.Consciousness\TerraFusion.Consciousness.csproj]
C:\Users\bsval\terrafusion_os_1.0\backend\src\TerraFusion.Consciousness\DTOs\AILayerMeshDTOs.cs(133,44): warning CS1591: Missing XML comment for publicly visible type or member 'MultiCountySyncResultDto.SyncMetrics' [C:\Users\bsval\terrafusion_os_1.0\backend\src\TerraFusion.Consciousness\TerraFusion.Consciousness.csproj]
C:\Users\bsval\terrafusion_os_1.0\backend\src\TerraFusion.Consciousness\DTOs\AILayerMeshDTOs.cs(136,18): warning CS1591: Missing XML comment for publicly visible type or member 'FederatedOperationRequestDto' [C:\Users\bsval\terrafusion_os_1.0\backend\src\TerraFusion.Consciousness\TerraFusion.Consciousness.csproj]
C:\Users\bsval\terrafusion_os_1.0\backend\src\TerraFusion.Consciousness\DTOs\AILayerMeshDTOs.cs(138,32): warning CS1591: Missing XML comment for publicly visible type or member 'FederatedOperationRequestDto.OperationId' [C:\Users\bsval\terrafusion_os_1.0\backend\src\TerraFusion.Consciousness\TerraFusion.Consciousness.csproj]
C:\Users\bsval\terrafusion_os_1.0\backend\src\TerraFusion.Consciousness\DTOs\AILayerMeshDTOs.cs(139,32): warning CS1591: Missing XML comment for publicly visible type or member 'FederatedOperationRequestDto.OperationType' [C:\Users\bsval\terrafusion_os_1.0\backend\src\TerraFusion.Consciousness\TerraFusion.Consciousness.csproj]
C:\Users\bsval\terrafusion_os_1.0\backend\src\TerraFusion.Consciousness\DTOs\AILayerMeshDTOs.cs(140,34): warning CS1591: Missing XML comment for publicly visible type or member 'FederatedOperationRequestDto.TargetCounties' [C:\Users\bsval\terrafusion_os_1.0\backend\src\TerraFusion.Consciousness\TerraFusion.Consciousness.csproj]
C:\Users\bsval\terrafusion_os_1.0\backend\src\TerraFusion.Consciousness\DTOs\AILayerMeshDTOs.cs(141,52): warning CS1591: Missing XML comment for publicly visible type or member 'FederatedOperationRequestDto.OperationData' [C:\Users\bsval\terrafusion_os_1.0\backend\src\TerraFusion.Consciousness\TerraFusion.Consciousness.csproj]
C:\Users\bsval\terrafusion_os_1.0\backend\src\TerraFusion.Consciousness\DTOs\AILayerMeshDTOs.cs(142,34): warning CS1591: Missing XML comment for publicly visible type or member 'FederatedOperationRequestDto.RequestTime' [C:\Users\bsval\terrafusion_os_1.0\backend\src\TerraFusion.Consciousness\TerraFusion.Consciousness.csproj]
C:\Users\bsval\terrafusion_os_1.0\backend\src\TerraFusion.Consciousness\DTOs\AILayerMeshDTOs.cs(145,38): warning CS1591: Missing XML comment for publicly visible type or member 'FederatedOperationRequestDto.RequiredCapabilities' [C:\Users\bsval\terrafusion_os_1.0\backend\src\TerraFusion.Consciousness\TerraFusion.Consciousness.csproj]
C:\Users\bsval\terrafusion_os_1.0\backend\src\TerraFusion.Consciousness\DTOs\AILayerMeshDTOs.cs(147,44): warning CS1591: Missing XML comment for publicly visible type or member 'FederatedOperationRequestDto.OperationOptions' [C:\Users\bsval\terrafusion_os_1.0\backend\src\TerraFusion.Consciousness\TerraFusion.Consciousness.csproj]
C:\Users\bsval\terrafusion_os_1.0\backend\src\TerraFusion.Consciousness\DTOs\AILayerMeshDTOs.cs(150,18): warning CS1591: Missing XML comment for publicly visible type or member 'FederatedOperationResultDto' [C:\Users\bsval\terrafusion_os_1.0\backend\src\TerraFusion.Consciousness\TerraFusion.Consciousness.csproj]
C:\Users\bsval\terrafusion_os_1.0\backend\src\TerraFusion.Consciousness\DTOs\AILayerMeshDTOs.cs(152,32): warning CS1591: Missing XML comment for publicly visible type or member 'FederatedOperationResultDto.OperationId' [C:\Users\bsval\terrafusion_os_1.0\backend\src\TerraFusion.Consciousness\TerraFusion.Consciousness.csproj]
C:\Users\bsval\terrafusion_os_1.0\backend\src\TerraFusion.Consciousness\DTOs\AILayerMeshDTOs.cs(153,30): warning CS1591: Missing XML comment for publicly visible type or member 'FederatedOperationResultDto.Success' [C:\Users\bsval\terrafusion_os_1.0\backend\src\TerraFusion.Consciousness\TerraFusion.Consciousness.csproj]
C:\Users\bsval\terrafusion_os_1.0\backend\src\TerraFusion.Consciousness\DTOs\AILayerMeshDTOs.cs(154,52): warning CS1591: Missing XML comment for publicly visible type or member 'FederatedOperationResultDto.Results' [C:\Users\bsval\terrafusion_os_1.0\backend\src\TerraFusion.Consciousness\TerraFusion.Consciousness.csproj]
C:\Users\bsval\terrafusion_os_1.0\backend\src\TerraFusion.Consciousness\DTOs\AILayerMeshDTOs.cs(155,38): warning CS1591: Missing XML comment for publicly visible type or member 'FederatedOperationResultDto.ProcessedCounties' [C:\Users\bsval\terrafusion_os_1.0\backend\src\TerraFusion.Consciousness\TerraFusion.Consciousness.csproj]
C:\Users\bsval\terrafusion_os_1.0\backend\src\TerraFusion.Consciousness\DTOs\AILayerMeshDTOs.cs(156,34): warning CS1591: Missing XML comment for publicly visible type or member 'FederatedOperationResultDto.CompletionTime' [C:\Users\bsval\terrafusion_os_1.0\backend\src\TerraFusion.Consciousness\TerraFusion.Consciousness.csproj]
C:\Users\bsval\terrafusion_os_1.0\backend\src\TerraFusion.Consciousness\DTOs\AILayerMeshDTOs.cs(159,32): warning CS1591: Missing XML comment for publicly visible type or member 'FederatedOperationResultDto.OperationType' [C:\Users\bsval\terrafusion_os_1.0\backend\src\TerraFusion.Consciousness\TerraFusion.Consciousness.csproj]
C:\Users\bsval\terrafusion_os_1.0\backend\src\TerraFusion.Consciousness\DTOs\AILayerMeshDTOs.cs(160,38): warning CS1591: Missing XML comment for publicly visible type or member 'FederatedOperationResultDto.ParticipatingCounties' [C:\Users\bsval\terrafusion_os_1.0\backend\src\TerraFusion.Consciousness\TerraFusion.Consciousness.csproj]
C:\Users\bsval\terrafusion_os_1.0\backend\src\TerraFusion.Consciousness\DTOs\AILayerMeshDTOs.cs(161,34): warning CS1591: Missing XML comment for publicly visible type or member 'FederatedOperationResultDto.ExecutionTime' [C:\Users\bsval\terrafusion_os_1.0\backend\src\TerraFusion.Consciousness\TerraFusion.Consciousness.csproj]
C:\Users\bsval\terrafusion_os_1.0\backend\src\TerraFusion.Consciousness\DTOs\AILayerMeshDTOs.cs(162,52): warning CS1591: Missing XML comment for publicly visible type or member 'FederatedOperationResultDto.AggregatedResults' [C:\Users\bsval\terrafusion_os_1.0\backend\src\TerraFusion.Consciousness\TerraFusion.Consciousness.csproj]
C:\Users\bsval\terrafusion_os_1.0\backend\src\TerraFusion.Consciousness\DTOs\AILayerMeshDTOs.cs(163,38): warning CS1591: Missing XML comment for publicly visible type or member 'FederatedOperationResultDto.PrivacyGuarantees' [C:\Users\bsval\terrafusion_os_1.0\backend\src\TerraFusion.Consciousness\TerraFusion.Consciousness.csproj]
C:\Users\bsval\terrafusion_os_1.0\backend\src\TerraFusion.Consciousness\DTOs\AILayerMeshDTOs.cs(164,52): warning CS1591: Missing XML comment for publicly visible type or member 'FederatedOperationResultDto.ComplianceValidation' [C:\Users\bsval\terrafusion_os_1.0\backend\src\TerraFusion.Consciousness\TerraFusion.Consciousness.csproj]
C:\Users\bsval\terrafusion_os_1.0\backend\src\TerraFusion.Consciousness\DTOs\AILayerMeshDTOs.cs(166,44): warning CS1591: Missing XML comment for publicly visible type or member 'FederatedOperationResultDto.OperationMetrics' [C:\Users\bsval\terrafusion_os_1.0\backend\src\TerraFusion.Consciousness\TerraFusion.Consciousness.csproj]
C:\Users\bsval\terrafusion_os_1.0\backend\src\TerraFusion.Consciousness\DTOs\AILayerMeshDTOs.cs(169,18): warning CS1591: Missing XML comment for publicly visible type or member 'MeshHealthIndexDto' [C:\Users\bsval\terrafusion_os_1.0\backend\src\TerraFusion.Consciousness\TerraFusion.Consciousness.csproj]
C:\Users\bsval\terrafusion_os_1.0\backend\src\TerraFusion.Consciousness\DTOs\AILayerMeshDTOs.cs(171,32): warning CS1591: Missing XML comment for publicly visible type or member 'MeshHealthIndexDto.OverallHealthIndex' [C:\Users\bsval\terrafusion_os_1.0\backend\src\TerraFusion.Consciousness\TerraFusion.Consciousness.csproj]
C:\Users\bsval\terrafusion_os_1.0\backend\src\TerraFusion.Consciousness\DTOs\AILayerMeshDTOs.cs(172,52): warning CS1591: Missing XML comment for publicly visible type or member 'MeshHealthIndexDto.ComponentHealthScores' [C:\Users\bsval\terrafusion_os_1.0\backend\src\TerraFusion.Consciousness\TerraFusion.Consciousness.csproj]
C:\Users\bsval\terrafusion_os_1.0\backend\src\TerraFusion.Consciousness\DTOs\AILayerMeshDTOs.cs(173,32): warning CS1591: Missing XML comment for publicly visible type or member 'MeshHealthIndexDto.HealthStatus' [C:\Users\bsval\terrafusion_os_1.0\backend\src\TerraFusion.Consciousness\TerraFusion.Consciousness.csproj]
C:\Users\bsval\terrafusion_os_1.0\backend\src\TerraFusion.Consciousness\DTOs\AILayerMeshDTOs.cs(174,34): warning CS1591: Missing XML comment for publicly visible type or member 'MeshHealthIndexDto.CalculationTime' [C:\Users\bsval\terrafusion_os_1.0\backend\src\TerraFusion.Consciousness\TerraFusion.Consciousness.csproj]
C:\Users\bsval\terrafusion_os_1.0\backend\src\TerraFusion.Consciousness\DTOs\AILayerMeshDTOs.cs(175,38): warning CS1591: Missing XML comment for publicly visible type or member 'MeshHealthIndexDto.HealthIndicators' [C:\Users\bsval\terrafusion_os_1.0\backend\src\TerraFusion.Consciousness\TerraFusion.Consciousness.csproj]
C:\Users\bsval\terrafusion_os_1.0\backend\src\TerraFusion.Consciousness\DTOs\AILayerMeshDTOs.cs(178,32): warning CS1591: Missing XML comment for publicly visible type or member 'MeshHealthIndexDto.OverallHealth' [C:\Users\bsval\terrafusion_os_1.0\backend\src\TerraFusion.Consciousness\TerraFusion.Consciousness.csproj]
C:\Users\bsval\terrafusion_os_1.0\backend\src\TerraFusion.Consciousness\DTOs\AILayerMeshDTOs.cs(179,29): warning CS1591: Missing XML comment for publicly visible type or member 'MeshHealthIndexDto.ActiveCounties' [C:\Users\bsval\terrafusion_os_1.0\backend\src\TerraFusion.Consciousness\TerraFusion.Consciousness.csproj]
C:\Users\bsval\terrafusion_os_1.0\backend\src\TerraFusion.Consciousness\DTOs\AILayerMeshDTOs.cs(180,29): warning CS1591: Missing XML comment for publicly visible type or member 'MeshHealthIndexDto.TotalCounties' [C:\Users\bsval\terrafusion_os_1.0\backend\src\TerraFusion.Consciousness\TerraFusion.Consciousness.csproj]
C:\Users\bsval\terrafusion_os_1.0\backend\src\TerraFusion.Consciousness\DTOs\AILayerMeshDTOs.cs(181,32): warning CS1591: Missing XML comment for publicly visible type or member 'MeshHealthIndexDto.SecurityScore' [C:\Users\bsval\terrafusion_os_1.0\backend\src\TerraFusion.Consciousness\TerraFusion.Consciousness.csproj]
C:\Users\bsval\terrafusion_os_1.0\backend\src\TerraFusion.Consciousness\DTOs\AILayerMeshDTOs.cs(182,32): warning CS1591: Missing XML comment for publicly visible type or member 'MeshHealthIndexDto.PerformanceScore' [C:\Users\bsval\terrafusion_os_1.0\backend\src\TerraFusion.Consciousness\TerraFusion.Consciousness.csproj]
C:\Users\bsval\terrafusion_os_1.0\backend\src\TerraFusion.Consciousness\DTOs\AILayerMeshDTOs.cs(183,32): warning CS1591: Missing XML comment for publicly visible type or member 'MeshHealthIndexDto.PrivacyCompliance' [C:\Users\bsval\terrafusion_os_1.0\backend\src\TerraFusion.Consciousness\TerraFusion.Consciousness.csproj]
C:\Users\bsval\terrafusion_os_1.0\backend\src\TerraFusion.Consciousness\DTOs\AILayerMeshDTOs.cs(184,34): warning CS1591: Missing XML comment for publicly visible type or member 'MeshHealthIndexDto.LastHealthCheck' [C:\Users\bsval\terrafusion_os_1.0\backend\src\TerraFusion.Consciousness\TerraFusion.Consciousness.csproj]
C:\Users\bsval\terrafusion_os_1.0\backend\src\TerraFusion.Consciousness\DTOs\AILayerMeshDTOs.cs(185,52): warning CS1591: Missing XML comment for publicly visible type or member 'MeshHealthIndexDto.ComponentHealth' [C:\Users\bsval\terrafusion_os_1.0\backend\src\TerraFusion.Consciousness\TerraFusion.Consciousness.csproj]
C:\Users\bsval\terrafusion_os_1.0\backend\src\TerraFusion.Consciousness\DTOs\AILayerMeshDTOs.cs(186,38): warning CS1591: Missing XML comment for publicly visible type or member 'MeshHealthIndexDto.Alerts' [C:\Users\bsval\terrafusion_os_1.0\backend\src\TerraFusion.Consciousness\TerraFusion.Consciousness.csproj]
C:\Users\bsval\terrafusion_os_1.0\backend\src\TerraFusion.Consciousness\DTOs\AILayerMeshDTOs.cs(188,30): warning CS1591: Missing XML comment for publicly visible type or member 'MeshHealthIndexDto.HealthWarnings' [C:\Users\bsval\terrafusion_os_1.0\backend\src\TerraFusion.Consciousness\TerraFusion.Consciousness.csproj]
C:\Users\bsval\terrafusion_os_1.0\backend\src\TerraFusion.Consciousness\DTOs\AILayerMeshDTOs.cs(189,44): warning CS1591: Missing XML comment for publicly visible type or member 'MeshHealthIndexDto.HealthTrends' [C:\Users\bsval\terrafusion_os_1.0\backend\src\TerraFusion.Consciousness\TerraFusion.Consciousness.csproj]
C:\Users\bsval\terrafusion_os_1.0\backend\src\TerraFusion.Consciousness\DTOs\AILayerMeshDTOs.cs(196,18): warning CS1591: Missing XML comment for publicly visible type or member 'ValidationRequestDto' [C:\Users\bsval\terrafusion_os_1.0\backend\src\TerraFusion.Consciousness\TerraFusion.Consciousness.csproj]
C:\Users\bsval\terrafusion_os_1.0\backend\src\TerraFusion.Consciousness\DTOs\AILayerMeshDTOs.cs(198,32): warning CS1591: Missing XML comment for publicly visible type or member 'ValidationRequestDto.ValidationId' [C:\Users\bsval\terrafusion_os_1.0\backend\src\TerraFusion.Consciousness\TerraFusion.Consciousness.csproj]
C:\Users\bsval\terrafusion_os_1.0\backend\src\TerraFusion.Consciousness\DTOs\AILayerMeshDTOs.cs(199,32): warning CS1591: Missing XML comment for publicly visible type or member 'ValidationRequestDto.ValidationType' [C:\Users\bsval\terrafusion_os_1.0\backend\src\TerraFusion.Consciousness\TerraFusion.Consciousness.csproj]
C:\Users\bsval\terrafusion_os_1.0\backend\src\TerraFusion.Consciousness\DTOs\AILayerMeshDTOs.cs(200,52): warning CS1591: Missing XML comment for publicly visible type or member 'ValidationRequestDto.ValidationData' [C:\Users\bsval\terrafusion_os_1.0\backend\src\TerraFusion.Consciousness\TerraFusion.Consciousness.csproj]
C:\Users\bsval\terrafusion_os_1.0\backend\src\TerraFusion.Consciousness\DTOs\AILayerMeshDTOs.cs(201,34): warning CS1591: Missing XML comment for publicly visible type or member 'ValidationRequestDto.TargetRings' [C:\Users\bsval\terrafusion_os_1.0\backend\src\TerraFusion.Consciousness\TerraFusion.Consciousness.csproj]
C:\Users\bsval\terrafusion_os_1.0\backend\src\TerraFusion.Consciousness\DTOs\AILayerMeshDTOs.cs(202,32): warning CS1591: Missing XML comment for publicly visible type or member 'ValidationRequestDto.RequiredConsensus' [C:\Users\bsval\terrafusion_os_1.0\backend\src\TerraFusion.Consciousness\TerraFusion.Consciousness.csproj]
C:\Users\bsval\terrafusion_os_1.0\backend\src\TerraFusion.Consciousness\DTOs\AILayerMeshDTOs.cs(203,34): warning CS1591: Missing XML comment for publicly visible type or member 'ValidationRequestDto.RequestTime' [C:\Users\bsval\terrafusion_os_1.0\backend\src\TerraFusion.Consciousness\TerraFusion.Consciousness.csproj]
C:\Users\bsval\terrafusion_os_1.0\backend\src\TerraFusion.Consciousness\DTOs\AILayerMeshDTOs.cs(204,24): warning CS1591: Missing XML comment for publicly visible type or member 'ValidationRequestDto.RequestSource' [C:\Users\bsval\terrafusion_os_1.0\backend\src\TerraFusion.Consciousness\TerraFusion.Consciousness.csproj]
C:\Users\bsval\terrafusion_os_1.0\backend\src\TerraFusion.Consciousness\DTOs\AILayerMeshDTOs.cs(205,44): warning CS1591: Missing XML comment for publicly visible type or member 'ValidationRequestDto.ValidationCriteria' [C:\Users\bsval\terrafusion_os_1.0\backend\src\TerraFusion.Consciousness\TerraFusion.Consciousness.csproj]
C:\Users\bsval\terrafusion_os_1.0\backend\src\TerraFusion.Consciousness\DTOs\AILayerMeshDTOs.cs(208,25): warning CS1591: Missing XML comment for publicly visible type or member 'ValidationRequestDto.RequiredRings' [C:\Users\bsval\terrafusion_os_1.0\backend\src\TerraFusion.Consciousness\TerraFusion.Consciousness.csproj]
C:\Users\bsval\terrafusion_os_1.0\backend\src\TerraFusion.Consciousness\DTOs\AILayerMeshDTOs.cs(209,20): warning CS1591: Missing XML comment for publicly visible type or member 'ValidationRequestDto.Priority' [C:\Users\bsval\terrafusion_os_1.0\backend\src\TerraFusion.Consciousness\TerraFusion.Consciousness.csproj]
C:\Users\bsval\terrafusion_os_1.0\backend\src\TerraFusion.Consciousness\DTOs\AILayerMeshDTOs.cs(210,23): warning CS1591: Missing XML comment for publicly visible type or member 'ValidationRequestDto.RequestId' [C:\Users\bsval\terrafusion_os_1.0\backend\src\TerraFusion.Consciousness\TerraFusion.Consciousness.csproj]
C:\Users\bsval\terrafusion_os_1.0\backend\src\TerraFusion.Consciousness\DTOs\AILayerMeshDTOs.cs(213,18): warning CS1591: Missing XML comment for publicly visible type or member 'ValidationRingResultDto' [C:\Users\bsval\terrafusion_os_1.0\backend\src\TerraFusion.Consciousness\TerraFusion.Consciousness.csproj]
C:\Users\bsval\terrafusion_os_1.0\backend\src\TerraFusion.Consciousness\DTOs\AILayerMeshDTOs.cs(215,32): warning CS1591: Missing XML comment for publicly visible type or member 'ValidationRingResultDto.ValidationId' [C:\Users\bsval\terrafusion_os_1.0\backend\src\TerraFusion.Consciousness\TerraFusion.Consciousness.csproj]
C:\Users\bsval\terrafusion_os_1.0\backend\src\TerraFusion.Consciousness\DTOs\AILayerMeshDTOs.cs(216,30): warning CS1591: Missing XML comment for publicly visible type or member 'ValidationRingResultDto.ValidationPassed' [C:\Users\bsval\terrafusion_os_1.0\backend\src\TerraFusion.Consciousness\TerraFusion.Consciousness.csproj]
C:\Users\bsval\terrafusion_os_1.0\backend\src\TerraFusion.Consciousness\DTOs\AILayerMeshDTOs.cs(217,32): warning CS1591: Missing XML comment for publicly visible type or member 'ValidationRingResultDto.ConsensusAchieved' [C:\Users\bsval\terrafusion_os_1.0\backend\src\TerraFusion.Consciousness\TerraFusion.Consciousness.csproj]
C:\Users\bsval\terrafusion_os_1.0\backend\src\TerraFusion.Consciousness\DTOs\AILayerMeshDTOs.cs(218,52): warning CS1591: Missing XML comment for publicly visible type or member 'ValidationRingResultDto.ValidationResults' [C:\Users\bsval\terrafusion_os_1.0\backend\src\TerraFusion.Consciousness\TerraFusion.Consciousness.csproj]
C:\Users\bsval\terrafusion_os_1.0\backend\src\TerraFusion.Consciousness\DTOs\AILayerMeshDTOs.cs(219,38): warning CS1591: Missing XML comment for publicly visible type or member 'ValidationRingResultDto.ParticipatingRings' [C:\Users\bsval\terrafusion_os_1.0\backend\src\TerraFusion.Consciousness\TerraFusion.Consciousness.csproj]
C:\Users\bsval\terrafusion_os_1.0\backend\src\TerraFusion.Consciousness\DTOs\AILayerMeshDTOs.cs(220,34): warning CS1591: Missing XML comment for publicly visible type or member 'ValidationRingResultDto.ValidationTime' [C:\Users\bsval\terrafusion_os_1.0\backend\src\TerraFusion.Consciousness\TerraFusion.Consciousness.csproj]
C:\Users\bsval\terrafusion_os_1.0\backend\src\TerraFusion.Consciousness\DTOs\AILayerMeshDTOs.cs(221,38): warning CS1591: Missing XML comment for publicly visible type or member 'ValidationRingResultDto.ValidationSteps' [C:\Users\bsval\terrafusion_os_1.0\backend\src\TerraFusion.Consciousness\TerraFusion.Consciousness.csproj]
C:\Users\bsval\terrafusion_os_1.0\backend\src\TerraFusion.Consciousness\DTOs\AILayerMeshDTOs.cs(224,30): warning CS1591: Missing XML comment for publicly visible type or member 'ValidationRingResultDto.Success' [C:\Users\bsval\terrafusion_os_1.0\backend\src\TerraFusion.Consciousness\TerraFusion.Consciousness.csproj]
C:\Users\bsval\terrafusion_os_1.0\backend\src\TerraFusion.Consciousness\DTOs\AILayerMeshDTOs.cs(225,52): warning CS1591: Missing XML comment for publicly visible type or member 'ValidationRingResultDto.RingStatuses' [C:\Users\bsval\terrafusion_os_1.0\backend\src\TerraFusion.Consciousness\TerraFusion.Consciousness.csproj]
C:\Users\bsval\terrafusion_os_1.0\backend\src\TerraFusion.Consciousness\DTOs\AILayerMeshDTOs.cs(226,52): warning CS1591: Missing XML comment for publicly visible type or member 'ValidationRingResultDto.RingResults' [C:\Users\bsval\terrafusion_os_1.0\backend\src\TerraFusion.Consciousness\TerraFusion.Consciousness.csproj]
C:\Users\bsval\terrafusion_os_1.0\backend\src\TerraFusion.Consciousness\DTOs\AILayerMeshDTOs.cs(227,32): warning CS1591: Missing XML comment for publicly visible type or member 'ValidationRingResultDto.ConsensusLevel' [C:\Users\bsval\terrafusion_os_1.0\backend\src\TerraFusion.Consciousness\TerraFusion.Consciousness.csproj]
C:\Users\bsval\terrafusion_os_1.0\backend\src\TerraFusion.Consciousness\DTOs\AILayerMeshDTOs.cs(228,38): warning CS1591: Missing XML comment for publicly visible type or member 'ValidationRingResultDto.ValidationMessages' [C:\Users\bsval\terrafusion_os_1.0\backend\src\TerraFusion.Consciousness\TerraFusion.Consciousness.csproj]
C:\Users\bsval\terrafusion_os_1.0\backend\src\TerraFusion.Consciousness\DTOs\AILayerMeshDTOs.cs(229,52): warning CS1591: Missing XML comment for publicly visible type or member 'ValidationRingResultDto.DetailedResults' [C:\Users\bsval\terrafusion_os_1.0\backend\src\TerraFusion.Consciousness\TerraFusion.Consciousness.csproj]
C:\Users\bsval\terrafusion_os_1.0\backend\src\TerraFusion.Consciousness\DTOs\AILayerMeshDTOs.cs(231,44): warning CS1591: Missing XML comment for publicly visible type or member 'ValidationRingResultDto.ValidationMetrics' [C:\Users\bsval\terrafusion_os_1.0\backend\src\TerraFusion.Consciousness\TerraFusion.Consciousness.csproj]
C:\Users\bsval\terrafusion_os_1.0\backend\src\TerraFusion.Consciousness\DTOs\AILayerMeshDTOs.cs(234,18): warning CS1591: Missing XML comment for publicly visible type or member 'ValidationRingStatusDto' [C:\Users\bsval\terrafusion_os_1.0\backend\src\TerraFusion.Consciousness\TerraFusion.Consciousness.csproj]
C:\Users\bsval\terrafusion_os_1.0\backend\src\TerraFusion.Consciousness\DTOs\AILayerMeshDTOs.cs(236,32): warning CS1591: Missing XML comment for publicly visible type or member 'ValidationRingStatusDto.RingId' [C:\Users\bsval\terrafusion_os_1.0\backend\src\TerraFusion.Consciousness\TerraFusion.Consciousness.csproj]
C:\Users\bsval\terrafusion_os_1.0\backend\src\TerraFusion.Consciousness\DTOs\AILayerMeshDTOs.cs(237,32): warning CS1591: Missing XML comment for publicly visible type or member 'ValidationRingStatusDto.Status' [C:\Users\bsval\terrafusion_os_1.0\backend\src\TerraFusion.Consciousness\TerraFusion.Consciousness.csproj]
C:\Users\bsval\terrafusion_os_1.0\backend\src\TerraFusion.Consciousness\DTOs\AILayerMeshDTOs.cs(238,29): warning CS1591: Missing XML comment for publicly visible type or member 'ValidationRingStatusDto.ActiveValidators' [C:\Users\bsval\terrafusion_os_1.0\backend\src\TerraFusion.Consciousness\TerraFusion.Consciousness.csproj]
C:\Users\bsval\terrafusion_os_1.0\backend\src\TerraFusion.Consciousness\DTOs\AILayerMeshDTOs.cs(239,32): warning CS1591: Missing XML comment for publicly visible type or member 'ValidationRingStatusDto.ConsensusLevel' [C:\Users\bsval\terrafusion_os_1.0\backend\src\TerraFusion.Consciousness\TerraFusion.Consciousness.csproj]
C:\Users\bsval\terrafusion_os_1.0\backend\src\TerraFusion.Consciousness\DTOs\AILayerMeshDTOs.cs(240,34): warning CS1591: Missing XML comment for publicly visible type or member 'ValidationRingStatusDto.LastValidation' [C:\Users\bsval\terrafusion_os_1.0\backend\src\TerraFusion.Consciousness\TerraFusion.Consciousness.csproj]
C:\Users\bsval\terrafusion_os_1.0\backend\src\TerraFusion.Consciousness\DTOs\AILayerMeshDTOs.cs(241,38): warning CS1591: Missing XML comment for publicly visible type or member 'ValidationRingStatusDto.CurrentValidations' [C:\Users\bsval\terrafusion_os_1.0\backend\src\TerraFusion.Consciousness\TerraFusion.Consciousness.csproj]
C:\Users\bsval\terrafusion_os_1.0\backend\src\TerraFusion.Consciousness\DTOs\AILayerMeshDTOs.cs(244,32): warning CS1591: Missing XML comment for publicly visible type or member 'ValidationRingStatusDto.StatisticalValidationRing' [C:\Users\bsval\terrafusion_os_1.0\backend\src\TerraFusion.Consciousness\TerraFusion.Consciousness.csproj]
C:\Users\bsval\terrafusion_os_1.0\backend\src\TerraFusion.Consciousness\DTOs\AILayerMeshDTOs.cs(245,32): warning CS1591: Missing XML comment for publicly visible type or member 'ValidationRingStatusDto.BusinessRuleValidationRing' [C:\Users\bsval\terrafusion_os_1.0\backend\src\TerraFusion.Consciousness\TerraFusion.Consciousness.csproj]
C:\Users\bsval\terrafusion_os_1.0\backend\src\TerraFusion.Consciousness\DTOs\AILayerMeshDTOs.cs(246,32): warning CS1591: Missing XML comment for publicly visible type or member 'ValidationRingStatusDto.EthicsLegalValidationRing' [C:\Users\bsval\terrafusion_os_1.0\backend\src\TerraFusion.Consciousness\TerraFusion.Consciousness.csproj]
C:\Users\bsval\terrafusion_os_1.0\backend\src\TerraFusion.Consciousness\DTOs\AILayerMeshDTOs.cs(247,32): warning CS1591: Missing XML comment for publicly visible type or member 'ValidationRingStatusDto.PerformanceValidationRing' [C:\Users\bsval\terrafusion_os_1.0\backend\src\TerraFusion.Consciousness\TerraFusion.Consciousness.csproj]
C:\Users\bsval\terrafusion_os_1.0\backend\src\TerraFusion.Consciousness\DTOs\AILayerMeshDTOs.cs(248,32): warning CS1591: Missing XML comment for publicly visible type or member 'ValidationRingStatusDto.ConsensusAchievement' [C:\Users\bsval\terrafusion_os_1.0\backend\src\TerraFusion.Consciousness\TerraFusion.Consciousness.csproj]
C:\Users\bsval\terrafusion_os_1.0\backend\src\TerraFusion.Consciousness\DTOs\AILayerMeshDTOs.cs(249,34): warning CS1591: Missing XML comment for publicly visible type or member 'ValidationRingStatusDto.LastConsensusTime' [C:\Users\bsval\terrafusion_os_1.0\backend\src\TerraFusion.Consciousness\TerraFusion.Consciousness.csproj]
C:\Users\bsval\terrafusion_os_1.0\backend\src\TerraFusion.Consciousness\DTOs\AILayerMeshDTOs.cs(250,32): warning CS1591: Missing XML comment for publicly visible type or member 'ValidationRingStatusDto.ValidationThroughput' [C:\Users\bsval\terrafusion_os_1.0\backend\src\TerraFusion.Consciousness\TerraFusion.Consciousness.csproj]
C:\Users\bsval\terrafusion_os_1.0\backend\src\TerraFusion.Consciousness\DTOs\AILayerMeshDTOs.cs(251,52): warning CS1591: Missing XML comment for publicly visible type or member 'ValidationRingStatusDto.ConsensusMetrics' [C:\Users\bsval\terrafusion_os_1.0\backend\src\TerraFusion.Consciousness\TerraFusion.Consciousness.csproj]
C:\Users\bsval\terrafusion_os_1.0\backend\src\TerraFusion.Consciousness\DTOs\AILayerMeshDTOs.cs(253,44): warning CS1591: Missing XML comment for publicly visible type or member 'ValidationRingStatusDto.RingMetrics' [C:\Users\bsval\terrafusion_os_1.0\backend\src\TerraFusion.Consciousness\TerraFusion.Consciousness.csproj]
C:\Users\bsval\terrafusion_os_1.0\backend\src\TerraFusion.Consciousness\DTOs\AILayerMeshDTOs.cs(260,18): warning CS1591: Missing XML comment for publicly visible type or member 'MeshOperationRequestDto' [C:\Users\bsval\terrafusion_os_1.0\backend\src\TerraFusion.Consciousness\TerraFusion.Consciousness.csproj]
C:\Users\bsval\terrafusion_os_1.0\backend\src\TerraFusion.Consciousness\DTOs\AILayerMeshDTOs.cs(262,32): warning CS1591: Missing XML comment for publicly visible type or member 'MeshOperationRequestDto.OperationId' [C:\Users\bsval\terrafusion_os_1.0\backend\src\TerraFusion.Consciousness\TerraFusion.Consciousness.csproj]
C:\Users\bsval\terrafusion_os_1.0\backend\src\TerraFusion.Consciousness\DTOs\AILayerMeshDTOs.cs(263,32): warning CS1591: Missing XML comment for publicly visible type or member 'MeshOperationRequestDto.OperationType' [C:\Users\bsval\terrafusion_os_1.0\backend\src\TerraFusion.Consciousness\TerraFusion.Consciousness.csproj]
C:\Users\bsval\terrafusion_os_1.0\backend\src\TerraFusion.Consciousness\DTOs\AILayerMeshDTOs.cs(264,52): warning CS1591: Missing XML comment for publicly visible type or member 'MeshOperationRequestDto.OperationData' [C:\Users\bsval\terrafusion_os_1.0\backend\src\TerraFusion.Consciousness\TerraFusion.Consciousness.csproj]
C:\Users\bsval\terrafusion_os_1.0\backend\src\TerraFusion.Consciousness\DTOs\AILayerMeshDTOs.cs(265,34): warning CS1591: Missing XML comment for publicly visible type or member 'MeshOperationRequestDto.TargetLayers' [C:\Users\bsval\terrafusion_os_1.0\backend\src\TerraFusion.Consciousness\TerraFusion.Consciousness.csproj]
C:\Users\bsval\terrafusion_os_1.0\backend\src\TerraFusion.Consciousness\DTOs\AILayerMeshDTOs.cs(266,29): warning CS1591: Missing XML comment for publicly visible type or member 'MeshOperationRequestDto.Priority' [C:\Users\bsval\terrafusion_os_1.0\backend\src\TerraFusion.Consciousness\TerraFusion.Consciousness.csproj]
C:\Users\bsval\terrafusion_os_1.0\backend\src\TerraFusion.Consciousness\DTOs\AILayerMeshDTOs.cs(267,34): warning CS1591: Missing XML comment for publicly visible type or member 'MeshOperationRequestDto.RequestTime' [C:\Users\bsval\terrafusion_os_1.0\backend\src\TerraFusion.Consciousness\TerraFusion.Consciousness.csproj]
C:\Users\bsval\terrafusion_os_1.0\backend\src\TerraFusion.Consciousness\DTOs\AILayerMeshDTOs.cs(268,24): warning CS1591: Missing XML comment for publicly visible type or member 'MeshOperationRequestDto.RequestSource' [C:\Users\bsval\terrafusion_os_1.0\backend\src\TerraFusion.Consciousness\TerraFusion.Consciousness.csproj]
C:\Users\bsval\terrafusion_os_1.0\backend\src\TerraFusion.Consciousness\DTOs\AILayerMeshDTOs.cs(269,44): warning CS1591: Missing XML comment for publicly visible type or member 'MeshOperationRequestDto.OperationConfig' [C:\Users\bsval\terrafusion_os_1.0\backend\src\TerraFusion.Consciousness\TerraFusion.Consciousness.csproj]
C:\Users\bsval\terrafusion_os_1.0\backend\src\TerraFusion.Consciousness\DTOs\AILayerMeshDTOs.cs(272,25): warning CS1591: Missing XML comment for publicly visible type or member 'MeshOperationRequestDto.Timestamp' [C:\Users\bsval\terrafusion_os_1.0\backend\src\TerraFusion.Consciousness\TerraFusion.Consciousness.csproj]
C:\Users\bsval\terrafusion_os_1.0\backend\src\TerraFusion.Consciousness\DTOs\AILayerMeshDTOs.cs(273,43): warning CS1591: Missing XML comment for publicly visible type or member 'MeshOperationRequestDto.Data' [C:\Users\bsval\terrafusion_os_1.0\backend\src\TerraFusion.Consciousness\TerraFusion.Consciousness.csproj]
C:\Users\bsval\terrafusion_os_1.0\backend\src\TerraFusion.Consciousness\DTOs\AILayerMeshDTOs.cs(276,18): warning CS1591: Missing XML comment for publicly visible type or member 'MeshOperationResultDto' [C:\Users\bsval\terrafusion_os_1.0\backend\src\TerraFusion.Consciousness\TerraFusion.Consciousness.csproj]
C:\Users\bsval\terrafusion_os_1.0\backend\src\TerraFusion.Consciousness\DTOs\AILayerMeshDTOs.cs(278,32): warning CS1591: Missing XML comment for publicly visible type or member 'MeshOperationResultDto.OperationId' [C:\Users\bsval\terrafusion_os_1.0\backend\src\TerraFusion.Consciousness\TerraFusion.Consciousness.csproj]
C:\Users\bsval\terrafusion_os_1.0\backend\src\TerraFusion.Consciousness\DTOs\AILayerMeshDTOs.cs(279,30): warning CS1591: Missing XML comment for publicly visible type or member 'MeshOperationResultDto.Success' [C:\Users\bsval\terrafusion_os_1.0\backend\src\TerraFusion.Consciousness\TerraFusion.Consciousness.csproj]
C:\Users\bsval\terrafusion_os_1.0\backend\src\TerraFusion.Consciousness\DTOs\AILayerMeshDTOs.cs(280,52): warning CS1591: Missing XML comment for publicly visible type or member 'MeshOperationResultDto.Results' [C:\Users\bsval\terrafusion_os_1.0\backend\src\TerraFusion.Consciousness\TerraFusion.Consciousness.csproj]
C:\Users\bsval\terrafusion_os_1.0\backend\src\TerraFusion.Consciousness\DTOs\AILayerMeshDTOs.cs(281,38): warning CS1591: Missing XML comment for publicly visible type or member 'MeshOperationResultDto.ProcessedLayers' [C:\Users\bsval\terrafusion_os_1.0\backend\src\TerraFusion.Consciousness\TerraFusion.Consciousness.csproj]
C:\Users\bsval\terrafusion_os_1.0\backend\src\TerraFusion.Consciousness\DTOs\AILayerMeshDTOs.cs(282,34): warning CS1591: Missing XML comment for publicly visible type or member 'MeshOperationResultDto.CompletionTime' [C:\Users\bsval\terrafusion_os_1.0\backend\src\TerraFusion.Consciousness\TerraFusion.Consciousness.csproj]
C:\Users\bsval\terrafusion_os_1.0\backend\src\TerraFusion.Consciousness\DTOs\AILayerMeshDTOs.cs(283,34): warning CS1591: Missing XML comment for publicly visible type or member 'MeshOperationResultDto.ProcessingDuration' [C:\Users\bsval\terrafusion_os_1.0\backend\src\TerraFusion.Consciousness\TerraFusion.Consciousness.csproj]
C:\Users\bsval\terrafusion_os_1.0\backend\src\TerraFusion.Consciousness\DTOs\AILayerMeshDTOs.cs(286,32): warning CS1591: Missing XML comment for publicly visible type or member 'MeshOperationResultDto.OperationType' [C:\Users\bsval\terrafusion_os_1.0\backend\src\TerraFusion.Consciousness\TerraFusion.Consciousness.csproj]
C:\Users\bsval\terrafusion_os_1.0\backend\src\TerraFusion.Consciousness\DTOs\AILayerMeshDTOs.cs(287,34): warning CS1591: Missing XML comment for publicly visible type or member 'MeshOperationResultDto.ExecutionTime' [C:\Users\bsval\terrafusion_os_1.0\backend\src\TerraFusion.Consciousness\TerraFusion.Consciousness.csproj]
C:\Users\bsval\terrafusion_os_1.0\backend\src\TerraFusion.Consciousness\DTOs\AILayerMeshDTOs.cs(288,52): warning CS1591: Missing XML comment for publicly visible type or member 'MeshOperationResultDto.LayerResults' [C:\Users\bsval\terrafusion_os_1.0\backend\src\TerraFusion.Consciousness\TerraFusion.Consciousness.csproj]
C:\Users\bsval\terrafusion_os_1.0\backend\src\TerraFusion.Consciousness\DTOs\AILayerMeshDTOs.cs(289,32): warning CS1591: Missing XML comment for publicly visible type or member 'MeshOperationResultDto.ValidationRingConsensus' [C:\Users\bsval\terrafusion_os_1.0\backend\src\TerraFusion.Consciousness\TerraFusion.Consciousness.csproj]
C:\Users\bsval\terrafusion_os_1.0\backend\src\TerraFusion.Consciousness\DTOs\AILayerMeshDTOs.cs(290,52): warning CS1591: Missing XML comment for publicly visible type or member 'MeshOperationResultDto.PerformanceMetrics' [C:\Users\bsval\terrafusion_os_1.0\backend\src\TerraFusion.Consciousness\TerraFusion.Consciousness.csproj]
C:\Users\bsval\terrafusion_os_1.0\backend\src\TerraFusion.Consciousness\DTOs\AILayerMeshDTOs.cs(291,52): warning CS1591: Missing XML comment for publicly visible type or member 'MeshOperationResultDto.ComplianceValidation' [C:\Users\bsval\terrafusion_os_1.0\backend\src\TerraFusion.Consciousness\TerraFusion.Consciousness.csproj]
C:\Users\bsval\terrafusion_os_1.0\backend\src\TerraFusion.Consciousness\DTOs\AILayerMeshDTOs.cs(293,30): warning CS1591: Missing XML comment for publicly visible type or member 'MeshOperationResultDto.Errors' [C:\Users\bsval\terrafusion_os_1.0\backend\src\TerraFusion.Consciousness\TerraFusion.Consciousness.csproj]
C:\Users\bsval\terrafusion_os_1.0\backend\src\TerraFusion.Consciousness\DTOs\AILayerMeshDTOs.cs(294,44): warning CS1591: Missing XML comment for publicly visible type or member 'MeshOperationResultDto.Metrics' [C:\Users\bsval\terrafusion_os_1.0\backend\src\TerraFusion.Consciousness\TerraFusion.Consciousness.csproj]
C:\Users\bsval\terrafusion_os_1.0\backend\src\TerraFusion.Consciousness\DTOs\AILayerMeshDTOs.cs(295,23): warning CS1591: Missing XML comment for publicly visible type or member 'MeshOperationResultDto.ConsensusLevel' [C:\Users\bsval\terrafusion_os_1.0\backend\src\TerraFusion.Consciousness\TerraFusion.Consciousness.csproj]
C:\Users\bsval\terrafusion_os_1.0\backend\src\TerraFusion.Consciousness\DTOs\AILayerMeshDTOs.cs(298,18): warning CS1591: Missing XML comment for publicly visible type or member 'MeshEnvelopeDto' [C:\Users\bsval\terrafusion_os_1.0\backend\src\TerraFusion.Consciousness\TerraFusion.Consciousness.csproj]
C:\Users\bsval\terrafusion_os_1.0\backend\src\TerraFusion.Consciousness\DTOs\AILayerMeshDTOs.cs(300,32): warning CS1591: Missing XML comment for publicly visible type or member 'MeshEnvelopeDto.EnvelopeId' [C:\Users\bsval\terrafusion_os_1.0\backend\src\TerraFusion.Consciousness\TerraFusion.Consciousness.csproj]
C:\Users\bsval\terrafusion_os_1.0\backend\src\TerraFusion.Consciousness\DTOs\AILayerMeshDTOs.cs(301,32): warning CS1591: Missing XML comment for publicly visible type or member 'MeshEnvelopeDto.MessageType' [C:\Users\bsval\terrafusion_os_1.0\backend\src\TerraFusion.Consciousness\TerraFusion.Consciousness.csproj]
C:\Users\bsval\terrafusion_os_1.0\backend\src\TerraFusion.Consciousness\DTOs\AILayerMeshDTOs.cs(302,52): warning CS1591: Missing XML comment for publicly visible type or member 'MeshEnvelopeDto.Payload' [C:\Users\bsval\terrafusion_os_1.0\backend\src\TerraFusion.Consciousness\TerraFusion.Consciousness.csproj]
C:\Users\bsval\terrafusion_os_1.0\backend\src\TerraFusion.Consciousness\DTOs\AILayerMeshDTOs.cs(303,32): warning CS1591: Missing XML comment for publicly visible type or member 'MeshEnvelopeDto.SourceLayer' [C:\Users\bsval\terrafusion_os_1.0\backend\src\TerraFusion.Consciousness\TerraFusion.Consciousness.csproj]
C:\Users\bsval\terrafusion_os_1.0\backend\src\TerraFusion.Consciousness\DTOs\AILayerMeshDTOs.cs(304,34): warning CS1591: Missing XML comment for publicly visible type or member 'MeshEnvelopeDto.TargetLayers' [C:\Users\bsval\terrafusion_os_1.0\backend\src\TerraFusion.Consciousness\TerraFusion.Consciousness.csproj]
C:\Users\bsval\terrafusion_os_1.0\backend\src\TerraFusion.Consciousness\DTOs\AILayerMeshDTOs.cs(305,34): warning CS1591: Missing XML comment for publicly visible type or member 'MeshEnvelopeDto.Timestamp' [C:\Users\bsval\terrafusion_os_1.0\backend\src\TerraFusion.Consciousness\TerraFusion.Consciousness.csproj]
C:\Users\bsval\terrafusion_os_1.0\backend\src\TerraFusion.Consciousness\DTOs\AILayerMeshDTOs.cs(308,32): warning CS1591: Missing XML comment for publicly visible type or member 'MeshEnvelopeDto.OperationId' [C:\Users\bsval\terrafusion_os_1.0\backend\src\TerraFusion.Consciousness\TerraFusion.Consciousness.csproj]
C:\Users\bsval\terrafusion_os_1.0\backend\src\TerraFusion.Consciousness\DTOs\AILayerMeshDTOs.cs(309,32): warning CS1591: Missing XML comment for publicly visible type or member 'MeshEnvelopeDto.OperationType' [C:\Users\bsval\terrafusion_os_1.0\backend\src\TerraFusion.Consciousness\TerraFusion.Consciousness.csproj]
C:\Users\bsval\terrafusion_os_1.0\backend\src\TerraFusion.Consciousness\DTOs\AILayerMeshDTOs.cs(310,29): warning CS1591: Missing XML comment for publicly visible type or member 'MeshEnvelopeDto.Priority' [C:\Users\bsval\terrafusion_os_1.0\backend\src\TerraFusion.Consciousness\TerraFusion.Consciousness.csproj]
C:\Users\bsval\terrafusion_os_1.0\backend\src\TerraFusion.Consciousness\DTOs\AILayerMeshDTOs.cs(312,44): warning CS1591: Missing XML comment for publicly visible type or member 'MeshEnvelopeDto.Headers' [C:\Users\bsval\terrafusion_os_1.0\backend\src\TerraFusion.Consciousness\TerraFusion.Consciousness.csproj]
C:\Users\bsval\terrafusion_os_1.0\backend\src\TerraFusion.Consciousness\DTOs\AILayerMeshDTOs.cs(313,24): warning CS1591: Missing XML comment for publicly visible type or member 'MeshEnvelopeDto.EncryptionKey' [C:\Users\bsval\terrafusion_os_1.0\backend\src\TerraFusion.Consciousness\TerraFusion.Consciousness.csproj]
C:\Users\bsval\terrafusion_os_1.0\backend\src\TerraFusion.Consciousness\DTOs\AILayerMeshDTOs.cs(316,18): warning CS1591: Missing XML comment for publicly visible type or member 'MeshStatusDto' [C:\Users\bsval\terrafusion_os_1.0\backend\src\TerraFusion.Consciousness\TerraFusion.Consciousness.csproj]
C:\Users\bsval\terrafusion_os_1.0\backend\src\TerraFusion.Consciousness\DTOs\AILayerMeshDTOs.cs(318,32): warning CS1591: Missing XML comment for publicly visible type or member 'MeshStatusDto.MeshId' [C:\Users\bsval\terrafusion_os_1.0\backend\src\TerraFusion.Consciousness\TerraFusion.Consciousness.csproj]
C:\Users\bsval\terrafusion_os_1.0\backend\src\TerraFusion.Consciousness\DTOs\AILayerMeshDTOs.cs(319,32): warning CS1591: Missing XML comment for publicly visible type or member 'MeshStatusDto.Status' [C:\Users\bsval\terrafusion_os_1.0\backend\src\TerraFusion.Consciousness\TerraFusion.Consciousness.csproj]
C:\Users\bsval\terrafusion_os_1.0\backend\src\TerraFusion.Consciousness\DTOs\AILayerMeshDTOs.cs(320,29): warning CS1591: Missing XML comment for publicly visible type or member 'MeshStatusDto.ActiveLayers' [C:\Users\bsval\terrafusion_os_1.0\backend\src\TerraFusion.Consciousness\TerraFusion.Consciousness.csproj]
C:\Users\bsval\terrafusion_os_1.0\backend\src\TerraFusion.Consciousness\DTOs\AILayerMeshDTOs.cs(321,29): warning CS1591: Missing XML comment for publicly visible type or member 'MeshStatusDto.TotalOperations' [C:\Users\bsval\terrafusion_os_1.0\backend\src\TerraFusion.Consciousness\TerraFusion.Consciousness.csproj]
C:\Users\bsval\terrafusion_os_1.0\backend\src\TerraFusion.Consciousness\DTOs\AILayerMeshDTOs.cs(322,34): warning CS1591: Missing XML comment for publicly visible type or member 'MeshStatusDto.LastUpdate' [C:\Users\bsval\terrafusion_os_1.0\backend\src\TerraFusion.Consciousness\TerraFusion.Consciousness.csproj]
C:\Users\bsval\terrafusion_os_1.0\backend\src\TerraFusion.Consciousness\DTOs\AILayerMeshDTOs.cs(323,52): warning CS1591: Missing XML comment for publicly visible type or member 'MeshStatusDto.LayerStatuses' [C:\Users\bsval\terrafusion_os_1.0\backend\src\TerraFusion.Consciousness\TerraFusion.Consciousness.csproj]
C:\Users\bsval\terrafusion_os_1.0\backend\src\TerraFusion.Consciousness\DTOs\AILayerMeshDTOs.cs(326,32): warning CS1591: Missing XML comment for publicly visible type or member 'MeshStatusDto.OverallStatus' [C:\Users\bsval\terrafusion_os_1.0\backend\src\TerraFusion.Consciousness\TerraFusion.Consciousness.csproj]
C:\Users\bsval\terrafusion_os_1.0\backend\src\TerraFusion.Consciousness\DTOs\AILayerMeshDTOs.cs(327,52): warning CS1591: Missing XML comment for publicly visible type or member 'MeshStatusDto.ValidationRings' [C:\Users\bsval\terrafusion_os_1.0\backend\src\TerraFusion.Consciousness\TerraFusion.Consciousness.csproj]
C:\Users\bsval\terrafusion_os_1.0\backend\src\TerraFusion.Consciousness\DTOs\AILayerMeshDTOs.cs(328,29): warning CS1591: Missing XML comment for publicly visible type or member 'MeshStatusDto.ActiveCounties' [C:\Users\bsval\terrafusion_os_1.0\backend\src\TerraFusion.Consciousness\TerraFusion.Consciousness.csproj]
C:\Users\bsval\terrafusion_os_1.0\backend\src\TerraFusion.Consciousness\DTOs\AILayerMeshDTOs.cs(329,29): warning CS1591: Missing XML comment for publicly visible type or member 'MeshStatusDto.TotalAgents' [C:\Users\bsval\terrafusion_os_1.0\backend\src\TerraFusion.Consciousness\TerraFusion.Consciousness.csproj]
C:\Users\bsval\terrafusion_os_1.0\backend\src\TerraFusion.Consciousness\DTOs\AILayerMeshDTOs.cs(330,32): warning CS1591: Missing XML comment for publicly visible type or member 'MeshStatusDto.SystemHealth' [C:\Users\bsval\terrafusion_os_1.0\backend\src\TerraFusion.Consciousness\TerraFusion.Consciousness.csproj]
C:\Users\bsval\terrafusion_os_1.0\backend\src\TerraFusion.Consciousness\DTOs\AILayerMeshDTOs.cs(331,52): warning CS1591: Missing XML comment for publicly visible type or member 'MeshStatusDto.SystemMetrics' [C:\Users\bsval\terrafusion_os_1.0\backend\src\TerraFusion.Consciousness\TerraFusion.Consciousness.csproj]
C:\Users\bsval\terrafusion_os_1.0\backend\src\TerraFusion.Consciousness\DTOs\AILayerMeshDTOs.cs(333,44): warning CS1591: Missing XML comment for publicly visible type or member 'MeshStatusDto.MeshMetrics' [C:\Users\bsval\terrafusion_os_1.0\backend\src\TerraFusion.Consciousness\TerraFusion.Consciousness.csproj]
C:\Users\bsval\terrafusion_os_1.0\backend\src\TerraFusion.Consciousness\DTOs\AILayerMeshDTOs.cs(340,18): warning CS1591: Missing XML comment for publicly visible type or member 'LayerHealthDto' [C:\Users\bsval\terrafusion_os_1.0\backend\src\TerraFusion.Consciousness\TerraFusion.Consciousness.csproj]
C:\Users\bsval\terrafusion_os_1.0\backend\src\TerraFusion.Consciousness\DTOs\AILayerMeshDTOs.cs(342,29): warning CS1591: Missing XML comment for publicly visible type or member 'LayerHealthDto.LayerId' [C:\Users\bsval\terrafusion_os_1.0\backend\src\TerraFusion.Consciousness\TerraFusion.Consciousness.csproj]
C:\Users\bsval\terrafusion_os_1.0\backend\src\TerraFusion.Consciousness\DTOs\AILayerMeshDTOs.cs(343,32): warning CS1591: Missing XML comment for publicly visible type or member 'LayerHealthDto.LayerName' [C:\Users\bsval\terrafusion_os_1.0\backend\src\TerraFusion.Consciousness\TerraFusion.Consciousness.csproj]
C:\Users\bsval\terrafusion_os_1.0\backend\src\TerraFusion.Consciousness\DTOs\AILayerMeshDTOs.cs(344,32): warning CS1591: Missing XML comment for publicly visible type or member 'LayerHealthDto.HealthStatus' [C:\Users\bsval\terrafusion_os_1.0\backend\src\TerraFusion.Consciousness\TerraFusion.Consciousness.csproj]
C:\Users\bsval\terrafusion_os_1.0\backend\src\TerraFusion.Consciousness\DTOs\AILayerMeshDTOs.cs(345,32): warning CS1591: Missing XML comment for publicly visible type or member 'LayerHealthDto.HealthScore' [C:\Users\bsval\terrafusion_os_1.0\backend\src\TerraFusion.Consciousness\TerraFusion.Consciousness.csproj]
C:\Users\bsval\terrafusion_os_1.0\backend\src\TerraFusion.Consciousness\DTOs\AILayerMeshDTOs.cs(346,34): warning CS1591: Missing XML comment for publicly visible type or member 'LayerHealthDto.LastHealthCheck' [C:\Users\bsval\terrafusion_os_1.0\backend\src\TerraFusion.Consciousness\TerraFusion.Consciousness.csproj]
C:\Users\bsval\terrafusion_os_1.0\backend\src\TerraFusion.Consciousness\DTOs\AILayerMeshDTOs.cs(347,38): warning CS1591: Missing XML comment for publicly visible type or member 'LayerHealthDto.HealthIndicators' [C:\Users\bsval\terrafusion_os_1.0\backend\src\TerraFusion.Consciousness\TerraFusion.Consciousness.csproj]
C:\Users\bsval\terrafusion_os_1.0\backend\src\TerraFusion.Consciousness\DTOs\AILayerMeshDTOs.cs(350,32): warning CS1591: Missing XML comment for publicly visible type or member 'LayerHealthDto.OverallHealth' [C:\Users\bsval\terrafusion_os_1.0\backend\src\TerraFusion.Consciousness\TerraFusion.Consciousness.csproj]
C:\Users\bsval\terrafusion_os_1.0\backend\src\TerraFusion.Consciousness\DTOs\AILayerMeshDTOs.cs(351,32): warning CS1591: Missing XML comment for publicly visible type or member 'LayerHealthDto.L1DataLayerHealth' [C:\Users\bsval\terrafusion_os_1.0\backend\src\TerraFusion.Consciousness\TerraFusion.Consciousness.csproj]
C:\Users\bsval\terrafusion_os_1.0\backend\src\TerraFusion.Consciousness\DTOs\AILayerMeshDTOs.cs(352,32): warning CS1591: Missing XML comment for publicly visible type or member 'LayerHealthDto.L2AnalyticsLayerHealth' [C:\Users\bsval\terrafusion_os_1.0\backend\src\TerraFusion.Consciousness\TerraFusion.Consciousness.csproj]
C:\Users\bsval\terrafusion_os_1.0\backend\src\TerraFusion.Consciousness\DTOs\AILayerMeshDTOs.cs(353,32): warning CS1591: Missing XML comment for publicly visible type or member 'LayerHealthDto.L3AIProcessingLayerHealth' [C:\Users\bsval\terrafusion_os_1.0\backend\src\TerraFusion.Consciousness\TerraFusion.Consciousness.csproj]
C:\Users\bsval\terrafusion_os_1.0\backend\src\TerraFusion.Consciousness\DTOs\AILayerMeshDTOs.cs(354,32): warning CS1591: Missing XML comment for publicly visible type or member 'LayerHealthDto.L4DecisionLayerHealth' [C:\Users\bsval\terrafusion_os_1.0\backend\src\TerraFusion.Consciousness\TerraFusion.Consciousness.csproj]
C:\Users\bsval\terrafusion_os_1.0\backend\src\TerraFusion.Consciousness\DTOs\AILayerMeshDTOs.cs(355,32): warning CS1591: Missing XML comment for publicly visible type or member 'LayerHealthDto.L5GovernanceLayerHealth' [C:\Users\bsval\terrafusion_os_1.0\backend\src\TerraFusion.Consciousness\TerraFusion.Consciousness.csproj]
C:\Users\bsval\terrafusion_os_1.0\backend\src\TerraFusion.Consciousness\DTOs\AILayerMeshDTOs.cs(356,32): warning CS1591: Missing XML comment for publicly visible type or member 'LayerHealthDto.QuantumConsciousnessIntegrationHealth' [C:\Users\bsval\terrafusion_os_1.0\backend\src\TerraFusion.Consciousness\TerraFusion.Consciousness.csproj]
C:\Users\bsval\terrafusion_os_1.0\backend\src\TerraFusion.Consciousness\DTOs\AILayerMeshDTOs.cs(359,23): warning CS1591: Missing XML comment for publicly visible type or member 'LayerHealthDto.L1DataIngestionHealth' [C:\Users\bsval\terrafusion_os_1.0\backend\src\TerraFusion.Consciousness\TerraFusion.Consciousness.csproj]
C:\Users\bsval\terrafusion_os_1.0\backend\src\TerraFusion.Consciousness\DTOs\AILayerMeshDTOs.cs(360,23): warning CS1591: Missing XML comment for publicly visible type or member 'LayerHealthDto.L2AnalyticsHealth' [C:\Users\bsval\terrafusion_os_1.0\backend\src\TerraFusion.Consciousness\TerraFusion.Consciousness.csproj]
C:\Users\bsval\terrafusion_os_1.0\backend\src\TerraFusion.Consciousness\DTOs\AILayerMeshDTOs.cs(361,23): warning CS1591: Missing XML comment for publicly visible type or member 'LayerHealthDto.L3AIProcessingHealth' [C:\Users\bsval\terrafusion_os_1.0\backend\src\TerraFusion.Consciousness\TerraFusion.Consciousness.csproj]
C:\Users\bsval\terrafusion_os_1.0\backend\src\TerraFusion.Consciousness\DTOs\AILayerMeshDTOs.cs(362,23): warning CS1591: Missing XML comment for publicly visible type or member 'LayerHealthDto.L4DecisionHealth' [C:\Users\bsval\terrafusion_os_1.0\backend\src\TerraFusion.Consciousness\TerraFusion.Consciousness.csproj]
C:\Users\bsval\terrafusion_os_1.0\backend\src\TerraFusion.Consciousness\DTOs\AILayerMeshDTOs.cs(363,23): warning CS1591: Missing XML comment for publicly visible type or member 'LayerHealthDto.L5GovernanceHealth' [C:\Users\bsval\terrafusion_os_1.0\backend\src\TerraFusion.Consciousness\TerraFusion.Consciousness.csproj]
C:\Users\bsval\terrafusion_os_1.0\backend\src\TerraFusion.Consciousness\DTOs\AILayerMeshDTOs.cs(364,52): warning CS1591: Missing XML comment for publicly visible type or member 'LayerHealthDto.HealthTrends' [C:\Users\bsval\terrafusion_os_1.0\backend\src\TerraFusion.Consciousness\TerraFusion.Consciousness.csproj]
C:\Users\bsval\terrafusion_os_1.0\backend\src\TerraFusion.Consciousness\DTOs\AILayerMeshDTOs.cs(366,30): warning CS1591: Missing XML comment for publicly visible type or member 'LayerHealthDto.HealthIssues' [C:\Users\bsval\terrafusion_os_1.0\backend\src\TerraFusion.Consciousness\TerraFusion.Consciousness.csproj]
C:\Users\bsval\terrafusion_os_1.0\backend\src\TerraFusion.Consciousness\DTOs\AILayerMeshDTOs.cs(367,44): warning CS1591: Missing XML comment for publicly visible type or member 'LayerHealthDto.HealthMetrics' [C:\Users\bsval\terrafusion_os_1.0\backend\src\TerraFusion.Consciousness\TerraFusion.Consciousness.csproj]
C:\Users\bsval\terrafusion_os_1.0\backend\src\TerraFusion.Consciousness\DTOs\AILayerMeshDTOs.cs(374,18): warning CS1591: Missing XML comment for publicly visible type or member 'MeshPerformanceDto' [C:\Users\bsval\terrafusion_os_1.0\backend\src\TerraFusion.Consciousness\TerraFusion.Consciousness.csproj]
C:\Users\bsval\terrafusion_os_1.0\backend\src\TerraFusion.Consciousness\DTOs\AILayerMeshDTOs.cs(376,32): warning CS1591: Missing XML comment for publicly visible type or member 'MeshPerformanceDto.Throughput' [C:\Users\bsval\terrafusion_os_1.0\backend\src\TerraFusion.Consciousness\TerraFusion.Consciousness.csproj]
C:\Users\bsval\terrafusion_os_1.0\backend\src\TerraFusion.Consciousness\DTOs\AILayerMeshDTOs.cs(377,32): warning CS1591: Missing XML comment for publicly visible type or member 'MeshPerformanceDto.Latency' [C:\Users\bsval\terrafusion_os_1.0\backend\src\TerraFusion.Consciousness\TerraFusion.Consciousness.csproj]
C:\Users\bsval\terrafusion_os_1.0\backend\src\TerraFusion.Consciousness\DTOs\AILayerMeshDTOs.cs(378,32): warning CS1591: Missing XML comment for publicly visible type or member 'MeshPerformanceDto.ResourceUtilization' [C:\Users\bsval\terrafusion_os_1.0\backend\src\TerraFusion.Consciousness\TerraFusion.Consciousness.csproj]
C:\Users\bsval\terrafusion_os_1.0\backend\src\TerraFusion.Consciousness\DTOs\AILayerMeshDTOs.cs(379,52): warning CS1591: Missing XML comment for publicly visible type or member 'MeshPerformanceDto.LayerPerformance' [C:\Users\bsval\terrafusion_os_1.0\backend\src\TerraFusion.Consciousness\TerraFusion.Consciousness.csproj]
C:\Users\bsval\terrafusion_os_1.0\backend\src\TerraFusion.Consciousness\DTOs\AILayerMeshDTOs.cs(380,34): warning CS1591: Missing XML comment for publicly visible type or member 'MeshPerformanceDto.MeasurementTime' [C:\Users\bsval\terrafusion_os_1.0\backend\src\TerraFusion.Consciousness\TerraFusion.Consciousness.csproj]
C:\Users\bsval\terrafusion_os_1.0\backend\src\TerraFusion.Consciousness\DTOs\AILayerMeshDTOs.cs(383,52): warning CS1591: Missing XML comment for publicly visible type or member 'MeshPerformanceDto.ThroughputMetrics' [C:\Users\bsval\terrafusion_os_1.0\backend\src\TerraFusion.Consciousness\TerraFusion.Consciousness.csproj]
C:\Users\bsval\terrafusion_os_1.0\backend\src\TerraFusion.Consciousness\DTOs\AILayerMeshDTOs.cs(384,52): warning CS1591: Missing XML comment for publicly visible type or member 'MeshPerformanceDto.LatencyMetrics' [C:\Users\bsval\terrafusion_os_1.0\backend\src\TerraFusion.Consciousness\TerraFusion.Consciousness.csproj]
C:\Users\bsval\terrafusion_os_1.0\backend\src\TerraFusion.Consciousness\DTOs\AILayerMeshDTOs.cs(385,32): warning CS1591: Missing XML comment for publicly visible type or member 'MeshPerformanceDto.QuantumConsciousnessPerformance' [C:\Users\bsval\terrafusion_os_1.0\backend\src\TerraFusion.Consciousness\TerraFusion.Consciousness.csproj]
C:\Users\bsval\terrafusion_os_1.0\backend\src\TerraFusion.Consciousness\DTOs\AILayerMeshDTOs.cs(386,32): warning CS1591: Missing XML comment for publicly visible type or member 'MeshPerformanceDto.ValidationRingPerformance' [C:\Users\bsval\terrafusion_os_1.0\backend\src\TerraFusion.Consciousness\TerraFusion.Consciousness.csproj]
C:\Users\bsval\terrafusion_os_1.0\backend\src\TerraFusion.Consciousness\DTOs\AILayerMeshDTOs.cs(387,32): warning CS1591: Missing XML comment for publicly visible type or member 'MeshPerformanceDto.CrossCountyFederationPerformance' [C:\Users\bsval\terrafusion_os_1.0\backend\src\TerraFusion.Consciousness\TerraFusion.Consciousness.csproj]
C:\Users\bsval\terrafusion_os_1.0\backend\src\TerraFusion.Consciousness\DTOs\AILayerMeshDTOs.cs(388,32): warning CS1591: Missing XML comment for publicly visible type or member 'MeshPerformanceDto.PerformanceScore' [C:\Users\bsval\terrafusion_os_1.0\backend\src\TerraFusion.Consciousness\TerraFusion.Consciousness.csproj]
C:\Users\bsval\terrafusion_os_1.0\backend\src\TerraFusion.Consciousness\DTOs\AILayerMeshDTOs.cs(389,34): warning CS1591: Missing XML comment for publicly visible type or member 'MeshPerformanceDto.LastMeasurement' [C:\Users\bsval\terrafusion_os_1.0\backend\src\TerraFusion.Consciousness\TerraFusion.Consciousness.csproj]
C:\Users\bsval\terrafusion_os_1.0\backend\src\TerraFusion.Consciousness\DTOs\AILayerMeshDTOs.cs(390,52): warning CS1591: Missing XML comment for publicly visible type or member 'MeshPerformanceDto.PerformanceTrends' [C:\Users\bsval\terrafusion_os_1.0\backend\src\TerraFusion.Consciousness\TerraFusion.Consciousness.csproj]
C:\Users\bsval\terrafusion_os_1.0\backend\src\TerraFusion.Consciousness\DTOs\AILayerMeshDTOs.cs(391,38): warning CS1591: Missing XML comment for publicly visible type or member 'MeshPerformanceDto.OptimizationRecommendations' [C:\Users\bsval\terrafusion_os_1.0\backend\src\TerraFusion.Consciousness\TerraFusion.Consciousness.csproj]
C:\Users\bsval\terrafusion_os_1.0\backend\src\TerraFusion.Consciousness\DTOs\AILayerMeshDTOs.cs(393,44): warning CS1591: Missing XML comment for publicly visible type or member 'MeshPerformanceDto.PerformanceMetrics' [C:\Users\bsval\terrafusion_os_1.0\backend\src\TerraFusion.Consciousness\TerraFusion.Consciousness.csproj]
C:\Users\bsval\terrafusion_os_1.0\backend\src\TerraFusion.Consciousness\DTOs\AILayerMeshDTOs.cs(400,18): warning CS1591: Missing XML comment for publicly visible type or member 'MeshScalingRequestDto' [C:\Users\bsval\terrafusion_os_1.0\backend\src\TerraFusion.Consciousness\TerraFusion.Consciousness.csproj]
C:\Users\bsval\terrafusion_os_1.0\backend\src\TerraFusion.Consciousness\DTOs\AILayerMeshDTOs.cs(402,32): warning CS1591: Missing XML comment for publicly visible type or member 'MeshScalingRequestDto.ScalingId' [C:\Users\bsval\terrafusion_os_1.0\backend\src\TerraFusion.Consciousness\TerraFusion.Consciousness.csproj]
C:\Users\bsval\terrafusion_os_1.0\backend\src\TerraFusion.Consciousness\DTOs\AILayerMeshDTOs.cs(403,32): warning CS1591: Missing XML comment for publicly visible type or member 'MeshScalingRequestDto.ScalingType' [C:\Users\bsval\terrafusion_os_1.0\backend\src\TerraFusion.Consciousness\TerraFusion.Consciousness.csproj]
C:\Users\bsval\terrafusion_os_1.0\backend\src\TerraFusion.Consciousness\DTOs\AILayerMeshDTOs.cs(404,52): warning CS1591: Missing XML comment for publicly visible type or member 'MeshScalingRequestDto.ScalingConfig' [C:\Users\bsval\terrafusion_os_1.0\backend\src\TerraFusion.Consciousness\TerraFusion.Consciousness.csproj]
C:\Users\bsval\terrafusion_os_1.0\backend\src\TerraFusion.Consciousness\DTOs\AILayerMeshDTOs.cs(405,29): warning CS1591: Missing XML comment for publicly visible type or member 'MeshScalingRequestDto.TargetCapacity' [C:\Users\bsval\terrafusion_os_1.0\backend\src\TerraFusion.Consciousness\TerraFusion.Consciousness.csproj]
C:\Users\bsval\terrafusion_os_1.0\backend\src\TerraFusion.Consciousness\DTOs\AILayerMeshDTOs.cs(406,34): warning CS1591: Missing XML comment for publicly visible type or member 'MeshScalingRequestDto.RequestTime' [C:\Users\bsval\terrafusion_os_1.0\backend\src\TerraFusion.Consciousness\TerraFusion.Consciousness.csproj]
C:\Users\bsval\terrafusion_os_1.0\backend\src\TerraFusion.Consciousness\DTOs\AILayerMeshDTOs.cs(407,24): warning CS1591: Missing XML comment for publicly visible type or member 'MeshScalingRequestDto.RequestSource' [C:\Users\bsval\terrafusion_os_1.0\backend\src\TerraFusion.Consciousness\TerraFusion.Consciousness.csproj]
C:\Users\bsval\terrafusion_os_1.0\backend\src\TerraFusion.Consciousness\DTOs\AILayerMeshDTOs.cs(408,44): warning CS1591: Missing XML comment for publicly visible type or member 'MeshScalingRequestDto.ScalingOptions' [C:\Users\bsval\terrafusion_os_1.0\backend\src\TerraFusion.Consciousness\TerraFusion.Consciousness.csproj]
C:\Users\bsval\terrafusion_os_1.0\backend\src\TerraFusion.Consciousness\DTOs\AILayerMeshDTOs.cs(411,21): warning CS1591: Missing XML comment for publicly visible type or member 'MeshScalingRequestDto.ScaleQuantumConsciousness' [C:\Users\bsval\terrafusion_os_1.0\backend\src\TerraFusion.Consciousness\TerraFusion.Consciousness.csproj]
C:\Users\bsval\terrafusion_os_1.0\backend\src\TerraFusion.Consciousness\DTOs\AILayerMeshDTOs.cs(412,21): warning CS1591: Missing XML comment for publicly visible type or member 'MeshScalingRequestDto.ScaleValidationRings' [C:\Users\bsval\terrafusion_os_1.0\backend\src\TerraFusion.Consciousness\TerraFusion.Consciousness.csproj]
C:\Users\bsval\terrafusion_os_1.0\backend\src\TerraFusion.Consciousness\DTOs\AILayerMeshDTOs.cs(413,21): warning CS1591: Missing XML comment for publicly visible type or member 'MeshScalingRequestDto.ScaleCountyFederation' [C:\Users\bsval\terrafusion_os_1.0\backend\src\TerraFusion.Consciousness\TerraFusion.Consciousness.csproj]
C:\Users\bsval\terrafusion_os_1.0\backend\src\TerraFusion.Consciousness\DTOs\AILayerMeshDTOs.cs(414,21): warning CS1591: Missing XML comment for publicly visible type or member 'MeshScalingRequestDto.ScaleLayers' [C:\Users\bsval\terrafusion_os_1.0\backend\src\TerraFusion.Consciousness\TerraFusion.Consciousness.csproj]
C:\Users\bsval\terrafusion_os_1.0\backend\src\TerraFusion.Consciousness\DTOs\AILayerMeshDTOs.cs(415,30): warning CS1591: Missing XML comment for publicly visible type or member 'MeshScalingRequestDto.TargetLayers' [C:\Users\bsval\terrafusion_os_1.0\backend\src\TerraFusion.Consciousness\TerraFusion.Consciousness.csproj]
C:\Users\bsval\terrafusion_os_1.0\backend\src\TerraFusion.Consciousness\DTOs\AILayerMeshDTOs.cs(418,18): warning CS1591: Missing XML comment for publicly visible type or member 'MeshScalingResultDto' [C:\Users\bsval\terrafusion_os_1.0\backend\src\TerraFusion.Consciousness\TerraFusion.Consciousness.csproj]
C:\Users\bsval\terrafusion_os_1.0\backend\src\TerraFusion.Consciousness\DTOs\AILayerMeshDTOs.cs(420,32): warning CS1591: Missing XML comment for publicly visible type or member 'MeshScalingResultDto.ScalingId' [C:\Users\bsval\terrafusion_os_1.0\backend\src\TerraFusion.Consciousness\TerraFusion.Consciousness.csproj]
C:\Users\bsval\terrafusion_os_1.0\backend\src\TerraFusion.Consciousness\DTOs\AILayerMeshDTOs.cs(421,30): warning CS1591: Missing XML comment for publicly visible type or member 'MeshScalingResultDto.Success' [C:\Users\bsval\terrafusion_os_1.0\backend\src\TerraFusion.Consciousness\TerraFusion.Consciousness.csproj]
C:\Users\bsval\terrafusion_os_1.0\backend\src\TerraFusion.Consciousness\DTOs\AILayerMeshDTOs.cs(422,29): warning CS1591: Missing XML comment for publicly visible type or member 'MeshScalingResultDto.NewCapacity' [C:\Users\bsval\terrafusion_os_1.0\backend\src\TerraFusion.Consciousness\TerraFusion.Consciousness.csproj]
C:\Users\bsval\terrafusion_os_1.0\backend\src\TerraFusion.Consciousness\DTOs\AILayerMeshDTOs.cs(423,34): warning CS1591: Missing XML comment for publicly visible type or member 'MeshScalingResultDto.ScalingDuration' [C:\Users\bsval\terrafusion_os_1.0\backend\src\TerraFusion.Consciousness\TerraFusion.Consciousness.csproj]
C:\Users\bsval\terrafusion_os_1.0\backend\src\TerraFusion.Consciousness\DTOs\AILayerMeshDTOs.cs(424,52): warning CS1591: Missing XML comment for publicly visible type or member 'MeshScalingResultDto.ScalingResults' [C:\Users\bsval\terrafusion_os_1.0\backend\src\TerraFusion.Consciousness\TerraFusion.Consciousness.csproj]
C:\Users\bsval\terrafusion_os_1.0\backend\src\TerraFusion.Consciousness\DTOs\AILayerMeshDTOs.cs(425,34): warning CS1591: Missing XML comment for publicly visible type or member 'MeshScalingResultDto.CompletionTime' [C:\Users\bsval\terrafusion_os_1.0\backend\src\TerraFusion.Consciousness\TerraFusion.Consciousness.csproj]
C:\Users\bsval\terrafusion_os_1.0\backend\src\TerraFusion.Consciousness\DTOs\AILayerMeshDTOs.cs(426,30): warning CS1591: Missing XML comment for publicly visible type or member 'MeshScalingResultDto.ScalingIssues' [C:\Users\bsval\terrafusion_os_1.0\backend\src\TerraFusion.Consciousness\TerraFusion.Consciousness.csproj]
C:\Users\bsval\terrafusion_os_1.0\backend\src\TerraFusion.Consciousness\DTOs\AILayerMeshDTOs.cs(427,44): warning CS1591: Missing XML comment for publicly visible type or member 'MeshScalingResultDto.ScalingMetrics' [C:\Users\bsval\terrafusion_os_1.0\backend\src\TerraFusion.Consciousness\TerraFusion.Consciousness.csproj]
C:\Users\bsval\terrafusion_os_1.0\backend\src\TerraFusion.Consciousness\DTOs\AILayerMeshDTOs.cs(430,23): warning CS1591: Missing XML comment for publicly visible type or member 'MeshScalingResultDto.ScalingType' [C:\Users\bsval\terrafusion_os_1.0\backend\src\TerraFusion.Consciousness\TerraFusion.Consciousness.csproj]
C:\Users\bsval\terrafusion_os_1.0\backend\src\TerraFusion.Consciousness\DTOs\AILayerMeshDTOs.cs(431,20): warning CS1591: Missing XML comment for publicly visible type or member 'MeshScalingResultDto.TargetCapacity' [C:\Users\bsval\terrafusion_os_1.0\backend\src\TerraFusion.Consciousness\TerraFusion.Consciousness.csproj]
C:\Users\bsval\terrafusion_os_1.0\backend\src\TerraFusion.Consciousness\DTOs\AILayerMeshDTOs.cs(432,20): warning CS1591: Missing XML comment for publicly visible type or member 'MeshScalingResultDto.AchievedCapacity' [C:\Users\bsval\terrafusion_os_1.0\backend\src\TerraFusion.Consciousness\TerraFusion.Consciousness.csproj]
C:\Users\bsval\terrafusion_os_1.0\backend\src\TerraFusion.Consciousness\DTOs\AILayerMeshDTOs.cs(433,25): warning CS1591: Missing XML comment for publicly visible type or member 'MeshScalingResultDto.ScalingTime' [C:\Users\bsval\terrafusion_os_1.0\backend\src\TerraFusion.Consciousness\TerraFusion.Consciousness.csproj]
C:\Users\bsval\terrafusion_os_1.0\backend\src\TerraFusion.Consciousness\DTOs\AILayerMeshDTOs.cs(434,43): warning CS1591: Missing XML comment for publicly visible type or member 'MeshScalingResultDto.PostScalingMetrics' [C:\Users\bsval\terrafusion_os_1.0\backend\src\TerraFusion.Consciousness\TerraFusion.Consciousness.csproj]
C:\Users\bsval\terrafusion_os_1.0\backend\src\TerraFusion.Consciousness\DTOs\AILayerMeshDTOs.cs(435,43): warning CS1591: Missing XML comment for publicly visible type or member 'MeshScalingResultDto.NewConfiguration' [C:\Users\bsval\terrafusion_os_1.0\backend\src\TerraFusion.Consciousness\TerraFusion.Consciousness.csproj]
C:\Users\bsval\terrafusion_os_1.0\backend\src\TerraFusion.Consciousness\DTOs\AILayerMeshDTOs.cs(442,18): warning CS1591: Missing XML comment for publicly visible type or member 'MeshConfigurationDto' [C:\Users\bsval\terrafusion_os_1.0\backend\src\TerraFusion.Consciousness\TerraFusion.Consciousness.csproj]
C:\Users\bsval\terrafusion_os_1.0\backend\src\TerraFusion.Consciousness\DTOs\AILayerMeshDTOs.cs(444,32): warning CS1591: Missing XML comment for publicly visible type or member 'MeshConfigurationDto.ConfigId' [C:\Users\bsval\terrafusion_os_1.0\backend\src\TerraFusion.Consciousness\TerraFusion.Consciousness.csproj]
C:\Users\bsval\terrafusion_os_1.0\backend\src\TerraFusion.Consciousness\DTOs\AILayerMeshDTOs.cs(445,52): warning CS1591: Missing XML comment for publicly visible type or member 'MeshConfigurationDto.LayerConfigs' [C:\Users\bsval\terrafusion_os_1.0\backend\src\TerraFusion.Consciousness\TerraFusion.Consciousness.csproj]
C:\Users\bsval\terrafusion_os_1.0\backend\src\TerraFusion.Consciousness\DTOs\AILayerMeshDTOs.cs(446,52): warning CS1591: Missing XML comment for publicly visible type or member 'MeshConfigurationDto.MeshSettings' [C:\Users\bsval\terrafusion_os_1.0\backend\src\TerraFusion.Consciousness\TerraFusion.Consciousness.csproj]
C:\Users\bsval\terrafusion_os_1.0\backend\src\TerraFusion.Consciousness\DTOs\AILayerMeshDTOs.cs(447,34): warning CS1591: Missing XML comment for publicly visible type or member 'MeshConfigurationDto.ConfigTime' [C:\Users\bsval\terrafusion_os_1.0\backend\src\TerraFusion.Consciousness\TerraFusion.Consciousness.csproj]
C:\Users\bsval\terrafusion_os_1.0\backend\src\TerraFusion.Consciousness\DTOs\AILayerMeshDTOs.cs(448,24): warning CS1591: Missing XML comment for publicly visible type or member 'MeshConfigurationDto.ConfigSource' [C:\Users\bsval\terrafusion_os_1.0\backend\src\TerraFusion.Consciousness\TerraFusion.Consciousness.csproj]
C:\Users\bsval\terrafusion_os_1.0\backend\src\TerraFusion.Consciousness\DTOs\AILayerMeshDTOs.cs(449,44): warning CS1591: Missing XML comment for publicly visible type or member 'MeshConfigurationDto.AdvancedSettings' [C:\Users\bsval\terrafusion_os_1.0\backend\src\TerraFusion.Consciousness\TerraFusion.Consciousness.csproj]
C:\Users\bsval\terrafusion_os_1.0\backend\src\TerraFusion.Consciousness\DTOs\AILayerMeshDTOs.cs(452,43): warning CS1591: Missing XML comment for publicly visible type or member 'MeshConfigurationDto.LayerConfigurations' [C:\Users\bsval\terrafusion_os_1.0\backend\src\TerraFusion.Consciousness\TerraFusion.Consciousness.csproj]
C:\Users\bsval\terrafusion_os_1.0\backend\src\TerraFusion.Consciousness\DTOs\AILayerMeshDTOs.cs(453,43): warning CS1591: Missing XML comment for publicly visible type or member 'MeshConfigurationDto.ValidationRingConfiguration' [C:\Users\bsval\terrafusion_os_1.0\backend\src\TerraFusion.Consciousness\TerraFusion.Consciousness.csproj]
C:\Users\bsval\terrafusion_os_1.0\backend\src\TerraFusion.Consciousness\DTOs\AILayerMeshDTOs.cs(454,43): warning CS1591: Missing XML comment for publicly visible type or member 'MeshConfigurationDto.PerformanceConfiguration' [C:\Users\bsval\terrafusion_os_1.0\backend\src\TerraFusion.Consciousness\TerraFusion.Consciousness.csproj]
C:\Users\bsval\terrafusion_os_1.0\backend\src\TerraFusion.Consciousness\DTOs\AILayerMeshDTOs.cs(455,25): warning CS1591: Missing XML comment for publicly visible type or member 'MeshConfigurationDto.LastUpdated' [C:\Users\bsval\terrafusion_os_1.0\backend\src\TerraFusion.Consciousness\TerraFusion.Consciousness.csproj]
C:\Users\bsval\terrafusion_os_1.0\backend\src\TerraFusion.Consciousness\DTOs\AILayerMeshDTOs.cs(458,18): warning CS1591: Missing XML comment for publicly visible type or member 'MeshConfigurationUpdateDto' [C:\Users\bsval\terrafusion_os_1.0\backend\src\TerraFusion.Consciousness\TerraFusion.Consciousness.csproj]
C:\Users\bsval\terrafusion_os_1.0\backend\src\TerraFusion.Consciousness\DTOs\AILayerMeshDTOs.cs(460,32): warning CS1591: Missing XML comment for publicly visible type or member 'MeshConfigurationUpdateDto.UpdateId' [C:\Users\bsval\terrafusion_os_1.0\backend\src\TerraFusion.Consciousness\TerraFusion.Consciousness.csproj]
C:\Users\bsval\terrafusion_os_1.0\backend\src\TerraFusion.Consciousness\DTOs\AILayerMeshDTOs.cs(461,52): warning CS1591: Missing XML comment for publicly visible type or member 'MeshConfigurationUpdateDto.ConfigChanges' [C:\Users\bsval\terrafusion_os_1.0\backend\src\TerraFusion.Consciousness\TerraFusion.Consciousness.csproj]
C:\Users\bsval\terrafusion_os_1.0\backend\src\TerraFusion.Consciousness\DTOs\AILayerMeshDTOs.cs(462,34): warning CS1591: Missing XML comment for publicly visible type or member 'MeshConfigurationUpdateDto.AffectedLayers' [C:\Users\bsval\terrafusion_os_1.0\backend\src\TerraFusion.Consciousness\TerraFusion.Consciousness.csproj]
C:\Users\bsval\terrafusion_os_1.0\backend\src\TerraFusion.Consciousness\DTOs\AILayerMeshDTOs.cs(463,34): warning CS1591: Missing XML comment for publicly visible type or member 'MeshConfigurationUpdateDto.UpdateTime' [C:\Users\bsval\terrafusion_os_1.0\backend\src\TerraFusion.Consciousness\TerraFusion.Consciousness.csproj]
C:\Users\bsval\terrafusion_os_1.0\backend\src\TerraFusion.Consciousness\DTOs\AILayerMeshDTOs.cs(464,24): warning CS1591: Missing XML comment for publicly visible type or member 'MeshConfigurationUpdateDto.UpdateSource' [C:\Users\bsval\terrafusion_os_1.0\backend\src\TerraFusion.Consciousness\TerraFusion.Consciousness.csproj]
C:\Users\bsval\terrafusion_os_1.0\backend\src\TerraFusion.Consciousness\DTOs\AILayerMeshDTOs.cs(465,44): warning CS1591: Missing XML comment for publicly visible type or member 'MeshConfigurationUpdateDto.UpdateOptions' [C:\Users\bsval\terrafusion_os_1.0\backend\src\TerraFusion.Consciousness\TerraFusion.Consciousness.csproj]
C:\Users\bsval\terrafusion_os_1.0\backend\src\TerraFusion.Consciousness\DTOs\AILayerMeshDTOs.cs(468,23): warning CS1591: Missing XML comment for publicly visible type or member 'MeshConfigurationUpdateDto.ConfigurationType' [C:\Users\bsval\terrafusion_os_1.0\backend\src\TerraFusion.Consciousness\TerraFusion.Consciousness.csproj]
C:\Users\bsval\terrafusion_os_1.0\backend\src\TerraFusion.Consciousness\DTOs\AILayerMeshDTOs.cs(475,18): warning CS1591: Missing XML comment for publicly visible type or member 'RingDissentDto' [C:\Users\bsval\terrafusion_os_1.0\backend\src\TerraFusion.Consciousness\TerraFusion.Consciousness.csproj]
C:\Users\bsval\terrafusion_os_1.0\backend\src\TerraFusion.Consciousness\DTOs\AILayerMeshDTOs.cs(477,32): warning CS1591: Missing XML comment for publicly visible type or member 'RingDissentDto.DissentId' [C:\Users\bsval\terrafusion_os_1.0\backend\src\TerraFusion.Consciousness\TerraFusion.Consciousness.csproj]
C:\Users\bsval\terrafusion_os_1.0\backend\src\TerraFusion.Consciousness\DTOs\AILayerMeshDTOs.cs(478,32): warning CS1591: Missing XML comment for publicly visible type or member 'RingDissentDto.RingId' [C:\Users\bsval\terrafusion_os_1.0\backend\src\TerraFusion.Consciousness\TerraFusion.Consciousness.csproj]
C:\Users\bsval\terrafusion_os_1.0\backend\src\TerraFusion.Consciousness\DTOs\AILayerMeshDTOs.cs(479,52): warning CS1591: Missing XML comment for publicly visible type or member 'RingDissentDto.DissentData' [C:\Users\bsval\terrafusion_os_1.0\backend\src\TerraFusion.Consciousness\TerraFusion.Consciousness.csproj]
C:\Users\bsval\terrafusion_os_1.0\backend\src\TerraFusion.Consciousness\DTOs\AILayerMeshDTOs.cs(480,32): warning CS1591: Missing XML comment for publicly visible type or member 'RingDissentDto.DissentReason' [C:\Users\bsval\terrafusion_os_1.0\backend\src\TerraFusion.Consciousness\TerraFusion.Consciousness.csproj]
C:\Users\bsval\terrafusion_os_1.0\backend\src\TerraFusion.Consciousness\DTOs\AILayerMeshDTOs.cs(481,34): warning CS1591: Missing XML comment for publicly visible type or member 'RingDissentDto.DissentTime' [C:\Users\bsval\terrafusion_os_1.0\backend\src\TerraFusion.Consciousness\TerraFusion.Consciousness.csproj]
C:\Users\bsval\terrafusion_os_1.0\backend\src\TerraFusion.Consciousness\DTOs\AILayerMeshDTOs.cs(482,32): warning CS1591: Missing XML comment for publicly visible type or member 'RingDissentDto.SeverityLevel' [C:\Users\bsval\terrafusion_os_1.0\backend\src\TerraFusion.Consciousness\TerraFusion.Consciousness.csproj]
C:\Users\bsval\terrafusion_os_1.0\backend\src\TerraFusion.Consciousness\DTOs\AILayerMeshDTOs.cs(483,44): warning CS1591: Missing XML comment for publicly visible type or member 'RingDissentDto.DissentContext' [C:\Users\bsval\terrafusion_os_1.0\backend\src\TerraFusion.Consciousness\TerraFusion.Consciousness.csproj]
C:\Users\bsval\terrafusion_os_1.0\backend\src\TerraFusion.Consciousness\DTOs\AILayerMeshDTOs.cs(486,18): warning CS1591: Missing XML comment for publicly visible type or member 'DissentHandlingResultDto' [C:\Users\bsval\terrafusion_os_1.0\backend\src\TerraFusion.Consciousness\TerraFusion.Consciousness.csproj]
C:\Users\bsval\terrafusion_os_1.0\backend\src\TerraFusion.Consciousness\DTOs\AILayerMeshDTOs.cs(488,32): warning CS1591: Missing XML comment for publicly visible type or member 'DissentHandlingResultDto.DissentId' [C:\Users\bsval\terrafusion_os_1.0\backend\src\TerraFusion.Consciousness\TerraFusion.Consciousness.csproj]
C:\Users\bsval\terrafusion_os_1.0\backend\src\TerraFusion.Consciousness\DTOs\AILayerMeshDTOs.cs(489,30): warning CS1591: Missing XML comment for publicly visible type or member 'DissentHandlingResultDto.Resolved' [C:\Users\bsval\terrafusion_os_1.0\backend\src\TerraFusion.Consciousness\TerraFusion.Consciousness.csproj]
C:\Users\bsval\terrafusion_os_1.0\backend\src\TerraFusion.Consciousness\DTOs\AILayerMeshDTOs.cs(490,32): warning CS1591: Missing XML comment for publicly visible type or member 'DissentHandlingResultDto.Resolution' [C:\Users\bsval\terrafusion_os_1.0\backend\src\TerraFusion.Consciousness\TerraFusion.Consciousness.csproj]
C:\Users\bsval\terrafusion_os_1.0\backend\src\TerraFusion.Consciousness\DTOs\AILayerMeshDTOs.cs(491,52): warning CS1591: Missing XML comment for publicly visible type or member 'DissentHandlingResultDto.ResolutionData' [C:\Users\bsval\terrafusion_os_1.0\backend\src\TerraFusion.Consciousness\TerraFusion.Consciousness.csproj]
C:\Users\bsval\terrafusion_os_1.0\backend\src\TerraFusion.Consciousness\DTOs\AILayerMeshDTOs.cs(492,34): warning CS1591: Missing XML comment for publicly visible type or member 'DissentHandlingResultDto.ResolutionTime' [C:\Users\bsval\terrafusion_os_1.0\backend\src\TerraFusion.Consciousness\TerraFusion.Consciousness.csproj]
C:\Users\bsval\terrafusion_os_1.0\backend\src\TerraFusion.Consciousness\DTOs\AILayerMeshDTOs.cs(493,30): warning CS1591: Missing XML comment for publicly visible type or member 'DissentHandlingResultDto.ResolutionSteps' [C:\Users\bsval\terrafusion_os_1.0\backend\src\TerraFusion.Consciousness\TerraFusion.Consciousness.csproj]
C:\Users\bsval\terrafusion_os_1.0\backend\src\TerraFusion.Consciousness\DTOs\AILayerMeshDTOs.cs(494,44): warning CS1591: Missing XML comment for publicly visible type or member 'DissentHandlingResultDto.ResolutionMetrics' [C:\Users\bsval\terrafusion_os_1.0\backend\src\TerraFusion.Consciousness\TerraFusion.Consciousness.csproj]
C:\Users\bsval\terrafusion_os_1.0\backend\src\TerraFusion.Consciousness\DTOs\AILayerMeshDTOs.cs(501,18): warning CS1591: Missing XML comment for publicly visible type or member 'FISMAComplianceResultDto' [C:\Users\bsval\terrafusion_os_1.0\backend\src\TerraFusion.Consciousness\TerraFusion.Consciousness.csproj]
C:\Users\bsval\terrafusion_os_1.0\backend\src\TerraFusion.Consciousness\DTOs\AILayerMeshDTOs.cs(503,30): warning CS1591: Missing XML comment for publicly visible type or member 'FISMAComplianceResultDto.IsCompliant' [C:\Users\bsval\terrafusion_os_1.0\backend\src\TerraFusion.Consciousness\TerraFusion.Consciousness.csproj]
C:\Users\bsval\terrafusion_os_1.0\backend\src\TerraFusion.Consciousness\DTOs\AILayerMeshDTOs.cs(504,52): warning CS1591: Missing XML comment for publicly visible type or member 'FISMAComplianceResultDto.ComplianceResults' [C:\Users\bsval\terrafusion_os_1.0\backend\src\TerraFusion.Consciousness\TerraFusion.Consciousness.csproj]
C:\Users\bsval\terrafusion_os_1.0\backend\src\TerraFusion.Consciousness\DTOs\AILayerMeshDTOs.cs(505,38): warning CS1591: Missing XML comment for publicly visible type or member 'FISMAComplianceResultDto.ComplianceIssues' [C:\Users\bsval\terrafusion_os_1.0\backend\src\TerraFusion.Consciousness\TerraFusion.Consciousness.csproj]
C:\Users\bsval\terrafusion_os_1.0\backend\src\TerraFusion.Consciousness\DTOs\AILayerMeshDTOs.cs(506,34): warning CS1591: Missing XML comment for publicly visible type or member 'FISMAComplianceResultDto.ComplianceCheckTime' [C:\Users\bsval\terrafusion_os_1.0\backend\src\TerraFusion.Consciousness\TerraFusion.Consciousness.csproj]
C:\Users\bsval\terrafusion_os_1.0\backend\src\TerraFusion.Consciousness\DTOs\AILayerMeshDTOs.cs(507,32): warning CS1591: Missing XML comment for publicly visible type or member 'FISMAComplianceResultDto.ComplianceScore' [C:\Users\bsval\terrafusion_os_1.0\backend\src\TerraFusion.Consciousness\TerraFusion.Consciousness.csproj]
C:\Users\bsval\terrafusion_os_1.0\backend\src\TerraFusion.Consciousness\DTOs\AILayerMeshDTOs.cs(508,44): warning CS1591: Missing XML comment for publicly visible type or member 'FISMAComplianceResultDto.ComplianceMetrics' [C:\Users\bsval\terrafusion_os_1.0\backend\src\TerraFusion.Consciousness\TerraFusion.Consciousness.csproj]
C:\Users\bsval\terrafusion_os_1.0\backend\src\TerraFusion.Consciousness\DTOs\AILayerMeshDTOs.cs(511,18): warning CS1591: Missing XML comment for publicly visible type or member 'FedRAMPComplianceResultDto' [C:\Users\bsval\terrafusion_os_1.0\backend\src\TerraFusion.Consciousness\TerraFusion.Consciousness.csproj]
C:\Users\bsval\terrafusion_os_1.0\backend\src\TerraFusion.Consciousness\DTOs\AILayerMeshDTOs.cs(513,30): warning CS1591: Missing XML comment for publicly visible type or member 'FedRAMPComplianceResultDto.IsCompliant' [C:\Users\bsval\terrafusion_os_1.0\backend\src\TerraFusion.Consciousness\TerraFusion.Consciousness.csproj]
C:\Users\bsval\terrafusion_os_1.0\backend\src\TerraFusion.Consciousness\DTOs\AILayerMeshDTOs.cs(514,52): warning CS1591: Missing XML comment for publicly visible type or member 'FedRAMPComplianceResultDto.ComplianceResults' [C:\Users\bsval\terrafusion_os_1.0\backend\src\TerraFusion.Consciousness\TerraFusion.Consciousness.csproj]
C:\Users\bsval\terrafusion_os_1.0\backend\src\TerraFusion.Consciousness\DTOs\AILayerMeshDTOs.cs(515,38): warning CS1591: Missing XML comment for publicly visible type or member 'FedRAMPComplianceResultDto.ComplianceIssues' [C:\Users\bsval\terrafusion_os_1.0\backend\src\TerraFusion.Consciousness\TerraFusion.Consciousness.csproj]
C:\Users\bsval\terrafusion_os_1.0\backend\src\TerraFusion.Consciousness\DTOs\AILayerMeshDTOs.cs(516,34): warning CS1591: Missing XML comment for publicly visible type or member 'FedRAMPComplianceResultDto.ComplianceCheckTime' [C:\Users\bsval\terrafusion_os_1.0\backend\src\TerraFusion.Consciousness\TerraFusion.Consciousness.csproj]
C:\Users\bsval\terrafusion_os_1.0\backend\src\TerraFusion.Consciousness\DTOs\AILayerMeshDTOs.cs(517,32): warning CS1591: Missing XML comment for publicly visible type or member 'FedRAMPComplianceResultDto.ComplianceScore' [C:\Users\bsval\terrafusion_os_1.0\backend\src\TerraFusion.Consciousness\TerraFusion.Consciousness.csproj]
C:\Users\bsval\terrafusion_os_1.0\backend\src\TerraFusion.Consciousness\DTOs\AILayerMeshDTOs.cs(518,44): warning CS1591: Missing XML comment for publicly visible type or member 'FedRAMPComplianceResultDto.ComplianceMetrics' [C:\Users\bsval\terrafusion_os_1.0\backend\src\TerraFusion.Consciousness\TerraFusion.Consciousness.csproj]
C:\Users\bsval\terrafusion_os_1.0\backend\src\TerraFusion.Consciousness\DTOs\AILayerMeshDTOs.cs(521,18): warning CS1591: Missing XML comment for publicly visible type or member 'SOC2ComplianceResultDto' [C:\Users\bsval\terrafusion_os_1.0\backend\src\TerraFusion.Consciousness\TerraFusion.Consciousness.csproj]
C:\Users\bsval\terrafusion_os_1.0\backend\src\TerraFusion.Consciousness\DTOs\AILayerMeshDTOs.cs(523,30): warning CS1591: Missing XML comment for publicly visible type or member 'SOC2ComplianceResultDto.IsCompliant' [C:\Users\bsval\terrafusion_os_1.0\backend\src\TerraFusion.Consciousness\TerraFusion.Consciousness.csproj]
C:\Users\bsval\terrafusion_os_1.0\backend\src\TerraFusion.Consciousness\DTOs\AILayerMeshDTOs.cs(524,52): warning CS1591: Missing XML comment for publicly visible type or member 'SOC2ComplianceResultDto.ComplianceResults' [C:\Users\bsval\terrafusion_os_1.0\backend\src\TerraFusion.Consciousness\TerraFusion.Consciousness.csproj]
C:\Users\bsval\terrafusion_os_1.0\backend\src\TerraFusion.Consciousness\DTOs\AILayerMeshDTOs.cs(525,38): warning CS1591: Missing XML comment for publicly visible type or member 'SOC2ComplianceResultDto.ComplianceIssues' [C:\Users\bsval\terrafusion_os_1.0\backend\src\TerraFusion.Consciousness\TerraFusion.Consciousness.csproj]
C:\Users\bsval\terrafusion_os_1.0\backend\src\TerraFusion.Consciousness\DTOs\AILayerMeshDTOs.cs(526,34): warning CS1591: Missing XML comment for publicly visible type or member 'SOC2ComplianceResultDto.ComplianceCheckTime' [C:\Users\bsval\terrafusion_os_1.0\backend\src\TerraFusion.Consciousness\TerraFusion.Consciousness.csproj]
C:\Users\bsval\terrafusion_os_1.0\backend\src\TerraFusion.Consciousness\DTOs\AILayerMeshDTOs.cs(527,32): warning CS1591: Missing XML comment for publicly visible type or member 'SOC2ComplianceResultDto.ComplianceScore' [C:\Users\bsval\terrafusion_os_1.0\backend\src\TerraFusion.Consciousness\TerraFusion.Consciousness.csproj]
C:\Users\bsval\terrafusion_os_1.0\backend\src\TerraFusion.Consciousness\DTOs\AILayerMeshDTOs.cs(528,44): warning CS1591: Missing XML comment for publicly visible type or member 'SOC2ComplianceResultDto.ComplianceMetrics' [C:\Users\bsval\terrafusion_os_1.0\backend\src\TerraFusion.Consciousness\TerraFusion.Consciousness.csproj]
C:\Users\bsval\terrafusion_os_1.0\backend\src\TerraFusion.Consciousness\DTOs\AILayerMeshDTOs.cs(531,18): warning CS1591: Missing XML comment for publicly visible type or member 'ComplianceReportDto' [C:\Users\bsval\terrafusion_os_1.0\backend\src\TerraFusion.Consciousness\TerraFusion.Consciousness.csproj]
C:\Users\bsval\terrafusion_os_1.0\backend\src\TerraFusion.Consciousness\DTOs\AILayerMeshDTOs.cs(533,50): warning CS1591: Missing XML comment for publicly visible type or member 'ComplianceReportDto.FISMACompliance' [C:\Users\bsval\terrafusion_os_1.0\backend\src\TerraFusion.Consciousness\TerraFusion.Consciousness.csproj]
C:\Users\bsval\terrafusion_os_1.0\backend\src\TerraFusion.Consciousness\DTOs\AILayerMeshDTOs.cs(534,52): warning CS1591: Missing XML comment for publicly visible type or member 'ComplianceReportDto.FedRAMPCompliance' [C:\Users\bsval\terrafusion_os_1.0\backend\src\TerraFusion.Consciousness\TerraFusion.Consciousness.csproj]
C:\Users\bsval\terrafusion_os_1.0\backend\src\TerraFusion.Consciousness\DTOs\AILayerMeshDTOs.cs(535,49): warning CS1591: Missing XML comment for publicly visible type or member 'ComplianceReportDto.SOC2Compliance' [C:\Users\bsval\terrafusion_os_1.0\backend\src\TerraFusion.Consciousness\TerraFusion.Consciousness.csproj]
C:\Users\bsval\terrafusion_os_1.0\backend\src\TerraFusion.Consciousness\DTOs\AILayerMeshDTOs.cs(536,34): warning CS1591: Missing XML comment for publicly visible type or member 'ComplianceReportDto.ReportTime' [C:\Users\bsval\terrafusion_os_1.0\backend\src\TerraFusion.Consciousness\TerraFusion.Consciousness.csproj]
C:\Users\bsval\terrafusion_os_1.0\backend\src\TerraFusion.Consciousness\DTOs\AILayerMeshDTOs.cs(537,44): warning CS1591: Missing XML comment for publicly visible type or member 'ComplianceReportDto.ReportMetrics' [C:\Users\bsval\terrafusion_os_1.0\backend\src\TerraFusion.Consciousness\TerraFusion.Consciousness.csproj]
C:\Users\bsval\terrafusion_os_1.0\backend\src\TerraFusion.Consciousness\DTOs\AILayerMeshDTOs.cs(540,18): warning CS1591: Missing XML comment for publicly visible type or member 'FederatedComplianceResultDto' [C:\Users\bsval\terrafusion_os_1.0\backend\src\TerraFusion.Consciousness\TerraFusion.Consciousness.csproj]
C:\Users\bsval\terrafusion_os_1.0\backend\src\TerraFusion.Consciousness\DTOs\AILayerMeshDTOs.cs(542,30): warning CS1591: Missing XML comment for publicly visible type or member 'FederatedComplianceResultDto.IsCompliant' [C:\Users\bsval\terrafusion_os_1.0\backend\src\TerraFusion.Consciousness\TerraFusion.Consciousness.csproj]
C:\Users\bsval\terrafusion_os_1.0\backend\src\TerraFusion.Consciousness\DTOs\AILayerMeshDTOs.cs(543,52): warning CS1591: Missing XML comment for publicly visible type or member 'FederatedComplianceResultDto.ComplianceResults' [C:\Users\bsval\terrafusion_os_1.0\backend\src\TerraFusion.Consciousness\TerraFusion.Consciousness.csproj]
C:\Users\bsval\terrafusion_os_1.0\backend\src\TerraFusion.Consciousness\DTOs\AILayerMeshDTOs.cs(544,38): warning CS1591: Missing XML comment for publicly visible type or member 'FederatedComplianceResultDto.ComplianceIssues' [C:\Users\bsval\terrafusion_os_1.0\backend\src\TerraFusion.Consciousness\TerraFusion.Consciousness.csproj]
C:\Users\bsval\terrafusion_os_1.0\backend\src\TerraFusion.Consciousness\DTOs\AILayerMeshDTOs.cs(545,34): warning CS1591: Missing XML comment for publicly visible type or member 'FederatedComplianceResultDto.ComplianceCheckTime' [C:\Users\bsval\terrafusion_os_1.0\backend\src\TerraFusion.Consciousness\TerraFusion.Consciousness.csproj]
C:\Users\bsval\terrafusion_os_1.0\backend\src\TerraFusion.Consciousness\DTOs\AILayerMeshDTOs.cs(548,32): warning CS1591: Missing XML comment for publicly visible type or member 'FederatedComplianceResultDto.OverallScore' [C:\Users\bsval\terrafusion_os_1.0\backend\src\TerraFusion.Consciousness\TerraFusion.Consciousness.csproj]
C:\Users\bsval\terrafusion_os_1.0\backend\src\TerraFusion.Consciousness\DTOs\AILayerMeshDTOs.cs(549,32): warning CS1591: Missing XML comment for publicly visible type or member 'FederatedComplianceResultDto.PrivacyCompliance' [C:\Users\bsval\terrafusion_os_1.0\backend\src\TerraFusion.Consciousness\TerraFusion.Consciousness.csproj]
C:\Users\bsval\terrafusion_os_1.0\backend\src\TerraFusion.Consciousness\DTOs\AILayerMeshDTOs.cs(550,32): warning CS1591: Missing XML comment for publicly visible type or member 'FederatedComplianceResultDto.DataSovereigntyCompliance' [C:\Users\bsval\terrafusion_os_1.0\backend\src\TerraFusion.Consciousness\TerraFusion.Consciousness.csproj]
C:\Users\bsval\terrafusion_os_1.0\backend\src\TerraFusion.Consciousness\DTOs\AILayerMeshDTOs.cs(551,32): warning CS1591: Missing XML comment for publicly visible type or member 'FederatedComplianceResultDto.SecurityCompliance' [C:\Users\bsval\terrafusion_os_1.0\backend\src\TerraFusion.Consciousness\TerraFusion.Consciousness.csproj]
C:\Users\bsval\terrafusion_os_1.0\backend\src\TerraFusion.Consciousness\DTOs\AILayerMeshDTOs.cs(552,32): warning CS1591: Missing XML comment for publicly visible type or member 'FederatedComplianceResultDto.EthicalAICompliance' [C:\Users\bsval\terrafusion_os_1.0\backend\src\TerraFusion.Consciousness\TerraFusion.Consciousness.csproj]
C:\Users\bsval\terrafusion_os_1.0\backend\src\TerraFusion.Consciousness\DTOs\AILayerMeshDTOs.cs(553,34): warning CS1591: Missing XML comment for publicly visible type or member 'FederatedComplianceResultDto.LastAudit' [C:\Users\bsval\terrafusion_os_1.0\backend\src\TerraFusion.Consciousness\TerraFusion.Consciousness.csproj]
C:\Users\bsval\terrafusion_os_1.0\backend\src\TerraFusion.Consciousness\DTOs\AILayerMeshDTOs.cs(554,38): warning CS1591: Missing XML comment for publicly visible type or member 'FederatedComplianceResultDto.ComplianceGuarantees' [C:\Users\bsval\terrafusion_os_1.0\backend\src\TerraFusion.Consciousness\TerraFusion.Consciousness.csproj]
C:\Users\bsval\terrafusion_os_1.0\backend\src\TerraFusion.Consciousness\DTOs\AILayerMeshDTOs.cs(556,44): warning CS1591: Missing XML comment for publicly visible type or member 'FederatedComplianceResultDto.ComplianceMetrics' [C:\Users\bsval\terrafusion_os_1.0\backend\src\TerraFusion.Consciousness\TerraFusion.Consciousness.csproj]
C:\Users\bsval\terrafusion_os_1.0\backend\src\TerraFusion.Consciousness\DTOs\AILayerMeshDTOs.cs(563,18): warning CS1591: Missing XML comment for publicly visible type or member 'EnhancedConsciousnessDataDto' [C:\Users\bsval\terrafusion_os_1.0\backend\src\TerraFusion.Consciousness\TerraFusion.Consciousness.csproj]
C:\Users\bsval\terrafusion_os_1.0\backend\src\TerraFusion.Consciousness\DTOs\AILayerMeshDTOs.cs(565,32): warning CS1591: Missing XML comment for publicly visible type or member 'EnhancedConsciousnessDataDto.ConsciousnessId' [C:\Users\bsval\terrafusion_os_1.0\backend\src\TerraFusion.Consciousness\TerraFusion.Consciousness.csproj]
C:\Users\bsval\terrafusion_os_1.0\backend\src\TerraFusion.Consciousness\DTOs\AILayerMeshDTOs.cs(566,52): warning CS1591: Missing XML comment for publicly visible type or member 'EnhancedConsciousnessDataDto.ConsciousnessData' [C:\Users\bsval\terrafusion_os_1.0\backend\src\TerraFusion.Consciousness\TerraFusion.Consciousness.csproj]
C:\Users\bsval\terrafusion_os_1.0\backend\src\TerraFusion.Consciousness\DTOs\AILayerMeshDTOs.cs(567,32): warning CS1591: Missing XML comment for publicly visible type or member 'EnhancedConsciousnessDataDto.ConsciousnessLevel' [C:\Users\bsval\terrafusion_os_1.0\backend\src\TerraFusion.Consciousness\TerraFusion.Consciousness.csproj]
C:\Users\bsval\terrafusion_os_1.0\backend\src\TerraFusion.Consciousness\DTOs\AILayerMeshDTOs.cs(568,34): warning CS1591: Missing XML comment for publicly visible type or member 'EnhancedConsciousnessDataDto.DataTime' [C:\Users\bsval\terrafusion_os_1.0\backend\src\TerraFusion.Consciousness\TerraFusion.Consciousness.csproj]
C:\Users\bsval\terrafusion_os_1.0\backend\src\TerraFusion.Consciousness\DTOs\AILayerMeshDTOs.cs(569,44): warning CS1591: Missing XML comment for publicly visible type or member 'EnhancedConsciousnessDataDto.ConsciousnessMetrics' [C:\Users\bsval\terrafusion_os_1.0\backend\src\TerraFusion.Consciousness\TerraFusion.Consciousness.csproj]
C:\Users\bsval\terrafusion_os_1.0\backend\src\TerraFusion.Consciousness\DTOs\AILayerMeshDTOs.cs(572,18): warning CS1591: Missing XML comment for publicly visible type or member 'ConsciousnessModeRequestDto' [C:\Users\bsval\terrafusion_os_1.0\backend\src\TerraFusion.Consciousness\TerraFusion.Consciousness.csproj]
C:\Users\bsval\terrafusion_os_1.0\backend\src\TerraFusion.Consciousness\DTOs\AILayerMeshDTOs.cs(574,32): warning CS1591: Missing XML comment for publicly visible type or member 'ConsciousnessModeRequestDto.ModeId' [C:\Users\bsval\terrafusion_os_1.0\backend\src\TerraFusion.Consciousness\TerraFusion.Consciousness.csproj]
C:\Users\bsval\terrafusion_os_1.0\backend\src\TerraFusion.Consciousness\DTOs\AILayerMeshDTOs.cs(575,32): warning CS1591: Missing XML comment for publicly visible type or member 'ConsciousnessModeRequestDto.RequestedMode' [C:\Users\bsval\terrafusion_os_1.0\backend\src\TerraFusion.Consciousness\TerraFusion.Consciousness.csproj]
C:\Users\bsval\terrafusion_os_1.0\backend\src\TerraFusion.Consciousness\DTOs\AILayerMeshDTOs.cs(576,52): warning CS1591: Missing XML comment for publicly visible type or member 'ConsciousnessModeRequestDto.ModeConfig' [C:\Users\bsval\terrafusion_os_1.0\backend\src\TerraFusion.Consciousness\TerraFusion.Consciousness.csproj]
C:\Users\bsval\terrafusion_os_1.0\backend\src\TerraFusion.Consciousness\DTOs\AILayerMeshDTOs.cs(577,34): warning CS1591: Missing XML comment for publicly visible type or member 'ConsciousnessModeRequestDto.RequestTime' [C:\Users\bsval\terrafusion_os_1.0\backend\src\TerraFusion.Consciousness\TerraFusion.Consciousness.csproj]
C:\Users\bsval\terrafusion_os_1.0\backend\src\TerraFusion.Consciousness\DTOs\AILayerMeshDTOs.cs(578,44): warning CS1591: Missing XML comment for publicly visible type or member 'ConsciousnessModeRequestDto.ModeOptions' [C:\Users\bsval\terrafusion_os_1.0\backend\src\TerraFusion.Consciousness\TerraFusion.Consciousness.csproj]
C:\Users\bsval\terrafusion_os_1.0\backend\src\TerraFusion.Consciousness\DTOs\AILayerMeshDTOs.cs(581,18): warning CS1591: Missing XML comment for publicly visible type or member 'ConsciousnessModeDto' [C:\Users\bsval\terrafusion_os_1.0\backend\src\TerraFusion.Consciousness\TerraFusion.Consciousness.csproj]
C:\Users\bsval\terrafusion_os_1.0\backend\src\TerraFusion.Consciousness\DTOs\AILayerMeshDTOs.cs(583,32): warning CS1591: Missing XML comment for publicly visible type or member 'ConsciousnessModeDto.ModeId' [C:\Users\bsval\terrafusion_os_1.0\backend\src\TerraFusion.Consciousness\TerraFusion.Consciousness.csproj]
C:\Users\bsval\terrafusion_os_1.0\backend\src\TerraFusion.Consciousness\DTOs\AILayerMeshDTOs.cs(584,32): warning CS1591: Missing XML comment for publicly visible type or member 'ConsciousnessModeDto.CurrentMode' [C:\Users\bsval\terrafusion_os_1.0\backend\src\TerraFusion.Consciousness\TerraFusion.Consciousness.csproj]
C:\Users\bsval\terrafusion_os_1.0\backend\src\TerraFusion.Consciousness\DTOs\AILayerMeshDTOs.cs(585,52): warning CS1591: Missing XML comment for publicly visible type or member 'ConsciousnessModeDto.ModeData' [C:\Users\bsval\terrafusion_os_1.0\backend\src\TerraFusion.Consciousness\TerraFusion.Consciousness.csproj]
C:\Users\bsval\terrafusion_os_1.0\backend\src\TerraFusion.Consciousness\DTOs\AILayerMeshDTOs.cs(586,34): warning CS1591: Missing XML comment for publicly visible type or member 'ConsciousnessModeDto.ModeTime' [C:\Users\bsval\terrafusion_os_1.0\backend\src\TerraFusion.Consciousness\TerraFusion.Consciousness.csproj]
C:\Users\bsval\terrafusion_os_1.0\backend\src\TerraFusion.Consciousness\DTOs\AILayerMeshDTOs.cs(587,44): warning CS1591: Missing XML comment for publicly visible type or member 'ConsciousnessModeDto.ModeMetrics' [C:\Users\bsval\terrafusion_os_1.0\backend\src\TerraFusion.Consciousness\TerraFusion.Consciousness.csproj]
C:\Users\bsval\terrafusion_os_1.0\backend\src\TerraFusion.Consciousness\DTOs\AILayerMeshDTOs.cs(590,18): warning CS1591: Missing XML comment for publicly visible type or member 'HybridSystemStatusDto' [C:\Users\bsval\terrafusion_os_1.0\backend\src\TerraFusion.Consciousness\TerraFusion.Consciousness.csproj]
C:\Users\bsval\terrafusion_os_1.0\backend\src\TerraFusion.Consciousness\DTOs\AILayerMeshDTOs.cs(592,32): warning CS1591: Missing XML comment for publicly visible type or member 'HybridSystemStatusDto.SystemId' [C:\Users\bsval\terrafusion_os_1.0\backend\src\TerraFusion.Consciousness\TerraFusion.Consciousness.csproj]
C:\Users\bsval\terrafusion_os_1.0\backend\src\TerraFusion.Consciousness\DTOs\AILayerMeshDTOs.cs(593,32): warning CS1591: Missing XML comment for publicly visible type or member 'HybridSystemStatusDto.Status' [C:\Users\bsval\terrafusion_os_1.0\backend\src\TerraFusion.Consciousness\TerraFusion.Consciousness.csproj]
C:\Users\bsval\terrafusion_os_1.0\backend\src\TerraFusion.Consciousness\DTOs\AILayerMeshDTOs.cs(594,52): warning CS1591: Missing XML comment for publicly visible type or member 'HybridSystemStatusDto.SystemData' [C:\Users\bsval\terrafusion_os_1.0\backend\src\TerraFusion.Consciousness\TerraFusion.Consciousness.csproj]
C:\Users\bsval\terrafusion_os_1.0\backend\src\TerraFusion.Consciousness\DTOs\AILayerMeshDTOs.cs(595,34): warning CS1591: Missing XML comment for publicly visible type or member 'HybridSystemStatusDto.StatusTime' [C:\Users\bsval\terrafusion_os_1.0\backend\src\TerraFusion.Consciousness\TerraFusion.Consciousness.csproj]
C:\Users\bsval\terrafusion_os_1.0\backend\src\TerraFusion.Consciousness\DTOs\AILayerMeshDTOs.cs(596,44): warning CS1591: Missing XML comment for publicly visible type or member 'HybridSystemStatusDto.SystemMetrics' [C:\Users\bsval\terrafusion_os_1.0\backend\src\TerraFusion.Consciousness\TerraFusion.Consciousness.csproj]
C:\Users\bsval\terrafusion_os_1.0\backend\src\TerraFusion.Consciousness\DTOs\AILayerMeshDTOs.cs(603,18): warning CS1591: Missing XML comment for publicly visible type or member 'AIOrchestrationRequestDto' [C:\Users\bsval\terrafusion_os_1.0\backend\src\TerraFusion.Consciousness\TerraFusion.Consciousness.csproj]
C:\Users\bsval\terrafusion_os_1.0\backend\src\TerraFusion.Consciousness\DTOs\AILayerMeshDTOs.cs(605,32): warning CS1591: Missing XML comment for publicly visible type or member 'AIOrchestrationRequestDto.OrchestrationId' [C:\Users\bsval\terrafusion_os_1.0\backend\src\TerraFusion.Consciousness\TerraFusion.Consciousness.csproj]
C:\Users\bsval\terrafusion_os_1.0\backend\src\TerraFusion.Consciousness\DTOs\AILayerMeshDTOs.cs(606,32): warning CS1591: Missing XML comment for publicly visible type or member 'AIOrchestrationRequestDto.RequestType' [C:\Users\bsval\terrafusion_os_1.0\backend\src\TerraFusion.Consciousness\TerraFusion.Consciousness.csproj]
C:\Users\bsval\terrafusion_os_1.0\backend\src\TerraFusion.Consciousness\DTOs\AILayerMeshDTOs.cs(607,52): warning CS1591: Missing XML comment for publicly visible type or member 'AIOrchestrationRequestDto.RequestData' [C:\Users\bsval\terrafusion_os_1.0\backend\src\TerraFusion.Consciousness\TerraFusion.Consciousness.csproj]
C:\Users\bsval\terrafusion_os_1.0\backend\src\TerraFusion.Consciousness\DTOs\AILayerMeshDTOs.cs(608,34): warning CS1591: Missing XML comment for publicly visible type or member 'AIOrchestrationRequestDto.RequestTime' [C:\Users\bsval\terrafusion_os_1.0\backend\src\TerraFusion.Consciousness\TerraFusion.Consciousness.csproj]
C:\Users\bsval\terrafusion_os_1.0\backend\src\TerraFusion.Consciousness\DTOs\AILayerMeshDTOs.cs(609,44): warning CS1591: Missing XML comment for publicly visible type or member 'AIOrchestrationRequestDto.RequestOptions' [C:\Users\bsval\terrafusion_os_1.0\backend\src\TerraFusion.Consciousness\TerraFusion.Consciousness.csproj]
C:\Users\bsval\terrafusion_os_1.0\backend\src\TerraFusion.Consciousness\DTOs\AILayerMeshDTOs.cs(612,18): warning CS1591: Missing XML comment for publicly visible type or member 'AIOrchestrationResultDto' [C:\Users\bsval\terrafusion_os_1.0\backend\src\TerraFusion.Consciousness\TerraFusion.Consciousness.csproj]
C:\Users\bsval\terrafusion_os_1.0\backend\src\TerraFusion.Consciousness\DTOs\AILayerMeshDTOs.cs(614,32): warning CS1591: Missing XML comment for publicly visible type or member 'AIOrchestrationResultDto.OrchestrationId' [C:\Users\bsval\terrafusion_os_1.0\backend\src\TerraFusion.Consciousness\TerraFusion.Consciousness.csproj]
C:\Users\bsval\terrafusion_os_1.0\backend\src\TerraFusion.Consciousness\DTOs\AILayerMeshDTOs.cs(615,30): warning CS1591: Missing XML comment for publicly visible type or member 'AIOrchestrationResultDto.Success' [C:\Users\bsval\terrafusion_os_1.0\backend\src\TerraFusion.Consciousness\TerraFusion.Consciousness.csproj]
C:\Users\bsval\terrafusion_os_1.0\backend\src\TerraFusion.Consciousness\DTOs\AILayerMeshDTOs.cs(616,52): warning CS1591: Missing XML comment for publicly visible type or member 'AIOrchestrationResultDto.Results' [C:\Users\bsval\terrafusion_os_1.0\backend\src\TerraFusion.Consciousness\TerraFusion.Consciousness.csproj]
C:\Users\bsval\terrafusion_os_1.0\backend\src\TerraFusion.Consciousness\DTOs\AILayerMeshDTOs.cs(617,34): warning CS1591: Missing XML comment for publicly visible type or member 'AIOrchestrationResultDto.CompletionTime' [C:\Users\bsval\terrafusion_os_1.0\backend\src\TerraFusion.Consciousness\TerraFusion.Consciousness.csproj]
C:\Users\bsval\terrafusion_os_1.0\backend\src\TerraFusion.Consciousness\DTOs\AILayerMeshDTOs.cs(618,44): warning CS1591: Missing XML comment for publicly visible type or member 'AIOrchestrationResultDto.OrchestrationMetrics' [C:\Users\bsval\terrafusion_os_1.0\backend\src\TerraFusion.Consciousness\TerraFusion.Consciousness.csproj]
C:\Users\bsval\terrafusion_os_1.0\backend\src\TerraFusion.Consciousness\DTOs\AILayerMeshDTOs.cs(621,18): warning CS1591: Missing XML comment for publicly visible type or member 'AIServiceHealthDto' [C:\Users\bsval\terrafusion_os_1.0\backend\src\TerraFusion.Consciousness\TerraFusion.Consciousness.csproj]
C:\Users\bsval\terrafusion_os_1.0\backend\src\TerraFusion.Consciousness\DTOs\AILayerMeshDTOs.cs(623,32): warning CS1591: Missing XML comment for publicly visible type or member 'AIServiceHealthDto.ServiceId' [C:\Users\bsval\terrafusion_os_1.0\backend\src\TerraFusion.Consciousness\TerraFusion.Consciousness.csproj]
C:\Users\bsval\terrafusion_os_1.0\backend\src\TerraFusion.Consciousness\DTOs\AILayerMeshDTOs.cs(624,32): warning CS1591: Missing XML comment for publicly visible type or member 'AIServiceHealthDto.HealthStatus' [C:\Users\bsval\terrafusion_os_1.0\backend\src\TerraFusion.Consciousness\TerraFusion.Consciousness.csproj]
C:\Users\bsval\terrafusion_os_1.0\backend\src\TerraFusion.Consciousness\DTOs\AILayerMeshDTOs.cs(625,32): warning CS1591: Missing XML comment for publicly visible type or member 'AIServiceHealthDto.HealthScore' [C:\Users\bsval\terrafusion_os_1.0\backend\src\TerraFusion.Consciousness\TerraFusion.Consciousness.csproj]
C:\Users\bsval\terrafusion_os_1.0\backend\src\TerraFusion.Consciousness\DTOs\AILayerMeshDTOs.cs(626,34): warning CS1591: Missing XML comment for publicly visible type or member 'AIServiceHealthDto.HealthCheckTime' [C:\Users\bsval\terrafusion_os_1.0\backend\src\TerraFusion.Consciousness\TerraFusion.Consciousness.csproj]
C:\Users\bsval\terrafusion_os_1.0\backend\src\TerraFusion.Consciousness\DTOs\AILayerMeshDTOs.cs(627,44): warning CS1591: Missing XML comment for publicly visible type or member 'AIServiceHealthDto.HealthMetrics' [C:\Users\bsval\terrafusion_os_1.0\backend\src\TerraFusion.Consciousness\TerraFusion.Consciousness.csproj]
C:\Users\bsval\terrafusion_os_1.0\backend\src\TerraFusion.Consciousness\DTOs\AILayerMeshDTOs.cs(630,18): warning CS1591: Missing XML comment for publicly visible type or member 'AICoordinationRequestDto' [C:\Users\bsval\terrafusion_os_1.0\backend\src\TerraFusion.Consciousness\TerraFusion.Consciousness.csproj]
C:\Users\bsval\terrafusion_os_1.0\backend\src\TerraFusion.Consciousness\DTOs\AILayerMeshDTOs.cs(632,32): warning CS1591: Missing XML comment for publicly visible type or member 'AICoordinationRequestDto.CoordinationId' [C:\Users\bsval\terrafusion_os_1.0\backend\src\TerraFusion.Consciousness\TerraFusion.Consciousness.csproj]
C:\Users\bsval\terrafusion_os_1.0\backend\src\TerraFusion.Consciousness\DTOs\AILayerMeshDTOs.cs(633,32): warning CS1591: Missing XML comment for publicly visible type or member 'AICoordinationRequestDto.RequestType' [C:\Users\bsval\terrafusion_os_1.0\backend\src\TerraFusion.Consciousness\TerraFusion.Consciousness.csproj]
C:\Users\bsval\terrafusion_os_1.0\backend\src\TerraFusion.Consciousness\DTOs\AILayerMeshDTOs.cs(634,52): warning CS1591: Missing XML comment for publicly visible type or member 'AICoordinationRequestDto.RequestData' [C:\Users\bsval\terrafusion_os_1.0\backend\src\TerraFusion.Consciousness\TerraFusion.Consciousness.csproj]
C:\Users\bsval\terrafusion_os_1.0\backend\src\TerraFusion.Consciousness\DTOs\AILayerMeshDTOs.cs(635,34): warning CS1591: Missing XML comment for publicly visible type or member 'AICoordinationRequestDto.RequestTime' [C:\Users\bsval\terrafusion_os_1.0\backend\src\TerraFusion.Consciousness\TerraFusion.Consciousness.csproj]
C:\Users\bsval\terrafusion_os_1.0\backend\src\TerraFusion.Consciousness\DTOs\AILayerMeshDTOs.cs(636,44): warning CS1591: Missing XML comment for publicly visible type or member 'AICoordinationRequestDto.CoordinationOptions' [C:\Users\bsval\terrafusion_os_1.0\backend\src\TerraFusion.Consciousness\TerraFusion.Consciousness.csproj]
C:\Users\bsval\terrafusion_os_1.0\backend\src\TerraFusion.Consciousness\DTOs\AILayerMeshDTOs.cs(639,18): warning CS1591: Missing XML comment for publicly visible type or member 'AICoordinationResultDto' [C:\Users\bsval\terrafusion_os_1.0\backend\src\TerraFusion.Consciousness\TerraFusion.Consciousness.csproj]
C:\Users\bsval\terrafusion_os_1.0\backend\src\TerraFusion.Consciousness\DTOs\AILayerMeshDTOs.cs(641,32): warning CS1591: Missing XML comment for publicly visible type or member 'AICoordinationResultDto.CoordinationId' [C:\Users\bsval\terrafusion_os_1.0\backend\src\TerraFusion.Consciousness\TerraFusion.Consciousness.csproj]
C:\Users\bsval\terrafusion_os_1.0\backend\src\TerraFusion.Consciousness\DTOs\AILayerMeshDTOs.cs(642,30): warning CS1591: Missing XML comment for publicly visible type or member 'AICoordinationResultDto.Success' [C:\Users\bsval\terrafusion_os_1.0\backend\src\TerraFusion.Consciousness\TerraFusion.Consciousness.csproj]
C:\Users\bsval\terrafusion_os_1.0\backend\src\TerraFusion.Consciousness\DTOs\AILayerMeshDTOs.cs(643,52): warning CS1591: Missing XML comment for publicly visible type or member 'AICoordinationResultDto.Results' [C:\Users\bsval\terrafusion_os_1.0\backend\src\TerraFusion.Consciousness\TerraFusion.Consciousness.csproj]
C:\Users\bsval\terrafusion_os_1.0\backend\src\TerraFusion.Consciousness\DTOs\AILayerMeshDTOs.cs(644,34): warning CS1591: Missing XML comment for publicly visible type or member 'AICoordinationResultDto.CompletionTime' [C:\Users\bsval\terrafusion_os_1.0\backend\src\TerraFusion.Consciousness\TerraFusion.Consciousness.csproj]
C:\Users\bsval\terrafusion_os_1.0\backend\src\TerraFusion.Consciousness\DTOs\AILayerMeshDTOs.cs(645,44): warning CS1591: Missing XML comment for publicly visible type or member 'AICoordinationResultDto.CoordinationMetrics' [C:\Users\bsval\terrafusion_os_1.0\backend\src\TerraFusion.Consciousness\TerraFusion.Consciousness.csproj]
C:\Users\bsval\terrafusion_os_1.0\backend\src\TerraFusion.Consciousness\DTOs\AILayerMeshDTOs.cs(652,18): warning CS1591: Missing XML comment for publicly visible type or member 'MeshInitializationResultDto' [C:\Users\bsval\terrafusion_os_1.0\backend\src\TerraFusion.Consciousness\TerraFusion.Consciousness.csproj]
C:\Users\bsval\terrafusion_os_1.0\backend\src\TerraFusion.Consciousness\DTOs\AILayerMeshDTOs.cs(654,30): warning CS1591: Missing XML comment for publicly visible type or member 'MeshInitializationResultDto.Success' [C:\Users\bsval\terrafusion_os_1.0\backend\src\TerraFusion.Consciousness\TerraFusion.Consciousness.csproj]
C:\Users\bsval\terrafusion_os_1.0\backend\src\TerraFusion.Consciousness\DTOs\AILayerMeshDTOs.cs(655,38): warning CS1591: Missing XML comment for publicly visible type or member 'MeshInitializationResultDto.InitializedLayers' [C:\Users\bsval\terrafusion_os_1.0\backend\src\TerraFusion.Consciousness\TerraFusion.Consciousness.csproj]
C:\Users\bsval\terrafusion_os_1.0\backend\src\TerraFusion.Consciousness\DTOs\AILayerMeshDTOs.cs(656,38): warning CS1591: Missing XML comment for publicly visible type or member 'MeshInitializationResultDto.FailedLayers' [C:\Users\bsval\terrafusion_os_1.0\backend\src\TerraFusion.Consciousness\TerraFusion.Consciousness.csproj]
C:\Users\bsval\terrafusion_os_1.0\backend\src\TerraFusion.Consciousness\DTOs\AILayerMeshDTOs.cs(657,52): warning CS1591: Missing XML comment for publicly visible type or member 'MeshInitializationResultDto.InitializationMetrics' [C:\Users\bsval\terrafusion_os_1.0\backend\src\TerraFusion.Consciousness\TerraFusion.Consciousness.csproj]
C:\Users\bsval\terrafusion_os_1.0\backend\src\TerraFusion.Consciousness\DTOs\AILayerMeshDTOs.cs(658,34): warning CS1591: Missing XML comment for publicly visible type or member 'MeshInitializationResultDto.InitializationTime' [C:\Users\bsval\terrafusion_os_1.0\backend\src\TerraFusion.Consciousness\TerraFusion.Consciousness.csproj]
C:\Users\bsval\terrafusion_os_1.0\backend\src\TerraFusion.Consciousness\DTOs\AILayerMeshDTOs.cs(659,30): warning CS1591: Missing XML comment for publicly visible type or member 'MeshInitializationResultDto.Errors' [C:\Users\bsval\terrafusion_os_1.0\backend\src\TerraFusion.Consciousness\TerraFusion.Consciousness.csproj]
C:\Users\bsval\terrafusion_os_1.0\backend\src\TerraFusion.Consciousness\DTOs\AILayerMeshDTOs.cs(660,44): warning CS1591: Missing XML comment for publicly visible type or member 'MeshInitializationResultDto.LayerConfigs' [C:\Users\bsval\terrafusion_os_1.0\backend\src\TerraFusion.Consciousness\TerraFusion.Consciousness.csproj]
C:\Users\bsval\terrafusion_os_1.0\backend\src\TerraFusion.Consciousness\DTOs\AILayerMeshDTOs.cs(663,20): warning CS1591: Missing XML comment for publicly visible type or member 'MeshInitializationResultDto.LayersInitialized' [C:\Users\bsval\terrafusion_os_1.0\backend\src\TerraFusion.Consciousness\TerraFusion.Consciousness.csproj]
C:\Users\bsval\terrafusion_os_1.0\backend\src\TerraFusion.Consciousness\DTOs\AILayerMeshDTOs.cs(664,20): warning CS1591: Missing XML comment for publicly visible type or member 'MeshInitializationResultDto.ValidationRingsActive' [C:\Users\bsval\terrafusion_os_1.0\backend\src\TerraFusion.Consciousness\TerraFusion.Consciousness.csproj]
C:\Users\bsval\terrafusion_os_1.0\backend\src\TerraFusion.Consciousness\DTOs\AILayerMeshDTOs.cs(665,20): warning CS1591: Missing XML comment for publicly visible type or member 'MeshInitializationResultDto.FederatedCounties' [C:\Users\bsval\terrafusion_os_1.0\backend\src\TerraFusion.Consciousness\TerraFusion.Consciousness.csproj]
C:\Users\bsval\terrafusion_os_1.0\backend\src\TerraFusion.Consciousness\DTOs\AILayerMeshDTOs.cs(666,21): warning CS1591: Missing XML comment for publicly visible type or member 'MeshInitializationResultDto.QuantumConsciousnessIntegrated' [C:\Users\bsval\terrafusion_os_1.0\backend\src\TerraFusion.Consciousness\TerraFusion.Consciousness.csproj]
C:\Users\bsval\terrafusion_os_1.0\backend\src\TerraFusion.Consciousness\DTOs\AILayerMeshDTOs.cs(667,23): warning CS1591: Missing XML comment for publicly visible type or member 'MeshInitializationResultDto.NATSJetStreamStatus' [C:\Users\bsval\terrafusion_os_1.0\backend\src\TerraFusion.Consciousness\TerraFusion.Consciousness.csproj]
C:\Users\bsval\terrafusion_os_1.0\backend\src\TerraFusion.Consciousness\DTOs\AILayerMeshDTOs.cs(668,23): warning CS1591: Missing XML comment for publicly visible type or member 'MeshInitializationResultDto.MCPGatewayStatus' [C:\Users\bsval\terrafusion_os_1.0\backend\src\TerraFusion.Consciousness\TerraFusion.Consciousness.csproj]
C:\Users\bsval\terrafusion_os_1.0\backend\src\TerraFusion.Consciousness\DTOs\AILayerMeshDTOs.cs(669,21): warning CS1591: Missing XML comment for publicly visible type or member 'MeshInitializationResultDto.PerformanceBaselineEstablished' [C:\Users\bsval\terrafusion_os_1.0\backend\src\TerraFusion.Consciousness\TerraFusion.Consciousness.csproj]
C:\Users\bsval\terrafusion_os_1.0\backend\src\TerraFusion.Consciousness\DTOs\AILayerMeshDTOs.cs(670,29): warning CS1591: Missing XML comment for publicly visible type or member 'MeshInitializationResultDto.InitializationMessages' [C:\Users\bsval\terrafusion_os_1.0\backend\src\TerraFusion.Consciousness\TerraFusion.Consciousness.csproj]
C:\Users\bsval\terrafusion_os_1.0\backend\src\TerraFusion.Consciousness\DTOs\AILayerMeshDTOs.cs(673,18): warning CS1591: Missing XML comment for publicly visible type or member 'ComplianceMonitoringDto' [C:\Users\bsval\terrafusion_os_1.0\backend\src\TerraFusion.Consciousness\TerraFusion.Consciousness.csproj]
C:\Users\bsval\terrafusion_os_1.0\backend\src\TerraFusion.Consciousness\DTOs\AILayerMeshDTOs.cs(675,32): warning CS1591: Missing XML comment for publicly visible type or member 'ComplianceMonitoringDto.MonitoringId' [C:\Users\bsval\terrafusion_os_1.0\backend\src\TerraFusion.Consciousness\TerraFusion.Consciousness.csproj]
C:\Users\bsval\terrafusion_os_1.0\backend\src\TerraFusion.Consciousness\DTOs\AILayerMeshDTOs.cs(676,32): warning CS1591: Missing XML comment for publicly visible type or member 'ComplianceMonitoringDto.ComplianceType' [C:\Users\bsval\terrafusion_os_1.0\backend\src\TerraFusion.Consciousness\TerraFusion.Consciousness.csproj]
C:\Users\bsval\terrafusion_os_1.0\backend\src\TerraFusion.Consciousness\DTOs\AILayerMeshDTOs.cs(677,30): warning CS1591: Missing XML comment for publicly visible type or member 'ComplianceMonitoringDto.IsCompliant' [C:\Users\bsval\terrafusion_os_1.0\backend\src\TerraFusion.Consciousness\TerraFusion.Consciousness.csproj]
C:\Users\bsval\terrafusion_os_1.0\backend\src\TerraFusion.Consciousness\DTOs\AILayerMeshDTOs.cs(678,52): warning CS1591: Missing XML comment for publicly visible type or member 'ComplianceMonitoringDto.MonitoringResults' [C:\Users\bsval\terrafusion_os_1.0\backend\src\TerraFusion.Consciousness\TerraFusion.Consciousness.csproj]
C:\Users\bsval\terrafusion_os_1.0\backend\src\TerraFusion.Consciousness\DTOs\AILayerMeshDTOs.cs(679,34): warning CS1591: Missing XML comment for publicly visible type or member 'ComplianceMonitoringDto.MonitoringTime' [C:\Users\bsval\terrafusion_os_1.0\backend\src\TerraFusion.Consciousness\TerraFusion.Consciousness.csproj]
C:\Users\bsval\terrafusion_os_1.0\backend\src\TerraFusion.Consciousness\DTOs\AILayerMeshDTOs.cs(680,30): warning CS1591: Missing XML comment for publicly visible type or member 'ComplianceMonitoringDto.ComplianceIssues' [C:\Users\bsval\terrafusion_os_1.0\backend\src\TerraFusion.Consciousness\TerraFusion.Consciousness.csproj]
C:\Users\bsval\terrafusion_os_1.0\backend\src\TerraFusion.Consciousness\DTOs\AILayerMeshDTOs.cs(681,44): warning CS1591: Missing XML comment for publicly visible type or member 'ComplianceMonitoringDto.MonitoringMetrics' [C:\Users\bsval\terrafusion_os_1.0\backend\src\TerraFusion.Consciousness\TerraFusion.Consciousness.csproj]
C:\Users\bsval\terrafusion_os_1.0\backend\src\TerraFusion.Consciousness\DTOs\AILayerMeshDTOs.cs(684,18): warning CS1591: Missing XML comment for publicly visible type or member 'FederatedCountyInfo' [C:\Users\bsval\terrafusion_os_1.0\backend\src\TerraFusion.Consciousness\TerraFusion.Consciousness.csproj]
C:\Users\bsval\terrafusion_os_1.0\backend\src\TerraFusion.Consciousness\DTOs\AILayerMeshDTOs.cs(686,32): warning CS1591: Missing XML comment for publicly visible type or member 'FederatedCountyInfo.CountyId' [C:\Users\bsval\terrafusion_os_1.0\backend\src\TerraFusion.Consciousness\TerraFusion.Consciousness.csproj]
C:\Users\bsval\terrafusion_os_1.0\backend\src\TerraFusion.Consciousness\DTOs\AILayerMeshDTOs.cs(687,32): warning CS1591: Missing XML comment for publicly visible type or member 'FederatedCountyInfo.CountyName' [C:\Users\bsval\terrafusion_os_1.0\backend\src\TerraFusion.Consciousness\TerraFusion.Consciousness.csproj]
C:\Users\bsval\terrafusion_os_1.0\backend\src\TerraFusion.Consciousness\DTOs\AILayerMeshDTOs.cs(688,32): warning CS1591: Missing XML comment for publicly visible type or member 'FederatedCountyInfo.FederationStatus' [C:\Users\bsval\terrafusion_os_1.0\backend\src\TerraFusion.Consciousness\TerraFusion.Consciousness.csproj]
C:\Users\bsval\terrafusion_os_1.0\backend\src\TerraFusion.Consciousness\DTOs\AILayerMeshDTOs.cs(689,52): warning CS1591: Missing XML comment for publicly visible type or member 'FederatedCountyInfo.CountyData' [C:\Users\bsval\terrafusion_os_1.0\backend\src\TerraFusion.Consciousness\TerraFusion.Consciousness.csproj]
C:\Users\bsval\terrafusion_os_1.0\backend\src\TerraFusion.Consciousness\DTOs\AILayerMeshDTOs.cs(690,34): warning CS1591: Missing XML comment for publicly visible type or member 'FederatedCountyInfo.LastSync' [C:\Users\bsval\terrafusion_os_1.0\backend\src\TerraFusion.Consciousness\TerraFusion.Consciousness.csproj]
C:\Users\bsval\terrafusion_os_1.0\backend\src\TerraFusion.Consciousness\DTOs\AILayerMeshDTOs.cs(693,32): warning CS1591: Missing XML comment for publicly visible type or member 'FederatedCountyInfo.StateName' [C:\Users\bsval\terrafusion_os_1.0\backend\src\TerraFusion.Consciousness\TerraFusion.Consciousness.csproj]
C:\Users\bsval\terrafusion_os_1.0\backend\src\TerraFusion.Consciousness\DTOs\AILayerMeshDTOs.cs(694,32): warning CS1591: Missing XML comment for publicly visible type or member 'FederatedCountyInfo.NodeId' [C:\Users\bsval\terrafusion_os_1.0\backend\src\TerraFusion.Consciousness\TerraFusion.Consciousness.csproj]
C:\Users\bsval\terrafusion_os_1.0\backend\src\TerraFusion.Consciousness\DTOs\AILayerMeshDTOs.cs(695,32): warning CS1591: Missing XML comment for publicly visible type or member 'FederatedCountyInfo.Status' [C:\Users\bsval\terrafusion_os_1.0\backend\src\TerraFusion.Consciousness\TerraFusion.Consciousness.csproj]
C:\Users\bsval\terrafusion_os_1.0\backend\src\TerraFusion.Consciousness\DTOs\AILayerMeshDTOs.cs(696,38): warning CS1591: Missing XML comment for publicly visible type or member 'FederatedCountyInfo.MeshCapabilities' [C:\Users\bsval\terrafusion_os_1.0\backend\src\TerraFusion.Consciousness\TerraFusion.Consciousness.csproj]
C:\Users\bsval\terrafusion_os_1.0\backend\src\TerraFusion.Consciousness\DTOs\AILayerMeshDTOs.cs(697,32): warning CS1591: Missing XML comment for publicly visible type or member 'FederatedCountyInfo.PrivacyLevel' [C:\Users\bsval\terrafusion_os_1.0\backend\src\TerraFusion.Consciousness\TerraFusion.Consciousness.csproj]
C:\Users\bsval\terrafusion_os_1.0\backend\src\TerraFusion.Consciousness\DTOs\AILayerMeshDTOs.cs(698,34): warning CS1591: Missing XML comment for publicly visible type or member 'FederatedCountyInfo.LastHealthCheck' [C:\Users\bsval\terrafusion_os_1.0\backend\src\TerraFusion.Consciousness\TerraFusion.Consciousness.csproj]
C:\Users\bsval\terrafusion_os_1.0\backend\src\TerraFusion.Consciousness\DTOs\AILayerMeshDTOs.cs(699,52): warning CS1591: Missing XML comment for publicly visible type or member 'FederatedCountyInfo.DataSovereignty' [C:\Users\bsval\terrafusion_os_1.0\backend\src\TerraFusion.Consciousness\TerraFusion.Consciousness.csproj]
C:\Users\bsval\terrafusion_os_1.0\backend\src\TerraFusion.Consciousness\DTOs\AILayerMeshDTOs.cs(701,44): warning CS1591: Missing XML comment for publicly visible type or member 'FederatedCountyInfo.CountyMetrics' [C:\Users\bsval\terrafusion_os_1.0\backend\src\TerraFusion.Consciousness\TerraFusion.Consciousness.csproj]
C:\Users\bsval\terrafusion_os_1.0\backend\src\TerraFusion.Consciousness\DTOs\AILayerMeshDTOs.cs(702,30): warning CS1591: Missing XML comment for publicly visible type or member 'FederatedCountyInfo.AvailableServices' [C:\Users\bsval\terrafusion_os_1.0\backend\src\TerraFusion.Consciousness\TerraFusion.Consciousness.csproj]
C:\Users\bsval\terrafusion_os_1.0\backend\src\TerraFusion.Consciousness\DTOs\ComplianceAndAuditDTOs.cs(12,21): warning CS1591: Missing XML comment for publicly visible type or member 'MillionAgentInitializationResult.Success' [C:\Users\bsval\terrafusion_os_1.0\backend\src\TerraFusion.Consciousness\TerraFusion.Consciousness.csproj]
C:\Users\bsval\terrafusion_os_1.0\backend\src\TerraFusion.Consciousness\DTOs\ComplianceAndAuditDTOs.cs(13,23): warning CS1591: Missing XML comment for publicly visible type or member 'MillionAgentInitializationResult.SystemId' [C:\Users\bsval\terrafusion_os_1.0\backend\src\TerraFusion.Consciousness\TerraFusion.Consciousness.csproj]
C:\Users\bsval\terrafusion_os_1.0\backend\src\TerraFusion.Consciousness\DTOs\ComplianceAndAuditDTOs.cs(14,20): warning CS1591: Missing XML comment for publicly visible type or member 'MillionAgentInitializationResult.InitialAgentCount' [C:\Users\bsval\terrafusion_os_1.0\backend\src\TerraFusion.Consciousness\TerraFusion.Consciousness.csproj]
C:\Users\bsval\terrafusion_os_1.0\backend\src\TerraFusion.Consciousness\DTOs\ComplianceAndAuditDTOs.cs(15,25): warning CS1591: Missing XML comment for publicly visible type or member 'MillionAgentInitializationResult.InitializationTime' [C:\Users\bsval\terrafusion_os_1.0\backend\src\TerraFusion.Consciousness\TerraFusion.Consciousness.csproj]
C:\Users\bsval\terrafusion_os_1.0\backend\src\TerraFusion.Consciousness\DTOs\ComplianceAndAuditDTOs.cs(16,29): warning CS1591: Missing XML comment for publicly visible type or member 'MillionAgentInitializationResult.InitializedComponents' [C:\Users\bsval\terrafusion_os_1.0\backend\src\TerraFusion.Consciousness\TerraFusion.Consciousness.csproj]
C:\Users\bsval\terrafusion_os_1.0\backend\src\TerraFusion.Consciousness\DTOs\ComplianceAndAuditDTOs.cs(17,24): warning CS1591: Missing XML comment for publicly visible type or member 'MillionAgentInitializationResult.ErrorMessage' [C:\Users\bsval\terrafusion_os_1.0\backend\src\TerraFusion.Consciousness\TerraFusion.Consciousness.csproj]
C:\Users\bsval\terrafusion_os_1.0\backend\src\TerraFusion.Consciousness\DTOs\ComplianceAndAuditDTOs.cs(25,21): warning CS1591: Missing XML comment for publicly visible type or member 'AIOrchestrationInitializationResult.Success' [C:\Users\bsval\terrafusion_os_1.0\backend\src\TerraFusion.Consciousness\TerraFusion.Consciousness.csproj]
C:\Users\bsval\terrafusion_os_1.0\backend\src\TerraFusion.Consciousness\DTOs\ComplianceAndAuditDTOs.cs(26,23): warning CS1591: Missing XML comment for publicly visible type or member 'AIOrchestrationInitializationResult.SystemId' [C:\Users\bsval\terrafusion_os_1.0\backend\src\TerraFusion.Consciousness\TerraFusion.Consciousness.csproj]
C:\Users\bsval\terrafusion_os_1.0\backend\src\TerraFusion.Consciousness\DTOs\ComplianceAndAuditDTOs.cs(27,25): warning CS1591: Missing XML comment for publicly visible type or member 'AIOrchestrationInitializationResult.InitializationTime' [C:\Users\bsval\terrafusion_os_1.0\backend\src\TerraFusion.Consciousness\TerraFusion.Consciousness.csproj]
C:\Users\bsval\terrafusion_os_1.0\backend\src\TerraFusion.Consciousness\DTOs\ComplianceAndAuditDTOs.cs(28,29): warning CS1591: Missing XML comment for publicly visible type or member 'AIOrchestrationInitializationResult.ComponentsInitialized' [C:\Users\bsval\terrafusion_os_1.0\backend\src\TerraFusion.Consciousness\TerraFusion.Consciousness.csproj]
C:\Users\bsval\terrafusion_os_1.0\backend\src\TerraFusion.Consciousness\DTOs\ComplianceAndAuditDTOs.cs(29,24): warning CS1591: Missing XML comment for publicly visible type or member 'AIOrchestrationInitializationResult.ErrorMessage' [C:\Users\bsval\terrafusion_os_1.0\backend\src\TerraFusion.Consciousness\TerraFusion.Consciousness.csproj]
C:\Users\bsval\terrafusion_os_1.0\backend\src\TerraFusion.Consciousness\DTOs\ComplianceAndAuditDTOs.cs(32,23): warning CS1591: Missing XML comment for publicly visible type or member 'AIOrchestrationInitializationResult.Message' [C:\Users\bsval\terrafusion_os_1.0\backend\src\TerraFusion.Consciousness\TerraFusion.Consciousness.csproj]
C:\Users\bsval\terrafusion_os_1.0\backend\src\TerraFusion.Consciousness\DTOs\ComplianceAndAuditDTOs.cs(33,25): warning CS1591: Missing XML comment for publicly visible type or member 'AIOrchestrationInitializationResult.InitializedAt' [C:\Users\bsval\terrafusion_os_1.0\backend\src\TerraFusion.Consciousness\TerraFusion.Consciousness.csproj]
C:\Users\bsval\terrafusion_os_1.0\backend\src\TerraFusion.Consciousness\DTOs\ComplianceAndAuditDTOs.cs(34,20): warning CS1591: Missing XML comment for publicly visible type or member 'AIOrchestrationInitializationResult.ServicesStarted' [C:\Users\bsval\terrafusion_os_1.0\backend\src\TerraFusion.Consciousness\TerraFusion.Consciousness.csproj]
C:\Users\bsval\terrafusion_os_1.0\backend\src\TerraFusion.Consciousness\DTOs\ComplianceAndAuditDTOs.cs(35,21): warning CS1591: Missing XML comment for publicly visible type or member 'AIOrchestrationInitializationResult.ConfigurationValid' [C:\Users\bsval\terrafusion_os_1.0\backend\src\TerraFusion.Consciousness\TerraFusion.Consciousness.csproj]
C:\Users\bsval\terrafusion_os_1.0\backend\src\TerraFusion.Consciousness\DTOs\ComplianceAndAuditDTOs.cs(43,21): warning CS1591: Missing XML comment for publicly visible type or member 'AILayerMeshInitializationResult.Success' [C:\Users\bsval\terrafusion_os_1.0\backend\src\TerraFusion.Consciousness\TerraFusion.Consciousness.csproj]
C:\Users\bsval\terrafusion_os_1.0\backend\src\TerraFusion.Consciousness\DTOs\ComplianceAndAuditDTOs.cs(44,23): warning CS1591: Missing XML comment for publicly visible type or member 'AILayerMeshInitializationResult.MeshId' [C:\Users\bsval\terrafusion_os_1.0\backend\src\TerraFusion.Consciousness\TerraFusion.Consciousness.csproj]
C:\Users\bsval\terrafusion_os_1.0\backend\src\TerraFusion.Consciousness\DTOs\ComplianceAndAuditDTOs.cs(45,20): warning CS1591: Missing XML comment for publicly visible type or member 'AILayerMeshInitializationResult.LayersInitialized' [C:\Users\bsval\terrafusion_os_1.0\backend\src\TerraFusion.Consciousness\TerraFusion.Consciousness.csproj]
C:\Users\bsval\terrafusion_os_1.0\backend\src\TerraFusion.Consciousness\DTOs\ComplianceAndAuditDTOs.cs(46,20): warning CS1591: Missing XML comment for publicly visible type or member 'AILayerMeshInitializationResult.ValidationRingsActive' [C:\Users\bsval\terrafusion_os_1.0\backend\src\TerraFusion.Consciousness\TerraFusion.Consciousness.csproj]
C:\Users\bsval\terrafusion_os_1.0\backend\src\TerraFusion.Consciousness\DTOs\ComplianceAndAuditDTOs.cs(47,25): warning CS1591: Missing XML comment for publicly visible type or member 'AILayerMeshInitializationResult.InitializationTime' [C:\Users\bsval\terrafusion_os_1.0\backend\src\TerraFusion.Consciousness\TerraFusion.Consciousness.csproj]
C:\Users\bsval\terrafusion_os_1.0\backend\src\TerraFusion.Consciousness\DTOs\ComplianceAndAuditDTOs.cs(48,24): warning CS1591: Missing XML comment for publicly visible type or member 'AILayerMeshInitializationResult.ErrorMessage' [C:\Users\bsval\terrafusion_os_1.0\backend\src\TerraFusion.Consciousness\TerraFusion.Consciousness.csproj]
C:\Users\bsval\terrafusion_os_1.0\backend\src\TerraFusion.Consciousness\DTOs\ComplianceAndAuditDTOs.cs(51,20): warning CS1591: Missing XML comment for publicly visible type or member 'AILayerMeshInitializationResult.FederatedCounties' [C:\Users\bsval\terrafusion_os_1.0\backend\src\TerraFusion.Consciousness\TerraFusion.Consciousness.csproj]
C:\Users\bsval\terrafusion_os_1.0\backend\src\TerraFusion.Consciousness\DTOs\ComplianceAndAuditDTOs.cs(59,21): warning CS1591: Missing XML comment for publicly visible type or member 'BentonCountyInitializationResult.Success' [C:\Users\bsval\terrafusion_os_1.0\backend\src\TerraFusion.Consciousness\TerraFusion.Consciousness.csproj]
C:\Users\bsval\terrafusion_os_1.0\backend\src\TerraFusion.Consciousness\DTOs\ComplianceAndAuditDTOs.cs(60,23): warning CS1591: Missing XML comment for publicly visible type or member 'BentonCountyInitializationResult.CountyId' [C:\Users\bsval\terrafusion_os_1.0\backend\src\TerraFusion.Consciousness\TerraFusion.Consciousness.csproj]
C:\Users\bsval\terrafusion_os_1.0\backend\src\TerraFusion.Consciousness\DTOs\ComplianceAndAuditDTOs.cs(61,23): warning CS1591: Missing XML comment for publicly visible type or member 'BentonCountyInitializationResult.ApiEndpoint' [C:\Users\bsval\terrafusion_os_1.0\backend\src\TerraFusion.Consciousness\TerraFusion.Consciousness.csproj]
C:\Users\bsval\terrafusion_os_1.0\backend\src\TerraFusion.Consciousness\DTOs\ComplianceAndAuditDTOs.cs(62,21): warning CS1591: Missing XML comment for publicly visible type or member 'BentonCountyInitializationResult.ConnectionEstablished' [C:\Users\bsval\terrafusion_os_1.0\backend\src\TerraFusion.Consciousness\TerraFusion.Consciousness.csproj]
C:\Users\bsval\terrafusion_os_1.0\backend\src\TerraFusion.Consciousness\DTOs\ComplianceAndAuditDTOs.cs(63,25): warning CS1591: Missing XML comment for publicly visible type or member 'BentonCountyInitializationResult.InitializationTime' [C:\Users\bsval\terrafusion_os_1.0\backend\src\TerraFusion.Consciousness\TerraFusion.Consciousness.csproj]
C:\Users\bsval\terrafusion_os_1.0\backend\src\TerraFusion.Consciousness\DTOs\ComplianceAndAuditDTOs.cs(64,24): warning CS1591: Missing XML comment for publicly visible type or member 'BentonCountyInitializationResult.ErrorMessage' [C:\Users\bsval\terrafusion_os_1.0\backend\src\TerraFusion.Consciousness\TerraFusion.Consciousness.csproj]
C:\Users\bsval\terrafusion_os_1.0\backend\src\TerraFusion.Consciousness\DTOs\ComplianceAndAuditDTOs.cs(72,21): warning CS1591: Missing XML comment for publicly visible type or member 'MultiCountyInitializationResult.Success' [C:\Users\bsval\terrafusion_os_1.0\backend\src\TerraFusion.Consciousness\TerraFusion.Consciousness.csproj]
C:\Users\bsval\terrafusion_os_1.0\backend\src\TerraFusion.Consciousness\DTOs\ComplianceAndAuditDTOs.cs(73,20): warning CS1591: Missing XML comment for publicly visible type or member 'MultiCountyInitializationResult.CountiesConnected' [C:\Users\bsval\terrafusion_os_1.0\backend\src\TerraFusion.Consciousness\TerraFusion.Consciousness.csproj]
C:\Users\bsval\terrafusion_os_1.0\backend\src\TerraFusion.Consciousness\DTOs\ComplianceAndAuditDTOs.cs(74,29): warning CS1591: Missing XML comment for publicly visible type or member 'MultiCountyInitializationResult.ActiveCounties' [C:\Users\bsval\terrafusion_os_1.0\backend\src\TerraFusion.Consciousness\TerraFusion.Consciousness.csproj]
C:\Users\bsval\terrafusion_os_1.0\backend\src\TerraFusion.Consciousness\DTOs\ComplianceAndAuditDTOs.cs(75,25): warning CS1591: Missing XML comment for publicly visible type or member 'MultiCountyInitializationResult.InitializationTime' [C:\Users\bsval\terrafusion_os_1.0\backend\src\TerraFusion.Consciousness\TerraFusion.Consciousness.csproj]
C:\Users\bsval\terrafusion_os_1.0\backend\src\TerraFusion.Consciousness\DTOs\ComplianceAndAuditDTOs.cs(76,24): warning CS1591: Missing XML comment for publicly visible type or member 'MultiCountyInitializationResult.ErrorMessage' [C:\Users\bsval\terrafusion_os_1.0\backend\src\TerraFusion.Consciousness\TerraFusion.Consciousness.csproj]
C:\Users\bsval\terrafusion_os_1.0\backend\src\TerraFusion.Consciousness\DTOs\ComplianceAndAuditDTOs.cs(79,20): warning CS1591: Missing XML comment for publicly visible type or member 'MultiCountyInitializationResult.FederatedCounties' [C:\Users\bsval\terrafusion_os_1.0\backend\src\TerraFusion.Consciousness\TerraFusion.Consciousness.csproj]
C:\Users\bsval\terrafusion_os_1.0\backend\src\TerraFusion.Consciousness\DTOs\ComplianceAndAuditDTOs.cs(87,21): warning CS1591: Missing XML comment for publicly visible type or member 'HybridInitializationResult.Success' [C:\Users\bsval\terrafusion_os_1.0\backend\src\TerraFusion.Consciousness\TerraFusion.Consciousness.csproj]
C:\Users\bsval\terrafusion_os_1.0\backend\src\TerraFusion.Consciousness\DTOs\ComplianceAndAuditDTOs.cs(88,23): warning CS1591: Missing XML comment for publicly visible type or member 'HybridInitializationResult.SystemId' [C:\Users\bsval\terrafusion_os_1.0\backend\src\TerraFusion.Consciousness\TerraFusion.Consciousness.csproj]
C:\Users\bsval\terrafusion_os_1.0\backend\src\TerraFusion.Consciousness\DTOs\ComplianceAndAuditDTOs.cs(89,21): warning CS1591: Missing XML comment for publicly visible type or member 'HybridInitializationResult.QuantumModeAvailable' [C:\Users\bsval\terrafusion_os_1.0\backend\src\TerraFusion.Consciousness\TerraFusion.Consciousness.csproj]
C:\Users\bsval\terrafusion_os_1.0\backend\src\TerraFusion.Consciousness\DTOs\ComplianceAndAuditDTOs.cs(90,21): warning CS1591: Missing XML comment for publicly visible type or member 'HybridInitializationResult.MeshOrchestrationActive' [C:\Users\bsval\terrafusion_os_1.0\backend\src\TerraFusion.Consciousness\TerraFusion.Consciousness.csproj]
C:\Users\bsval\terrafusion_os_1.0\backend\src\TerraFusion.Consciousness\DTOs\ComplianceAndAuditDTOs.cs(91,25): warning CS1591: Missing XML comment for publicly visible type or member 'HybridInitializationResult.InitializationTime' [C:\Users\bsval\terrafusion_os_1.0\backend\src\TerraFusion.Consciousness\TerraFusion.Consciousness.csproj]
C:\Users\bsval\terrafusion_os_1.0\backend\src\TerraFusion.Consciousness\DTOs\ComplianceAndAuditDTOs.cs(92,24): warning CS1591: Missing XML comment for publicly visible type or member 'HybridInitializationResult.ErrorMessage' [C:\Users\bsval\terrafusion_os_1.0\backend\src\TerraFusion.Consciousness\TerraFusion.Consciousness.csproj]
C:\Users\bsval\terrafusion_os_1.0\backend\src\TerraFusion.Consciousness\DTOs\ComplianceAndAuditDTOs.cs(95,23): warning CS1591: Missing XML comment for publicly visible type or member 'HybridInitializationResult.Message' [C:\Users\bsval\terrafusion_os_1.0\backend\src\TerraFusion.Consciousness\TerraFusion.Consciousness.csproj]
C:\Users\bsval\terrafusion_os_1.0\backend\src\TerraFusion.Consciousness\DTOs\ComplianceAndAuditDTOs.cs(96,25): warning CS1591: Missing XML comment for publicly visible type or member 'HybridInitializationResult.InitializedAt' [C:\Users\bsval\terrafusion_os_1.0\backend\src\TerraFusion.Consciousness\TerraFusion.Consciousness.csproj]
C:\Users\bsval\terrafusion_os_1.0\backend\src\TerraFusion.Consciousness\DTOs\ComplianceAndAuditDTOs.cs(97,20): warning CS1591: Missing XML comment for publicly visible type or member 'HybridInitializationResult.LegacyAgentsActive' [C:\Users\bsval\terrafusion_os_1.0\backend\src\TerraFusion.Consciousness\TerraFusion.Consciousness.csproj]
C:\Users\bsval\terrafusion_os_1.0\backend\src\TerraFusion.Consciousness\DTOs\ComplianceAndAuditDTOs.cs(98,20): warning CS1591: Missing XML comment for publicly visible type or member 'HybridInitializationResult.QuantumAgentsActive' [C:\Users\bsval\terrafusion_os_1.0\backend\src\TerraFusion.Consciousness\TerraFusion.Consciousness.csproj]
C:\Users\bsval\terrafusion_os_1.0\backend\src\TerraFusion.Consciousness\DTOs\ComplianceAndAuditDTOs.cs(99,21): warning CS1591: Missing XML comment for publicly visible type or member 'HybridInitializationResult.SystemReady' [C:\Users\bsval\terrafusion_os_1.0\backend\src\TerraFusion.Consciousness\TerraFusion.Consciousness.csproj]
C:\Users\bsval\terrafusion_os_1.0\backend\src\TerraFusion.Consciousness\DTOs\ComplianceAndAuditDTOs.cs(100,29): warning CS1591: Missing XML comment for publicly visible type or member 'HybridInitializationResult.ComponentsInitialized' [C:\Users\bsval\terrafusion_os_1.0\backend\src\TerraFusion.Consciousness\TerraFusion.Consciousness.csproj]
C:\Users\bsval\terrafusion_os_1.0\backend\src\TerraFusion.Consciousness\DTOs\ComplianceAndAuditDTOs.cs(103,24): warning CS1591: Missing XML comment for publicly visible type or member 'HybridInitializationResult.CountySpecific' [C:\Users\bsval\terrafusion_os_1.0\backend\src\TerraFusion.Consciousness\TerraFusion.Consciousness.csproj]
C:\Users\bsval\terrafusion_os_1.0\backend\src\TerraFusion.Consciousness\DTOs\ComplianceAndAuditDTOs.cs(104,21): warning CS1591: Missing XML comment for publicly visible type or member 'HybridInitializationResult.ParcelCount' [C:\Users\bsval\terrafusion_os_1.0\backend\src\TerraFusion.Consciousness\TerraFusion.Consciousness.csproj]
C:\Users\bsval\terrafusion_os_1.0\backend\src\TerraFusion.Consciousness\DTOs\ComplianceAndAuditDTOs.cs(105,24): warning CS1591: Missing XML comment for publicly visible type or member 'HybridInitializationResult.HarrisPACSVersion' [C:\Users\bsval\terrafusion_os_1.0\backend\src\TerraFusion.Consciousness\TerraFusion.Consciousness.csproj]
C:\Users\bsval\terrafusion_os_1.0\backend\src\TerraFusion.Consciousness\DTOs\ComplianceAndAuditDTOs.cs(106,24): warning CS1591: Missing XML comment for publicly visible type or member 'HybridInitializationResult.OptimizationLevel' [C:\Users\bsval\terrafusion_os_1.0\backend\src\TerraFusion.Consciousness\TerraFusion.Consciousness.csproj]
C:\Users\bsval\terrafusion_os_1.0\backend\src\TerraFusion.Consciousness\DTOs\ComplianceAndAuditDTOs.cs(114,21): warning CS1591: Missing XML comment for publicly visible type or member 'SecurityInitializationResult.Success' [C:\Users\bsval\terrafusion_os_1.0\backend\src\TerraFusion.Consciousness\TerraFusion.Consciousness.csproj]
C:\Users\bsval\terrafusion_os_1.0\backend\src\TerraFusion.Consciousness\DTOs\ComplianceAndAuditDTOs.cs(115,23): warning CS1591: Missing XML comment for publicly visible type or member 'SecurityInitializationResult.SecurityLevel' [C:\Users\bsval\terrafusion_os_1.0\backend\src\TerraFusion.Consciousness\TerraFusion.Consciousness.csproj]
C:\Users\bsval\terrafusion_os_1.0\backend\src\TerraFusion.Consciousness\DTOs\ComplianceAndAuditDTOs.cs(116,21): warning CS1591: Missing XML comment for publicly visible type or member 'SecurityInitializationResult.QuantumEncryptionEnabled' [C:\Users\bsval\terrafusion_os_1.0\backend\src\TerraFusion.Consciousness\TerraFusion.Consciousness.csproj]
C:\Users\bsval\terrafusion_os_1.0\backend\src\TerraFusion.Consciousness\DTOs\ComplianceAndAuditDTOs.cs(117,21): warning CS1591: Missing XML comment for publicly visible type or member 'SecurityInitializationResult.ThreatDetectionActive' [C:\Users\bsval\terrafusion_os_1.0\backend\src\TerraFusion.Consciousness\TerraFusion.Consciousness.csproj]
C:\Users\bsval\terrafusion_os_1.0\backend\src\TerraFusion.Consciousness\DTOs\ComplianceAndAuditDTOs.cs(118,25): warning CS1591: Missing XML comment for publicly visible type or member 'SecurityInitializationResult.InitializationTime' [C:\Users\bsval\terrafusion_os_1.0\backend\src\TerraFusion.Consciousness\TerraFusion.Consciousness.csproj]
C:\Users\bsval\terrafusion_os_1.0\backend\src\TerraFusion.Consciousness\DTOs\ComplianceAndAuditDTOs.cs(119,24): warning CS1591: Missing XML comment for publicly visible type or member 'SecurityInitializationResult.ErrorMessage' [C:\Users\bsval\terrafusion_os_1.0\backend\src\TerraFusion.Consciousness\TerraFusion.Consciousness.csproj]
C:\Users\bsval\terrafusion_os_1.0\backend\src\TerraFusion.Consciousness\DTOs\ComplianceAndAuditDTOs.cs(131,21): warning CS1591: Missing XML comment for publicly visible type or member 'ComplianceResult.IsCompliant' [C:\Users\bsval\terrafusion_os_1.0\backend\src\TerraFusion.Consciousness\TerraFusion.Consciousness.csproj]
C:\Users\bsval\terrafusion_os_1.0\backend\src\TerraFusion.Consciousness\DTOs\ComplianceAndAuditDTOs.cs(132,24): warning CS1591: Missing XML comment for publicly visible type or member 'ComplianceResult.ComplianceScore' [C:\Users\bsval\terrafusion_os_1.0\backend\src\TerraFusion.Consciousness\TerraFusion.Consciousness.csproj]
C:\Users\bsval\terrafusion_os_1.0\backend\src\TerraFusion.Consciousness\DTOs\ComplianceAndAuditDTOs.cs(133,41): warning CS1591: Missing XML comment for publicly visible type or member 'ComplianceResult.ValidationResults' [C:\Users\bsval\terrafusion_os_1.0\backend\src\TerraFusion.Consciousness\TerraFusion.Consciousness.csproj]
C:\Users\bsval\terrafusion_os_1.0\backend\src\TerraFusion.Consciousness\DTOs\ComplianceAndAuditDTOs.cs(134,23): warning CS1591: Missing XML comment for publicly visible type or member 'ComplianceResult.ComplianceFramework' [C:\Users\bsval\terrafusion_os_1.0\backend\src\TerraFusion.Consciousness\TerraFusion.Consciousness.csproj]
C:\Users\bsval\terrafusion_os_1.0\backend\src\TerraFusion.Consciousness\DTOs\ComplianceAndAuditDTOs.cs(135,25): warning CS1591: Missing XML comment for publicly visible type or member 'ComplianceResult.ValidationTime' [C:\Users\bsval\terrafusion_os_1.0\backend\src\TerraFusion.Consciousness\TerraFusion.Consciousness.csproj]
C:\Users\bsval\terrafusion_os_1.0\backend\src\TerraFusion.Consciousness\DTOs\ComplianceAndAuditDTOs.cs(136,29): warning CS1591: Missing XML comment for publicly visible type or member 'ComplianceResult.Recommendations' [C:\Users\bsval\terrafusion_os_1.0\backend\src\TerraFusion.Consciousness\TerraFusion.Consciousness.csproj]
C:\Users\bsval\terrafusion_os_1.0\backend\src\TerraFusion.Consciousness\DTOs\ComplianceAndAuditDTOs.cs(139,43): warning CS1591: Missing XML comment for publicly visible type or member 'ComplianceResult.ComplianceResults' [C:\Users\bsval\terrafusion_os_1.0\backend\src\TerraFusion.Consciousness\TerraFusion.Consciousness.csproj]
C:\Users\bsval\terrafusion_os_1.0\backend\src\TerraFusion.Consciousness\DTOs\ComplianceAndAuditDTOs.cs(140,25): warning CS1591: Missing XML comment for publicly visible type or member 'ComplianceResult.ComplianceCheckTime' [C:\Users\bsval\terrafusion_os_1.0\backend\src\TerraFusion.Consciousness\TerraFusion.Consciousness.csproj]
C:\Users\bsval\terrafusion_os_1.0\backend\src\TerraFusion.Consciousness\DTOs\ComplianceAndAuditDTOs.cs(141,29): warning CS1591: Missing XML comment for publicly visible type or member 'ComplianceResult.ComplianceIssues' [C:\Users\bsval\terrafusion_os_1.0\backend\src\TerraFusion.Consciousness\TerraFusion.Consciousness.csproj]
C:\Users\bsval\terrafusion_os_1.0\backend\src\TerraFusion.Consciousness\DTOs\ComplianceAndAuditDTOs.cs(149,21): warning CS1591: Missing XML comment for publicly visible type or member 'ComplianceMonitoringResultDto.IsActive' [C:\Users\bsval\terrafusion_os_1.0\backend\src\TerraFusion.Consciousness\TerraFusion.Consciousness.csproj]
C:\Users\bsval\terrafusion_os_1.0\backend\src\TerraFusion.Consciousness\DTOs\ComplianceAndAuditDTOs.cs(150,25): warning CS1591: Missing XML comment for publicly visible type or member 'ComplianceMonitoringResultDto.LastCheck' [C:\Users\bsval\terrafusion_os_1.0\backend\src\TerraFusion.Consciousness\TerraFusion.Consciousness.csproj]
C:\Users\bsval\terrafusion_os_1.0\backend\src\TerraFusion.Consciousness\DTOs\ComplianceAndAuditDTOs.cs(151,44): warning CS1591: Missing XML comment for publicly visible type or member 'ComplianceMonitoringResultDto.ComplianceScores' [C:\Users\bsval\terrafusion_os_1.0\backend\src\TerraFusion.Consciousness\TerraFusion.Consciousness.csproj]
C:\Users\bsval\terrafusion_os_1.0\backend\src\TerraFusion.Consciousness\DTOs\ComplianceAndAuditDTOs.cs(152,29): warning CS1591: Missing XML comment for publicly visible type or member 'ComplianceMonitoringResultDto.ActiveAlerts' [C:\Users\bsval\terrafusion_os_1.0\backend\src\TerraFusion.Consciousness\TerraFusion.Consciousness.csproj]
C:\Users\bsval\terrafusion_os_1.0\backend\src\TerraFusion.Consciousness\DTOs\ComplianceAndAuditDTOs.cs(153,25): warning CS1591: Missing XML comment for publicly visible type or member 'ComplianceMonitoringResultDto.MonitoringInterval' [C:\Users\bsval\terrafusion_os_1.0\backend\src\TerraFusion.Consciousness\TerraFusion.Consciousness.csproj]
C:\Users\bsval\terrafusion_os_1.0\backend\src\TerraFusion.Consciousness\DTOs\ComplianceAndAuditDTOs.cs(156,23): warning CS1591: Missing XML comment for publicly visible type or member 'ComplianceMonitoringResultDto.MonitoringId' [C:\Users\bsval\terrafusion_os_1.0\backend\src\TerraFusion.Consciousness\TerraFusion.Consciousness.csproj]
C:\Users\bsval\terrafusion_os_1.0\backend\src\TerraFusion.Consciousness\DTOs\ComplianceAndAuditDTOs.cs(157,23): warning CS1591: Missing XML comment for publicly visible type or member 'ComplianceMonitoringResultDto.ComplianceType' [C:\Users\bsval\terrafusion_os_1.0\backend\src\TerraFusion.Consciousness\TerraFusion.Consciousness.csproj]
C:\Users\bsval\terrafusion_os_1.0\backend\src\TerraFusion.Consciousness\DTOs\ComplianceAndAuditDTOs.cs(158,21): warning CS1591: Missing XML comment for publicly visible type or member 'ComplianceMonitoringResultDto.IsCompliant' [C:\Users\bsval\terrafusion_os_1.0\backend\src\TerraFusion.Consciousness\TerraFusion.Consciousness.csproj]
C:\Users\bsval\terrafusion_os_1.0\backend\src\TerraFusion.Consciousness\DTOs\ComplianceAndAuditDTOs.cs(159,43): warning CS1591: Missing XML comment for publicly visible type or member 'ComplianceMonitoringResultDto.MonitoringResults' [C:\Users\bsval\terrafusion_os_1.0\backend\src\TerraFusion.Consciousness\TerraFusion.Consciousness.csproj]
C:\Users\bsval\terrafusion_os_1.0\backend\src\TerraFusion.Consciousness\DTOs\ComplianceAndAuditDTOs.cs(160,25): warning CS1591: Missing XML comment for publicly visible type or member 'ComplianceMonitoringResultDto.MonitoringTime' [C:\Users\bsval\terrafusion_os_1.0\backend\src\TerraFusion.Consciousness\TerraFusion.Consciousness.csproj]
C:\Users\bsval\terrafusion_os_1.0\backend\src\TerraFusion.Consciousness\DTOs\ComplianceAndAuditDTOs.cs(161,29): warning CS1591: Missing XML comment for publicly visible type or member 'ComplianceMonitoringResultDto.ComplianceIssues' [C:\Users\bsval\terrafusion_os_1.0\backend\src\TerraFusion.Consciousness\TerraFusion.Consciousness.csproj]
C:\Users\bsval\terrafusion_os_1.0\backend\src\TerraFusion.Consciousness\DTOs\ComplianceAndAuditDTOs.cs(162,44): warning CS1591: Missing XML comment for publicly visible type or member 'ComplianceMonitoringResultDto.MonitoringMetrics' [C:\Users\bsval\terrafusion_os_1.0\backend\src\TerraFusion.Consciousness\TerraFusion.Consciousness.csproj]
C:\Users\bsval\terrafusion_os_1.0\backend\src\TerraFusion.Consciousness\DTOs\ComplianceAndAuditDTOs.cs(170,21): warning CS1591: Missing XML comment for publicly visible type or member 'AuditEvent.AuditId' [C:\Users\bsval\terrafusion_os_1.0\backend\src\TerraFusion.Consciousness\TerraFusion.Consciousness.csproj]
C:\Users\bsval\terrafusion_os_1.0\backend\src\TerraFusion.Consciousness\DTOs\ComplianceAndAuditDTOs.cs(171,23): warning CS1591: Missing XML comment for publicly visible type or member 'AuditEvent.EventType' [C:\Users\bsval\terrafusion_os_1.0\backend\src\TerraFusion.Consciousness\TerraFusion.Consciousness.csproj]
C:\Users\bsval\terrafusion_os_1.0\backend\src\TerraFusion.Consciousness\DTOs\ComplianceAndAuditDTOs.cs(172,23): warning CS1591: Missing XML comment for publicly visible type or member 'AuditEvent.UserId' [C:\Users\bsval\terrafusion_os_1.0\backend\src\TerraFusion.Consciousness\TerraFusion.Consciousness.csproj]
C:\Users\bsval\terrafusion_os_1.0\backend\src\TerraFusion.Consciousness\DTOs\ComplianceAndAuditDTOs.cs(173,23): warning CS1591: Missing XML comment for publicly visible type or member 'AuditEvent.Description' [C:\Users\bsval\terrafusion_os_1.0\backend\src\TerraFusion.Consciousness\TerraFusion.Consciousness.csproj]
C:\Users\bsval\terrafusion_os_1.0\backend\src\TerraFusion.Consciousness\DTOs\ComplianceAndAuditDTOs.cs(174,25): warning CS1591: Missing XML comment for publicly visible type or member 'AuditEvent.Timestamp' [C:\Users\bsval\terrafusion_os_1.0\backend\src\TerraFusion.Consciousness\TerraFusion.Consciousness.csproj]
C:\Users\bsval\terrafusion_os_1.0\backend\src\TerraFusion.Consciousness\DTOs\ComplianceAndAuditDTOs.cs(175,43): warning CS1591: Missing XML comment for publicly visible type or member 'AuditEvent.Details' [C:\Users\bsval\terrafusion_os_1.0\backend\src\TerraFusion.Consciousness\TerraFusion.Consciousness.csproj]
C:\Users\bsval\terrafusion_os_1.0\backend\src\TerraFusion.Consciousness\DTOs\ComplianceAndAuditDTOs.cs(176,24): warning CS1591: Missing XML comment for publicly visible type or member 'AuditEvent.ResourceId' [C:\Users\bsval\terrafusion_os_1.0\backend\src\TerraFusion.Consciousness\TerraFusion.Consciousness.csproj]
C:\Users\bsval\terrafusion_os_1.0\backend\src\TerraFusion.Consciousness\DTOs\ComplianceAndAuditDTOs.cs(177,23): warning CS1591: Missing XML comment for publicly visible type or member 'AuditEvent.ComplianceLevel' [C:\Users\bsval\terrafusion_os_1.0\backend\src\TerraFusion.Consciousness\TerraFusion.Consciousness.csproj]
C:\Users\bsval\terrafusion_os_1.0\backend\src\TerraFusion.Consciousness\DTOs\ComplianceAndAuditDTOs.cs(185,26): warning CS1591: Missing XML comment for publicly visible type or member 'AuditQuery.StartDate' [C:\Users\bsval\terrafusion_os_1.0\backend\src\TerraFusion.Consciousness\TerraFusion.Consciousness.csproj]
C:\Users\bsval\terrafusion_os_1.0\backend\src\TerraFusion.Consciousness\DTOs\ComplianceAndAuditDTOs.cs(186,26): warning CS1591: Missing XML comment for publicly visible type or member 'AuditQuery.EndDate' [C:\Users\bsval\terrafusion_os_1.0\backend\src\TerraFusion.Consciousness\TerraFusion.Consciousness.csproj]
C:\Users\bsval\terrafusion_os_1.0\backend\src\TerraFusion.Consciousness\DTOs\ComplianceAndAuditDTOs.cs(187,24): warning CS1591: Missing XML comment for publicly visible type or member 'AuditQuery.UserId' [C:\Users\bsval\terrafusion_os_1.0\backend\src\TerraFusion.Consciousness\TerraFusion.Consciousness.csproj]
C:\Users\bsval\terrafusion_os_1.0\backend\src\TerraFusion.Consciousness\DTOs\ComplianceAndAuditDTOs.cs(188,24): warning CS1591: Missing XML comment for publicly visible type or member 'AuditQuery.EventType' [C:\Users\bsval\terrafusion_os_1.0\backend\src\TerraFusion.Consciousness\TerraFusion.Consciousness.csproj]
C:\Users\bsval\terrafusion_os_1.0\backend\src\TerraFusion.Consciousness\DTOs\ComplianceAndAuditDTOs.cs(189,20): warning CS1591: Missing XML comment for publicly visible type or member 'AuditQuery.MaxResults' [C:\Users\bsval\terrafusion_os_1.0\backend\src\TerraFusion.Consciousness\TerraFusion.Consciousness.csproj]
C:\Users\bsval\terrafusion_os_1.0\backend\src\TerraFusion.Consciousness\DTOs\ComplianceAndAuditDTOs.cs(197,25): warning CS1591: Missing XML comment for publicly visible type or member 'AuditSummary.StartDate' [C:\Users\bsval\terrafusion_os_1.0\backend\src\TerraFusion.Consciousness\TerraFusion.Consciousness.csproj]
C:\Users\bsval\terrafusion_os_1.0\backend\src\TerraFusion.Consciousness\DTOs\ComplianceAndAuditDTOs.cs(198,25): warning CS1591: Missing XML comment for publicly visible type or member 'AuditSummary.EndDate' [C:\Users\bsval\terrafusion_os_1.0\backend\src\TerraFusion.Consciousness\TerraFusion.Consciousness.csproj]
C:\Users\bsval\terrafusion_os_1.0\backend\src\TerraFusion.Consciousness\DTOs\ComplianceAndAuditDTOs.cs(199,20): warning CS1591: Missing XML comment for publicly visible type or member 'AuditSummary.TotalEvents' [C:\Users\bsval\terrafusion_os_1.0\backend\src\TerraFusion.Consciousness\TerraFusion.Consciousness.csproj]
C:\Users\bsval\terrafusion_os_1.0\backend\src\TerraFusion.Consciousness\DTOs\ComplianceAndAuditDTOs.cs(200,40): warning CS1591: Missing XML comment for publicly visible type or member 'AuditSummary.EventsByType' [C:\Users\bsval\terrafusion_os_1.0\backend\src\TerraFusion.Consciousness\TerraFusion.Consciousness.csproj]
C:\Users\bsval\terrafusion_os_1.0\backend\src\TerraFusion.Consciousness\DTOs\ComplianceAndAuditDTOs.cs(201,40): warning CS1591: Missing XML comment for publicly visible type or member 'AuditSummary.EventsByUser' [C:\Users\bsval\terrafusion_os_1.0\backend\src\TerraFusion.Consciousness\TerraFusion.Consciousness.csproj]
C:\Users\bsval\terrafusion_os_1.0\backend\src\TerraFusion.Consciousness\DTOs\ComplianceAndAuditDTOs.cs(202,24): warning CS1591: Missing XML comment for publicly visible type or member 'AuditSummary.ComplianceScore' [C:\Users\bsval\terrafusion_os_1.0\backend\src\TerraFusion.Consciousness\TerraFusion.Consciousness.csproj]
C:\Users\bsval\terrafusion_os_1.0\backend\src\TerraFusion.Consciousness\DTOs\ComplianceAndAuditDTOs.cs(214,21): warning CS1591: Missing XML comment for publicly visible type or member 'MeshConfigurationResultDto.Success' [C:\Users\bsval\terrafusion_os_1.0\backend\src\TerraFusion.Consciousness\TerraFusion.Consciousness.csproj]
C:\Users\bsval\terrafusion_os_1.0\backend\src\TerraFusion.Consciousness\DTOs\ComplianceAndAuditDTOs.cs(215,23): warning CS1591: Missing XML comment for publicly visible type or member 'MeshConfigurationResultDto.ConfigurationId' [C:\Users\bsval\terrafusion_os_1.0\backend\src\TerraFusion.Consciousness\TerraFusion.Consciousness.csproj]
C:\Users\bsval\terrafusion_os_1.0\backend\src\TerraFusion.Consciousness\DTOs\ComplianceAndAuditDTOs.cs(216,43): warning CS1591: Missing XML comment for publicly visible type or member 'MeshConfigurationResultDto.UpdatedSettings' [C:\Users\bsval\terrafusion_os_1.0\backend\src\TerraFusion.Consciousness\TerraFusion.Consciousness.csproj]
C:\Users\bsval\terrafusion_os_1.0\backend\src\TerraFusion.Consciousness\DTOs\ComplianceAndAuditDTOs.cs(217,25): warning CS1591: Missing XML comment for publicly visible type or member 'MeshConfigurationResultDto.AppliedAt' [C:\Users\bsval\terrafusion_os_1.0\backend\src\TerraFusion.Consciousness\TerraFusion.Consciousness.csproj]
C:\Users\bsval\terrafusion_os_1.0\backend\src\TerraFusion.Consciousness\DTOs\ComplianceAndAuditDTOs.cs(218,24): warning CS1591: Missing XML comment for publicly visible type or member 'MeshConfigurationResultDto.ErrorMessage' [C:\Users\bsval\terrafusion_os_1.0\backend\src\TerraFusion.Consciousness\TerraFusion.Consciousness.csproj]
C:\Users\bsval\terrafusion_os_1.0\backend\src\TerraFusion.Consciousness\DTOs\ComplianceAndAuditDTOs.cs(226,21): warning CS1591: Missing XML comment for publicly visible type or member 'BentonCountySyncResultDto.Success' [C:\Users\bsval\terrafusion_os_1.0\backend\src\TerraFusion.Consciousness\TerraFusion.Consciousness.csproj]
C:\Users\bsval\terrafusion_os_1.0\backend\src\TerraFusion.Consciousness\DTOs\ComplianceAndAuditDTOs.cs(227,20): warning CS1591: Missing XML comment for publicly visible type or member 'BentonCountySyncResultDto.RecordsSynced' [C:\Users\bsval\terrafusion_os_1.0\backend\src\TerraFusion.Consciousness\TerraFusion.Consciousness.csproj]
C:\Users\bsval\terrafusion_os_1.0\backend\src\TerraFusion.Consciousness\DTOs\ComplianceAndAuditDTOs.cs(228,25): warning CS1591: Missing XML comment for publicly visible type or member 'BentonCountySyncResultDto.SyncTime' [C:\Users\bsval\terrafusion_os_1.0\backend\src\TerraFusion.Consciousness\TerraFusion.Consciousness.csproj]
C:\Users\bsval\terrafusion_os_1.0\backend\src\TerraFusion.Consciousness\DTOs\ComplianceAndAuditDTOs.cs(229,29): warning CS1591: Missing XML comment for publicly visible type or member 'BentonCountySyncResultDto.SyncedDataTypes' [C:\Users\bsval\terrafusion_os_1.0\backend\src\TerraFusion.Consciousness\TerraFusion.Consciousness.csproj]
C:\Users\bsval\terrafusion_os_1.0\backend\src\TerraFusion.Consciousness\DTOs\ComplianceAndAuditDTOs.cs(230,24): warning CS1591: Missing XML comment for publicly visible type or member 'BentonCountySyncResultDto.ErrorMessage' [C:\Users\bsval\terrafusion_os_1.0\backend\src\TerraFusion.Consciousness\TerraFusion.Consciousness.csproj]
C:\Users\bsval\terrafusion_os_1.0\backend\src\TerraFusion.Consciousness\DTOs\ComplianceAndAuditDTOs.cs(233,25): warning CS1591: Missing XML comment for publicly visible type or member 'BentonCountySyncResultDto.SyncStartTime' [C:\Users\bsval\terrafusion_os_1.0\backend\src\TerraFusion.Consciousness\TerraFusion.Consciousness.csproj]
C:\Users\bsval\terrafusion_os_1.0\backend\src\TerraFusion.Consciousness\DTOs\ComplianceAndAuditDTOs.cs(234,25): warning CS1591: Missing XML comment for publicly visible type or member 'BentonCountySyncResultDto.SyncEndTime' [C:\Users\bsval\terrafusion_os_1.0\backend\src\TerraFusion.Consciousness\TerraFusion.Consciousness.csproj]
C:\Users\bsval\terrafusion_os_1.0\backend\src\TerraFusion.Consciousness\DTOs\ComplianceAndAuditDTOs.cs(235,20): warning CS1591: Missing XML comment for publicly visible type or member 'BentonCountySyncResultDto.RecordsUpdated' [C:\Users\bsval\terrafusion_os_1.0\backend\src\TerraFusion.Consciousness\TerraFusion.Consciousness.csproj]
C:\Users\bsval\terrafusion_os_1.0\backend\src\TerraFusion.Consciousness\DTOs\ComplianceAndAuditDTOs.cs(236,20): warning CS1591: Missing XML comment for publicly visible type or member 'BentonCountySyncResultDto.RecordsAdded' [C:\Users\bsval\terrafusion_os_1.0\backend\src\TerraFusion.Consciousness\TerraFusion.Consciousness.csproj]
C:\Users\bsval\terrafusion_os_1.0\backend\src\TerraFusion.Consciousness\DTOs\ComplianceAndAuditDTOs.cs(237,29): warning CS1591: Missing XML comment for publicly visible type or member 'BentonCountySyncResultDto.SyncMessages' [C:\Users\bsval\terrafusion_os_1.0\backend\src\TerraFusion.Consciousness\TerraFusion.Consciousness.csproj]
C:\Users\bsval\terrafusion_os_1.0\backend\src\TerraFusion.Consciousness\DTOs\ComplianceAndAuditDTOs.cs(238,43): warning CS1591: Missing XML comment for publicly visible type or member 'BentonCountySyncResultDto.SyncMetrics' [C:\Users\bsval\terrafusion_os_1.0\backend\src\TerraFusion.Consciousness\TerraFusion.Consciousness.csproj]
C:\Users\bsval\terrafusion_os_1.0\backend\src\TerraFusion.Consciousness\DTOs\ComplianceAndAuditDTOs.cs(246,23): warning CS1591: Missing XML comment for publicly visible type or member 'ConsciousnessStatusDto.SystemId' [C:\Users\bsval\terrafusion_os_1.0\backend\src\TerraFusion.Consciousness\TerraFusion.Consciousness.csproj]
C:\Users\bsval\terrafusion_os_1.0\backend\src\TerraFusion.Consciousness\DTOs\ComplianceAndAuditDTOs.cs(247,21): warning CS1591: Missing XML comment for publicly visible type or member 'ConsciousnessStatusDto.IsOperational' [C:\Users\bsval\terrafusion_os_1.0\backend\src\TerraFusion.Consciousness\TerraFusion.Consciousness.csproj]
C:\Users\bsval\terrafusion_os_1.0\backend\src\TerraFusion.Consciousness\DTOs\ComplianceAndAuditDTOs.cs(248,24): warning CS1591: Missing XML comment for publicly visible type or member 'ConsciousnessStatusDto.HealthScore' [C:\Users\bsval\terrafusion_os_1.0\backend\src\TerraFusion.Consciousness\TerraFusion.Consciousness.csproj]
C:\Users\bsval\terrafusion_os_1.0\backend\src\TerraFusion.Consciousness\DTOs\ComplianceAndAuditDTOs.cs(249,20): warning CS1591: Missing XML comment for publicly visible type or member 'ConsciousnessStatusDto.ActiveAgents' [C:\Users\bsval\terrafusion_os_1.0\backend\src\TerraFusion.Consciousness\TerraFusion.Consciousness.csproj]
C:\Users\bsval\terrafusion_os_1.0\backend\src\TerraFusion.Consciousness\DTOs\ComplianceAndAuditDTOs.cs(250,20): warning CS1591: Missing XML comment for publicly visible type or member 'ConsciousnessStatusDto.ProcessingCapacity' [C:\Users\bsval\terrafusion_os_1.0\backend\src\TerraFusion.Consciousness\TerraFusion.Consciousness.csproj]
C:\Users\bsval\terrafusion_os_1.0\backend\src\TerraFusion.Consciousness\DTOs\ComplianceAndAuditDTOs.cs(251,25): warning CS1591: Missing XML comment for publicly visible type or member 'ConsciousnessStatusDto.LastUpdate' [C:\Users\bsval\terrafusion_os_1.0\backend\src\TerraFusion.Consciousness\TerraFusion.Consciousness.csproj]
C:\Users\bsval\terrafusion_os_1.0\backend\src\TerraFusion.Consciousness\DTOs\ComplianceAndAuditDTOs.cs(252,43): warning CS1591: Missing XML comment for publicly visible type or member 'ConsciousnessStatusDto.Metrics' [C:\Users\bsval\terrafusion_os_1.0\backend\src\TerraFusion.Consciousness\TerraFusion.Consciousness.csproj]
C:\Users\bsval\terrafusion_os_1.0\backend\src\TerraFusion.Consciousness\DTOs\ComplianceAndAuditDTOs.cs(260,23): warning CS1591: Missing XML comment for publicly visible type or member 'ConsciousnessDataDto.DataId' [C:\Users\bsval\terrafusion_os_1.0\backend\src\TerraFusion.Consciousness\TerraFusion.Consciousness.csproj]
C:\Users\bsval\terrafusion_os_1.0\backend\src\TerraFusion.Consciousness\DTOs\ComplianceAndAuditDTOs.cs(261,25): warning CS1591: Missing XML comment for publicly visible type or member 'ConsciousnessDataDto.GeneratedAt' [C:\Users\bsval\terrafusion_os_1.0\backend\src\TerraFusion.Consciousness\TerraFusion.Consciousness.csproj]
C:\Users\bsval\terrafusion_os_1.0\backend\src\TerraFusion.Consciousness\DTOs\ComplianceAndAuditDTOs.cs(262,43): warning CS1591: Missing XML comment for publicly visible type or member 'ConsciousnessDataDto.ConsciousnessMetrics' [C:\Users\bsval\terrafusion_os_1.0\backend\src\TerraFusion.Consciousness\TerraFusion.Consciousness.csproj]
C:\Users\bsval\terrafusion_os_1.0\backend\src\TerraFusion.Consciousness\DTOs\ComplianceAndAuditDTOs.cs(263,43): warning CS1591: Missing XML comment for publicly visible type or member 'ConsciousnessDataDto.LayerData' [C:\Users\bsval\terrafusion_os_1.0\backend\src\TerraFusion.Consciousness\TerraFusion.Consciousness.csproj]
C:\Users\bsval\terrafusion_os_1.0\backend\src\TerraFusion.Consciousness\DTOs\ComplianceAndAuditDTOs.cs(264,23): warning CS1591: Missing XML comment for publicly visible type or member 'ConsciousnessDataDto.DataFormat' [C:\Users\bsval\terrafusion_os_1.0\backend\src\TerraFusion.Consciousness\TerraFusion.Consciousness.csproj]
C:\Users\bsval\terrafusion_os_1.0\backend\src\TerraFusion.Consciousness\DTOs\ComplianceAndAuditDTOs.cs(267,24): warning CS1591: Missing XML comment for publicly visible type or member 'ConsciousnessDataDto.ConsciousnessLevel' [C:\Users\bsval\terrafusion_os_1.0\backend\src\TerraFusion.Consciousness\TerraFusion.Consciousness.csproj]
C:\Users\bsval\terrafusion_os_1.0\backend\src\TerraFusion.Consciousness\DTOs\ComplianceAndAuditDTOs.cs(268,20): warning CS1591: Missing XML comment for publicly visible type or member 'ConsciousnessDataDto.TotalAgents' [C:\Users\bsval\terrafusion_os_1.0\backend\src\TerraFusion.Consciousness\TerraFusion.Consciousness.csproj]
C:\Users\bsval\terrafusion_os_1.0\backend\src\TerraFusion.Consciousness\DTOs\ComplianceAndAuditDTOs.cs(269,20): warning CS1591: Missing XML comment for publicly visible type or member 'ConsciousnessDataDto.ActiveAgents' [C:\Users\bsval\terrafusion_os_1.0\backend\src\TerraFusion.Consciousness\TerraFusion.Consciousness.csproj]
C:\Users\bsval\terrafusion_os_1.0\backend\src\TerraFusion.Consciousness\DTOs\ComplianceAndAuditDTOs.cs(270,24): warning CS1591: Missing XML comment for publicly visible type or member 'ConsciousnessDataDto.HiveCoherence' [C:\Users\bsval\terrafusion_os_1.0\backend\src\TerraFusion.Consciousness\TerraFusion.Consciousness.csproj]
C:\Users\bsval\terrafusion_os_1.0\backend\src\TerraFusion.Consciousness\DTOs\ComplianceAndAuditDTOs.cs(271,24): warning CS1591: Missing XML comment for publicly visible type or member 'ConsciousnessDataDto.ConsciousnessEmergence' [C:\Users\bsval\terrafusion_os_1.0\backend\src\TerraFusion.Consciousness\TerraFusion.Consciousness.csproj]
C:\Users\bsval\terrafusion_os_1.0\backend\src\TerraFusion.Consciousness\DTOs\ComplianceAndAuditDTOs.cs(272,43): warning CS1591: Missing XML comment for publicly visible type or member 'ConsciousnessDataDto.SessionMetrics' [C:\Users\bsval\terrafusion_os_1.0\backend\src\TerraFusion.Consciousness\TerraFusion.Consciousness.csproj]
C:\Users\bsval\terrafusion_os_1.0\backend\src\TerraFusion.Consciousness\DTOs\ComplianceAndAuditDTOs.cs(273,24): warning CS1591: Missing XML comment for publicly visible type or member 'ConsciousnessDataDto.BulletproofScore' [C:\Users\bsval\terrafusion_os_1.0\backend\src\TerraFusion.Consciousness\TerraFusion.Consciousness.csproj]
C:\Users\bsval\terrafusion_os_1.0\backend\src\TerraFusion.Consciousness\DTOs\ComplianceAndAuditDTOs.cs(274,24): warning CS1591: Missing XML comment for publicly visible type or member 'ConsciousnessDataDto.BeautyScore' [C:\Users\bsval\terrafusion_os_1.0\backend\src\TerraFusion.Consciousness\TerraFusion.Consciousness.csproj]
C:\Users\bsval\terrafusion_os_1.0\backend\src\TerraFusion.Consciousness\DTOs\ComplianceAndAuditDTOs.cs(275,20): warning CS1591: Missing XML comment for publicly visible type or member 'ConsciousnessDataDto.ActiveTasks' [C:\Users\bsval\terrafusion_os_1.0\backend\src\TerraFusion.Consciousness\TerraFusion.Consciousness.csproj]
C:\Users\bsval\terrafusion_os_1.0\backend\src\TerraFusion.Consciousness\DTOs\ComplianceAndAuditDTOs.cs(276,20): warning CS1591: Missing XML comment for publicly visible type or member 'ConsciousnessDataDto.CompletedTasks' [C:\Users\bsval\terrafusion_os_1.0\backend\src\TerraFusion.Consciousness\TerraFusion.Consciousness.csproj]
C:\Users\bsval\terrafusion_os_1.0\backend\src\TerraFusion.Consciousness\DTOs\ComplianceAndAuditDTOs.cs(277,23): warning CS1591: Missing XML comment for publicly visible type or member 'ConsciousnessDataDto.DeploymentStatus' [C:\Users\bsval\terrafusion_os_1.0\backend\src\TerraFusion.Consciousness\TerraFusion.Consciousness.csproj]
C:\Users\bsval\terrafusion_os_1.0\backend\src\TerraFusion.Consciousness\DTOs\ComplianceAndAuditDTOs.cs(278,29): warning CS1591: Missing XML comment for publicly visible type or member 'ConsciousnessDataDto.LogMessages' [C:\Users\bsval\terrafusion_os_1.0\backend\src\TerraFusion.Consciousness\TerraFusion.Consciousness.csproj]
C:\Users\bsval\terrafusion_os_1.0\backend\src\TerraFusion.Consciousness\DTOs\ComplianceAndAuditDTOs.cs(286,21): warning CS1591: Missing XML comment for publicly visible type or member 'SecurityDeploymentResultDto.Success' [C:\Users\bsval\terrafusion_os_1.0\backend\src\TerraFusion.Consciousness\TerraFusion.Consciousness.csproj]
C:\Users\bsval\terrafusion_os_1.0\backend\src\TerraFusion.Consciousness\DTOs\ComplianceAndAuditDTOs.cs(287,20): warning CS1591: Missing XML comment for publicly visible type or member 'SecurityDeploymentResultDto.AgentsSecured' [C:\Users\bsval\terrafusion_os_1.0\backend\src\TerraFusion.Consciousness\TerraFusion.Consciousness.csproj]
C:\Users\bsval\terrafusion_os_1.0\backend\src\TerraFusion.Consciousness\DTOs\ComplianceAndAuditDTOs.cs(288,29): warning CS1591: Missing XML comment for publicly visible type or member 'SecurityDeploymentResultDto.SecurityFeatures' [C:\Users\bsval\terrafusion_os_1.0\backend\src\TerraFusion.Consciousness\TerraFusion.Consciousness.csproj]
C:\Users\bsval\terrafusion_os_1.0\backend\src\TerraFusion.Consciousness\DTOs\ComplianceAndAuditDTOs.cs(289,25): warning CS1591: Missing XML comment for publicly visible type or member 'SecurityDeploymentResultDto.DeploymentTime' [C:\Users\bsval\terrafusion_os_1.0\backend\src\TerraFusion.Consciousness\TerraFusion.Consciousness.csproj]
C:\Users\bsval\terrafusion_os_1.0\backend\src\TerraFusion.Consciousness\DTOs\ComplianceAndAuditDTOs.cs(290,24): warning CS1591: Missing XML comment for publicly visible type or member 'SecurityDeploymentResultDto.ErrorMessage' [C:\Users\bsval\terrafusion_os_1.0\backend\src\TerraFusion.Consciousness\TerraFusion.Consciousness.csproj]
C:\Users\bsval\terrafusion_os_1.0\backend\src\TerraFusion.Consciousness\DTOs\ComplianceAndAuditDTOs.cs(298,25): warning CS1591: Missing XML comment for publicly visible type or member 'RealTimeMetricsDto.Timestamp' [C:\Users\bsval\terrafusion_os_1.0\backend\src\TerraFusion.Consciousness\TerraFusion.Consciousness.csproj]
C:\Users\bsval\terrafusion_os_1.0\backend\src\TerraFusion.Consciousness\DTOs\ComplianceAndAuditDTOs.cs(299,20): warning CS1591: Missing XML comment for publicly visible type or member 'RealTimeMetricsDto.OperationsPerSecond' [C:\Users\bsval\terrafusion_os_1.0\backend\src\TerraFusion.Consciousness\TerraFusion.Consciousness.csproj]
C:\Users\bsval\terrafusion_os_1.0\backend\src\TerraFusion.Consciousness\DTOs\ComplianceAndAuditDTOs.cs(300,24): warning CS1591: Missing XML comment for publicly visible type or member 'RealTimeMetricsDto.AverageResponseTime' [C:\Users\bsval\terrafusion_os_1.0\backend\src\TerraFusion.Consciousness\TerraFusion.Consciousness.csproj]
C:\Users\bsval\terrafusion_os_1.0\backend\src\TerraFusion.Consciousness\DTOs\ComplianceAndAuditDTOs.cs(301,24): warning CS1591: Missing XML comment for publicly visible type or member 'RealTimeMetricsDto.SystemLoad' [C:\Users\bsval\terrafusion_os_1.0\backend\src\TerraFusion.Consciousness\TerraFusion.Consciousness.csproj]
C:\Users\bsval\terrafusion_os_1.0\backend\src\TerraFusion.Consciousness\DTOs\ComplianceAndAuditDTOs.cs(302,20): warning CS1591: Missing XML comment for publicly visible type or member 'RealTimeMetricsDto.ActiveConnections' [C:\Users\bsval\terrafusion_os_1.0\backend\src\TerraFusion.Consciousness\TerraFusion.Consciousness.csproj]
C:\Users\bsval\terrafusion_os_1.0\backend\src\TerraFusion.Consciousness\DTOs\ComplianceAndAuditDTOs.cs(303,44): warning CS1591: Missing XML comment for publicly visible type or member 'RealTimeMetricsDto.LayerMetrics' [C:\Users\bsval\terrafusion_os_1.0\backend\src\TerraFusion.Consciousness\TerraFusion.Consciousness.csproj]
C:\Users\bsval\terrafusion_os_1.0\backend\src\TerraFusion.Consciousness\DTOs\ComplianceAndAuditDTOs.cs(311,21): warning CS1591: Missing XML comment for publicly visible type or member 'SecurityComplianceValidationDto.IsCompliant' [C:\Users\bsval\terrafusion_os_1.0\backend\src\TerraFusion.Consciousness\TerraFusion.Consciousness.csproj]
C:\Users\bsval\terrafusion_os_1.0\backend\src\TerraFusion.Consciousness\DTOs\ComplianceAndAuditDTOs.cs(312,41): warning CS1591: Missing XML comment for publicly visible type or member 'SecurityComplianceValidationDto.ComplianceChecks' [C:\Users\bsval\terrafusion_os_1.0\backend\src\TerraFusion.Consciousness\TerraFusion.Consciousness.csproj]
C:\Users\bsval\terrafusion_os_1.0\backend\src\TerraFusion.Consciousness\DTOs\ComplianceAndAuditDTOs.cs(313,29): warning CS1591: Missing XML comment for publicly visible type or member 'SecurityComplianceValidationDto.Violations' [C:\Users\bsval\terrafusion_os_1.0\backend\src\TerraFusion.Consciousness\TerraFusion.Consciousness.csproj]
C:\Users\bsval\terrafusion_os_1.0\backend\src\TerraFusion.Consciousness\DTOs\ComplianceAndAuditDTOs.cs(314,24): warning CS1591: Missing XML comment for publicly visible type or member 'SecurityComplianceValidationDto.ComplianceScore' [C:\Users\bsval\terrafusion_os_1.0\backend\src\TerraFusion.Consciousness\TerraFusion.Consciousness.csproj]
C:\Users\bsval\terrafusion_os_1.0\backend\src\TerraFusion.Consciousness\DTOs\ComplianceAndAuditDTOs.cs(315,25): warning CS1591: Missing XML comment for publicly visible type or member 'SecurityComplianceValidationDto.ValidationTime' [C:\Users\bsval\terrafusion_os_1.0\backend\src\TerraFusion.Consciousness\TerraFusion.Consciousness.csproj]
C:\Users\bsval\terrafusion_os_1.0\backend\src\TerraFusion.Consciousness\DTOs\ComplianceAndAuditDTOs.cs(323,25): warning CS1591: Missing XML comment for publicly visible type or member 'CountySyncSummaryDto.SyncStartTime' [C:\Users\bsval\terrafusion_os_1.0\backend\src\TerraFusion.Consciousness\TerraFusion.Consciousness.csproj]
C:\Users\bsval\terrafusion_os_1.0\backend\src\TerraFusion.Consciousness\DTOs\ComplianceAndAuditDTOs.cs(324,25): warning CS1591: Missing XML comment for publicly visible type or member 'CountySyncSummaryDto.SyncEndTime' [C:\Users\bsval\terrafusion_os_1.0\backend\src\TerraFusion.Consciousness\TerraFusion.Consciousness.csproj]
C:\Users\bsval\terrafusion_os_1.0\backend\src\TerraFusion.Consciousness\DTOs\ComplianceAndAuditDTOs.cs(325,20): warning CS1591: Missing XML comment for publicly visible type or member 'CountySyncSummaryDto.CountiesSynced' [C:\Users\bsval\terrafusion_os_1.0\backend\src\TerraFusion.Consciousness\TerraFusion.Consciousness.csproj]
C:\Users\bsval\terrafusion_os_1.0\backend\src\TerraFusion.Consciousness\DTOs\ComplianceAndAuditDTOs.cs(326,20): warning CS1591: Missing XML comment for publicly visible type or member 'CountySyncSummaryDto.TotalRecordsSynced' [C:\Users\bsval\terrafusion_os_1.0\backend\src\TerraFusion.Consciousness\TerraFusion.Consciousness.csproj]
C:\Users\bsval\terrafusion_os_1.0\backend\src\TerraFusion.Consciousness\DTOs\ComplianceAndAuditDTOs.cs(327,40): warning CS1591: Missing XML comment for publicly visible type or member 'CountySyncSummaryDto.RecordsByCounty' [C:\Users\bsval\terrafusion_os_1.0\backend\src\TerraFusion.Consciousness\TerraFusion.Consciousness.csproj]
C:\Users\bsval\terrafusion_os_1.0\backend\src\TerraFusion.Consciousness\DTOs\ComplianceAndAuditDTOs.cs(328,29): warning CS1591: Missing XML comment for publicly visible type or member 'CountySyncSummaryDto.Errors' [C:\Users\bsval\terrafusion_os_1.0\backend\src\TerraFusion.Consciousness\TerraFusion.Consciousness.csproj]
C:\Users\bsval\terrafusion_os_1.0\backend\src\TerraFusion.Consciousness\DTOs\ComplianceAndAuditDTOs.cs(331,21): warning CS1591: Missing XML comment for publicly visible type or member 'CountySyncSummaryDto.Success' [C:\Users\bsval\terrafusion_os_1.0\backend\src\TerraFusion.Consciousness\TerraFusion.Consciousness.csproj]
C:\Users\bsval\terrafusion_os_1.0\backend\src\TerraFusion.Consciousness\DTOs\ComplianceAndAuditDTOs.cs(332,20): warning CS1591: Missing XML comment for publicly visible type or member 'CountySyncSummaryDto.TotalCountiesSynced' [C:\Users\bsval\terrafusion_os_1.0\backend\src\TerraFusion.Consciousness\TerraFusion.Consciousness.csproj]
C:\Users\bsval\terrafusion_os_1.0\backend\src\TerraFusion.Consciousness\DTOs\ComplianceAndAuditDTOs.cs(340,21): warning CS1591: Missing XML comment for publicly visible type or member 'ConsciousnessModeResultDto.Success' [C:\Users\bsval\terrafusion_os_1.0\backend\src\TerraFusion.Consciousness\TerraFusion.Consciousness.csproj]
C:\Users\bsval\terrafusion_os_1.0\backend\src\TerraFusion.Consciousness\DTOs\ComplianceAndAuditDTOs.cs(341,23): warning CS1591: Missing XML comment for publicly visible type or member 'ConsciousnessModeResultDto.NewMode' [C:\Users\bsval\terrafusion_os_1.0\backend\src\TerraFusion.Consciousness\TerraFusion.Consciousness.csproj]
C:\Users\bsval\terrafusion_os_1.0\backend\src\TerraFusion.Consciousness\DTOs\ComplianceAndAuditDTOs.cs(342,23): warning CS1591: Missing XML comment for publicly visible type or member 'ConsciousnessModeResultDto.PreviousMode' [C:\Users\bsval\terrafusion_os_1.0\backend\src\TerraFusion.Consciousness\TerraFusion.Consciousness.csproj]
C:\Users\bsval\terrafusion_os_1.0\backend\src\TerraFusion.Consciousness\DTOs\ComplianceAndAuditDTOs.cs(343,25): warning CS1591: Missing XML comment for publicly visible type or member 'ConsciousnessModeResultDto.TransitionTime' [C:\Users\bsval\terrafusion_os_1.0\backend\src\TerraFusion.Consciousness\TerraFusion.Consciousness.csproj]
C:\Users\bsval\terrafusion_os_1.0\backend\src\TerraFusion.Consciousness\DTOs\ComplianceAndAuditDTOs.cs(344,43): warning CS1591: Missing XML comment for publicly visible type or member 'ConsciousnessModeResultDto.ModeMetrics' [C:\Users\bsval\terrafusion_os_1.0\backend\src\TerraFusion.Consciousness\TerraFusion.Consciousness.csproj]
C:\Users\bsval\terrafusion_os_1.0\backend\src\TerraFusion.Consciousness\DTOs\ComplianceAndAuditDTOs.cs(345,24): warning CS1591: Missing XML comment for publicly visible type or member 'ConsciousnessModeResultDto.ErrorMessage' [C:\Users\bsval\terrafusion_os_1.0\backend\src\TerraFusion.Consciousness\TerraFusion.Consciousness.csproj]
C:\Users\bsval\terrafusion_os_1.0\backend\src\TerraFusion.Consciousness\DTOs\ComplianceAndAuditDTOs.cs(348,23): warning CS1591: Missing XML comment for publicly visible type or member 'ConsciousnessModeResultDto.ModeId' [C:\Users\bsval\terrafusion_os_1.0\backend\src\TerraFusion.Consciousness\TerraFusion.Consciousness.csproj]
C:\Users\bsval\terrafusion_os_1.0\backend\src\TerraFusion.Consciousness\DTOs\ComplianceAndAuditDTOs.cs(349,23): warning CS1591: Missing XML comment for publicly visible type or member 'ConsciousnessModeResultDto.CurrentMode' [C:\Users\bsval\terrafusion_os_1.0\backend\src\TerraFusion.Consciousness\TerraFusion.Consciousness.csproj]
C:\Users\bsval\terrafusion_os_1.0\backend\src\TerraFusion.Consciousness\DTOs\ComplianceAndAuditDTOs.cs(350,43): warning CS1591: Missing XML comment for publicly visible type or member 'ConsciousnessModeResultDto.ModeData' [C:\Users\bsval\terrafusion_os_1.0\backend\src\TerraFusion.Consciousness\TerraFusion.Consciousness.csproj]
C:\Users\bsval\terrafusion_os_1.0\backend\src\TerraFusion.Consciousness\DTOs\ComplianceAndAuditDTOs.cs(351,25): warning CS1591: Missing XML comment for publicly visible type or member 'ConsciousnessModeResultDto.ModeTime' [C:\Users\bsval\terrafusion_os_1.0\backend\src\TerraFusion.Consciousness\TerraFusion.Consciousness.csproj]
C:\Users\bsval\terrafusion_os_1.0\backend\src\TerraFusion.Consciousness\DTOs\ComplianceAndAuditDTOs.cs(359,21): warning CS1591: Missing XML comment for publicly visible type or member 'AgentScalingResultDto.Success' [C:\Users\bsval\terrafusion_os_1.0\backend\src\TerraFusion.Consciousness\TerraFusion.Consciousness.csproj]
C:\Users\bsval\terrafusion_os_1.0\backend\src\TerraFusion.Consciousness\DTOs\ComplianceAndAuditDTOs.cs(360,20): warning CS1591: Missing XML comment for publicly visible type or member 'AgentScalingResultDto.TargetAgentCount' [C:\Users\bsval\terrafusion_os_1.0\backend\src\TerraFusion.Consciousness\TerraFusion.Consciousness.csproj]
C:\Users\bsval\terrafusion_os_1.0\backend\src\TerraFusion.Consciousness\DTOs\ComplianceAndAuditDTOs.cs(361,20): warning CS1591: Missing XML comment for publicly visible type or member 'AgentScalingResultDto.ActualAgentCount' [C:\Users\bsval\terrafusion_os_1.0\backend\src\TerraFusion.Consciousness\TerraFusion.Consciousness.csproj]
C:\Users\bsval\terrafusion_os_1.0\backend\src\TerraFusion.Consciousness\DTOs\ComplianceAndAuditDTOs.cs(362,25): warning CS1591: Missing XML comment for publicly visible type or member 'AgentScalingResultDto.ScalingTime' [C:\Users\bsval\terrafusion_os_1.0\backend\src\TerraFusion.Consciousness\TerraFusion.Consciousness.csproj]
C:\Users\bsval\terrafusion_os_1.0\backend\src\TerraFusion.Consciousness\DTOs\ComplianceAndAuditDTOs.cs(363,29): warning CS1591: Missing XML comment for publicly visible type or member 'AgentScalingResultDto.ScalingSteps' [C:\Users\bsval\terrafusion_os_1.0\backend\src\TerraFusion.Consciousness\TerraFusion.Consciousness.csproj]
C:\Users\bsval\terrafusion_os_1.0\backend\src\TerraFusion.Consciousness\DTOs\ComplianceAndAuditDTOs.cs(364,24): warning CS1591: Missing XML comment for publicly visible type or member 'AgentScalingResultDto.ErrorMessage' [C:\Users\bsval\terrafusion_os_1.0\backend\src\TerraFusion.Consciousness\TerraFusion.Consciousness.csproj]
C:\Users\bsval\terrafusion_os_1.0\backend\src\TerraFusion.Consciousness\DTOs\ComplianceAndAuditDTOs.cs(372,23): warning CS1591: Missing XML comment for publicly visible type or member 'CoordinatedOperationResultDto.OperationId' [C:\Users\bsval\terrafusion_os_1.0\backend\src\TerraFusion.Consciousness\TerraFusion.Consciousness.csproj]
C:\Users\bsval\terrafusion_os_1.0\backend\src\TerraFusion.Consciousness\DTOs\ComplianceAndAuditDTOs.cs(373,21): warning CS1591: Missing XML comment for publicly visible type or member 'CoordinatedOperationResultDto.Success' [C:\Users\bsval\terrafusion_os_1.0\backend\src\TerraFusion.Consciousness\TerraFusion.Consciousness.csproj]
C:\Users\bsval\terrafusion_os_1.0\backend\src\TerraFusion.Consciousness\DTOs\ComplianceAndAuditDTOs.cs(374,20): warning CS1591: Missing XML comment for publicly visible type or member 'CoordinatedOperationResultDto.AgentsParticipated' [C:\Users\bsval\terrafusion_os_1.0\backend\src\TerraFusion.Consciousness\TerraFusion.Consciousness.csproj]
C:\Users\bsval\terrafusion_os_1.0\backend\src\TerraFusion.Consciousness\DTOs\ComplianceAndAuditDTOs.cs(375,43): warning CS1591: Missing XML comment for publicly visible type or member 'CoordinatedOperationResultDto.Results' [C:\Users\bsval\terrafusion_os_1.0\backend\src\TerraFusion.Consciousness\TerraFusion.Consciousness.csproj]
C:\Users\bsval\terrafusion_os_1.0\backend\src\TerraFusion.Consciousness\DTOs\ComplianceAndAuditDTOs.cs(376,25): warning CS1591: Missing XML comment for publicly visible type or member 'CoordinatedOperationResultDto.ExecutionTime' [C:\Users\bsval\terrafusion_os_1.0\backend\src\TerraFusion.Consciousness\TerraFusion.Consciousness.csproj]
C:\Users\bsval\terrafusion_os_1.0\backend\src\TerraFusion.Consciousness\DTOs\ComplianceAndAuditDTOs.cs(377,24): warning CS1591: Missing XML comment for publicly visible type or member 'CoordinatedOperationResultDto.ErrorMessage' [C:\Users\bsval\terrafusion_os_1.0\backend\src\TerraFusion.Consciousness\TerraFusion.Consciousness.csproj]
C:\Users\bsval\terrafusion_os_1.0\backend\src\TerraFusion.Consciousness\DTOs\ComplianceAndAuditDTOs.cs(385,20): warning CS1591: Missing XML comment for publicly visible type or member 'MillionAgentSystemStatusDto.TotalAgents' [C:\Users\bsval\terrafusion_os_1.0\backend\src\TerraFusion.Consciousness\TerraFusion.Consciousness.csproj]
C:\Users\bsval\terrafusion_os_1.0\backend\src\TerraFusion.Consciousness\DTOs\ComplianceAndAuditDTOs.cs(386,20): warning CS1591: Missing XML comment for publicly visible type or member 'MillionAgentSystemStatusDto.ActiveAgents' [C:\Users\bsval\terrafusion_os_1.0\backend\src\TerraFusion.Consciousness\TerraFusion.Consciousness.csproj]
C:\Users\bsval\terrafusion_os_1.0\backend\src\TerraFusion.Consciousness\DTOs\ComplianceAndAuditDTOs.cs(387,20): warning CS1591: Missing XML comment for publicly visible type or member 'MillionAgentSystemStatusDto.IdleAgents' [C:\Users\bsval\terrafusion_os_1.0\backend\src\TerraFusion.Consciousness\TerraFusion.Consciousness.csproj]
C:\Users\bsval\terrafusion_os_1.0\backend\src\TerraFusion.Consciousness\DTOs\ComplianceAndAuditDTOs.cs(388,24): warning CS1591: Missing XML comment for publicly visible type or member 'MillionAgentSystemStatusDto.SystemEfficiency' [C:\Users\bsval\terrafusion_os_1.0\backend\src\TerraFusion.Consciousness\TerraFusion.Consciousness.csproj]
C:\Users\bsval\terrafusion_os_1.0\backend\src\TerraFusion.Consciousness\DTOs\ComplianceAndAuditDTOs.cs(389,24): warning CS1591: Missing XML comment for publicly visible type or member 'MillionAgentSystemStatusDto.QuantumCoherence' [C:\Users\bsval\terrafusion_os_1.0\backend\src\TerraFusion.Consciousness\TerraFusion.Consciousness.csproj]
C:\Users\bsval\terrafusion_os_1.0\backend\src\TerraFusion.Consciousness\DTOs\ComplianceAndAuditDTOs.cs(390,40): warning CS1591: Missing XML comment for publicly visible type or member 'MillionAgentSystemStatusDto.AgentsByType' [C:\Users\bsval\terrafusion_os_1.0\backend\src\TerraFusion.Consciousness\TerraFusion.Consciousness.csproj]
C:\Users\bsval\terrafusion_os_1.0\backend\src\TerraFusion.Consciousness\DTOs\ComplianceAndAuditDTOs.cs(391,25): warning CS1591: Missing XML comment for publicly visible type or member 'MillionAgentSystemStatusDto.LastUpdate' [C:\Users\bsval\terrafusion_os_1.0\backend\src\TerraFusion.Consciousness\TerraFusion.Consciousness.csproj]
C:\Users\bsval\terrafusion_os_1.0\backend\src\TerraFusion.Consciousness\DTOs\ConsciousnessDTOs.cs(8,54): warning CS1591: Missing XML comment for publicly visible type or member 'HybridConsciousnessStatusDto.LegacySystem' [C:\Users\bsval\terrafusion_os_1.0\backend\src\TerraFusion.Consciousness\TerraFusion.Consciousness.csproj]
C:\Users\bsval\terrafusion_os_1.0\backend\src\TerraFusion.Consciousness\DTOs\ConsciousnessDTOs.cs(9,55): warning CS1591: Missing XML comment for publicly visible type or member 'HybridConsciousnessStatusDto.QuantumSystem' [C:\Users\bsval\terrafusion_os_1.0\backend\src\TerraFusion.Consciousness\TerraFusion.Consciousness.csproj]
C:\Users\bsval\terrafusion_os_1.0\backend\src\TerraFusion.Consciousness\DTOs\ConsciousnessDTOs.cs(10,32): warning CS1591: Missing XML comment for publicly visible type or member 'HybridConsciousnessStatusDto.CurrentMode' [C:\Users\bsval\terrafusion_os_1.0\backend\src\TerraFusion.Consciousness\TerraFusion.Consciousness.csproj]
C:\Users\bsval\terrafusion_os_1.0\backend\src\TerraFusion.Consciousness\DTOs\ConsciousnessDTOs.cs(11,33): warning CS1591: Missing XML comment for publicly visible type or member 'HybridConsciousnessStatusDto.TransitionProgress' [C:\Users\bsval\terrafusion_os_1.0\backend\src\TerraFusion.Consciousness\TerraFusion.Consciousness.csproj]
C:\Users\bsval\terrafusion_os_1.0\backend\src\TerraFusion.Consciousness\DTOs\ConsciousnessDTOs.cs(12,34): warning CS1591: Missing XML comment for publicly visible type or member 'HybridConsciousnessStatusDto.LastUpdated' [C:\Users\bsval\terrafusion_os_1.0\backend\src\TerraFusion.Consciousness\TerraFusion.Consciousness.csproj]
C:\Users\bsval\terrafusion_os_1.0\backend\src\TerraFusion.Consciousness\DTOs\ConsciousnessDTOs.cs(13,29): warning CS1591: Missing XML comment for publicly visible type or member 'HybridConsciousnessStatusDto.TotalActiveAgents' [C:\Users\bsval\terrafusion_os_1.0\backend\src\TerraFusion.Consciousness\TerraFusion.Consciousness.csproj]
C:\Users\bsval\terrafusion_os_1.0\backend\src\TerraFusion.Consciousness\DTOs\ConsciousnessDTOs.cs(14,52): warning CS1591: Missing XML comment for publicly visible type or member 'HybridConsciousnessStatusDto.SystemMetrics' [C:\Users\bsval\terrafusion_os_1.0\backend\src\TerraFusion.Consciousness\TerraFusion.Consciousness.csproj]
C:\Users\bsval\terrafusion_os_1.0\backend\src\TerraFusion.Consciousness\DTOs\ConsciousnessDTOs.cs(15,21): warning CS1591: Missing XML comment for publicly visible type or member 'HybridConsciousnessStatusDto.IsHealthy' [C:\Users\bsval\terrafusion_os_1.0\backend\src\TerraFusion.Consciousness\TerraFusion.Consciousness.csproj]
C:\Users\bsval\terrafusion_os_1.0\backend\src\TerraFusion.Consciousness\DTOs\ConsciousnessDTOs.cs(16,25): warning CS1591: Missing XML comment for publicly visible type or member 'HybridConsciousnessStatusDto.LastHealthCheck' [C:\Users\bsval\terrafusion_os_1.0\backend\src\TerraFusion.Consciousness\TerraFusion.Consciousness.csproj]
C:\Users\bsval\terrafusion_os_1.0\backend\src\TerraFusion.Consciousness\DTOs\ConsciousnessDTOs.cs(17,24): warning CS1591: Missing XML comment for publicly visible type or member 'HybridConsciousnessStatusDto.ErrorMessage' [C:\Users\bsval\terrafusion_os_1.0\backend\src\TerraFusion.Consciousness\TerraFusion.Consciousness.csproj]
C:\Users\bsval\terrafusion_os_1.0\backend\src\TerraFusion.Consciousness\DTOs\ConsciousnessDTOs.cs(18,23): warning CS1591: Missing XML comment for publicly visible type or member 'HybridConsciousnessStatusDto.OverallHealthScore' [C:\Users\bsval\terrafusion_os_1.0\backend\src\TerraFusion.Consciousness\TerraFusion.Consciousness.csproj]
C:\Users\bsval\terrafusion_os_1.0\backend\src\TerraFusion.Consciousness\DTOs\ConsciousnessDTOs.cs(26,29): warning CS1591: Missing XML comment for publicly visible type or member 'LegacyConsciousnessStatusDto.ActiveAgents' [C:\Users\bsval\terrafusion_os_1.0\backend\src\TerraFusion.Consciousness\TerraFusion.Consciousness.csproj]
C:\Users\bsval\terrafusion_os_1.0\backend\src\TerraFusion.Consciousness\DTOs\ConsciousnessDTOs.cs(27,32): warning CS1591: Missing XML comment for publicly visible type or member 'LegacyConsciousnessStatusDto.Status' [C:\Users\bsval\terrafusion_os_1.0\backend\src\TerraFusion.Consciousness\TerraFusion.Consciousness.csproj]
C:\Users\bsval\terrafusion_os_1.0\backend\src\TerraFusion.Consciousness\DTOs\ConsciousnessDTOs.cs(28,33): warning CS1591: Missing XML comment for publicly visible type or member 'LegacyConsciousnessStatusDto.PerformanceMetrics' [C:\Users\bsval\terrafusion_os_1.0\backend\src\TerraFusion.Consciousness\TerraFusion.Consciousness.csproj]
C:\Users\bsval\terrafusion_os_1.0\backend\src\TerraFusion.Consciousness\DTOs\ConsciousnessDTOs.cs(29,34): warning CS1591: Missing XML comment for publicly visible type or member 'LegacyConsciousnessStatusDto.LastSync' [C:\Users\bsval\terrafusion_os_1.0\backend\src\TerraFusion.Consciousness\TerraFusion.Consciousness.csproj]
C:\Users\bsval\terrafusion_os_1.0\backend\src\TerraFusion.Consciousness\DTOs\ConsciousnessDTOs.cs(30,29): warning CS1591: Missing XML comment for publicly visible type or member 'LegacyConsciousnessStatusDto.ActiveOperations' [C:\Users\bsval\terrafusion_os_1.0\backend\src\TerraFusion.Consciousness\TerraFusion.Consciousness.csproj]
C:\Users\bsval\terrafusion_os_1.0\backend\src\TerraFusion.Consciousness\DTOs\ConsciousnessDTOs.cs(31,43): warning CS1591: Missing XML comment for publicly visible type or member 'LegacyConsciousnessStatusDto.Metrics' [C:\Users\bsval\terrafusion_os_1.0\backend\src\TerraFusion.Consciousness\TerraFusion.Consciousness.csproj]
C:\Users\bsval\terrafusion_os_1.0\backend\src\TerraFusion.Consciousness\DTOs\ConsciousnessDTOs.cs(39,29): warning CS1591: Missing XML comment for publicly visible type or member 'QuantumConsciousnessStatusDto.ActiveQuantumAgents' [C:\Users\bsval\terrafusion_os_1.0\backend\src\TerraFusion.Consciousness\TerraFusion.Consciousness.csproj]
C:\Users\bsval\terrafusion_os_1.0\backend\src\TerraFusion.Consciousness\DTOs\ConsciousnessDTOs.cs(40,29): warning CS1591: Missing XML comment for publicly visible type or member 'QuantumConsciousnessStatusDto.MaxCapacity' [C:\Users\bsval\terrafusion_os_1.0\backend\src\TerraFusion.Consciousness\TerraFusion.Consciousness.csproj]
C:\Users\bsval\terrafusion_os_1.0\backend\src\TerraFusion.Consciousness\DTOs\ConsciousnessDTOs.cs(41,33): warning CS1591: Missing XML comment for publicly visible type or member 'QuantumConsciousnessStatusDto.QuantumCoherence' [C:\Users\bsval\terrafusion_os_1.0\backend\src\TerraFusion.Consciousness\TerraFusion.Consciousness.csproj]
C:\Users\bsval\terrafusion_os_1.0\backend\src\TerraFusion.Consciousness\DTOs\ConsciousnessDTOs.cs(42,33): warning CS1591: Missing XML comment for publicly visible type or member 'QuantumConsciousnessStatusDto.QuantumEntanglement' [C:\Users\bsval\terrafusion_os_1.0\backend\src\TerraFusion.Consciousness\TerraFusion.Consciousness.csproj]
C:\Users\bsval\terrafusion_os_1.0\backend\src\TerraFusion.Consciousness\DTOs\ConsciousnessDTOs.cs(43,32): warning CS1591: Missing XML comment for publicly visible type or member 'QuantumConsciousnessStatusDto.QuantumSecurityStatus' [C:\Users\bsval\terrafusion_os_1.0\backend\src\TerraFusion.Consciousness\TerraFusion.Consciousness.csproj]
C:\Users\bsval\terrafusion_os_1.0\backend\src\TerraFusion.Consciousness\DTOs\ConsciousnessDTOs.cs(44,33): warning CS1591: Missing XML comment for publicly visible type or member 'QuantumConsciousnessStatusDto.ProcessingCapacity' [C:\Users\bsval\terrafusion_os_1.0\backend\src\TerraFusion.Consciousness\TerraFusion.Consciousness.csproj]
C:\Users\bsval\terrafusion_os_1.0\backend\src\TerraFusion.Consciousness\DTOs\ConsciousnessDTOs.cs(45,34): warning CS1591: Missing XML comment for publicly visible type or member 'QuantumConsciousnessStatusDto.LastQuantumSync' [C:\Users\bsval\terrafusion_os_1.0\backend\src\TerraFusion.Consciousness\TerraFusion.Consciousness.csproj]
C:\Users\bsval\terrafusion_os_1.0\backend\src\TerraFusion.Consciousness\DTOs\ConsciousnessDTOs.cs(46,29): warning CS1591: Missing XML comment for publicly visible type or member 'QuantumConsciousnessStatusDto.ActiveQuantumOperations' [C:\Users\bsval\terrafusion_os_1.0\backend\src\TerraFusion.Consciousness\TerraFusion.Consciousness.csproj]
C:\Users\bsval\terrafusion_os_1.0\backend\src\TerraFusion.Consciousness\DTOs\ConsciousnessDTOs.cs(47,43): warning CS1591: Missing XML comment for publicly visible type or member 'QuantumConsciousnessStatusDto.QuantumMetrics' [C:\Users\bsval\terrafusion_os_1.0\backend\src\TerraFusion.Consciousness\TerraFusion.Consciousness.csproj]
C:\Users\bsval\terrafusion_os_1.0\backend\src\TerraFusion.Consciousness\DTOs\ConsciousnessDTOs.cs(55,29): warning CS1591: Missing XML comment for publicly visible type or member 'ConsciousnessScalingRequestDto.TargetAgentCount' [C:\Users\bsval\terrafusion_os_1.0\backend\src\TerraFusion.Consciousness\TerraFusion.Consciousness.csproj]
C:\Users\bsval\terrafusion_os_1.0\backend\src\TerraFusion.Consciousness\DTOs\ConsciousnessDTOs.cs(56,20): warning CS1591: Missing XML comment for publicly visible type or member 'ConsciousnessScalingRequestDto.TargetCapacity' [C:\Users\bsval\terrafusion_os_1.0\backend\src\TerraFusion.Consciousness\TerraFusion.Consciousness.csproj]
C:\Users\bsval\terrafusion_os_1.0\backend\src\TerraFusion.Consciousness\DTOs\ConsciousnessDTOs.cs(57,32): warning CS1591: Missing XML comment for publicly visible type or member 'ConsciousnessScalingRequestDto.ScalingMode' [C:\Users\bsval\terrafusion_os_1.0\backend\src\TerraFusion.Consciousness\TerraFusion.Consciousness.csproj]
C:\Users\bsval\terrafusion_os_1.0\backend\src\TerraFusion.Consciousness\DTOs\ConsciousnessDTOs.cs(58,23): warning CS1591: Missing XML comment for publicly visible type or member 'ConsciousnessScalingRequestDto.Priority' [C:\Users\bsval\terrafusion_os_1.0\backend\src\TerraFusion.Consciousness\TerraFusion.Consciousness.csproj]
C:\Users\bsval\terrafusion_os_1.0\backend\src\TerraFusion.Consciousness\DTOs\ConsciousnessDTOs.cs(59,30): warning CS1591: Missing XML comment for publicly visible type or member 'ConsciousnessScalingRequestDto.MaintainBackwardsCompatibility' [C:\Users\bsval\terrafusion_os_1.0\backend\src\TerraFusion.Consciousness\TerraFusion.Consciousness.csproj]
C:\Users\bsval\terrafusion_os_1.0\backend\src\TerraFusion.Consciousness\DTOs\ConsciousnessDTOs.cs(60,21): warning CS1591: Missing XML comment for publicly visible type or member 'ConsciousnessScalingRequestDto.RequireConsensus' [C:\Users\bsval\terrafusion_os_1.0\backend\src\TerraFusion.Consciousness\TerraFusion.Consciousness.csproj]
C:\Users\bsval\terrafusion_os_1.0\backend\src\TerraFusion.Consciousness\DTOs\ConsciousnessDTOs.cs(61,43): warning CS1591: Missing XML comment for publicly visible type or member 'ConsciousnessScalingRequestDto.ScalingParameters' [C:\Users\bsval\terrafusion_os_1.0\backend\src\TerraFusion.Consciousness\TerraFusion.Consciousness.csproj]
C:\Users\bsval\terrafusion_os_1.0\backend\src\TerraFusion.Consciousness\DTOs\ConsciousnessDTOs.cs(69,30): warning CS1591: Missing XML comment for publicly visible type or member 'ConsciousnessScalingResultDto.Success' [C:\Users\bsval\terrafusion_os_1.0\backend\src\TerraFusion.Consciousness\TerraFusion.Consciousness.csproj]
C:\Users\bsval\terrafusion_os_1.0\backend\src\TerraFusion.Consciousness\DTOs\ConsciousnessDTOs.cs(70,29): warning CS1591: Missing XML comment for publicly visible type or member 'ConsciousnessScalingResultDto.CurrentAgentCount' [C:\Users\bsval\terrafusion_os_1.0\backend\src\TerraFusion.Consciousness\TerraFusion.Consciousness.csproj]
C:\Users\bsval\terrafusion_os_1.0\backend\src\TerraFusion.Consciousness\DTOs\ConsciousnessDTOs.cs(71,29): warning CS1591: Missing XML comment for publicly visible type or member 'ConsciousnessScalingResultDto.TargetAgentCount' [C:\Users\bsval\terrafusion_os_1.0\backend\src\TerraFusion.Consciousness\TerraFusion.Consciousness.csproj]
C:\Users\bsval\terrafusion_os_1.0\backend\src\TerraFusion.Consciousness\DTOs\ConsciousnessDTOs.cs(72,20): warning CS1591: Missing XML comment for publicly visible type or member 'ConsciousnessScalingResultDto.CurrentCapacity' [C:\Users\bsval\terrafusion_os_1.0\backend\src\TerraFusion.Consciousness\TerraFusion.Consciousness.csproj]
C:\Users\bsval\terrafusion_os_1.0\backend\src\TerraFusion.Consciousness\DTOs\ConsciousnessDTOs.cs(73,20): warning CS1591: Missing XML comment for publicly visible type or member 'ConsciousnessScalingResultDto.TargetCapacity' [C:\Users\bsval\terrafusion_os_1.0\backend\src\TerraFusion.Consciousness\TerraFusion.Consciousness.csproj]
C:\Users\bsval\terrafusion_os_1.0\backend\src\TerraFusion.Consciousness\DTOs\ConsciousnessDTOs.cs(74,33): warning CS1591: Missing XML comment for publicly visible type or member 'ConsciousnessScalingResultDto.ScalingProgress' [C:\Users\bsval\terrafusion_os_1.0\backend\src\TerraFusion.Consciousness\TerraFusion.Consciousness.csproj]
C:\Users\bsval\terrafusion_os_1.0\backend\src\TerraFusion.Consciousness\DTOs\ConsciousnessDTOs.cs(75,34): warning CS1591: Missing XML comment for publicly visible type or member 'ConsciousnessScalingResultDto.EstimatedTimeRemaining' [C:\Users\bsval\terrafusion_os_1.0\backend\src\TerraFusion.Consciousness\TerraFusion.Consciousness.csproj]
C:\Users\bsval\terrafusion_os_1.0\backend\src\TerraFusion.Consciousness\DTOs\ConsciousnessDTOs.cs(76,21): warning CS1591: Missing XML comment for publicly visible type or member 'ConsciousnessScalingResultDto.ScalingTimeMs' [C:\Users\bsval\terrafusion_os_1.0\backend\src\TerraFusion.Consciousness\TerraFusion.Consciousness.csproj]
C:\Users\bsval\terrafusion_os_1.0\backend\src\TerraFusion.Consciousness\DTOs\ConsciousnessDTOs.cs(77,24): warning CS1591: Missing XML comment for publicly visible type or member 'ConsciousnessScalingResultDto.ErrorMessage' [C:\Users\bsval\terrafusion_os_1.0\backend\src\TerraFusion.Consciousness\TerraFusion.Consciousness.csproj]
C:\Users\bsval\terrafusion_os_1.0\backend\src\TerraFusion.Consciousness\DTOs\ConsciousnessDTOs.cs(78,29): warning CS1591: Missing XML comment for publicly visible type or member 'ConsciousnessScalingResultDto.Messages' [C:\Users\bsval\terrafusion_os_1.0\backend\src\TerraFusion.Consciousness\TerraFusion.Consciousness.csproj]
C:\Users\bsval\terrafusion_os_1.0\backend\src\TerraFusion.Consciousness\DTOs\ConsciousnessDTOs.cs(79,43): warning CS1591: Missing XML comment for publicly visible type or member 'ConsciousnessScalingResultDto.ScalingMetrics' [C:\Users\bsval\terrafusion_os_1.0\backend\src\TerraFusion.Consciousness\TerraFusion.Consciousness.csproj]
C:\Users\bsval\terrafusion_os_1.0\backend\src\TerraFusion.Consciousness\DTOs\ConsciousnessDTOs.cs(87,23): warning CS1591: Missing XML comment for publicly visible type or member 'OperationExecutionRequestDto.OperationId' [C:\Users\bsval\terrafusion_os_1.0\backend\src\TerraFusion.Consciousness\TerraFusion.Consciousness.csproj]
C:\Users\bsval\terrafusion_os_1.0\backend\src\TerraFusion.Consciousness\DTOs\ConsciousnessDTOs.cs(88,32): warning CS1591: Missing XML comment for publicly visible type or member 'OperationExecutionRequestDto.OperationType' [C:\Users\bsval\terrafusion_os_1.0\backend\src\TerraFusion.Consciousness\TerraFusion.Consciousness.csproj]
C:\Users\bsval\terrafusion_os_1.0\backend\src\TerraFusion.Consciousness\DTOs\ConsciousnessDTOs.cs(89,52): warning CS1591: Missing XML comment for publicly visible type or member 'OperationExecutionRequestDto.Parameters' [C:\Users\bsval\terrafusion_os_1.0\backend\src\TerraFusion.Consciousness\TerraFusion.Consciousness.csproj]
C:\Users\bsval\terrafusion_os_1.0\backend\src\TerraFusion.Consciousness\DTOs\ConsciousnessDTOs.cs(90,32): warning CS1591: Missing XML comment for publicly visible type or member 'OperationExecutionRequestDto.Priority' [C:\Users\bsval\terrafusion_os_1.0\backend\src\TerraFusion.Consciousness\TerraFusion.Consciousness.csproj]
C:\Users\bsval\terrafusion_os_1.0\backend\src\TerraFusion.Consciousness\DTOs\ConsciousnessDTOs.cs(91,21): warning CS1591: Missing XML comment for publicly visible type or member 'OperationExecutionRequestDto.UseQuantumProcessing' [C:\Users\bsval\terrafusion_os_1.0\backend\src\TerraFusion.Consciousness\TerraFusion.Consciousness.csproj]
C:\Users\bsval\terrafusion_os_1.0\backend\src\TerraFusion.Consciousness\DTOs\ConsciousnessDTOs.cs(92,21): warning CS1591: Missing XML comment for publicly visible type or member 'OperationExecutionRequestDto.RequireSecurityValidation' [C:\Users\bsval\terrafusion_os_1.0\backend\src\TerraFusion.Consciousness\TerraFusion.Consciousness.csproj]
C:\Users\bsval\terrafusion_os_1.0\backend\src\TerraFusion.Consciousness\DTOs\ConsciousnessDTOs.cs(100,30): warning CS1591: Missing XML comment for publicly visible type or member 'OperationExecutionResultDto.Success' [C:\Users\bsval\terrafusion_os_1.0\backend\src\TerraFusion.Consciousness\TerraFusion.Consciousness.csproj]
C:\Users\bsval\terrafusion_os_1.0\backend\src\TerraFusion.Consciousness\DTOs\ConsciousnessDTOs.cs(101,32): warning CS1591: Missing XML comment for publicly visible type or member 'OperationExecutionResultDto.OperationId' [C:\Users\bsval\terrafusion_os_1.0\backend\src\TerraFusion.Consciousness\TerraFusion.Consciousness.csproj]
C:\Users\bsval\terrafusion_os_1.0\backend\src\TerraFusion.Consciousness\DTOs\ConsciousnessDTOs.cs(102,32): warning CS1591: Missing XML comment for publicly visible type or member 'OperationExecutionResultDto.Status' [C:\Users\bsval\terrafusion_os_1.0\backend\src\TerraFusion.Consciousness\TerraFusion.Consciousness.csproj]
C:\Users\bsval\terrafusion_os_1.0\backend\src\TerraFusion.Consciousness\DTOs\ConsciousnessDTOs.cs(103,52): warning CS1591: Missing XML comment for publicly visible type or member 'OperationExecutionResultDto.Results' [C:\Users\bsval\terrafusion_os_1.0\backend\src\TerraFusion.Consciousness\TerraFusion.Consciousness.csproj]
C:\Users\bsval\terrafusion_os_1.0\backend\src\TerraFusion.Consciousness\DTOs\ConsciousnessDTOs.cs(104,34): warning CS1591: Missing XML comment for publicly visible type or member 'OperationExecutionResultDto.ExecutionTime' [C:\Users\bsval\terrafusion_os_1.0\backend\src\TerraFusion.Consciousness\TerraFusion.Consciousness.csproj]
C:\Users\bsval\terrafusion_os_1.0\backend\src\TerraFusion.Consciousness\DTOs\ConsciousnessDTOs.cs(105,29): warning CS1591: Missing XML comment for publicly visible type or member 'OperationExecutionResultDto.AgentsUsed' [C:\Users\bsval\terrafusion_os_1.0\backend\src\TerraFusion.Consciousness\TerraFusion.Consciousness.csproj]
C:\Users\bsval\terrafusion_os_1.0\backend\src\TerraFusion.Consciousness\DTOs\ConsciousnessDTOs.cs(106,29): warning CS1591: Missing XML comment for publicly visible type or member 'OperationExecutionResultDto.Messages' [C:\Users\bsval\terrafusion_os_1.0\backend\src\TerraFusion.Consciousness\TerraFusion.Consciousness.csproj]
C:\Users\bsval\terrafusion_os_1.0\backend\src\TerraFusion.Consciousness\DTOs\ConsciousnessDTOs.cs(107,43): warning CS1591: Missing XML comment for publicly visible type or member 'OperationExecutionResultDto.Metrics' [C:\Users\bsval\terrafusion_os_1.0\backend\src\TerraFusion.Consciousness\TerraFusion.Consciousness.csproj]
C:\Users\bsval\terrafusion_os_1.0\backend\src\TerraFusion.Consciousness\DTOs\ConsciousnessDTOs.cs(115,34): warning CS1591: Missing XML comment for publicly visible type or member 'ConsciousnessMetricsDto.Timestamp' [C:\Users\bsval\terrafusion_os_1.0\backend\src\TerraFusion.Consciousness\TerraFusion.Consciousness.csproj]
C:\Users\bsval\terrafusion_os_1.0\backend\src\TerraFusion.Consciousness\DTOs\ConsciousnessDTOs.cs(116,29): warning CS1591: Missing XML comment for publicly visible type or member 'ConsciousnessMetricsDto.TotalActiveAgents' [C:\Users\bsval\terrafusion_os_1.0\backend\src\TerraFusion.Consciousness\TerraFusion.Consciousness.csproj]
C:\Users\bsval\terrafusion_os_1.0\backend\src\TerraFusion.Consciousness\DTOs\ConsciousnessDTOs.cs(117,33): warning CS1591: Missing XML comment for publicly visible type or member 'ConsciousnessMetricsDto.SystemLoad' [C:\Users\bsval\terrafusion_os_1.0\backend\src\TerraFusion.Consciousness\TerraFusion.Consciousness.csproj]
C:\Users\bsval\terrafusion_os_1.0\backend\src\TerraFusion.Consciousness\DTOs\ConsciousnessDTOs.cs(118,33): warning CS1591: Missing XML comment for publicly visible type or member 'ConsciousnessMetricsDto.MemoryUsage' [C:\Users\bsval\terrafusion_os_1.0\backend\src\TerraFusion.Consciousness\TerraFusion.Consciousness.csproj]
C:\Users\bsval\terrafusion_os_1.0\backend\src\TerraFusion.Consciousness\DTOs\ConsciousnessDTOs.cs(119,33): warning CS1591: Missing XML comment for publicly visible type or member 'ConsciousnessMetricsDto.CPUUsage' [C:\Users\bsval\terrafusion_os_1.0\backend\src\TerraFusion.Consciousness\TerraFusion.Consciousness.csproj]
C:\Users\bsval\terrafusion_os_1.0\backend\src\TerraFusion.Consciousness\DTOs\ConsciousnessDTOs.cs(120,33): warning CS1591: Missing XML comment for publicly visible type or member 'ConsciousnessMetricsDto.NetworkLatency' [C:\Users\bsval\terrafusion_os_1.0\backend\src\TerraFusion.Consciousness\TerraFusion.Consciousness.csproj]
C:\Users\bsval\terrafusion_os_1.0\backend\src\TerraFusion.Consciousness\DTOs\ConsciousnessDTOs.cs(121,33): warning CS1591: Missing XML comment for publicly visible type or member 'ConsciousnessMetricsDto.ThroughputOpsPerSecond' [C:\Users\bsval\terrafusion_os_1.0\backend\src\TerraFusion.Consciousness\TerraFusion.Consciousness.csproj]
C:\Users\bsval\terrafusion_os_1.0\backend\src\TerraFusion.Consciousness\DTOs\ConsciousnessDTOs.cs(122,29): warning CS1591: Missing XML comment for publicly visible type or member 'ConsciousnessMetricsDto.ActiveOperations' [C:\Users\bsval\terrafusion_os_1.0\backend\src\TerraFusion.Consciousness\TerraFusion.Consciousness.csproj]
C:\Users\bsval\terrafusion_os_1.0\backend\src\TerraFusion.Consciousness\DTOs\ConsciousnessDTOs.cs(123,29): warning CS1591: Missing XML comment for publicly visible type or member 'ConsciousnessMetricsDto.QueuedOperations' [C:\Users\bsval\terrafusion_os_1.0\backend\src\TerraFusion.Consciousness\TerraFusion.Consciousness.csproj]
C:\Users\bsval\terrafusion_os_1.0\backend\src\TerraFusion.Consciousness\DTOs\ConsciousnessDTOs.cs(124,43): warning CS1591: Missing XML comment for publicly visible type or member 'ConsciousnessMetricsDto.DetailedMetrics' [C:\Users\bsval\terrafusion_os_1.0\backend\src\TerraFusion.Consciousness\TerraFusion.Consciousness.csproj]
C:\Users\bsval\terrafusion_os_1.0\backend\src\TerraFusion.Consciousness\DTOs\ConsciousnessDTOs.cs(132,32): warning CS1591: Missing XML comment for publicly visible type or member 'QuantumSecurityStatusDto.SecurityLevel' [C:\Users\bsval\terrafusion_os_1.0\backend\src\TerraFusion.Consciousness\TerraFusion.Consciousness.csproj]
C:\Users\bsval\terrafusion_os_1.0\backend\src\TerraFusion.Consciousness\DTOs\ConsciousnessDTOs.cs(133,30): warning CS1591: Missing XML comment for publicly visible type or member 'QuantumSecurityStatusDto.QuantumEncryptionActive' [C:\Users\bsval\terrafusion_os_1.0\backend\src\TerraFusion.Consciousness\TerraFusion.Consciousness.csproj]
C:\Users\bsval\terrafusion_os_1.0\backend\src\TerraFusion.Consciousness\DTOs\ConsciousnessDTOs.cs(134,30): warning CS1591: Missing XML comment for publicly visible type or member 'QuantumSecurityStatusDto.QuantumKeyDistributionActive' [C:\Users\bsval\terrafusion_os_1.0\backend\src\TerraFusion.Consciousness\TerraFusion.Consciousness.csproj]
C:\Users\bsval\terrafusion_os_1.0\backend\src\TerraFusion.Consciousness\DTOs\ConsciousnessDTOs.cs(135,33): warning CS1591: Missing XML comment for publicly visible type or member 'QuantumSecurityStatusDto.ThreatLevel' [C:\Users\bsval\terrafusion_os_1.0\backend\src\TerraFusion.Consciousness\TerraFusion.Consciousness.csproj]
C:\Users\bsval\terrafusion_os_1.0\backend\src\TerraFusion.Consciousness\DTOs\ConsciousnessDTOs.cs(136,29): warning CS1591: Missing XML comment for publicly visible type or member 'QuantumSecurityStatusDto.ActiveThreats' [C:\Users\bsval\terrafusion_os_1.0\backend\src\TerraFusion.Consciousness\TerraFusion.Consciousness.csproj]
C:\Users\bsval\terrafusion_os_1.0\backend\src\TerraFusion.Consciousness\DTOs\ConsciousnessDTOs.cs(137,29): warning CS1591: Missing XML comment for publicly visible type or member 'QuantumSecurityStatusDto.MitigatedThreats' [C:\Users\bsval\terrafusion_os_1.0\backend\src\TerraFusion.Consciousness\TerraFusion.Consciousness.csproj]
C:\Users\bsval\terrafusion_os_1.0\backend\src\TerraFusion.Consciousness\DTOs\ConsciousnessDTOs.cs(138,34): warning CS1591: Missing XML comment for publicly visible type or member 'QuantumSecurityStatusDto.LastSecurityScan' [C:\Users\bsval\terrafusion_os_1.0\backend\src\TerraFusion.Consciousness\TerraFusion.Consciousness.csproj]
C:\Users\bsval\terrafusion_os_1.0\backend\src\TerraFusion.Consciousness\DTOs\ConsciousnessDTOs.cs(139,29): warning CS1591: Missing XML comment for publicly visible type or member 'QuantumSecurityStatusDto.SecurityAlerts' [C:\Users\bsval\terrafusion_os_1.0\backend\src\TerraFusion.Consciousness\TerraFusion.Consciousness.csproj]
C:\Users\bsval\terrafusion_os_1.0\backend\src\TerraFusion.Consciousness\DTOs\ConsciousnessDTOs.cs(140,43): warning CS1591: Missing XML comment for publicly visible type or member 'QuantumSecurityStatusDto.SecurityMetrics' [C:\Users\bsval\terrafusion_os_1.0\backend\src\TerraFusion.Consciousness\TerraFusion.Consciousness.csproj]
C:\Users\bsval\terrafusion_os_1.0\backend\src\TerraFusion.Consciousness\DTOs\ConsciousnessDTOs.cs(148,30): warning CS1591: Missing XML comment for publicly visible type or member 'ComplianceStatusDto.FISMACompliant' [C:\Users\bsval\terrafusion_os_1.0\backend\src\TerraFusion.Consciousness\TerraFusion.Consciousness.csproj]
C:\Users\bsval\terrafusion_os_1.0\backend\src\TerraFusion.Consciousness\DTOs\ConsciousnessDTOs.cs(149,30): warning CS1591: Missing XML comment for publicly visible type or member 'ComplianceStatusDto.FedRAMPCompliant' [C:\Users\bsval\terrafusion_os_1.0\backend\src\TerraFusion.Consciousness\TerraFusion.Consciousness.csproj]
C:\Users\bsval\terrafusion_os_1.0\backend\src\TerraFusion.Consciousness\DTOs\ConsciousnessDTOs.cs(150,30): warning CS1591: Missing XML comment for publicly visible type or member 'ComplianceStatusDto.SOC2Compliant' [C:\Users\bsval\terrafusion_os_1.0\backend\src\TerraFusion.Consciousness\TerraFusion.Consciousness.csproj]
C:\Users\bsval\terrafusion_os_1.0\backend\src\TerraFusion.Consciousness\DTOs\ConsciousnessDTOs.cs(151,33): warning CS1591: Missing XML comment for publicly visible type or member 'ComplianceStatusDto.OverallComplianceScore' [C:\Users\bsval\terrafusion_os_1.0\backend\src\TerraFusion.Consciousness\TerraFusion.Consciousness.csproj]
C:\Users\bsval\terrafusion_os_1.0\backend\src\TerraFusion.Consciousness\DTOs\ConsciousnessDTOs.cs(152,34): warning CS1591: Missing XML comment for publicly visible type or member 'ComplianceStatusDto.LastComplianceAudit' [C:\Users\bsval\terrafusion_os_1.0\backend\src\TerraFusion.Consciousness\TerraFusion.Consciousness.csproj]
C:\Users\bsval\terrafusion_os_1.0\backend\src\TerraFusion.Consciousness\DTOs\ConsciousnessDTOs.cs(153,29): warning CS1591: Missing XML comment for publicly visible type or member 'ComplianceStatusDto.ComplianceIssues' [C:\Users\bsval\terrafusion_os_1.0\backend\src\TerraFusion.Consciousness\TerraFusion.Consciousness.csproj]
C:\Users\bsval\terrafusion_os_1.0\backend\src\TerraFusion.Consciousness\DTOs\ConsciousnessDTOs.cs(154,43): warning CS1591: Missing XML comment for publicly visible type or member 'ComplianceStatusDto.ComplianceDetails' [C:\Users\bsval\terrafusion_os_1.0\backend\src\TerraFusion.Consciousness\TerraFusion.Consciousness.csproj]
C:\Users\bsval\terrafusion_os_1.0\backend\src\TerraFusion.Consciousness\DTOs\ConsciousnessDTOs.cs(162,32): warning CS1591: Missing XML comment for publicly visible type or member 'EmergencyResponseDto.ResponseId' [C:\Users\bsval\terrafusion_os_1.0\backend\src\TerraFusion.Consciousness\TerraFusion.Consciousness.csproj]
C:\Users\bsval\terrafusion_os_1.0\backend\src\TerraFusion.Consciousness\DTOs\ConsciousnessDTOs.cs(163,32): warning CS1591: Missing XML comment for publicly visible type or member 'EmergencyResponseDto.EmergencyType' [C:\Users\bsval\terrafusion_os_1.0\backend\src\TerraFusion.Consciousness\TerraFusion.Consciousness.csproj]
C:\Users\bsval\terrafusion_os_1.0\backend\src\TerraFusion.Consciousness\DTOs\ConsciousnessDTOs.cs(164,32): warning CS1591: Missing XML comment for publicly visible type or member 'EmergencyResponseDto.ResponseStatus' [C:\Users\bsval\terrafusion_os_1.0\backend\src\TerraFusion.Consciousness\TerraFusion.Consciousness.csproj]
C:\Users\bsval\terrafusion_os_1.0\backend\src\TerraFusion.Consciousness\DTOs\ConsciousnessDTOs.cs(165,34): warning CS1591: Missing XML comment for publicly visible type or member 'EmergencyResponseDto.ResponseTime' [C:\Users\bsval\terrafusion_os_1.0\backend\src\TerraFusion.Consciousness\TerraFusion.Consciousness.csproj]
C:\Users\bsval\terrafusion_os_1.0\backend\src\TerraFusion.Consciousness\DTOs\ConsciousnessDTOs.cs(166,38): warning CS1591: Missing XML comment for publicly visible type or member 'EmergencyResponseDto.ActionsExecuted' [C:\Users\bsval\terrafusion_os_1.0\backend\src\TerraFusion.Consciousness\TerraFusion.Consciousness.csproj]
C:\Users\bsval\terrafusion_os_1.0\backend\src\TerraFusion.Consciousness\DTOs\ConsciousnessDTOs.cs(167,29): warning CS1591: Missing XML comment for publicly visible type or member 'EmergencyResponseDto.AgentsDeployed' [C:\Users\bsval\terrafusion_os_1.0\backend\src\TerraFusion.Consciousness\TerraFusion.Consciousness.csproj]
C:\Users\bsval\terrafusion_os_1.0\backend\src\TerraFusion.Consciousness\DTOs\ConsciousnessDTOs.cs(168,43): warning CS1591: Missing XML comment for publicly visible type or member 'EmergencyResponseDto.ResponseMetrics' [C:\Users\bsval\terrafusion_os_1.0\backend\src\TerraFusion.Consciousness\TerraFusion.Consciousness.csproj]
C:\Users\bsval\terrafusion_os_1.0\backend\src\TerraFusion.Consciousness\DTOs\ConsciousnessDTOs.cs(176,32): warning CS1591: Missing XML comment for publicly visible type or member 'EmergencyRequestDto.EmergencyType' [C:\Users\bsval\terrafusion_os_1.0\backend\src\TerraFusion.Consciousness\TerraFusion.Consciousness.csproj]
C:\Users\bsval\terrafusion_os_1.0\backend\src\TerraFusion.Consciousness\DTOs\ConsciousnessDTOs.cs(177,32): warning CS1591: Missing XML comment for publicly visible type or member 'EmergencyRequestDto.Severity' [C:\Users\bsval\terrafusion_os_1.0\backend\src\TerraFusion.Consciousness\TerraFusion.Consciousness.csproj]
C:\Users\bsval\terrafusion_os_1.0\backend\src\TerraFusion.Consciousness\DTOs\ConsciousnessDTOs.cs(178,32): warning CS1591: Missing XML comment for publicly visible type or member 'EmergencyRequestDto.Description' [C:\Users\bsval\terrafusion_os_1.0\backend\src\TerraFusion.Consciousness\TerraFusion.Consciousness.csproj]
C:\Users\bsval\terrafusion_os_1.0\backend\src\TerraFusion.Consciousness\DTOs\ConsciousnessDTOs.cs(179,43): warning CS1591: Missing XML comment for publicly visible type or member 'EmergencyRequestDto.EmergencyData' [C:\Users\bsval\terrafusion_os_1.0\backend\src\TerraFusion.Consciousness\TerraFusion.Consciousness.csproj]
C:\Users\bsval\terrafusion_os_1.0\backend\src\TerraFusion.Consciousness\DTOs\ConsciousnessDTOs.cs(187,30): warning CS1591: Missing XML comment for publicly visible type or member 'MillionAgentInitializationResultDto.Success' [C:\Users\bsval\terrafusion_os_1.0\backend\src\TerraFusion.Consciousness\TerraFusion.Consciousness.csproj]
C:\Users\bsval\terrafusion_os_1.0\backend\src\TerraFusion.Consciousness\DTOs\ConsciousnessDTOs.cs(188,29): warning CS1591: Missing XML comment for publicly visible type or member 'MillionAgentInitializationResultDto.InitializedAgents' [C:\Users\bsval\terrafusion_os_1.0\backend\src\TerraFusion.Consciousness\TerraFusion.Consciousness.csproj]
C:\Users\bsval\terrafusion_os_1.0\backend\src\TerraFusion.Consciousness\DTOs\ConsciousnessDTOs.cs(189,33): warning CS1591: Missing XML comment for publicly visible type or member 'MillionAgentInitializationResultDto.InitializationProgress' [C:\Users\bsval\terrafusion_os_1.0\backend\src\TerraFusion.Consciousness\TerraFusion.Consciousness.csproj]
C:\Users\bsval\terrafusion_os_1.0\backend\src\TerraFusion.Consciousness\DTOs\ConsciousnessDTOs.cs(190,34): warning CS1591: Missing XML comment for publicly visible type or member 'MillionAgentInitializationResultDto.InitializationTime' [C:\Users\bsval\terrafusion_os_1.0\backend\src\TerraFusion.Consciousness\TerraFusion.Consciousness.csproj]
C:\Users\bsval\terrafusion_os_1.0\backend\src\TerraFusion.Consciousness\DTOs\ConsciousnessDTOs.cs(191,29): warning CS1591: Missing XML comment for publicly visible type or member 'MillionAgentInitializationResultDto.Messages' [C:\Users\bsval\terrafusion_os_1.0\backend\src\TerraFusion.Consciousness\TerraFusion.Consciousness.csproj]
C:\Users\bsval\terrafusion_os_1.0\backend\src\TerraFusion.Consciousness\DTOs\ConsciousnessDTOs.cs(192,43): warning CS1591: Missing XML comment for publicly visible type or member 'MillionAgentInitializationResultDto.InitializationMetrics' [C:\Users\bsval\terrafusion_os_1.0\backend\src\TerraFusion.Consciousness\TerraFusion.Consciousness.csproj]
C:\Users\bsval\terrafusion_os_1.0\backend\src\TerraFusion.Consciousness\DTOs\ConsciousnessDTOs.cs(200,30): warning CS1591: Missing XML comment for publicly visible type or member 'MillionAgentScalingResultDto.Success' [C:\Users\bsval\terrafusion_os_1.0\backend\src\TerraFusion.Consciousness\TerraFusion.Consciousness.csproj]
C:\Users\bsval\terrafusion_os_1.0\backend\src\TerraFusion.Consciousness\DTOs\ConsciousnessDTOs.cs(201,29): warning CS1591: Missing XML comment for publicly visible type or member 'MillionAgentScalingResultDto.CurrentAgentCount' [C:\Users\bsval\terrafusion_os_1.0\backend\src\TerraFusion.Consciousness\TerraFusion.Consciousness.csproj]
C:\Users\bsval\terrafusion_os_1.0\backend\src\TerraFusion.Consciousness\DTOs\ConsciousnessDTOs.cs(202,29): warning CS1591: Missing XML comment for publicly visible type or member 'MillionAgentScalingResultDto.TargetAgentCount' [C:\Users\bsval\terrafusion_os_1.0\backend\src\TerraFusion.Consciousness\TerraFusion.Consciousness.csproj]
C:\Users\bsval\terrafusion_os_1.0\backend\src\TerraFusion.Consciousness\DTOs\ConsciousnessDTOs.cs(203,33): warning CS1591: Missing XML comment for publicly visible type or member 'MillionAgentScalingResultDto.ScalingProgress' [C:\Users\bsval\terrafusion_os_1.0\backend\src\TerraFusion.Consciousness\TerraFusion.Consciousness.csproj]
C:\Users\bsval\terrafusion_os_1.0\backend\src\TerraFusion.Consciousness\DTOs\ConsciousnessDTOs.cs(204,34): warning CS1591: Missing XML comment for publicly visible type or member 'MillionAgentScalingResultDto.EstimatedTimeRemaining' [C:\Users\bsval\terrafusion_os_1.0\backend\src\TerraFusion.Consciousness\TerraFusion.Consciousness.csproj]
C:\Users\bsval\terrafusion_os_1.0\backend\src\TerraFusion.Consciousness\DTOs\ConsciousnessDTOs.cs(205,29): warning CS1591: Missing XML comment for publicly visible type or member 'MillionAgentScalingResultDto.ScalingMessages' [C:\Users\bsval\terrafusion_os_1.0\backend\src\TerraFusion.Consciousness\TerraFusion.Consciousness.csproj]
C:\Users\bsval\terrafusion_os_1.0\backend\src\TerraFusion.Consciousness\DTOs\ConsciousnessDTOs.cs(206,43): warning CS1591: Missing XML comment for publicly visible type or member 'MillionAgentScalingResultDto.ScalingMetrics' [C:\Users\bsval\terrafusion_os_1.0\backend\src\TerraFusion.Consciousness\TerraFusion.Consciousness.csproj]
C:\Users\bsval\terrafusion_os_1.0\backend\src\TerraFusion.Consciousness\DTOs\ConsciousnessDTOs.cs(214,23): warning CS1591: Missing XML comment for publicly visible type or member 'CoordinatedOperationRequestDto.OperationId' [C:\Users\bsval\terrafusion_os_1.0\backend\src\TerraFusion.Consciousness\TerraFusion.Consciousness.csproj]
C:\Users\bsval\terrafusion_os_1.0\backend\src\TerraFusion.Consciousness\DTOs\ConsciousnessDTOs.cs(215,32): warning CS1591: Missing XML comment for publicly visible type or member 'CoordinatedOperationRequestDto.OperationType' [C:\Users\bsval\terrafusion_os_1.0\backend\src\TerraFusion.Consciousness\TerraFusion.Consciousness.csproj]
C:\Users\bsval\terrafusion_os_1.0\backend\src\TerraFusion.Consciousness\DTOs\ConsciousnessDTOs.cs(216,29): warning CS1591: Missing XML comment for publicly visible type or member 'CoordinatedOperationRequestDto.RequiredAgents' [C:\Users\bsval\terrafusion_os_1.0\backend\src\TerraFusion.Consciousness\TerraFusion.Consciousness.csproj]
C:\Users\bsval\terrafusion_os_1.0\backend\src\TerraFusion.Consciousness\DTOs\ConsciousnessDTOs.cs(217,52): warning CS1591: Missing XML comment for publicly visible type or member 'CoordinatedOperationRequestDto.OperationParameters' [C:\Users\bsval\terrafusion_os_1.0\backend\src\TerraFusion.Consciousness\TerraFusion.Consciousness.csproj]
C:\Users\bsval\terrafusion_os_1.0\backend\src\TerraFusion.Consciousness\DTOs\ConsciousnessDTOs.cs(218,43): warning CS1591: Missing XML comment for publicly visible type or member 'CoordinatedOperationRequestDto.Parameters' [C:\Users\bsval\terrafusion_os_1.0\backend\src\TerraFusion.Consciousness\TerraFusion.Consciousness.csproj]
C:\Users\bsval\terrafusion_os_1.0\backend\src\TerraFusion.Consciousness\DTOs\ConsciousnessDTOs.cs(219,32): warning CS1591: Missing XML comment for publicly visible type or member 'CoordinatedOperationRequestDto.CoordinationStrategy' [C:\Users\bsval\terrafusion_os_1.0\backend\src\TerraFusion.Consciousness\TerraFusion.Consciousness.csproj]
C:\Users\bsval\terrafusion_os_1.0\backend\src\TerraFusion.Consciousness\DTOs\ConsciousnessDTOs.cs(220,23): warning CS1591: Missing XML comment for publicly visible type or member 'CoordinatedOperationRequestDto.Priority' [C:\Users\bsval\terrafusion_os_1.0\backend\src\TerraFusion.Consciousness\TerraFusion.Consciousness.csproj]
C:\Users\bsval\terrafusion_os_1.0\backend\src\TerraFusion.Consciousness\DTOs\ConsciousnessDTOs.cs(221,21): warning CS1591: Missing XML comment for publicly visible type or member 'CoordinatedOperationRequestDto.RequireQuantumCoherence' [C:\Users\bsval\terrafusion_os_1.0\backend\src\TerraFusion.Consciousness\TerraFusion.Consciousness.csproj]
C:\Users\bsval\terrafusion_os_1.0\backend\src\TerraFusion.Consciousness\DTOs\ConsciousnessDTOs.cs(229,30): warning CS1591: Missing XML comment for publicly visible type or member 'MillionAgentOperationResultDto.Success' [C:\Users\bsval\terrafusion_os_1.0\backend\src\TerraFusion.Consciousness\TerraFusion.Consciousness.csproj]
C:\Users\bsval\terrafusion_os_1.0\backend\src\TerraFusion.Consciousness\DTOs\ConsciousnessDTOs.cs(230,32): warning CS1591: Missing XML comment for publicly visible type or member 'MillionAgentOperationResultDto.OperationId' [C:\Users\bsval\terrafusion_os_1.0\backend\src\TerraFusion.Consciousness\TerraFusion.Consciousness.csproj]
C:\Users\bsval\terrafusion_os_1.0\backend\src\TerraFusion.Consciousness\DTOs\ConsciousnessDTOs.cs(231,29): warning CS1591: Missing XML comment for publicly visible type or member 'MillionAgentOperationResultDto.AgentsParticipated' [C:\Users\bsval\terrafusion_os_1.0\backend\src\TerraFusion.Consciousness\TerraFusion.Consciousness.csproj]
C:\Users\bsval\terrafusion_os_1.0\backend\src\TerraFusion.Consciousness\DTOs\ConsciousnessDTOs.cs(232,20): warning CS1591: Missing XML comment for publicly visible type or member 'MillionAgentOperationResultDto.AgentsCoordinated' [C:\Users\bsval\terrafusion_os_1.0\backend\src\TerraFusion.Consciousness\TerraFusion.Consciousness.csproj]
C:\Users\bsval\terrafusion_os_1.0\backend\src\TerraFusion.Consciousness\DTOs\ConsciousnessDTOs.cs(233,34): warning CS1591: Missing XML comment for publicly visible type or member 'MillionAgentOperationResultDto.ExecutionTime' [C:\Users\bsval\terrafusion_os_1.0\backend\src\TerraFusion.Consciousness\TerraFusion.Consciousness.csproj]
C:\Users\bsval\terrafusion_os_1.0\backend\src\TerraFusion.Consciousness\DTOs\ConsciousnessDTOs.cs(234,21): warning CS1591: Missing XML comment for publicly visible type or member 'MillionAgentOperationResultDto.ExecutionTimeMs' [C:\Users\bsval\terrafusion_os_1.0\backend\src\TerraFusion.Consciousness\TerraFusion.Consciousness.csproj]
C:\Users\bsval\terrafusion_os_1.0\backend\src\TerraFusion.Consciousness\DTOs\ConsciousnessDTOs.cs(235,52): warning CS1591: Missing XML comment for publicly visible type or member 'MillionAgentOperationResultDto.OperationResults' [C:\Users\bsval\terrafusion_os_1.0\backend\src\TerraFusion.Consciousness\TerraFusion.Consciousness.csproj]
C:\Users\bsval\terrafusion_os_1.0\backend\src\TerraFusion.Consciousness\DTOs\ConsciousnessDTOs.cs(236,43): warning CS1591: Missing XML comment for publicly visible type or member 'MillionAgentOperationResultDto.Results' [C:\Users\bsval\terrafusion_os_1.0\backend\src\TerraFusion.Consciousness\TerraFusion.Consciousness.csproj]
C:\Users\bsval\terrafusion_os_1.0\backend\src\TerraFusion.Consciousness\DTOs\ConsciousnessDTOs.cs(237,24): warning CS1591: Missing XML comment for publicly visible type or member 'MillionAgentOperationResultDto.QuantumCoherence' [C:\Users\bsval\terrafusion_os_1.0\backend\src\TerraFusion.Consciousness\TerraFusion.Consciousness.csproj]
C:\Users\bsval\terrafusion_os_1.0\backend\src\TerraFusion.Consciousness\DTOs\ConsciousnessDTOs.cs(238,29): warning CS1591: Missing XML comment for publicly visible type or member 'MillionAgentOperationResultDto.OperationMessages' [C:\Users\bsval\terrafusion_os_1.0\backend\src\TerraFusion.Consciousness\TerraFusion.Consciousness.csproj]
C:\Users\bsval\terrafusion_os_1.0\backend\src\TerraFusion.Consciousness\DTOs\ConsciousnessDTOs.cs(239,29): warning CS1591: Missing XML comment for publicly visible type or member 'MillionAgentOperationResultDto.Messages' [C:\Users\bsval\terrafusion_os_1.0\backend\src\TerraFusion.Consciousness\TerraFusion.Consciousness.csproj]
C:\Users\bsval\terrafusion_os_1.0\backend\src\TerraFusion.Consciousness\DTOs\ConsciousnessDTOs.cs(240,43): warning CS1591: Missing XML comment for publicly visible type or member 'MillionAgentOperationResultDto.PerformanceMetrics' [C:\Users\bsval\terrafusion_os_1.0\backend\src\TerraFusion.Consciousness\TerraFusion.Consciousness.csproj]
C:\Users\bsval\terrafusion_os_1.0\backend\src\TerraFusion.Consciousness\DTOs\ConsciousnessDTOs.cs(248,29): warning CS1591: Missing XML comment for publicly visible type or member 'MillionAgentStatusDto.TotalAgents' [C:\Users\bsval\terrafusion_os_1.0\backend\src\TerraFusion.Consciousness\TerraFusion.Consciousness.csproj]
C:\Users\bsval\terrafusion_os_1.0\backend\src\TerraFusion.Consciousness\DTOs\ConsciousnessDTOs.cs(249,29): warning CS1591: Missing XML comment for publicly visible type or member 'MillionAgentStatusDto.ActiveAgents' [C:\Users\bsval\terrafusion_os_1.0\backend\src\TerraFusion.Consciousness\TerraFusion.Consciousness.csproj]
C:\Users\bsval\terrafusion_os_1.0\backend\src\TerraFusion.Consciousness\DTOs\ConsciousnessDTOs.cs(250,29): warning CS1591: Missing XML comment for publicly visible type or member 'MillionAgentStatusDto.IdleAgents' [C:\Users\bsval\terrafusion_os_1.0\backend\src\TerraFusion.Consciousness\TerraFusion.Consciousness.csproj]
C:\Users\bsval\terrafusion_os_1.0\backend\src\TerraFusion.Consciousness\DTOs\ConsciousnessDTOs.cs(251,33): warning CS1591: Missing XML comment for publicly visible type or member 'MillionAgentStatusDto.SystemEfficiency' [C:\Users\bsval\terrafusion_os_1.0\backend\src\TerraFusion.Consciousness\TerraFusion.Consciousness.csproj]
C:\Users\bsval\terrafusion_os_1.0\backend\src\TerraFusion.Consciousness\DTOs\ConsciousnessDTOs.cs(252,33): warning CS1591: Missing XML comment for publicly visible type or member 'MillionAgentStatusDto.QuantumCoherence' [C:\Users\bsval\terrafusion_os_1.0\backend\src\TerraFusion.Consciousness\TerraFusion.Consciousness.csproj]
C:\Users\bsval\terrafusion_os_1.0\backend\src\TerraFusion.Consciousness\DTOs\ConsciousnessDTOs.cs(253,33): warning CS1591: Missing XML comment for publicly visible type or member 'MillionAgentStatusDto.OverallPerformance' [C:\Users\bsval\terrafusion_os_1.0\backend\src\TerraFusion.Consciousness\TerraFusion.Consciousness.csproj]
C:\Users\bsval\terrafusion_os_1.0\backend\src\TerraFusion.Consciousness\DTOs\ConsciousnessDTOs.cs(254,24): warning CS1591: Missing XML comment for publicly visible type or member 'MillionAgentStatusDto.SystemHealthScore' [C:\Users\bsval\terrafusion_os_1.0\backend\src\TerraFusion.Consciousness\TerraFusion.Consciousness.csproj]
C:\Users\bsval\terrafusion_os_1.0\backend\src\TerraFusion.Consciousness\DTOs\ConsciousnessDTOs.cs(255,34): warning CS1591: Missing XML comment for publicly visible type or member 'MillionAgentStatusDto.LastStatusUpdate' [C:\Users\bsval\terrafusion_os_1.0\backend\src\TerraFusion.Consciousness\TerraFusion.Consciousness.csproj]
C:\Users\bsval\terrafusion_os_1.0\backend\src\TerraFusion.Consciousness\DTOs\ConsciousnessDTOs.cs(256,43): warning CS1591: Missing XML comment for publicly visible type or member 'MillionAgentStatusDto.SystemMetrics' [C:\Users\bsval\terrafusion_os_1.0\backend\src\TerraFusion.Consciousness\TerraFusion.Consciousness.csproj]
C:\Users\bsval\terrafusion_os_1.0\backend\src\TerraFusion.Consciousness\DTOs\ConsciousnessDTOs.cs(264,30): warning CS1591: Missing XML comment for publicly visible type or member 'QuantumCoherenceOptimizationResultDto.Success' [C:\Users\bsval\terrafusion_os_1.0\backend\src\TerraFusion.Consciousness\TerraFusion.Consciousness.csproj]
C:\Users\bsval\terrafusion_os_1.0\backend\src\TerraFusion.Consciousness\DTOs\ConsciousnessDTOs.cs(265,33): warning CS1591: Missing XML comment for publicly visible type or member 'QuantumCoherenceOptimizationResultDto.PreviousCoherence' [C:\Users\bsval\terrafusion_os_1.0\backend\src\TerraFusion.Consciousness\TerraFusion.Consciousness.csproj]
C:\Users\bsval\terrafusion_os_1.0\backend\src\TerraFusion.Consciousness\DTOs\ConsciousnessDTOs.cs(266,33): warning CS1591: Missing XML comment for publicly visible type or member 'QuantumCoherenceOptimizationResultDto.CurrentCoherence' [C:\Users\bsval\terrafusion_os_1.0\backend\src\TerraFusion.Consciousness\TerraFusion.Consciousness.csproj]
C:\Users\bsval\terrafusion_os_1.0\backend\src\TerraFusion.Consciousness\DTOs\ConsciousnessDTOs.cs(267,33): warning CS1591: Missing XML comment for publicly visible type or member 'QuantumCoherenceOptimizationResultDto.OptimizationImprovement' [C:\Users\bsval\terrafusion_os_1.0\backend\src\TerraFusion.Consciousness\TerraFusion.Consciousness.csproj]
C:\Users\bsval\terrafusion_os_1.0\backend\src\TerraFusion.Consciousness\DTOs\ConsciousnessDTOs.cs(268,34): warning CS1591: Missing XML comment for publicly visible type or member 'QuantumCoherenceOptimizationResultDto.OptimizationTime' [C:\Users\bsval\terrafusion_os_1.0\backend\src\TerraFusion.Consciousness\TerraFusion.Consciousness.csproj]
C:\Users\bsval\terrafusion_os_1.0\backend\src\TerraFusion.Consciousness\DTOs\ConsciousnessDTOs.cs(269,29): warning CS1591: Missing XML comment for publicly visible type or member 'QuantumCoherenceOptimizationResultDto.OptimizationActions' [C:\Users\bsval\terrafusion_os_1.0\backend\src\TerraFusion.Consciousness\TerraFusion.Consciousness.csproj]
C:\Users\bsval\terrafusion_os_1.0\backend\src\TerraFusion.Consciousness\DTOs\ConsciousnessDTOs.cs(270,43): warning CS1591: Missing XML comment for publicly visible type or member 'QuantumCoherenceOptimizationResultDto.OptimizationMetrics' [C:\Users\bsval\terrafusion_os_1.0\backend\src\TerraFusion.Consciousness\TerraFusion.Consciousness.csproj]
C:\Users\bsval\terrafusion_os_1.0\backend\src\TerraFusion.Consciousness\DTOs\ConsciousnessDTOs.cs(280,30): warning CS1591: Missing XML comment for publicly visible type or member 'QuantumSecurityInitializationResultDto.Success' [C:\Users\bsval\terrafusion_os_1.0\backend\src\TerraFusion.Consciousness\TerraFusion.Consciousness.csproj]
C:\Users\bsval\terrafusion_os_1.0\backend\src\TerraFusion.Consciousness\DTOs\ConsciousnessDTOs.cs(281,32): warning CS1591: Missing XML comment for publicly visible type or member 'QuantumSecurityInitializationResultDto.SecurityLevel' [C:\Users\bsval\terrafusion_os_1.0\backend\src\TerraFusion.Consciousness\TerraFusion.Consciousness.csproj]
C:\Users\bsval\terrafusion_os_1.0\backend\src\TerraFusion.Consciousness\DTOs\ConsciousnessDTOs.cs(282,30): warning CS1591: Missing XML comment for publicly visible type or member 'QuantumSecurityInitializationResultDto.QuantumEncryptionEnabled' [C:\Users\bsval\terrafusion_os_1.0\backend\src\TerraFusion.Consciousness\TerraFusion.Consciousness.csproj]
C:\Users\bsval\terrafusion_os_1.0\backend\src\TerraFusion.Consciousness\DTOs\ConsciousnessDTOs.cs(283,30): warning CS1591: Missing XML comment for publicly visible type or member 'QuantumSecurityInitializationResultDto.QuantumKeyDistributionEnabled' [C:\Users\bsval\terrafusion_os_1.0\backend\src\TerraFusion.Consciousness\TerraFusion.Consciousness.csproj]
C:\Users\bsval\terrafusion_os_1.0\backend\src\TerraFusion.Consciousness\DTOs\ConsciousnessDTOs.cs(284,34): warning CS1591: Missing XML comment for publicly visible type or member 'QuantumSecurityInitializationResultDto.InitializationTime' [C:\Users\bsval\terrafusion_os_1.0\backend\src\TerraFusion.Consciousness\TerraFusion.Consciousness.csproj]
C:\Users\bsval\terrafusion_os_1.0\backend\src\TerraFusion.Consciousness\DTOs\ConsciousnessDTOs.cs(285,29): warning CS1591: Missing XML comment for publicly visible type or member 'QuantumSecurityInitializationResultDto.InitializationMessages' [C:\Users\bsval\terrafusion_os_1.0\backend\src\TerraFusion.Consciousness\TerraFusion.Consciousness.csproj]
C:\Users\bsval\terrafusion_os_1.0\backend\src\TerraFusion.Consciousness\DTOs\ConsciousnessDTOs.cs(293,30): warning CS1591: Missing XML comment for publicly visible type or member 'QuantumSecurityDeploymentResultDto.Success' [C:\Users\bsval\terrafusion_os_1.0\backend\src\TerraFusion.Consciousness\TerraFusion.Consciousness.csproj]
C:\Users\bsval\terrafusion_os_1.0\backend\src\TerraFusion.Consciousness\DTOs\ConsciousnessDTOs.cs(294,29): warning CS1591: Missing XML comment for publicly visible type or member 'QuantumSecurityDeploymentResultDto.AgentsSecured' [C:\Users\bsval\terrafusion_os_1.0\backend\src\TerraFusion.Consciousness\TerraFusion.Consciousness.csproj]
C:\Users\bsval\terrafusion_os_1.0\backend\src\TerraFusion.Consciousness\DTOs\ConsciousnessDTOs.cs(295,33): warning CS1591: Missing XML comment for publicly visible type or member 'QuantumSecurityDeploymentResultDto.DeploymentProgress' [C:\Users\bsval\terrafusion_os_1.0\backend\src\TerraFusion.Consciousness\TerraFusion.Consciousness.csproj]
C:\Users\bsval\terrafusion_os_1.0\backend\src\TerraFusion.Consciousness\DTOs\ConsciousnessDTOs.cs(296,34): warning CS1591: Missing XML comment for publicly visible type or member 'QuantumSecurityDeploymentResultDto.DeploymentTime' [C:\Users\bsval\terrafusion_os_1.0\backend\src\TerraFusion.Consciousness\TerraFusion.Consciousness.csproj]
C:\Users\bsval\terrafusion_os_1.0\backend\src\TerraFusion.Consciousness\DTOs\ConsciousnessDTOs.cs(297,29): warning CS1591: Missing XML comment for publicly visible type or member 'QuantumSecurityDeploymentResultDto.DeploymentMessages' [C:\Users\bsval\terrafusion_os_1.0\backend\src\TerraFusion.Consciousness\TerraFusion.Consciousness.csproj]
C:\Users\bsval\terrafusion_os_1.0\backend\src\TerraFusion.Consciousness\DTOs\ConsciousnessDTOs.cs(305,29): warning CS1591: Missing XML comment for publicly visible type or member 'QuantumThreatMonitoringResultDto.ActiveThreats' [C:\Users\bsval\terrafusion_os_1.0\backend\src\TerraFusion.Consciousness\TerraFusion.Consciousness.csproj]
C:\Users\bsval\terrafusion_os_1.0\backend\src\TerraFusion.Consciousness\DTOs\ConsciousnessDTOs.cs(306,29): warning CS1591: Missing XML comment for publicly visible type or member 'QuantumThreatMonitoringResultDto.ThreatsBlocked' [C:\Users\bsval\terrafusion_os_1.0\backend\src\TerraFusion.Consciousness\TerraFusion.Consciousness.csproj]
C:\Users\bsval\terrafusion_os_1.0\backend\src\TerraFusion.Consciousness\DTOs\ConsciousnessDTOs.cs(307,33): warning CS1591: Missing XML comment for publicly visible type or member 'QuantumThreatMonitoringResultDto.ThreatLevel' [C:\Users\bsval\terrafusion_os_1.0\backend\src\TerraFusion.Consciousness\TerraFusion.Consciousness.csproj]
C:\Users\bsval\terrafusion_os_1.0\backend\src\TerraFusion.Consciousness\DTOs\ConsciousnessDTOs.cs(308,34): warning CS1591: Missing XML comment for publicly visible type or member 'QuantumThreatMonitoringResultDto.LastScan' [C:\Users\bsval\terrafusion_os_1.0\backend\src\TerraFusion.Consciousness\TerraFusion.Consciousness.csproj]
C:\Users\bsval\terrafusion_os_1.0\backend\src\TerraFusion.Consciousness\DTOs\ConsciousnessDTOs.cs(309,29): warning CS1591: Missing XML comment for publicly visible type or member 'QuantumThreatMonitoringResultDto.ThreatAlerts' [C:\Users\bsval\terrafusion_os_1.0\backend\src\TerraFusion.Consciousness\TerraFusion.Consciousness.csproj]
C:\Users\bsval\terrafusion_os_1.0\backend\src\TerraFusion.Consciousness\DTOs\ConsciousnessDTOs.cs(310,43): warning CS1591: Missing XML comment for publicly visible type or member 'QuantumThreatMonitoringResultDto.ThreatMetrics' [C:\Users\bsval\terrafusion_os_1.0\backend\src\TerraFusion.Consciousness\TerraFusion.Consciousness.csproj]
C:\Users\bsval\terrafusion_os_1.0\backend\src\TerraFusion.Consciousness\DTOs\ConsciousnessDTOs.cs(318,30): warning CS1591: Missing XML comment for publicly visible type or member 'SecurityComplianceResultDto.IsCompliant' [C:\Users\bsval\terrafusion_os_1.0\backend\src\TerraFusion.Consciousness\TerraFusion.Consciousness.csproj]
C:\Users\bsval\terrafusion_os_1.0\backend\src\TerraFusion.Consciousness\DTOs\ConsciousnessDTOs.cs(319,33): warning CS1591: Missing XML comment for publicly visible type or member 'SecurityComplianceResultDto.ComplianceScore' [C:\Users\bsval\terrafusion_os_1.0\backend\src\TerraFusion.Consciousness\TerraFusion.Consciousness.csproj]
C:\Users\bsval\terrafusion_os_1.0\backend\src\TerraFusion.Consciousness\DTOs\ConsciousnessDTOs.cs(320,34): warning CS1591: Missing XML comment for publicly visible type or member 'SecurityComplianceResultDto.LastAudit' [C:\Users\bsval\terrafusion_os_1.0\backend\src\TerraFusion.Consciousness\TerraFusion.Consciousness.csproj]
C:\Users\bsval\terrafusion_os_1.0\backend\src\TerraFusion.Consciousness\DTOs\ConsciousnessDTOs.cs(321,29): warning CS1591: Missing XML comment for publicly visible type or member 'SecurityComplianceResultDto.ComplianceIssues' [C:\Users\bsval\terrafusion_os_1.0\backend\src\TerraFusion.Consciousness\TerraFusion.Consciousness.csproj]
C:\Users\bsval\terrafusion_os_1.0\backend\src\TerraFusion.Consciousness\DTOs\ConsciousnessDTOs.cs(322,43): warning CS1591: Missing XML comment for publicly visible type or member 'SecurityComplianceResultDto.ComplianceDetails' [C:\Users\bsval\terrafusion_os_1.0\backend\src\TerraFusion.Consciousness\TerraFusion.Consciousness.csproj]
C:\Users\bsval\terrafusion_os_1.0\backend\src\TerraFusion.Consciousness\DTOs\ConsciousnessDTOs.cs(330,32): warning CS1591: Missing XML comment for publicly visible type or member 'SecurityIncidentDto.IncidentId' [C:\Users\bsval\terrafusion_os_1.0\backend\src\TerraFusion.Consciousness\TerraFusion.Consciousness.csproj]
C:\Users\bsval\terrafusion_os_1.0\backend\src\TerraFusion.Consciousness\DTOs\ConsciousnessDTOs.cs(331,32): warning CS1591: Missing XML comment for publicly visible type or member 'SecurityIncidentDto.IncidentType' [C:\Users\bsval\terrafusion_os_1.0\backend\src\TerraFusion.Consciousness\TerraFusion.Consciousness.csproj]
C:\Users\bsval\terrafusion_os_1.0\backend\src\TerraFusion.Consciousness\DTOs\ConsciousnessDTOs.cs(332,32): warning CS1591: Missing XML comment for publicly visible type or member 'SecurityIncidentDto.Severity' [C:\Users\bsval\terrafusion_os_1.0\backend\src\TerraFusion.Consciousness\TerraFusion.Consciousness.csproj]
C:\Users\bsval\terrafusion_os_1.0\backend\src\TerraFusion.Consciousness\DTOs\ConsciousnessDTOs.cs(333,34): warning CS1591: Missing XML comment for publicly visible type or member 'SecurityIncidentDto.OccurredAt' [C:\Users\bsval\terrafusion_os_1.0\backend\src\TerraFusion.Consciousness\TerraFusion.Consciousness.csproj]
C:\Users\bsval\terrafusion_os_1.0\backend\src\TerraFusion.Consciousness\DTOs\ConsciousnessDTOs.cs(334,32): warning CS1591: Missing XML comment for publicly visible type or member 'SecurityIncidentDto.Description' [C:\Users\bsval\terrafusion_os_1.0\backend\src\TerraFusion.Consciousness\TerraFusion.Consciousness.csproj]
C:\Users\bsval\terrafusion_os_1.0\backend\src\TerraFusion.Consciousness\DTOs\ConsciousnessDTOs.cs(335,43): warning CS1591: Missing XML comment for publicly visible type or member 'SecurityIncidentDto.IncidentData' [C:\Users\bsval\terrafusion_os_1.0\backend\src\TerraFusion.Consciousness\TerraFusion.Consciousness.csproj]
C:\Users\bsval\terrafusion_os_1.0\backend\src\TerraFusion.Consciousness\DTOs\ConsciousnessDTOs.cs(343,32): warning CS1591: Missing XML comment for publicly visible type or member 'SecurityIncidentResponseDto.ResponseId' [C:\Users\bsval\terrafusion_os_1.0\backend\src\TerraFusion.Consciousness\TerraFusion.Consciousness.csproj]
C:\Users\bsval\terrafusion_os_1.0\backend\src\TerraFusion.Consciousness\DTOs\ConsciousnessDTOs.cs(344,32): warning CS1591: Missing XML comment for publicly visible type or member 'SecurityIncidentResponseDto.IncidentId' [C:\Users\bsval\terrafusion_os_1.0\backend\src\TerraFusion.Consciousness\TerraFusion.Consciousness.csproj]
C:\Users\bsval\terrafusion_os_1.0\backend\src\TerraFusion.Consciousness\DTOs\ConsciousnessDTOs.cs(345,32): warning CS1591: Missing XML comment for publicly visible type or member 'SecurityIncidentResponseDto.ResponseStatus' [C:\Users\bsval\terrafusion_os_1.0\backend\src\TerraFusion.Consciousness\TerraFusion.Consciousness.csproj]
C:\Users\bsval\terrafusion_os_1.0\backend\src\TerraFusion.Consciousness\DTOs\ConsciousnessDTOs.cs(346,34): warning CS1591: Missing XML comment for publicly visible type or member 'SecurityIncidentResponseDto.ResponseTime' [C:\Users\bsval\terrafusion_os_1.0\backend\src\TerraFusion.Consciousness\TerraFusion.Consciousness.csproj]
C:\Users\bsval\terrafusion_os_1.0\backend\src\TerraFusion.Consciousness\DTOs\ConsciousnessDTOs.cs(347,38): warning CS1591: Missing XML comment for publicly visible type or member 'SecurityIncidentResponseDto.ActionsExecuted' [C:\Users\bsval\terrafusion_os_1.0\backend\src\TerraFusion.Consciousness\TerraFusion.Consciousness.csproj]
C:\Users\bsval\terrafusion_os_1.0\backend\src\TerraFusion.Consciousness\DTOs\ConsciousnessDTOs.cs(348,30): warning CS1591: Missing XML comment for publicly visible type or member 'SecurityIncidentResponseDto.IncidentResolved' [C:\Users\bsval\terrafusion_os_1.0\backend\src\TerraFusion.Consciousness\TerraFusion.Consciousness.csproj]
C:\Users\bsval\terrafusion_os_1.0\backend\src\TerraFusion.Consciousness\DTOs\ConsciousnessDTOs.cs(349,43): warning CS1591: Missing XML comment for publicly visible type or member 'SecurityIncidentResponseDto.ResponseDetails' [C:\Users\bsval\terrafusion_os_1.0\backend\src\TerraFusion.Consciousness\TerraFusion.Consciousness.csproj]
C:\Users\bsval\terrafusion_os_1.0\backend\src\TerraFusion.Consciousness\DTOs\ConsciousnessDTOs.cs(359,30): warning CS1591: Missing XML comment for publicly visible type or member 'BentonCountyInitializationResultDto.Success' [C:\Users\bsval\terrafusion_os_1.0\backend\src\TerraFusion.Consciousness\TerraFusion.Consciousness.csproj]
C:\Users\bsval\terrafusion_os_1.0\backend\src\TerraFusion.Consciousness\DTOs\ConsciousnessDTOs.cs(360,32): warning CS1591: Missing XML comment for publicly visible type or member 'BentonCountyInitializationResultDto.ConnectionStatus' [C:\Users\bsval\terrafusion_os_1.0\backend\src\TerraFusion.Consciousness\TerraFusion.Consciousness.csproj]
C:\Users\bsval\terrafusion_os_1.0\backend\src\TerraFusion.Consciousness\DTOs\ConsciousnessDTOs.cs(361,34): warning CS1591: Missing XML comment for publicly visible type or member 'BentonCountyInitializationResultDto.LastSync' [C:\Users\bsval\terrafusion_os_1.0\backend\src\TerraFusion.Consciousness\TerraFusion.Consciousness.csproj]
C:\Users\bsval\terrafusion_os_1.0\backend\src\TerraFusion.Consciousness\DTOs\ConsciousnessDTOs.cs(362,29): warning CS1591: Missing XML comment for publicly visible type or member 'BentonCountyInitializationResultDto.AvailableDataSources' [C:\Users\bsval\terrafusion_os_1.0\backend\src\TerraFusion.Consciousness\TerraFusion.Consciousness.csproj]
C:\Users\bsval\terrafusion_os_1.0\backend\src\TerraFusion.Consciousness\DTOs\ConsciousnessDTOs.cs(363,29): warning CS1591: Missing XML comment for publicly visible type or member 'BentonCountyInitializationResultDto.InitializationMessages' [C:\Users\bsval\terrafusion_os_1.0\backend\src\TerraFusion.Consciousness\TerraFusion.Consciousness.csproj]
C:\Users\bsval\terrafusion_os_1.0\backend\src\TerraFusion.Consciousness\DTOs\ConsciousnessDTOs.cs(371,24): warning CS1591: Missing XML comment for publicly visible type or member 'PropertyDataRequestDto.PropertyId' [C:\Users\bsval\terrafusion_os_1.0\backend\src\TerraFusion.Consciousness\TerraFusion.Consciousness.csproj]
C:\Users\bsval\terrafusion_os_1.0\backend\src\TerraFusion.Consciousness\DTOs\ConsciousnessDTOs.cs(372,24): warning CS1591: Missing XML comment for publicly visible type or member 'PropertyDataRequestDto.Address' [C:\Users\bsval\terrafusion_os_1.0\backend\src\TerraFusion.Consciousness\TerraFusion.Consciousness.csproj]
C:\Users\bsval\terrafusion_os_1.0\backend\src\TerraFusion.Consciousness\DTOs\ConsciousnessDTOs.cs(373,24): warning CS1591: Missing XML comment for publicly visible type or member 'PropertyDataRequestDto.ParcelNumber' [C:\Users\bsval\terrafusion_os_1.0\backend\src\TerraFusion.Consciousness\TerraFusion.Consciousness.csproj]
C:\Users\bsval\terrafusion_os_1.0\backend\src\TerraFusion.Consciousness\DTOs\ConsciousnessDTOs.cs(374,26): warning CS1591: Missing XML comment for publicly visible type or member 'PropertyDataRequestDto.AssessmentDate' [C:\Users\bsval\terrafusion_os_1.0\backend\src\TerraFusion.Consciousness\TerraFusion.Consciousness.csproj]
C:\Users\bsval\terrafusion_os_1.0\backend\src\TerraFusion.Consciousness\DTOs\ConsciousnessDTOs.cs(375,43): warning CS1591: Missing XML comment for publicly visible type or member 'PropertyDataRequestDto.FilterCriteria' [C:\Users\bsval\terrafusion_os_1.0\backend\src\TerraFusion.Consciousness\TerraFusion.Consciousness.csproj]
C:\Users\bsval\terrafusion_os_1.0\backend\src\TerraFusion.Consciousness\DTOs\ConsciousnessDTOs.cs(383,56): warning CS1591: Missing XML comment for publicly visible type or member 'PropertyAssessmentDataDto.Properties' [C:\Users\bsval\terrafusion_os_1.0\backend\src\TerraFusion.Consciousness\TerraFusion.Consciousness.csproj]
C:\Users\bsval\terrafusion_os_1.0\backend\src\TerraFusion.Consciousness\DTOs\ConsciousnessDTOs.cs(384,29): warning CS1591: Missing XML comment for publicly visible type or member 'PropertyAssessmentDataDto.TotalRecords' [C:\Users\bsval\terrafusion_os_1.0\backend\src\TerraFusion.Consciousness\TerraFusion.Consciousness.csproj]
C:\Users\bsval\terrafusion_os_1.0\backend\src\TerraFusion.Consciousness\DTOs\ConsciousnessDTOs.cs(385,34): warning CS1591: Missing XML comment for publicly visible type or member 'PropertyAssessmentDataDto.DataAsOf' [C:\Users\bsval\terrafusion_os_1.0\backend\src\TerraFusion.Consciousness\TerraFusion.Consciousness.csproj]
C:\Users\bsval\terrafusion_os_1.0\backend\src\TerraFusion.Consciousness\DTOs\ConsciousnessDTOs.cs(386,43): warning CS1591: Missing XML comment for publicly visible type or member 'PropertyAssessmentDataDto.AssessmentMetrics' [C:\Users\bsval\terrafusion_os_1.0\backend\src\TerraFusion.Consciousness\TerraFusion.Consciousness.csproj]
C:\Users\bsval\terrafusion_os_1.0\backend\src\TerraFusion.Consciousness\DTOs\ConsciousnessDTOs.cs(394,32): warning CS1591: Missing XML comment for publicly visible type or member 'PropertyAssessmentRecord.PropertyId' [C:\Users\bsval\terrafusion_os_1.0\backend\src\TerraFusion.Consciousness\TerraFusion.Consciousness.csproj]
C:\Users\bsval\terrafusion_os_1.0\backend\src\TerraFusion.Consciousness\DTOs\ConsciousnessDTOs.cs(395,32): warning CS1591: Missing XML comment for publicly visible type or member 'PropertyAssessmentRecord.ParcelNumber' [C:\Users\bsval\terrafusion_os_1.0\backend\src\TerraFusion.Consciousness\TerraFusion.Consciousness.csproj]
C:\Users\bsval\terrafusion_os_1.0\backend\src\TerraFusion.Consciousness\DTOs\ConsciousnessDTOs.cs(396,32): warning CS1591: Missing XML comment for publicly visible type or member 'PropertyAssessmentRecord.Address' [C:\Users\bsval\terrafusion_os_1.0\backend\src\TerraFusion.Consciousness\TerraFusion.Consciousness.csproj]
C:\Users\bsval\terrafusion_os_1.0\backend\src\TerraFusion.Consciousness\DTOs\ConsciousnessDTOs.cs(397,33): warning CS1591: Missing XML comment for publicly visible type or member 'PropertyAssessmentRecord.AssessedValue' [C:\Users\bsval\terrafusion_os_1.0\backend\src\TerraFusion.Consciousness\TerraFusion.Consciousness.csproj]
C:\Users\bsval\terrafusion_os_1.0\backend\src\TerraFusion.Consciousness\DTOs\ConsciousnessDTOs.cs(398,33): warning CS1591: Missing XML comment for publicly visible type or member 'PropertyAssessmentRecord.MarketValue' [C:\Users\bsval\terrafusion_os_1.0\backend\src\TerraFusion.Consciousness\TerraFusion.Consciousness.csproj]
C:\Users\bsval\terrafusion_os_1.0\backend\src\TerraFusion.Consciousness\DTOs\ConsciousnessDTOs.cs(399,34): warning CS1591: Missing XML comment for publicly visible type or member 'PropertyAssessmentRecord.AssessmentDate' [C:\Users\bsval\terrafusion_os_1.0\backend\src\TerraFusion.Consciousness\TerraFusion.Consciousness.csproj]
C:\Users\bsval\terrafusion_os_1.0\backend\src\TerraFusion.Consciousness\DTOs\ConsciousnessDTOs.cs(400,32): warning CS1591: Missing XML comment for publicly visible type or member 'PropertyAssessmentRecord.PropertyType' [C:\Users\bsval\terrafusion_os_1.0\backend\src\TerraFusion.Consciousness\TerraFusion.Consciousness.csproj]
C:\Users\bsval\terrafusion_os_1.0\backend\src\TerraFusion.Consciousness\DTOs\ConsciousnessDTOs.cs(401,43): warning CS1591: Missing XML comment for publicly visible type or member 'PropertyAssessmentRecord.AdditionalData' [C:\Users\bsval\terrafusion_os_1.0\backend\src\TerraFusion.Consciousness\TerraFusion.Consciousness.csproj]
C:\Users\bsval\terrafusion_os_1.0\backend\src\TerraFusion.Consciousness\DTOs\ConsciousnessDTOs.cs(409,24): warning CS1591: Missing XML comment for publicly visible type or member 'CitizenServicesRequestDto.ServiceType' [C:\Users\bsval\terrafusion_os_1.0\backend\src\TerraFusion.Consciousness\TerraFusion.Consciousness.csproj]
C:\Users\bsval\terrafusion_os_1.0\backend\src\TerraFusion.Consciousness\DTOs\ConsciousnessDTOs.cs(410,24): warning CS1591: Missing XML comment for publicly visible type or member 'CitizenServicesRequestDto.CitizenId' [C:\Users\bsval\terrafusion_os_1.0\backend\src\TerraFusion.Consciousness\TerraFusion.Consciousness.csproj]
C:\Users\bsval\terrafusion_os_1.0\backend\src\TerraFusion.Consciousness\DTOs\ConsciousnessDTOs.cs(411,26): warning CS1591: Missing XML comment for publicly visible type or member 'CitizenServicesRequestDto.RequestDate' [C:\Users\bsval\terrafusion_os_1.0\backend\src\TerraFusion.Consciousness\TerraFusion.Consciousness.csproj]
C:\Users\bsval\terrafusion_os_1.0\backend\src\TerraFusion.Consciousness\DTOs\ConsciousnessDTOs.cs(412,43): warning CS1591: Missing XML comment for publicly visible type or member 'CitizenServicesRequestDto.RequestParameters' [C:\Users\bsval\terrafusion_os_1.0\backend\src\TerraFusion.Consciousness\TerraFusion.Consciousness.csproj]
C:\Users\bsval\terrafusion_os_1.0\backend\src\TerraFusion.Consciousness\DTOs\ConsciousnessDTOs.cs(420,52): warning CS1591: Missing XML comment for publicly visible type or member 'CitizenServicesDataDto.ServiceRecords' [C:\Users\bsval\terrafusion_os_1.0\backend\src\TerraFusion.Consciousness\TerraFusion.Consciousness.csproj]
C:\Users\bsval\terrafusion_os_1.0\backend\src\TerraFusion.Consciousness\DTOs\ConsciousnessDTOs.cs(421,29): warning CS1591: Missing XML comment for publicly visible type or member 'CitizenServicesDataDto.TotalRecords' [C:\Users\bsval\terrafusion_os_1.0\backend\src\TerraFusion.Consciousness\TerraFusion.Consciousness.csproj]
C:\Users\bsval\terrafusion_os_1.0\backend\src\TerraFusion.Consciousness\DTOs\ConsciousnessDTOs.cs(422,34): warning CS1591: Missing XML comment for publicly visible type or member 'CitizenServicesDataDto.DataAsOf' [C:\Users\bsval\terrafusion_os_1.0\backend\src\TerraFusion.Consciousness\TerraFusion.Consciousness.csproj]
C:\Users\bsval\terrafusion_os_1.0\backend\src\TerraFusion.Consciousness\DTOs\ConsciousnessDTOs.cs(423,43): warning CS1591: Missing XML comment for publicly visible type or member 'CitizenServicesDataDto.ServiceMetrics' [C:\Users\bsval\terrafusion_os_1.0\backend\src\TerraFusion.Consciousness\TerraFusion.Consciousness.csproj]
C:\Users\bsval\terrafusion_os_1.0\backend\src\TerraFusion.Consciousness\DTOs\ConsciousnessDTOs.cs(431,32): warning CS1591: Missing XML comment for publicly visible type or member 'CitizenServiceRecord.ServiceId' [C:\Users\bsval\terrafusion_os_1.0\backend\src\TerraFusion.Consciousness\TerraFusion.Consciousness.csproj]
C:\Users\bsval\terrafusion_os_1.0\backend\src\TerraFusion.Consciousness\DTOs\ConsciousnessDTOs.cs(432,32): warning CS1591: Missing XML comment for publicly visible type or member 'CitizenServiceRecord.ServiceType' [C:\Users\bsval\terrafusion_os_1.0\backend\src\TerraFusion.Consciousness\TerraFusion.Consciousness.csproj]
C:\Users\bsval\terrafusion_os_1.0\backend\src\TerraFusion.Consciousness\DTOs\ConsciousnessDTOs.cs(433,32): warning CS1591: Missing XML comment for publicly visible type or member 'CitizenServiceRecord.Status' [C:\Users\bsval\terrafusion_os_1.0\backend\src\TerraFusion.Consciousness\TerraFusion.Consciousness.csproj]
C:\Users\bsval\terrafusion_os_1.0\backend\src\TerraFusion.Consciousness\DTOs\ConsciousnessDTOs.cs(434,34): warning CS1591: Missing XML comment for publicly visible type or member 'CitizenServiceRecord.RequestDate' [C:\Users\bsval\terrafusion_os_1.0\backend\src\TerraFusion.Consciousness\TerraFusion.Consciousness.csproj]
C:\Users\bsval\terrafusion_os_1.0\backend\src\TerraFusion.Consciousness\DTOs\ConsciousnessDTOs.cs(435,26): warning CS1591: Missing XML comment for publicly visible type or member 'CitizenServiceRecord.CompletionDate' [C:\Users\bsval\terrafusion_os_1.0\backend\src\TerraFusion.Consciousness\TerraFusion.Consciousness.csproj]
C:\Users\bsval\terrafusion_os_1.0\backend\src\TerraFusion.Consciousness\DTOs\ConsciousnessDTOs.cs(436,43): warning CS1591: Missing XML comment for publicly visible type or member 'CitizenServiceRecord.ServiceData' [C:\Users\bsval\terrafusion_os_1.0\backend\src\TerraFusion.Consciousness\TerraFusion.Consciousness.csproj]
C:\Users\bsval\terrafusion_os_1.0\backend\src\TerraFusion.Consciousness\DTOs\ConsciousnessDTOs.cs(444,24): warning CS1591: Missing XML comment for publicly visible type or member 'EmergencyDataRequestDto.EmergencyType' [C:\Users\bsval\terrafusion_os_1.0\backend\src\TerraFusion.Consciousness\TerraFusion.Consciousness.csproj]
C:\Users\bsval\terrafusion_os_1.0\backend\src\TerraFusion.Consciousness\DTOs\ConsciousnessDTOs.cs(445,26): warning CS1591: Missing XML comment for publicly visible type or member 'EmergencyDataRequestDto.StartDate' [C:\Users\bsval\terrafusion_os_1.0\backend\src\TerraFusion.Consciousness\TerraFusion.Consciousness.csproj]
C:\Users\bsval\terrafusion_os_1.0\backend\src\TerraFusion.Consciousness\DTOs\ConsciousnessDTOs.cs(446,26): warning CS1591: Missing XML comment for publicly visible type or member 'EmergencyDataRequestDto.EndDate' [C:\Users\bsval\terrafusion_os_1.0\backend\src\TerraFusion.Consciousness\TerraFusion.Consciousness.csproj]
C:\Users\bsval\terrafusion_os_1.0\backend\src\TerraFusion.Consciousness\DTOs\ConsciousnessDTOs.cs(447,24): warning CS1591: Missing XML comment for publicly visible type or member 'EmergencyDataRequestDto.Severity' [C:\Users\bsval\terrafusion_os_1.0\backend\src\TerraFusion.Consciousness\TerraFusion.Consciousness.csproj]
C:\Users\bsval\terrafusion_os_1.0\backend\src\TerraFusion.Consciousness\DTOs\ConsciousnessDTOs.cs(448,43): warning CS1591: Missing XML comment for publicly visible type or member 'EmergencyDataRequestDto.FilterCriteria' [C:\Users\bsval\terrafusion_os_1.0\backend\src\TerraFusion.Consciousness\TerraFusion.Consciousness.csproj]
C:\Users\bsval\terrafusion_os_1.0\backend\src\TerraFusion.Consciousness\DTOs\ConsciousnessDTOs.cs(456,47): warning CS1591: Missing XML comment for publicly visible type or member 'EmergencyResponseDataDto.EmergencyRecords' [C:\Users\bsval\terrafusion_os_1.0\backend\src\TerraFusion.Consciousness\TerraFusion.Consciousness.csproj]
C:\Users\bsval\terrafusion_os_1.0\backend\src\TerraFusion.Consciousness\DTOs\ConsciousnessDTOs.cs(457,29): warning CS1591: Missing XML comment for publicly visible type or member 'EmergencyResponseDataDto.TotalRecords' [C:\Users\bsval\terrafusion_os_1.0\backend\src\TerraFusion.Consciousness\TerraFusion.Consciousness.csproj]
C:\Users\bsval\terrafusion_os_1.0\backend\src\TerraFusion.Consciousness\DTOs\ConsciousnessDTOs.cs(458,34): warning CS1591: Missing XML comment for publicly visible type or member 'EmergencyResponseDataDto.DataAsOf' [C:\Users\bsval\terrafusion_os_1.0\backend\src\TerraFusion.Consciousness\TerraFusion.Consciousness.csproj]
C:\Users\bsval\terrafusion_os_1.0\backend\src\TerraFusion.Consciousness\DTOs\ConsciousnessDTOs.cs(459,43): warning CS1591: Missing XML comment for publicly visible type or member 'EmergencyResponseDataDto.EmergencyMetrics' [C:\Users\bsval\terrafusion_os_1.0\backend\src\TerraFusion.Consciousness\TerraFusion.Consciousness.csproj]
C:\Users\bsval\terrafusion_os_1.0\backend\src\TerraFusion.Consciousness\DTOs\ConsciousnessDTOs.cs(467,32): warning CS1591: Missing XML comment for publicly visible type or member 'EmergencyRecord.EmergencyId' [C:\Users\bsval\terrafusion_os_1.0\backend\src\TerraFusion.Consciousness\TerraFusion.Consciousness.csproj]
C:\Users\bsval\terrafusion_os_1.0\backend\src\TerraFusion.Consciousness\DTOs\ConsciousnessDTOs.cs(468,32): warning CS1591: Missing XML comment for publicly visible type or member 'EmergencyRecord.EmergencyType' [C:\Users\bsval\terrafusion_os_1.0\backend\src\TerraFusion.Consciousness\TerraFusion.Consciousness.csproj]
C:\Users\bsval\terrafusion_os_1.0\backend\src\TerraFusion.Consciousness\DTOs\ConsciousnessDTOs.cs(469,32): warning CS1591: Missing XML comment for publicly visible type or member 'EmergencyRecord.Severity' [C:\Users\bsval\terrafusion_os_1.0\backend\src\TerraFusion.Consciousness\TerraFusion.Consciousness.csproj]
C:\Users\bsval\terrafusion_os_1.0\backend\src\TerraFusion.Consciousness\DTOs\ConsciousnessDTOs.cs(470,34): warning CS1591: Missing XML comment for publicly visible type or member 'EmergencyRecord.OccurredAt' [C:\Users\bsval\terrafusion_os_1.0\backend\src\TerraFusion.Consciousness\TerraFusion.Consciousness.csproj]
C:\Users\bsval\terrafusion_os_1.0\backend\src\TerraFusion.Consciousness\DTOs\ConsciousnessDTOs.cs(471,26): warning CS1591: Missing XML comment for publicly visible type or member 'EmergencyRecord.ResolvedAt' [C:\Users\bsval\terrafusion_os_1.0\backend\src\TerraFusion.Consciousness\TerraFusion.Consciousness.csproj]
C:\Users\bsval\terrafusion_os_1.0\backend\src\TerraFusion.Consciousness\DTOs\ConsciousnessDTOs.cs(472,32): warning CS1591: Missing XML comment for publicly visible type or member 'EmergencyRecord.Status' [C:\Users\bsval\terrafusion_os_1.0\backend\src\TerraFusion.Consciousness\TerraFusion.Consciousness.csproj]
C:\Users\bsval\terrafusion_os_1.0\backend\src\TerraFusion.Consciousness\DTOs\ConsciousnessDTOs.cs(473,43): warning CS1591: Missing XML comment for publicly visible type or member 'EmergencyRecord.EmergencyDetails' [C:\Users\bsval\terrafusion_os_1.0\backend\src\TerraFusion.Consciousness\TerraFusion.Consciousness.csproj]
C:\Users\bsval\terrafusion_os_1.0\backend\src\TerraFusion.Consciousness\DTOs\ConsciousnessDTOs.cs(481,30): warning CS1591: Missing XML comment for publicly visible type or member 'DataSyncResultDto.Success' [C:\Users\bsval\terrafusion_os_1.0\backend\src\TerraFusion.Consciousness\TerraFusion.Consciousness.csproj]
C:\Users\bsval\terrafusion_os_1.0\backend\src\TerraFusion.Consciousness\DTOs\ConsciousnessDTOs.cs(482,34): warning CS1591: Missing XML comment for publicly visible type or member 'DataSyncResultDto.SyncStartTime' [C:\Users\bsval\terrafusion_os_1.0\backend\src\TerraFusion.Consciousness\TerraFusion.Consciousness.csproj]
C:\Users\bsval\terrafusion_os_1.0\backend\src\TerraFusion.Consciousness\DTOs\ConsciousnessDTOs.cs(483,34): warning CS1591: Missing XML comment for publicly visible type or member 'DataSyncResultDto.SyncEndTime' [C:\Users\bsval\terrafusion_os_1.0\backend\src\TerraFusion.Consciousness\TerraFusion.Consciousness.csproj]
C:\Users\bsval\terrafusion_os_1.0\backend\src\TerraFusion.Consciousness\DTOs\ConsciousnessDTOs.cs(484,29): warning CS1591: Missing XML comment for publicly visible type or member 'DataSyncResultDto.RecordsSynced' [C:\Users\bsval\terrafusion_os_1.0\backend\src\TerraFusion.Consciousness\TerraFusion.Consciousness.csproj]
C:\Users\bsval\terrafusion_os_1.0\backend\src\TerraFusion.Consciousness\DTOs\ConsciousnessDTOs.cs(485,29): warning CS1591: Missing XML comment for publicly visible type or member 'DataSyncResultDto.RecordsUpdated' [C:\Users\bsval\terrafusion_os_1.0\backend\src\TerraFusion.Consciousness\TerraFusion.Consciousness.csproj]
C:\Users\bsval\terrafusion_os_1.0\backend\src\TerraFusion.Consciousness\DTOs\ConsciousnessDTOs.cs(486,29): warning CS1591: Missing XML comment for publicly visible type or member 'DataSyncResultDto.RecordsAdded' [C:\Users\bsval\terrafusion_os_1.0\backend\src\TerraFusion.Consciousness\TerraFusion.Consciousness.csproj]
C:\Users\bsval\terrafusion_os_1.0\backend\src\TerraFusion.Consciousness\DTOs\ConsciousnessDTOs.cs(487,29): warning CS1591: Missing XML comment for publicly visible type or member 'DataSyncResultDto.SyncMessages' [C:\Users\bsval\terrafusion_os_1.0\backend\src\TerraFusion.Consciousness\TerraFusion.Consciousness.csproj]
C:\Users\bsval\terrafusion_os_1.0\backend\src\TerraFusion.Consciousness\DTOs\ConsciousnessDTOs.cs(488,43): warning CS1591: Missing XML comment for publicly visible type or member 'DataSyncResultDto.SyncMetrics' [C:\Users\bsval\terrafusion_os_1.0\backend\src\TerraFusion.Consciousness\TerraFusion.Consciousness.csproj]
C:\Users\bsval\terrafusion_os_1.0\backend\src\TerraFusion.Consciousness\DTOs\ConsciousnessDTOs.cs(496,32): warning CS1591: Missing XML comment for publicly visible type or member 'QuantumOperationRequestDto.OperationType' [C:\Users\bsval\terrafusion_os_1.0\backend\src\TerraFusion.Consciousness\TerraFusion.Consciousness.csproj]
C:\Users\bsval\terrafusion_os_1.0\backend\src\TerraFusion.Consciousness\DTOs\ConsciousnessDTOs.cs(497,52): warning CS1591: Missing XML comment for publicly visible type or member 'QuantumOperationRequestDto.Parameters' [C:\Users\bsval\terrafusion_os_1.0\backend\src\TerraFusion.Consciousness\TerraFusion.Consciousness.csproj]
C:\Users\bsval\terrafusion_os_1.0\backend\src\TerraFusion.Consciousness\DTOs\ConsciousnessDTOs.cs(498,24): warning CS1591: Missing XML comment for publicly visible type or member 'QuantumOperationRequestDto.Priority' [C:\Users\bsval\terrafusion_os_1.0\backend\src\TerraFusion.Consciousness\TerraFusion.Consciousness.csproj]
C:\Users\bsval\terrafusion_os_1.0\backend\src\TerraFusion.Consciousness\DTOs\ConsciousnessDTOs.cs(499,25): warning CS1591: Missing XML comment for publicly visible type or member 'QuantumOperationRequestDto.RequestTime' [C:\Users\bsval\terrafusion_os_1.0\backend\src\TerraFusion.Consciousness\TerraFusion.Consciousness.csproj]
C:\Users\bsval\terrafusion_os_1.0\backend\src\TerraFusion.Consciousness\DTOs\ConsciousnessDTOs.cs(507,30): warning CS1591: Missing XML comment for publicly visible type or member 'QuantumOperationResultDto.Success' [C:\Users\bsval\terrafusion_os_1.0\backend\src\TerraFusion.Consciousness\TerraFusion.Consciousness.csproj]
C:\Users\bsval\terrafusion_os_1.0\backend\src\TerraFusion.Consciousness\DTOs\ConsciousnessDTOs.cs(508,32): warning CS1591: Missing XML comment for publicly visible type or member 'QuantumOperationResultDto.OperationId' [C:\Users\bsval\terrafusion_os_1.0\backend\src\TerraFusion.Consciousness\TerraFusion.Consciousness.csproj]
C:\Users\bsval\terrafusion_os_1.0\backend\src\TerraFusion.Consciousness\DTOs\ConsciousnessDTOs.cs(509,52): warning CS1591: Missing XML comment for publicly visible type or member 'QuantumOperationResultDto.Results' [C:\Users\bsval\terrafusion_os_1.0\backend\src\TerraFusion.Consciousness\TerraFusion.Consciousness.csproj]
C:\Users\bsval\terrafusion_os_1.0\backend\src\TerraFusion.Consciousness\DTOs\ConsciousnessDTOs.cs(510,25): warning CS1591: Missing XML comment for publicly visible type or member 'QuantumOperationResultDto.CompletionTime' [C:\Users\bsval\terrafusion_os_1.0\backend\src\TerraFusion.Consciousness\TerraFusion.Consciousness.csproj]
C:\Users\bsval\terrafusion_os_1.0\backend\src\TerraFusion.Consciousness\DTOs\ConsciousnessDTOs.cs(511,24): warning CS1591: Missing XML comment for publicly visible type or member 'QuantumOperationResultDto.ErrorMessage' [C:\Users\bsval\terrafusion_os_1.0\backend\src\TerraFusion.Consciousness\TerraFusion.Consciousness.csproj]
C:\Users\bsval\terrafusion_os_1.0\backend\src\TerraFusion.Consciousness\DTOs\ConsciousnessDTOs.cs(519,32): warning CS1591: Missing XML comment for publicly visible type or member 'SystemHealthDto.Status' [C:\Users\bsval\terrafusion_os_1.0\backend\src\TerraFusion.Consciousness\TerraFusion.Consciousness.csproj]
C:\Users\bsval\terrafusion_os_1.0\backend\src\TerraFusion.Consciousness\DTOs\ConsciousnessDTOs.cs(520,32): warning CS1591: Missing XML comment for publicly visible type or member 'SystemHealthDto.HealthScore' [C:\Users\bsval\terrafusion_os_1.0\backend\src\TerraFusion.Consciousness\TerraFusion.Consciousness.csproj]
C:\Users\bsval\terrafusion_os_1.0\backend\src\TerraFusion.Consciousness\DTOs\ConsciousnessDTOs.cs(521,52): warning CS1591: Missing XML comment for publicly visible type or member 'SystemHealthDto.ComponentHealth' [C:\Users\bsval\terrafusion_os_1.0\backend\src\TerraFusion.Consciousness\TerraFusion.Consciousness.csproj]
C:\Users\bsval\terrafusion_os_1.0\backend\src\TerraFusion.Consciousness\DTOs\ConsciousnessDTOs.cs(522,25): warning CS1591: Missing XML comment for publicly visible type or member 'SystemHealthDto.LastCheck' [C:\Users\bsval\terrafusion_os_1.0\backend\src\TerraFusion.Consciousness\TerraFusion.Consciousness.csproj]
C:\Users\bsval\terrafusion_os_1.0\backend\src\TerraFusion.Consciousness\DTOs\ConsciousnessDTOs.cs(530,32): warning CS1591: Missing XML comment for publicly visible type or member 'MillionAgentCoordinationRequestDto.OperationType' [C:\Users\bsval\terrafusion_os_1.0\backend\src\TerraFusion.Consciousness\TerraFusion.Consciousness.csproj]
C:\Users\bsval\terrafusion_os_1.0\backend\src\TerraFusion.Consciousness\DTOs\ConsciousnessDTOs.cs(531,29): warning CS1591: Missing XML comment for publicly visible type or member 'MillionAgentCoordinationRequestDto.TargetAgents' [C:\Users\bsval\terrafusion_os_1.0\backend\src\TerraFusion.Consciousness\TerraFusion.Consciousness.csproj]
C:\Users\bsval\terrafusion_os_1.0\backend\src\TerraFusion.Consciousness\DTOs\ConsciousnessDTOs.cs(532,52): warning CS1591: Missing XML comment for publicly visible type or member 'MillionAgentCoordinationRequestDto.CoordinationParameters' [C:\Users\bsval\terrafusion_os_1.0\backend\src\TerraFusion.Consciousness\TerraFusion.Consciousness.csproj]
C:\Users\bsval\terrafusion_os_1.0\backend\src\TerraFusion.Consciousness\DTOs\ConsciousnessDTOs.cs(533,23): warning CS1591: Missing XML comment for publicly visible type or member 'MillionAgentCoordinationRequestDto.Priority' [C:\Users\bsval\terrafusion_os_1.0\backend\src\TerraFusion.Consciousness\TerraFusion.Consciousness.csproj]
C:\Users\bsval\terrafusion_os_1.0\backend\src\TerraFusion.Consciousness\DTOs\ConsciousnessDTOs.cs(541,30): warning CS1591: Missing XML comment for publicly visible type or member 'MillionAgentCoordinationResultDto.Success' [C:\Users\bsval\terrafusion_os_1.0\backend\src\TerraFusion.Consciousness\TerraFusion.Consciousness.csproj]
C:\Users\bsval\terrafusion_os_1.0\backend\src\TerraFusion.Consciousness\DTOs\ConsciousnessDTOs.cs(542,29): warning CS1591: Missing XML comment for publicly visible type or member 'MillionAgentCoordinationResultDto.AgentsCoordinated' [C:\Users\bsval\terrafusion_os_1.0\backend\src\TerraFusion.Consciousness\TerraFusion.Consciousness.csproj]
C:\Users\bsval\terrafusion_os_1.0\backend\src\TerraFusion.Consciousness\DTOs\ConsciousnessDTOs.cs(543,34): warning CS1591: Missing XML comment for publicly visible type or member 'MillionAgentCoordinationResultDto.CoordinationTime' [C:\Users\bsval\terrafusion_os_1.0\backend\src\TerraFusion.Consciousness\TerraFusion.Consciousness.csproj]
C:\Users\bsval\terrafusion_os_1.0\backend\src\TerraFusion.Consciousness\DTOs\ConsciousnessDTOs.cs(544,52): warning CS1591: Missing XML comment for publicly visible type or member 'MillionAgentCoordinationResultDto.Results' [C:\Users\bsval\terrafusion_os_1.0\backend\src\TerraFusion.Consciousness\TerraFusion.Consciousness.csproj]
C:\Users\bsval\terrafusion_os_1.0\backend\src\TerraFusion.Consciousness\DTOs\ConsciousnessDTOs.cs(545,24): warning CS1591: Missing XML comment for publicly visible type or member 'MillionAgentCoordinationResultDto.ErrorMessage' [C:\Users\bsval\terrafusion_os_1.0\backend\src\TerraFusion.Consciousness\TerraFusion.Consciousness.csproj]
C:\Users\bsval\terrafusion_os_1.0\backend\src\TerraFusion.Consciousness\DTOs\ConsciousnessDTOs.cs(553,32): warning CS1591: Missing XML comment for publicly visible type or member 'AgentSystemHealthDto.Status' [C:\Users\bsval\terrafusion_os_1.0\backend\src\TerraFusion.Consciousness\TerraFusion.Consciousness.csproj]
C:\Users\bsval\terrafusion_os_1.0\backend\src\TerraFusion.Consciousness\DTOs\ConsciousnessDTOs.cs(554,29): warning CS1591: Missing XML comment for publicly visible type or member 'AgentSystemHealthDto.ActiveAgents' [C:\Users\bsval\terrafusion_os_1.0\backend\src\TerraFusion.Consciousness\TerraFusion.Consciousness.csproj]
C:\Users\bsval\terrafusion_os_1.0\backend\src\TerraFusion.Consciousness\DTOs\ConsciousnessDTOs.cs(555,32): warning CS1591: Missing XML comment for publicly visible type or member 'AgentSystemHealthDto.HealthScore' [C:\Users\bsval\terrafusion_os_1.0\backend\src\TerraFusion.Consciousness\TerraFusion.Consciousness.csproj]
C:\Users\bsval\terrafusion_os_1.0\backend\src\TerraFusion.Consciousness\DTOs\ConsciousnessDTOs.cs(556,52): warning CS1591: Missing XML comment for publicly visible type or member 'AgentSystemHealthDto.Metrics' [C:\Users\bsval\terrafusion_os_1.0\backend\src\TerraFusion.Consciousness\TerraFusion.Consciousness.csproj]
C:\Users\bsval\terrafusion_os_1.0\backend\src\TerraFusion.Consciousness\DTOs\ConsciousnessDTOs.cs(557,25): warning CS1591: Missing XML comment for publicly visible type or member 'AgentSystemHealthDto.LastCheck' [C:\Users\bsval\terrafusion_os_1.0\backend\src\TerraFusion.Consciousness\TerraFusion.Consciousness.csproj]
C:\Users\bsval\terrafusion_os_1.0\backend\src\TerraFusion.Consciousness\DTOs\ConsciousnessDTOs.cs(565,30): warning CS1591: Missing XML comment for publicly visible type or member 'ConsciousnessMaintenanceResultDto.Success' [C:\Users\bsval\terrafusion_os_1.0\backend\src\TerraFusion.Consciousness\TerraFusion.Consciousness.csproj]
C:\Users\bsval\terrafusion_os_1.0\backend\src\TerraFusion.Consciousness\DTOs\ConsciousnessDTOs.cs(566,32): warning CS1591: Missing XML comment for publicly visible type or member 'ConsciousnessMaintenanceResultDto.MaintenanceId' [C:\Users\bsval\terrafusion_os_1.0\backend\src\TerraFusion.Consciousness\TerraFusion.Consciousness.csproj]
C:\Users\bsval\terrafusion_os_1.0\backend\src\TerraFusion.Consciousness\DTOs\ConsciousnessDTOs.cs(567,29): warning CS1591: Missing XML comment for publicly visible type or member 'ConsciousnessMaintenanceResultDto.AgentsMaintained' [C:\Users\bsval\terrafusion_os_1.0\backend\src\TerraFusion.Consciousness\TerraFusion.Consciousness.csproj]
C:\Users\bsval\terrafusion_os_1.0\backend\src\TerraFusion.Consciousness\DTOs\ConsciousnessDTOs.cs(568,33): warning CS1591: Missing XML comment for publicly visible type or member 'ConsciousnessMaintenanceResultDto.OptimalPerformanceAchieved' [C:\Users\bsval\terrafusion_os_1.0\backend\src\TerraFusion.Consciousness\TerraFusion.Consciousness.csproj]
C:\Users\bsval\terrafusion_os_1.0\backend\src\TerraFusion.Consciousness\DTOs\ConsciousnessDTOs.cs(569,34): warning CS1591: Missing XML comment for publicly visible type or member 'ConsciousnessMaintenanceResultDto.MaintenanceDuration' [C:\Users\bsval\terrafusion_os_1.0\backend\src\TerraFusion.Consciousness\TerraFusion.Consciousness.csproj]
C:\Users\bsval\terrafusion_os_1.0\backend\src\TerraFusion.Consciousness\DTOs\ConsciousnessDTOs.cs(570,34): warning CS1591: Missing XML comment for publicly visible type or member 'ConsciousnessMaintenanceResultDto.MaintenanceTimestamp' [C:\Users\bsval\terrafusion_os_1.0\backend\src\TerraFusion.Consciousness\TerraFusion.Consciousness.csproj]
C:\Users\bsval\terrafusion_os_1.0\backend\src\TerraFusion.Consciousness\DTOs\ConsciousnessDTOs.cs(571,29): warning CS1591: Missing XML comment for publicly visible type or member 'ConsciousnessMaintenanceResultDto.MaintenanceActions' [C:\Users\bsval\terrafusion_os_1.0\backend\src\TerraFusion.Consciousness\TerraFusion.Consciousness.csproj]
C:\Users\bsval\terrafusion_os_1.0\backend\src\TerraFusion.Consciousness\DTOs\ConsciousnessDTOs.cs(572,43): warning CS1591: Missing XML comment for publicly visible type or member 'ConsciousnessMaintenanceResultDto.PerformanceMetrics' [C:\Users\bsval\terrafusion_os_1.0\backend\src\TerraFusion.Consciousness\TerraFusion.Consciousness.csproj]
C:\Users\bsval\terrafusion_os_1.0\backend\src\TerraFusion.Consciousness\DTOs\ConsciousnessDTOs.cs(573,24): warning CS1591: Missing XML comment for publicly visible type or member 'ConsciousnessMaintenanceResultDto.ErrorMessage' [C:\Users\bsval\terrafusion_os_1.0\backend\src\TerraFusion.Consciousness\TerraFusion.Consciousness.csproj]
C:\Users\bsval\terrafusion_os_1.0\backend\src\TerraFusion.Consciousness\DTOs\SwarmCoordinationResult.cs(107,23): warning CS1591: Missing XML comment for publicly visible type or member 'SwarmInsight.InsightType' [C:\Users\bsval\terrafusion_os_1.0\backend\src\TerraFusion.Consciousness\TerraFusion.Consciousness.csproj]
C:\Users\bsval\terrafusion_os_1.0\backend\src\TerraFusion.Consciousness\DTOs\SwarmCoordinationResult.cs(108,23): warning CS1591: Missing XML comment for publicly visible type or member 'SwarmInsight.Description' [C:\Users\bsval\terrafusion_os_1.0\backend\src\TerraFusion.Consciousness\TerraFusion.Consciousness.csproj]
C:\Users\bsval\terrafusion_os_1.0\backend\src\TerraFusion.Consciousness\DTOs\SwarmCoordinationResult.cs(109,24): warning CS1591: Missing XML comment for publicly visible type or member 'SwarmInsight.Impact' [C:\Users\bsval\terrafusion_os_1.0\backend\src\TerraFusion.Consciousness\TerraFusion.Consciousness.csproj]
C:\Users\bsval\terrafusion_os_1.0\backend\src\TerraFusion.Consciousness\DTOs\SwarmCoordinationResult.cs(110,20): warning CS1591: Missing XML comment for publicly visible type or member 'SwarmInsight.AgentCount' [C:\Users\bsval\terrafusion_os_1.0\backend\src\TerraFusion.Consciousness\TerraFusion.Consciousness.csproj]
C:\Users\bsval\terrafusion_os_1.0\backend\src\TerraFusion.Consciousness\DTOs\SwarmCoordinationResult.cs(111,24): warning CS1591: Missing XML comment for publicly visible type or member 'SwarmInsight.Confidence' [C:\Users\bsval\terrafusion_os_1.0\backend\src\TerraFusion.Consciousness\TerraFusion.Consciousness.csproj]
C:\Users\bsval\terrafusion_os_1.0\backend\src\TerraFusion.Consciousness\DTOs\SwarmCoordinationResult.cs(112,23): warning CS1591: Missing XML comment for publicly visible type or member 'SwarmInsight.Severity' [C:\Users\bsval\terrafusion_os_1.0\backend\src\TerraFusion.Consciousness\TerraFusion.Consciousness.csproj]
C:\Users\bsval\terrafusion_os_1.0\backend\src\TerraFusion.Consciousness\DTOs\SwarmCoordinationResult.cs(113,43): warning CS1591: Missing XML comment for publicly visible type or member 'SwarmInsight.Data' [C:\Users\bsval\terrafusion_os_1.0\backend\src\TerraFusion.Consciousness\TerraFusion.Consciousness.csproj]
C:\Users\bsval\terrafusion_os_1.0\backend\src\TerraFusion.Consciousness\DTOs\SwarmCoordinationResult.cs(122,25): warning CS1591: Missing XML comment for publicly visible type or member 'SwarmPerformanceMetrics.AverageAgentResponseTime' [C:\Users\bsval\terrafusion_os_1.0\backend\src\TerraFusion.Consciousness\TerraFusion.Consciousness.csproj]
C:\Users\bsval\terrafusion_os_1.0\backend\src\TerraFusion.Consciousness\DTOs\SwarmCoordinationResult.cs(123,24): warning CS1591: Missing XML comment for publicly visible type or member 'SwarmPerformanceMetrics.AgentSynchronizationScore' [C:\Users\bsval\terrafusion_os_1.0\backend\src\TerraFusion.Consciousness\TerraFusion.Consciousness.csproj]
C:\Users\bsval\terrafusion_os_1.0\backend\src\TerraFusion.Consciousness\DTOs\SwarmCoordinationResult.cs(124,20): warning CS1591: Missing XML comment for publicly visible type or member 'SwarmPerformanceMetrics.TotalAgentInteractions' [C:\Users\bsval\terrafusion_os_1.0\backend\src\TerraFusion.Consciousness\TerraFusion.Consciousness.csproj]
C:\Users\bsval\terrafusion_os_1.0\backend\src\TerraFusion.Consciousness\DTOs\SwarmCoordinationResult.cs(125,24): warning CS1591: Missing XML comment for publicly visible type or member 'SwarmPerformanceMetrics.ResourceUtilization' [C:\Users\bsval\terrafusion_os_1.0\backend\src\TerraFusion.Consciousness\TerraFusion.Consciousness.csproj]
C:\Users\bsval\terrafusion_os_1.0\backend\src\TerraFusion.Consciousness\DTOs\SwarmCoordinationResult.cs(126,20): warning CS1591: Missing XML comment for publicly visible type or member 'SwarmPerformanceMetrics.FailedAgentCount' [C:\Users\bsval\terrafusion_os_1.0\backend\src\TerraFusion.Consciousness\TerraFusion.Consciousness.csproj]
C:\Users\bsval\terrafusion_os_1.0\backend\src\TerraFusion.Consciousness\DTOs\SwarmCoordinationResult.cs(127,24): warning CS1591: Missing XML comment for publicly visible type or member 'SwarmPerformanceMetrics.SuccessRate' [C:\Users\bsval\terrafusion_os_1.0\backend\src\TerraFusion.Consciousness\TerraFusion.Consciousness.csproj]
C:\Users\bsval\terrafusion_os_1.0\backend\src\TerraFusion.Consciousness\DTOs\TranscendenceEngineDto.cs(8,21): warning CS1591: Missing XML comment for publicly visible type or member 'TranscendenceInitializationResultDto.Success' [C:\Users\bsval\terrafusion_os_1.0\backend\src\TerraFusion.Consciousness\TerraFusion.Consciousness.csproj]
C:\Users\bsval\terrafusion_os_1.0\backend\src\TerraFusion.Consciousness\DTOs\TranscendenceEngineDto.cs(9,23): warning CS1591: Missing XML comment for publicly visible type or member 'TranscendenceInitializationResultDto.TranscendenceLevel' [C:\Users\bsval\terrafusion_os_1.0\backend\src\TerraFusion.Consciousness\TerraFusion.Consciousness.csproj]
C:\Users\bsval\terrafusion_os_1.0\backend\src\TerraFusion.Consciousness\DTOs\TranscendenceEngineDto.cs(10,20): warning CS1591: Missing XML comment for publicly visible type or member 'TranscendenceInitializationResultDto.QuantumFactor' [C:\Users\bsval\terrafusion_os_1.0\backend\src\TerraFusion.Consciousness\TerraFusion.Consciousness.csproj]
C:\Users\bsval\terrafusion_os_1.0\backend\src\TerraFusion.Consciousness\DTOs\TranscendenceEngineDto.cs(11,24): warning CS1591: Missing XML comment for publicly visible type or member 'TranscendenceInitializationResultDto.ConsciousnessResonance' [C:\Users\bsval\terrafusion_os_1.0\backend\src\TerraFusion.Consciousness\TerraFusion.Consciousness.csproj]
C:\Users\bsval\terrafusion_os_1.0\backend\src\TerraFusion.Consciousness\DTOs\TranscendenceEngineDto.cs(12,25): warning CS1591: Missing XML comment for publicly visible type or member 'TranscendenceInitializationResultDto.InitializationTime' [C:\Users\bsval\terrafusion_os_1.0\backend\src\TerraFusion.Consciousness\TerraFusion.Consciousness.csproj]
C:\Users\bsval\terrafusion_os_1.0\backend\src\TerraFusion.Consciousness\DTOs\TranscendenceEngineDto.cs(13,43): warning CS1591: Missing XML comment for publicly visible type or member 'TranscendenceInitializationResultDto.ChampionshipMetrics' [C:\Users\bsval\terrafusion_os_1.0\backend\src\TerraFusion.Consciousness\TerraFusion.Consciousness.csproj]
C:\Users\bsval\terrafusion_os_1.0\backend\src\TerraFusion.Consciousness\DTOs\TranscendenceEngineDto.cs(14,23): warning CS1591: Missing XML comment for publicly visible type or member 'TranscendenceInitializationResultDto.TranscendenceMessage' [C:\Users\bsval\terrafusion_os_1.0\backend\src\TerraFusion.Consciousness\TerraFusion.Consciousness.csproj]
C:\Users\bsval\terrafusion_os_1.0\backend\src\TerraFusion.Consciousness\DTOs\TranscendenceEngineDto.cs(15,21): warning CS1591: Missing XML comment for publicly visible type or member 'TranscendenceInitializationResultDto.InfiniteScaleReady' [C:\Users\bsval\terrafusion_os_1.0\backend\src\TerraFusion.Consciousness\TerraFusion.Consciousness.csproj]
C:\Users\bsval\terrafusion_os_1.0\backend\src\TerraFusion.Consciousness\DTOs\TranscendenceEngineDto.cs(16,24): warning CS1591: Missing XML comment for publicly visible type or member 'TranscendenceInitializationResultDto.ErrorMessage' [C:\Users\bsval\terrafusion_os_1.0\backend\src\TerraFusion.Consciousness\TerraFusion.Consciousness.csproj]
C:\Users\bsval\terrafusion_os_1.0\backend\src\TerraFusion.Consciousness\DTOs\TranscendenceEngineDto.cs(17,29): warning CS1591: Missing XML comment for publicly visible type or member 'TranscendenceInitializationResultDto.ValidationIssues' [C:\Users\bsval\terrafusion_os_1.0\backend\src\TerraFusion.Consciousness\TerraFusion.Consciousness.csproj]
C:\Users\bsval\terrafusion_os_1.0\backend\src\TerraFusion.Consciousness\DTOs\TranscendenceEngineDto.cs(25,23): warning CS1591: Missing XML comment for publicly visible type or member 'QuantumPropertyValuationRequestDto.PropertyId' [C:\Users\bsval\terrafusion_os_1.0\backend\src\TerraFusion.Consciousness\TerraFusion.Consciousness.csproj]
C:\Users\bsval\terrafusion_os_1.0\backend\src\TerraFusion.Consciousness\DTOs\TranscendenceEngineDto.cs(26,24): warning CS1591: Missing XML comment for publicly visible type or member 'QuantumPropertyValuationRequestDto.EstimatedValue' [C:\Users\bsval\terrafusion_os_1.0\backend\src\TerraFusion.Consciousness\TerraFusion.Consciousness.csproj]
C:\Users\bsval\terrafusion_os_1.0\backend\src\TerraFusion.Consciousness\DTOs\TranscendenceEngineDto.cs(27,23): warning CS1591: Missing XML comment for publicly visible type or member 'QuantumPropertyValuationRequestDto.CountyId' [C:\Users\bsval\terrafusion_os_1.0\backend\src\TerraFusion.Consciousness\TerraFusion.Consciousness.csproj]
C:\Users\bsval\terrafusion_os_1.0\backend\src\TerraFusion.Consciousness\DTOs\TranscendenceEngineDto.cs(28,43): warning CS1591: Missing XML comment for publicly visible type or member 'QuantumPropertyValuationRequestDto.PropertyAttributes' [C:\Users\bsval\terrafusion_os_1.0\backend\src\TerraFusion.Consciousness\TerraFusion.Consciousness.csproj]
C:\Users\bsval\terrafusion_os_1.0\backend\src\TerraFusion.Consciousness\DTOs\TranscendenceEngineDto.cs(29,21): warning CS1591: Missing XML comment for publicly visible type or member 'QuantumPropertyValuationRequestDto.RequireChampionshipAccuracy' [C:\Users\bsval\terrafusion_os_1.0\backend\src\TerraFusion.Consciousness\TerraFusion.Consciousness.csproj]
C:\Users\bsval\terrafusion_os_1.0\backend\src\TerraFusion.Consciousness\DTOs\TranscendenceEngineDto.cs(30,20): warning CS1591: Missing XML comment for publicly visible type or member 'QuantumPropertyValuationRequestDto.QuantumFactorOverride' [C:\Users\bsval\terrafusion_os_1.0\backend\src\TerraFusion.Consciousness\TerraFusion.Consciousness.csproj]
C:\Users\bsval\terrafusion_os_1.0\backend\src\TerraFusion.Consciousness\DTOs\TranscendenceEngineDto.cs(38,21): warning CS1591: Missing XML comment for publicly visible type or member 'QuantumPropertyValuationResultDto.Success' [C:\Users\bsval\terrafusion_os_1.0\backend\src\TerraFusion.Consciousness\TerraFusion.Consciousness.csproj]
C:\Users\bsval\terrafusion_os_1.0\backend\src\TerraFusion.Consciousness\DTOs\TranscendenceEngineDto.cs(39,23): warning CS1591: Missing XML comment for publicly visible type or member 'QuantumPropertyValuationResultDto.OperationId' [C:\Users\bsval\terrafusion_os_1.0\backend\src\TerraFusion.Consciousness\TerraFusion.Consciousness.csproj]
C:\Users\bsval\terrafusion_os_1.0\backend\src\TerraFusion.Consciousness\DTOs\TranscendenceEngineDto.cs(40,23): warning CS1591: Missing XML comment for publicly visible type or member 'QuantumPropertyValuationResultDto.PropertyId' [C:\Users\bsval\terrafusion_os_1.0\backend\src\TerraFusion.Consciousness\TerraFusion.Consciousness.csproj]
C:\Users\bsval\terrafusion_os_1.0\backend\src\TerraFusion.Consciousness\DTOs\TranscendenceEngineDto.cs(41,24): warning CS1591: Missing XML comment for publicly visible type or member 'QuantumPropertyValuationResultDto.MarketValue' [C:\Users\bsval\terrafusion_os_1.0\backend\src\TerraFusion.Consciousness\TerraFusion.Consciousness.csproj]
C:\Users\bsval\terrafusion_os_1.0\backend\src\TerraFusion.Consciousness\DTOs\TranscendenceEngineDto.cs(42,24): warning CS1591: Missing XML comment for publicly visible type or member 'QuantumPropertyValuationResultDto.QuantumEnhancedValue' [C:\Users\bsval\terrafusion_os_1.0\backend\src\TerraFusion.Consciousness\TerraFusion.Consciousness.csproj]
C:\Users\bsval\terrafusion_os_1.0\backend\src\TerraFusion.Consciousness\DTOs\TranscendenceEngineDto.cs(43,24): warning CS1591: Missing XML comment for publicly visible type or member 'QuantumPropertyValuationResultDto.AccuracyScore' [C:\Users\bsval\terrafusion_os_1.0\backend\src\TerraFusion.Consciousness\TerraFusion.Consciousness.csproj]
C:\Users\bsval\terrafusion_os_1.0\backend\src\TerraFusion.Consciousness\DTOs\TranscendenceEngineDto.cs(44,20): warning CS1591: Missing XML comment for publicly visible type or member 'QuantumPropertyValuationResultDto.QuantumFactor' [C:\Users\bsval\terrafusion_os_1.0\backend\src\TerraFusion.Consciousness\TerraFusion.Consciousness.csproj]
C:\Users\bsval\terrafusion_os_1.0\backend\src\TerraFusion.Consciousness\DTOs\TranscendenceEngineDto.cs(45,25): warning CS1591: Missing XML comment for publicly visible type or member 'QuantumPropertyValuationResultDto.ProcessingTime' [C:\Users\bsval\terrafusion_os_1.0\backend\src\TerraFusion.Consciousness\TerraFusion.Consciousness.csproj]
C:\Users\bsval\terrafusion_os_1.0\backend\src\TerraFusion.Consciousness\DTOs\TranscendenceEngineDto.cs(46,21): warning CS1591: Missing XML comment for publicly visible type or member 'QuantumPropertyValuationResultDto.ChampionshipCompliant' [C:\Users\bsval\terrafusion_os_1.0\backend\src\TerraFusion.Consciousness\TerraFusion.Consciousness.csproj]
C:\Users\bsval\terrafusion_os_1.0\backend\src\TerraFusion.Consciousness\DTOs\TranscendenceEngineDto.cs(47,44): warning CS1591: Missing XML comment for publicly visible type or member 'QuantumPropertyValuationResultDto.MultiDimensionalAnalysis' [C:\Users\bsval\terrafusion_os_1.0\backend\src\TerraFusion.Consciousness\TerraFusion.Consciousness.csproj]
C:\Users\bsval\terrafusion_os_1.0\backend\src\TerraFusion.Consciousness\DTOs\TranscendenceEngineDto.cs(48,24): warning CS1591: Missing XML comment for publicly visible type or member 'QuantumPropertyValuationResultDto.ConsciousnessResonance' [C:\Users\bsval\terrafusion_os_1.0\backend\src\TerraFusion.Consciousness\TerraFusion.Consciousness.csproj]
C:\Users\bsval\terrafusion_os_1.0\backend\src\TerraFusion.Consciousness\DTOs\TranscendenceEngineDto.cs(49,43): warning CS1591: Missing XML comment for publicly visible type or member 'QuantumPropertyValuationResultDto.TranscendenceMetrics' [C:\Users\bsval\terrafusion_os_1.0\backend\src\TerraFusion.Consciousness\TerraFusion.Consciousness.csproj]
C:\Users\bsval\terrafusion_os_1.0\backend\src\TerraFusion.Consciousness\DTOs\TranscendenceEngineDto.cs(50,24): warning CS1591: Missing XML comment for publicly visible type or member 'QuantumPropertyValuationResultDto.ErrorMessage' [C:\Users\bsval\terrafusion_os_1.0\backend\src\TerraFusion.Consciousness\TerraFusion.Consciousness.csproj]
C:\Users\bsval\terrafusion_os_1.0\backend\src\TerraFusion.Consciousness\DTOs\TranscendenceEngineDto.cs(51,21): warning CS1591: Missing XML comment for publicly visible type or member 'QuantumPropertyValuationResultDto.HealingTriggered' [C:\Users\bsval\terrafusion_os_1.0\backend\src\TerraFusion.Consciousness\TerraFusion.Consciousness.csproj]
C:\Users\bsval\terrafusion_os_1.0\backend\src\TerraFusion.Consciousness\DTOs\TranscendenceEngineDto.cs(52,24): warning CS1591: Missing XML comment for publicly visible type or member 'QuantumPropertyValuationResultDto.HealingResults' [C:\Users\bsval\terrafusion_os_1.0\backend\src\TerraFusion.Consciousness\TerraFusion.Consciousness.csproj]
C:\Users\bsval\terrafusion_os_1.0\backend\src\TerraFusion.Consciousness\DTOs\TranscendenceEngineDto.cs(60,20): warning CS1591: Missing XML comment for publicly visible type or member 'QuantumAgentCoordinationRequestDto.TargetAgentCount' [C:\Users\bsval\terrafusion_os_1.0\backend\src\TerraFusion.Consciousness\TerraFusion.Consciousness.csproj]
C:\Users\bsval\terrafusion_os_1.0\backend\src\TerraFusion.Consciousness\DTOs\TranscendenceEngineDto.cs(61,23): warning CS1591: Missing XML comment for publicly visible type or member 'QuantumAgentCoordinationRequestDto.CoordinationStrategy' [C:\Users\bsval\terrafusion_os_1.0\backend\src\TerraFusion.Consciousness\TerraFusion.Consciousness.csproj]
C:\Users\bsval\terrafusion_os_1.0\backend\src\TerraFusion.Consciousness\DTOs\TranscendenceEngineDto.cs(62,40): warning CS1591: Missing XML comment for publicly visible type or member 'QuantumAgentCoordinationRequestDto.AgentTypeDistribution' [C:\Users\bsval\terrafusion_os_1.0\backend\src\TerraFusion.Consciousness\TerraFusion.Consciousness.csproj]
C:\Users\bsval\terrafusion_os_1.0\backend\src\TerraFusion.Consciousness\DTOs\TranscendenceEngineDto.cs(63,23): warning CS1591: Missing XML comment for publicly visible type or member 'QuantumAgentCoordinationRequestDto.RequiredHarmonyLevel' [C:\Users\bsval\terrafusion_os_1.0\backend\src\TerraFusion.Consciousness\TerraFusion.Consciousness.csproj]
C:\Users\bsval\terrafusion_os_1.0\backend\src\TerraFusion.Consciousness\DTOs\TranscendenceEngineDto.cs(64,23): warning CS1591: Missing XML comment for publicly visible type or member 'QuantumAgentCoordinationRequestDto.OperationContext' [C:\Users\bsval\terrafusion_os_1.0\backend\src\TerraFusion.Consciousness\TerraFusion.Consciousness.csproj]
C:\Users\bsval\terrafusion_os_1.0\backend\src\TerraFusion.Consciousness\DTOs\TranscendenceEngineDto.cs(72,21): warning CS1591: Missing XML comment for publicly visible type or member 'QuantumAgentCoordinationResultDto.Success' [C:\Users\bsval\terrafusion_os_1.0\backend\src\TerraFusion.Consciousness\TerraFusion.Consciousness.csproj]
C:\Users\bsval\terrafusion_os_1.0\backend\src\TerraFusion.Consciousness\DTOs\TranscendenceEngineDto.cs(73,23): warning CS1591: Missing XML comment for publicly visible type or member 'QuantumAgentCoordinationResultDto.CoordinationId' [C:\Users\bsval\terrafusion_os_1.0\backend\src\TerraFusion.Consciousness\TerraFusion.Consciousness.csproj]
C:\Users\bsval\terrafusion_os_1.0\backend\src\TerraFusion.Consciousness\DTOs\TranscendenceEngineDto.cs(74,20): warning CS1591: Missing XML comment for publicly visible type or member 'QuantumAgentCoordinationResultDto.TotalAgentsCoordinated' [C:\Users\bsval\terrafusion_os_1.0\backend\src\TerraFusion.Consciousness\TerraFusion.Consciousness.csproj]
C:\Users\bsval\terrafusion_os_1.0\backend\src\TerraFusion.Consciousness\DTOs\TranscendenceEngineDto.cs(75,23): warning CS1591: Missing XML comment for publicly visible type or member 'QuantumAgentCoordinationResultDto.QuantumHarmonyScore' [C:\Users\bsval\terrafusion_os_1.0\backend\src\TerraFusion.Consciousness\TerraFusion.Consciousness.csproj]
C:\Users\bsval\terrafusion_os_1.0\backend\src\TerraFusion.Consciousness\DTOs\TranscendenceEngineDto.cs(76,24): warning CS1591: Missing XML comment for publicly visible type or member 'QuantumAgentCoordinationResultDto.ConsciousnessResonance' [C:\Users\bsval\terrafusion_os_1.0\backend\src\TerraFusion.Consciousness\TerraFusion.Consciousness.csproj]
C:\Users\bsval\terrafusion_os_1.0\backend\src\TerraFusion.Consciousness\DTOs\TranscendenceEngineDto.cs(77,25): warning CS1591: Missing XML comment for publicly visible type or member 'QuantumAgentCoordinationResultDto.CoordinationTime' [C:\Users\bsval\terrafusion_os_1.0\backend\src\TerraFusion.Consciousness\TerraFusion.Consciousness.csproj]
C:\Users\bsval\terrafusion_os_1.0\backend\src\TerraFusion.Consciousness\DTOs\TranscendenceEngineDto.cs(78,23): warning CS1591: Missing XML comment for publicly visible type or member 'QuantumAgentCoordinationResultDto.DeploymentStrategy' [C:\Users\bsval\terrafusion_os_1.0\backend\src\TerraFusion.Consciousness\TerraFusion.Consciousness.csproj]
C:\Users\bsval\terrafusion_os_1.0\backend\src\TerraFusion.Consciousness\DTOs\TranscendenceEngineDto.cs(79,21): warning CS1591: Missing XML comment for publicly visible type or member 'QuantumAgentCoordinationResultDto.PerfectHarmonyAchieved' [C:\Users\bsval\terrafusion_os_1.0\backend\src\TerraFusion.Consciousness\TerraFusion.Consciousness.csproj]
C:\Users\bsval\terrafusion_os_1.0\backend\src\TerraFusion.Consciousness\DTOs\TranscendenceEngineDto.cs(80,40): warning CS1591: Missing XML comment for publicly visible type or member 'QuantumAgentCoordinationResultDto.AgentDistribution' [C:\Users\bsval\terrafusion_os_1.0\backend\src\TerraFusion.Consciousness\TerraFusion.Consciousness.csproj]
C:\Users\bsval\terrafusion_os_1.0\backend\src\TerraFusion.Consciousness\DTOs\TranscendenceEngineDto.cs(81,43): warning CS1591: Missing XML comment for publicly visible type or member 'QuantumAgentCoordinationResultDto.TranscendenceMetrics' [C:\Users\bsval\terrafusion_os_1.0\backend\src\TerraFusion.Consciousness\TerraFusion.Consciousness.csproj]
C:\Users\bsval\terrafusion_os_1.0\backend\src\TerraFusion.Consciousness\DTOs\TranscendenceEngineDto.cs(82,24): warning CS1591: Missing XML comment for publicly visible type or member 'QuantumAgentCoordinationResultDto.ErrorMessage' [C:\Users\bsval\terrafusion_os_1.0\backend\src\TerraFusion.Consciousness\TerraFusion.Consciousness.csproj]
C:\Users\bsval\terrafusion_os_1.0\backend\src\TerraFusion.Consciousness\DTOs\TranscendenceEngineDto.cs(83,21): warning CS1591: Missing XML comment for publicly visible type or member 'QuantumAgentCoordinationResultDto.HealingTriggered' [C:\Users\bsval\terrafusion_os_1.0\backend\src\TerraFusion.Consciousness\TerraFusion.Consciousness.csproj]
C:\Users\bsval\terrafusion_os_1.0\backend\src\TerraFusion.Consciousness\DTOs\TranscendenceEngineDto.cs(84,24): warning CS1591: Missing XML comment for publicly visible type or member 'QuantumAgentCoordinationResultDto.HealingResults' [C:\Users\bsval\terrafusion_os_1.0\backend\src\TerraFusion.Consciousness\TerraFusion.Consciousness.csproj]
C:\Users\bsval\terrafusion_os_1.0\backend\src\TerraFusion.Consciousness\DTOs\TranscendenceEngineDto.cs(92,23): warning CS1591: Missing XML comment for publicly visible type or member 'ConsciousnessTranscendenceRequestDto.TargetTranscendenceLevel' [C:\Users\bsval\terrafusion_os_1.0\backend\src\TerraFusion.Consciousness\TerraFusion.Consciousness.csproj]
C:\Users\bsval\terrafusion_os_1.0\backend\src\TerraFusion.Consciousness\DTOs\TranscendenceEngineDto.cs(93,21): warning CS1591: Missing XML comment for publicly visible type or member 'ConsciousnessTranscendenceRequestDto.EnableInfiniteScalability' [C:\Users\bsval\terrafusion_os_1.0\backend\src\TerraFusion.Consciousness\TerraFusion.Consciousness.csproj]
C:\Users\bsval\terrafusion_os_1.0\backend\src\TerraFusion.Consciousness\DTOs\TranscendenceEngineDto.cs(94,20): warning CS1591: Missing XML comment for publicly visible type or member 'ConsciousnessTranscendenceRequestDto.QuantumFactorTarget' [C:\Users\bsval\terrafusion_os_1.0\backend\src\TerraFusion.Consciousness\TerraFusion.Consciousness.csproj]
C:\Users\bsval\terrafusion_os_1.0\backend\src\TerraFusion.Consciousness\DTOs\TranscendenceEngineDto.cs(95,24): warning CS1591: Missing XML comment for publicly visible type or member 'ConsciousnessTranscendenceRequestDto.AccuracyRequirement' [C:\Users\bsval\terrafusion_os_1.0\backend\src\TerraFusion.Consciousness\TerraFusion.Consciousness.csproj]
C:\Users\bsval\terrafusion_os_1.0\backend\src\TerraFusion.Consciousness\DTOs\TranscendenceEngineDto.cs(96,43): warning CS1591: Missing XML comment for publicly visible type or member 'ConsciousnessTranscendenceRequestDto.TranscendenceParameters' [C:\Users\bsval\terrafusion_os_1.0\backend\src\TerraFusion.Consciousness\TerraFusion.Consciousness.csproj]
C:\Users\bsval\terrafusion_os_1.0\backend\src\TerraFusion.Consciousness\DTOs\TranscendenceEngineDto.cs(104,21): warning CS1591: Missing XML comment for publicly visible type or member 'ConsciousnessTranscendenceResultDto.Success' [C:\Users\bsval\terrafusion_os_1.0\backend\src\TerraFusion.Consciousness\TerraFusion.Consciousness.csproj]
C:\Users\bsval\terrafusion_os_1.0\backend\src\TerraFusion.Consciousness\DTOs\TranscendenceEngineDto.cs(105,23): warning CS1591: Missing XML comment for publicly visible type or member 'ConsciousnessTranscendenceResultDto.TranscendenceId' [C:\Users\bsval\terrafusion_os_1.0\backend\src\TerraFusion.Consciousness\TerraFusion.Consciousness.csproj]
C:\Users\bsval\terrafusion_os_1.0\backend\src\TerraFusion.Consciousness\DTOs\TranscendenceEngineDto.cs(106,23): warning CS1591: Missing XML comment for publicly visible type or member 'ConsciousnessTranscendenceResultDto.ConsciousnessLevel' [C:\Users\bsval\terrafusion_os_1.0\backend\src\TerraFusion.Consciousness\TerraFusion.Consciousness.csproj]
C:\Users\bsval\terrafusion_os_1.0\backend\src\TerraFusion.Consciousness\DTOs\TranscendenceEngineDto.cs(107,24): warning CS1591: Missing XML comment for publicly visible type or member 'ConsciousnessTranscendenceResultDto.QuantumCoherence' [C:\Users\bsval\terrafusion_os_1.0\backend\src\TerraFusion.Consciousness\TerraFusion.Consciousness.csproj]
C:\Users\bsval\terrafusion_os_1.0\backend\src\TerraFusion.Consciousness\DTOs\TranscendenceEngineDto.cs(108,25): warning CS1591: Missing XML comment for publicly visible type or member 'ConsciousnessTranscendenceResultDto.TranscendenceTime' [C:\Users\bsval\terrafusion_os_1.0\backend\src\TerraFusion.Consciousness\TerraFusion.Consciousness.csproj]
C:\Users\bsval\terrafusion_os_1.0\backend\src\TerraFusion.Consciousness\DTOs\TranscendenceEngineDto.cs(109,29): warning CS1591: Missing XML comment for publicly visible type or member 'ConsciousnessTranscendenceResultDto.TranscendenceSteps' [C:\Users\bsval\terrafusion_os_1.0\backend\src\TerraFusion.Consciousness\TerraFusion.Consciousness.csproj]
C:\Users\bsval\terrafusion_os_1.0\backend\src\TerraFusion.Consciousness\DTOs\TranscendenceEngineDto.cs(110,21): warning CS1591: Missing XML comment for publicly visible type or member 'ConsciousnessTranscendenceResultDto.ChampionshipExcellenceAchieved' [C:\Users\bsval\terrafusion_os_1.0\backend\src\TerraFusion.Consciousness\TerraFusion.Consciousness.csproj]
C:\Users\bsval\terrafusion_os_1.0\backend\src\TerraFusion.Consciousness\DTOs\TranscendenceEngineDto.cs(111,21): warning CS1591: Missing XML comment for publicly visible type or member 'ConsciousnessTranscendenceResultDto.InfiniteScalabilityActivated' [C:\Users\bsval\terrafusion_os_1.0\backend\src\TerraFusion.Consciousness\TerraFusion.Consciousness.csproj]
C:\Users\bsval\terrafusion_os_1.0\backend\src\TerraFusion.Consciousness\DTOs\TranscendenceEngineDto.cs(112,23): warning CS1591: Missing XML comment for publicly visible type or member 'ConsciousnessTranscendenceResultDto.BrandTranscendenceMessage' [C:\Users\bsval\terrafusion_os_1.0\backend\src\TerraFusion.Consciousness\TerraFusion.Consciousness.csproj]
C:\Users\bsval\terrafusion_os_1.0\backend\src\TerraFusion.Consciousness\DTOs\TranscendenceEngineDto.cs(113,43): warning CS1591: Missing XML comment for publicly visible type or member 'ConsciousnessTranscendenceResultDto.TranscendenceMetrics' [C:\Users\bsval\terrafusion_os_1.0\backend\src\TerraFusion.Consciousness\TerraFusion.Consciousness.csproj]
C:\Users\bsval\terrafusion_os_1.0\backend\src\TerraFusion.Consciousness\DTOs\TranscendenceEngineDto.cs(114,24): warning CS1591: Missing XML comment for publicly visible type or member 'ConsciousnessTranscendenceResultDto.ErrorMessage' [C:\Users\bsval\terrafusion_os_1.0\backend\src\TerraFusion.Consciousness\TerraFusion.Consciousness.csproj]
C:\Users\bsval\terrafusion_os_1.0\backend\src\TerraFusion.Consciousness\DTOs\TranscendenceEngineDto.cs(115,29): warning CS1591: Missing XML comment for publicly visible type or member 'ConsciousnessTranscendenceResultDto.RequiredImprovements' [C:\Users\bsval\terrafusion_os_1.0\backend\src\TerraFusion.Consciousness\TerraFusion.Consciousness.csproj]
C:\Users\bsval\terrafusion_os_1.0\backend\src\TerraFusion.Consciousness\DTOs\TranscendenceEngineDto.cs(116,21): warning CS1591: Missing XML comment for publicly visible type or member 'ConsciousnessTranscendenceResultDto.HealingTriggered' [C:\Users\bsval\terrafusion_os_1.0\backend\src\TerraFusion.Consciousness\TerraFusion.Consciousness.csproj]
C:\Users\bsval\terrafusion_os_1.0\backend\src\TerraFusion.Consciousness\DTOs\TranscendenceEngineDto.cs(117,24): warning CS1591: Missing XML comment for publicly visible type or member 'ConsciousnessTranscendenceResultDto.HealingResults' [C:\Users\bsval\terrafusion_os_1.0\backend\src\TerraFusion.Consciousness\TerraFusion.Consciousness.csproj]
C:\Users\bsval\terrafusion_os_1.0\backend\src\TerraFusion.Consciousness\DTOs\TranscendenceEngineDto.cs(125,25): warning CS1591: Missing XML comment for publicly visible type or member 'TranscendenceMetricsDto.Timestamp' [C:\Users\bsval\terrafusion_os_1.0\backend\src\TerraFusion.Consciousness\TerraFusion.Consciousness.csproj]
C:\Users\bsval\terrafusion_os_1.0\backend\src\TerraFusion.Consciousness\DTOs\TranscendenceEngineDto.cs(126,23): warning CS1591: Missing XML comment for publicly visible type or member 'TranscendenceMetricsDto.ConsciousnessLevel' [C:\Users\bsval\terrafusion_os_1.0\backend\src\TerraFusion.Consciousness\TerraFusion.Consciousness.csproj]
C:\Users\bsval\terrafusion_os_1.0\backend\src\TerraFusion.Consciousness\DTOs\TranscendenceEngineDto.cs(127,20): warning CS1591: Missing XML comment for publicly visible type or member 'TranscendenceMetricsDto.QuantumFactor' [C:\Users\bsval\terrafusion_os_1.0\backend\src\TerraFusion.Consciousness\TerraFusion.Consciousness.csproj]
C:\Users\bsval\terrafusion_os_1.0\backend\src\TerraFusion.Consciousness\DTOs\TranscendenceEngineDto.cs(128,24): warning CS1591: Missing XML comment for publicly visible type or member 'TranscendenceMetricsDto.QuantumCoherence' [C:\Users\bsval\terrafusion_os_1.0\backend\src\TerraFusion.Consciousness\TerraFusion.Consciousness.csproj]
C:\Users\bsval\terrafusion_os_1.0\backend\src\TerraFusion.Consciousness\DTOs\TranscendenceEngineDto.cs(129,24): warning CS1591: Missing XML comment for publicly visible type or member 'TranscendenceMetricsDto.AccuracyTarget' [C:\Users\bsval\terrafusion_os_1.0\backend\src\TerraFusion.Consciousness\TerraFusion.Consciousness.csproj]
C:\Users\bsval\terrafusion_os_1.0\backend\src\TerraFusion.Consciousness\DTOs\TranscendenceEngineDto.cs(130,23): warning CS1591: Missing XML comment for publicly visible type or member 'TranscendenceMetricsDto.ConsciousnessResonance' [C:\Users\bsval\terrafusion_os_1.0\backend\src\TerraFusion.Consciousness\TerraFusion.Consciousness.csproj]
C:\Users\bsval\terrafusion_os_1.0\backend\src\TerraFusion.Consciousness\DTOs\TranscendenceEngineDto.cs(131,21): warning CS1591: Missing XML comment for publicly visible type or member 'TranscendenceMetricsDto.InfiniteScaleActive' [C:\Users\bsval\terrafusion_os_1.0\backend\src\TerraFusion.Consciousness\TerraFusion.Consciousness.csproj]
C:\Users\bsval\terrafusion_os_1.0\backend\src\TerraFusion.Consciousness\DTOs\TranscendenceEngineDto.cs(132,25): warning CS1591: Missing XML comment for publicly visible type or member 'TranscendenceMetricsDto.TranscendenceActivatedAt' [C:\Users\bsval\terrafusion_os_1.0\backend\src\TerraFusion.Consciousness\TerraFusion.Consciousness.csproj]
C:\Users\bsval\terrafusion_os_1.0\backend\src\TerraFusion.Consciousness\DTOs\TranscendenceEngineDto.cs(135,20): warning CS1591: Missing XML comment for publicly visible type or member 'TranscendenceMetricsDto.TotalActiveAgents' [C:\Users\bsval\terrafusion_os_1.0\backend\src\TerraFusion.Consciousness\TerraFusion.Consciousness.csproj]
C:\Users\bsval\terrafusion_os_1.0\backend\src\TerraFusion.Consciousness\DTOs\TranscendenceEngineDto.cs(136,23): warning CS1591: Missing XML comment for publicly visible type or member 'TranscendenceMetricsDto.SystemLoad' [C:\Users\bsval\terrafusion_os_1.0\backend\src\TerraFusion.Consciousness\TerraFusion.Consciousness.csproj]
C:\Users\bsval\terrafusion_os_1.0\backend\src\TerraFusion.Consciousness\DTOs\TranscendenceEngineDto.cs(137,23): warning CS1591: Missing XML comment for publicly visible type or member 'TranscendenceMetricsDto.MemoryUsage' [C:\Users\bsval\terrafusion_os_1.0\backend\src\TerraFusion.Consciousness\TerraFusion.Consciousness.csproj]
C:\Users\bsval\terrafusion_os_1.0\backend\src\TerraFusion.Consciousness\DTOs\TranscendenceEngineDto.cs(138,23): warning CS1591: Missing XML comment for publicly visible type or member 'TranscendenceMetricsDto.CPUUsage' [C:\Users\bsval\terrafusion_os_1.0\backend\src\TerraFusion.Consciousness\TerraFusion.Consciousness.csproj]
C:\Users\bsval\terrafusion_os_1.0\backend\src\TerraFusion.Consciousness\DTOs\TranscendenceEngineDto.cs(139,23): warning CS1591: Missing XML comment for publicly visible type or member 'TranscendenceMetricsDto.NetworkLatency' [C:\Users\bsval\terrafusion_os_1.0\backend\src\TerraFusion.Consciousness\TerraFusion.Consciousness.csproj]
C:\Users\bsval\terrafusion_os_1.0\backend\src\TerraFusion.Consciousness\DTOs\TranscendenceEngineDto.cs(140,20): warning CS1591: Missing XML comment for publicly visible type or member 'TranscendenceMetricsDto.ThroughputOpsPerSecond' [C:\Users\bsval\terrafusion_os_1.0\backend\src\TerraFusion.Consciousness\TerraFusion.Consciousness.csproj]
C:\Users\bsval\terrafusion_os_1.0\backend\src\TerraFusion.Consciousness\DTOs\TranscendenceEngineDto.cs(143,43): warning CS1591: Missing XML comment for publicly visible type or member 'TranscendenceMetricsDto.ChampionshipCompliance' [C:\Users\bsval\terrafusion_os_1.0\backend\src\TerraFusion.Consciousness\TerraFusion.Consciousness.csproj]
C:\Users\bsval\terrafusion_os_1.0\backend\src\TerraFusion.Consciousness\DTOs\TranscendenceEngineDto.cs(144,43): warning CS1591: Missing XML comment for publicly visible type or member 'TranscendenceMetricsDto.GovernmentExcellenceMetrics' [C:\Users\bsval\terrafusion_os_1.0\backend\src\TerraFusion.Consciousness\TerraFusion.Consciousness.csproj]
C:\Users\bsval\terrafusion_os_1.0\backend\src\TerraFusion.Consciousness\DTOs\TranscendenceEngineDto.cs(152,23): warning CS1591: Missing XML comment for publicly visible type or member 'MultiDimensionalAnalysisResultDto.PropertyId' [C:\Users\bsval\terrafusion_os_1.0\backend\src\TerraFusion.Consciousness\TerraFusion.Consciousness.csproj]
C:\Users\bsval\terrafusion_os_1.0\backend\src\TerraFusion.Consciousness\DTOs\TranscendenceEngineDto.cs(153,24): warning CS1591: Missing XML comment for publicly visible type or member 'MultiDimensionalAnalysisResultDto.MarketValue' [C:\Users\bsval\terrafusion_os_1.0\backend\src\TerraFusion.Consciousness\TerraFusion.Consciousness.csproj]
C:\Users\bsval\terrafusion_os_1.0\backend\src\TerraFusion.Consciousness\DTOs\TranscendenceEngineDto.cs(154,24): warning CS1591: Missing XML comment for publicly visible type or member 'MultiDimensionalAnalysisResultDto.QuantumValue' [C:\Users\bsval\terrafusion_os_1.0\backend\src\TerraFusion.Consciousness\TerraFusion.Consciousness.csproj]
C:\Users\bsval\terrafusion_os_1.0\backend\src\TerraFusion.Consciousness\DTOs\TranscendenceEngineDto.cs(155,44): warning CS1591: Missing XML comment for publicly visible type or member 'MultiDimensionalAnalysisResultDto.DimensionalData' [C:\Users\bsval\terrafusion_os_1.0\backend\src\TerraFusion.Consciousness\TerraFusion.Consciousness.csproj]
C:\Users\bsval\terrafusion_os_1.0\backend\src\TerraFusion.Consciousness\DTOs\TranscendenceEngineDto.cs(156,20): warning CS1591: Missing XML comment for publicly visible type or member 'MultiDimensionalAnalysisResultDto.AgentsParticipated' [C:\Users\bsval\terrafusion_os_1.0\backend\src\TerraFusion.Consciousness\TerraFusion.Consciousness.csproj]
C:\Users\bsval\terrafusion_os_1.0\backend\src\TerraFusion.Consciousness\DTOs\TranscendenceEngineDto.cs(157,23): warning CS1591: Missing XML comment for publicly visible type or member 'MultiDimensionalAnalysisResultDto.AnalysisComplexity' [C:\Users\bsval\terrafusion_os_1.0\backend\src\TerraFusion.Consciousness\TerraFusion.Consciousness.csproj]
C:\Users\bsval\terrafusion_os_1.0\backend\src\TerraFusion.Consciousness\DTOs\TranscendenceEngineDto.cs(165,24): warning CS1591: Missing XML comment for publicly visible type or member 'OptimizedAnalysisResultDto.MarketValue' [C:\Users\bsval\terrafusion_os_1.0\backend\src\TerraFusion.Consciousness\TerraFusion.Consciousness.csproj]
C:\Users\bsval\terrafusion_os_1.0\backend\src\TerraFusion.Consciousness\DTOs\TranscendenceEngineDto.cs(166,24): warning CS1591: Missing XML comment for publicly visible type or member 'OptimizedAnalysisResultDto.QuantumValue' [C:\Users\bsval\terrafusion_os_1.0\backend\src\TerraFusion.Consciousness\TerraFusion.Consciousness.csproj]
C:\Users\bsval\terrafusion_os_1.0\backend\src\TerraFusion.Consciousness\DTOs\TranscendenceEngineDto.cs(167,24): warning CS1591: Missing XML comment for publicly visible type or member 'OptimizedAnalysisResultDto.OptimizationFactor' [C:\Users\bsval\terrafusion_os_1.0\backend\src\TerraFusion.Consciousness\TerraFusion.Consciousness.csproj]
C:\Users\bsval\terrafusion_os_1.0\backend\src\TerraFusion.Consciousness\DTOs\TranscendenceEngineDto.cs(168,20): warning CS1591: Missing XML comment for publicly visible type or member 'OptimizedAnalysisResultDto.AgentsParticipated' [C:\Users\bsval\terrafusion_os_1.0\backend\src\TerraFusion.Consciousness\TerraFusion.Consciousness.csproj]
C:\Users\bsval\terrafusion_os_1.0\backend\src\TerraFusion.Consciousness\DTOs\TranscendenceEngineDto.cs(169,21): warning CS1591: Missing XML comment for publicly visible type or member 'OptimizedAnalysisResultDto.OptimizationApplied' [C:\Users\bsval\terrafusion_os_1.0\backend\src\TerraFusion.Consciousness\TerraFusion.Consciousness.csproj]
C:\Users\bsval\terrafusion_os_1.0\backend\src\TerraFusion.Consciousness\Extensions\ConsciousnessServiceExtensions.cs(118,16): warning CS1591: Missing XML comment for publicly visible type or member 'ConsciousnessCoordinationHostedService.ConsciousnessCoordinationHostedService(IServiceProvider, ILogger<ConsciousnessCoordinationHostedService>)' [C:\Users\bsval\terrafusion_os_1.0\backend\src\TerraFusion.Consciousness\TerraFusion.Consciousness.csproj]
C:\Users\bsval\terrafusion_os_1.0\backend\src\TerraFusion.Consciousness\Extensions\ConsciousnessServiceExtensions.cs(126,39): warning CS1591: Missing XML comment for publicly visible type or member 'ConsciousnessCoordinationHostedService.ExecuteAsync(CancellationToken)' [C:\Users\bsval\terrafusion_os_1.0\backend\src\TerraFusion.Consciousness\TerraFusion.Consciousness.csproj]
C:\Users\bsval\terrafusion_os_1.0\backend\src\TerraFusion.Consciousness\Extensions\ConsciousnessServiceExtensions.cs(162,16): warning CS1591: Missing XML comment for publicly visible type or member 'QuantumOptimizationHostedService.QuantumOptimizationHostedService(IServiceProvider, ILogger<QuantumOptimizationHostedService>)' [C:\Users\bsval\terrafusion_os_1.0\backend\src\TerraFusion.Consciousness\TerraFusion.Consciousness.csproj]
C:\Users\bsval\terrafusion_os_1.0\backend\src\TerraFusion.Consciousness\Extensions\ConsciousnessServiceExtensions.cs(170,39): warning CS1591: Missing XML comment for publicly visible type or member 'QuantumOptimizationHostedService.ExecuteAsync(CancellationToken)' [C:\Users\bsval\terrafusion_os_1.0\backend\src\TerraFusion.Consciousness\TerraFusion.Consciousness.csproj]
C:\Users\bsval\terrafusion_os_1.0\backend\src\TerraFusion.Consciousness\Extensions\ConsciousnessServiceExtensions.cs(211,16): warning CS1591: Missing XML comment for publicly visible type or member 'ChampionshipMetricsHostedService.ChampionshipMetricsHostedService(IServiceProvider, ILogger<ChampionshipMetricsHostedService>)' [C:\Users\bsval\terrafusion_os_1.0\backend\src\TerraFusion.Consciousness\TerraFusion.Consciousness.csproj]
C:\Users\bsval\terrafusion_os_1.0\backend\src\TerraFusion.Consciousness\Extensions\ConsciousnessServiceExtensions.cs(219,39): warning CS1591: Missing XML comment for publicly visible type or member 'ChampionshipMetricsHostedService.ExecuteAsync(CancellationToken)' [C:\Users\bsval\terrafusion_os_1.0\backend\src\TerraFusion.Consciousness\TerraFusion.Consciousness.csproj]
C:\Users\bsval\terrafusion_os_1.0\backend\src\TerraFusion.Consciousness\Extensions\ConsciousnessServiceExtensions.cs(259,16): warning CS1591: Missing XML comment for publicly visible type or member 'AutonomousHealingHostedService.AutonomousHealingHostedService(IServiceProvider, ILogger<AutonomousHealingHostedService>)' [C:\Users\bsval\terrafusion_os_1.0\backend\src\TerraFusion.Consciousness\TerraFusion.Consciousness.csproj]
C:\Users\bsval\terrafusion_os_1.0\backend\src\TerraFusion.Consciousness\Extensions\ConsciousnessServiceExtensions.cs(267,39): warning CS1591: Missing XML comment for publicly visible type or member 'AutonomousHealingHostedService.ExecuteAsync(CancellationToken)' [C:\Users\bsval\terrafusion_os_1.0\backend\src\TerraFusion.Consciousness\TerraFusion.Consciousness.csproj]
C:\Users\bsval\terrafusion_os_1.0\backend\src\TerraFusion.Consciousness\HealthChecks\ConsciousnessHealthChecks.cs(16,16): warning CS1591: Missing XML comment for publicly visible type or member 'ConsciousnessHealthCheck.ConsciousnessHealthCheck(IQuantumConsciousnessOrchestrator, ILogger<ConsciousnessHealthCheck>)' [C:\Users\bsval\terrafusion_os_1.0\backend\src\TerraFusion.Consciousness\TerraFusion.Consciousness.csproj]
C:\Users\bsval\terrafusion_os_1.0\backend\src\TerraFusion.Consciousness\HealthChecks\ConsciousnessHealthChecks.cs(24,46): warning CS1591: Missing XML comment for publicly visible type or member 'ConsciousnessHealthCheck.CheckHealthAsync(HealthCheckContext, CancellationToken)' [C:\Users\bsval\terrafusion_os_1.0\backend\src\TerraFusion.Consciousness\TerraFusion.Consciousness.csproj]
C:\Users\bsval\terrafusion_os_1.0\backend\src\TerraFusion.Consciousness\HealthChecks\ConsciousnessHealthChecks.cs(79,16): warning CS1591: Missing XML comment for publicly visible type or member 'QuantumFactorHealthCheck.QuantumFactorHealthCheck(IConfiguration, ILogger<QuantumFactorHealthCheck>)' [C:\Users\bsval\terrafusion_os_1.0\backend\src\TerraFusion.Consciousness\TerraFusion.Consciousness.csproj]
C:\Users\bsval\terrafusion_os_1.0\backend\src\TerraFusion.Consciousness\HealthChecks\ConsciousnessHealthChecks.cs(87,46): warning CS1591: Missing XML comment for publicly visible type or member 'QuantumFactorHealthCheck.CheckHealthAsync(HealthCheckContext, CancellationToken)' [C:\Users\bsval\terrafusion_os_1.0\backend\src\TerraFusion.Consciousness\TerraFusion.Consciousness.csproj]
C:\Users\bsval\terrafusion_os_1.0\backend\src\TerraFusion.Consciousness\HealthChecks\ConsciousnessHealthChecks.cs(138,16): warning CS1591: Missing XML comment for publicly visible type or member 'AgentCoordinationHealthCheck.AgentCoordinationHealthCheck(IQuantumConsciousnessOrchestrator, ILogger<AgentCoordinationHealthCheck>)' [C:\Users\bsval\terrafusion_os_1.0\backend\src\TerraFusion.Consciousness\TerraFusion.Consciousness.csproj]
C:\Users\bsval\terrafusion_os_1.0\backend\src\TerraFusion.Consciousness\HealthChecks\ConsciousnessHealthChecks.cs(146,46): warning CS1591: Missing XML comment for publicly visible type or member 'AgentCoordinationHealthCheck.CheckHealthAsync(HealthCheckContext, CancellationToken)' [C:\Users\bsval\terrafusion_os_1.0\backend\src\TerraFusion.Consciousness\TerraFusion.Consciousness.csproj]
C:\Users\bsval\terrafusion_os_1.0\backend\src\TerraFusion.Consciousness\HealthChecks\ConsciousnessHealthChecks.cs(235,16): warning CS1591: Missing XML comment for publicly visible type or member 'TranscendenceHealthCheck.TranscendenceHealthCheck(ITranscendenceEngine, ILogger<TranscendenceHealthCheck>)' [C:\Users\bsval\terrafusion_os_1.0\backend\src\TerraFusion.Consciousness\TerraFusion.Consciousness.csproj]
C:\Users\bsval\terrafusion_os_1.0\backend\src\TerraFusion.Consciousness\HealthChecks\ConsciousnessHealthChecks.cs(243,46): warning CS1591: Missing XML comment for publicly visible type or member 'TranscendenceHealthCheck.CheckHealthAsync(HealthCheckContext, CancellationToken)' [C:\Users\bsval\terrafusion_os_1.0\backend\src\TerraFusion.Consciousness\TerraFusion.Consciousness.csproj]
C:\Users\bsval\terrafusion_os_1.0\backend\src\TerraFusion.Consciousness\Hubs\AILayerMeshHub.cs(29,16): warning CS1591: Missing XML comment for publicly visible type or member 'AILayerMeshHub.AILayerMeshHub(ILogger<AILayerMeshHub>, IAILayerMeshOrchestrator, IMultiCountyDataService)' [C:\Users\bsval\terrafusion_os_1.0\backend\src\TerraFusion.Consciousness\TerraFusion.Consciousness.csproj]
C:\Users\bsval\terrafusion_os_1.0\backend\src\TerraFusion.Consciousness\Hubs\AILayerMeshHub.cs(41,36): warning CS1591: Missing XML comment for publicly visible type or member 'AILayerMeshHub.OnConnectedAsync()' [C:\Users\bsval\terrafusion_os_1.0\backend\src\TerraFusion.Consciousness\TerraFusion.Consciousness.csproj]
C:\Users\bsval\terrafusion_os_1.0\backend\src\TerraFusion.Consciousness\Hubs\AILayerMeshHub.cs(58,36): warning CS1591: Missing XML comment for publicly visible type or member 'AILayerMeshHub.OnDisconnectedAsync(Exception?)' [C:\Users\bsval\terrafusion_os_1.0\backend\src\TerraFusion.Consciousness\TerraFusion.Consciousness.csproj]
C:\Users\bsval\terrafusion_os_1.0\backend\src\TerraFusion.Consciousness\Hubs\AILayerMeshHub.cs(574,18): warning CS1591: Missing XML comment for publicly visible type or member 'MeshOperationUpdateDto' [C:\Users\bsval\terrafusion_os_1.0\backend\src\TerraFusion.Consciousness\TerraFusion.Consciousness.csproj]
C:\Users\bsval\terrafusion_os_1.0\backend\src\TerraFusion.Consciousness\Hubs\AILayerMeshHub.cs(576,32): warning CS1591: Missing XML comment for publicly visible type or member 'MeshOperationUpdateDto.OperationId' [C:\Users\bsval\terrafusion_os_1.0\backend\src\TerraFusion.Consciousness\TerraFusion.Consciousness.csproj]
C:\Users\bsval\terrafusion_os_1.0\backend\src\TerraFusion.Consciousness\Hubs\AILayerMeshHub.cs(577,32): warning CS1591: Missing XML comment for publicly visible type or member 'MeshOperationUpdateDto.OperationType' [C:\Users\bsval\terrafusion_os_1.0\backend\src\TerraFusion.Consciousness\TerraFusion.Consciousness.csproj]
C:\Users\bsval\terrafusion_os_1.0\backend\src\TerraFusion.Consciousness\Hubs\AILayerMeshHub.cs(578,32): warning CS1591: Missing XML comment for publicly visible type or member 'MeshOperationUpdateDto.Status' [C:\Users\bsval\terrafusion_os_1.0\backend\src\TerraFusion.Consciousness\TerraFusion.Consciousness.csproj]
C:\Users\bsval\terrafusion_os_1.0\backend\src\TerraFusion.Consciousness\Hubs\AILayerMeshHub.cs(579,24): warning CS1591: Missing XML comment for publicly visible type or member 'MeshOperationUpdateDto.CurrentLayer' [C:\Users\bsval\terrafusion_os_1.0\backend\src\TerraFusion.Consciousness\TerraFusion.Consciousness.csproj]
C:\Users\bsval\terrafusion_os_1.0\backend\src\TerraFusion.Consciousness\Hubs\AILayerMeshHub.cs(580,44): warning CS1591: Missing XML comment for publicly visible type or member 'MeshOperationUpdateDto.ValidationRingStatus' [C:\Users\bsval\terrafusion_os_1.0\backend\src\TerraFusion.Consciousness\TerraFusion.Consciousness.csproj]
C:\Users\bsval\terrafusion_os_1.0\backend\src\TerraFusion.Consciousness\Hubs\AILayerMeshHub.cs(581,44): warning CS1591: Missing XML comment for publicly visible type or member 'MeshOperationUpdateDto.PerformanceMetrics' [C:\Users\bsval\terrafusion_os_1.0\backend\src\TerraFusion.Consciousness\TerraFusion.Consciousness.csproj]
C:\Users\bsval\terrafusion_os_1.0\backend\src\TerraFusion.Consciousness\Hubs\AILayerMeshHub.cs(582,30): warning CS1591: Missing XML comment for publicly visible type or member 'MeshOperationUpdateDto.ParticipatingCounties' [C:\Users\bsval\terrafusion_os_1.0\backend\src\TerraFusion.Consciousness\TerraFusion.Consciousness.csproj]
C:\Users\bsval\terrafusion_os_1.0\backend\src\TerraFusion.Consciousness\Hubs\AILayerMeshHub.cs(585,18): warning CS1591: Missing XML comment for publicly visible type or member 'CountyFederationUpdateDto' [C:\Users\bsval\terrafusion_os_1.0\backend\src\TerraFusion.Consciousness\TerraFusion.Consciousness.csproj]
C:\Users\bsval\terrafusion_os_1.0\backend\src\TerraFusion.Consciousness\Hubs\AILayerMeshHub.cs(587,32): warning CS1591: Missing XML comment for publicly visible type or member 'CountyFederationUpdateDto.CountyNodeId' [C:\Users\bsval\terrafusion_os_1.0\backend\src\TerraFusion.Consciousness\TerraFusion.Consciousness.csproj]
C:\Users\bsval\terrafusion_os_1.0\backend\src\TerraFusion.Consciousness\Hubs\AILayerMeshHub.cs(588,32): warning CS1591: Missing XML comment for publicly visible type or member 'CountyFederationUpdateDto.CountyName' [C:\Users\bsval\terrafusion_os_1.0\backend\src\TerraFusion.Consciousness\TerraFusion.Consciousness.csproj]
C:\Users\bsval\terrafusion_os_1.0\backend\src\TerraFusion.Consciousness\Hubs\AILayerMeshHub.cs(589,32): warning CS1591: Missing XML comment for publicly visible type or member 'CountyFederationUpdateDto.StateName' [C:\Users\bsval\terrafusion_os_1.0\backend\src\TerraFusion.Consciousness\TerraFusion.Consciousness.csproj]
C:\Users\bsval\terrafusion_os_1.0\backend\src\TerraFusion.Consciousness\Hubs\AILayerMeshHub.cs(590,32): warning CS1591: Missing XML comment for publicly visible type or member 'CountyFederationUpdateDto.Action' [C:\Users\bsval\terrafusion_os_1.0\backend\src\TerraFusion.Consciousness\TerraFusion.Consciousness.csproj]
C:\Users\bsval\terrafusion_os_1.0\backend\src\TerraFusion.Consciousness\Hubs\AILayerMeshHub.cs(591,32): warning CS1591: Missing XML comment for publicly visible type or member 'CountyFederationUpdateDto.Status' [C:\Users\bsval\terrafusion_os_1.0\backend\src\TerraFusion.Consciousness\TerraFusion.Consciousness.csproj]
C:\Users\bsval\terrafusion_os_1.0\backend\src\TerraFusion.Consciousness\Hubs\AILayerMeshHub.cs(592,30): warning CS1591: Missing XML comment for publicly visible type or member 'CountyFederationUpdateDto.MeshCapabilities' [C:\Users\bsval\terrafusion_os_1.0\backend\src\TerraFusion.Consciousness\TerraFusion.Consciousness.csproj]
C:\Users\bsval\terrafusion_os_1.0\backend\src\TerraFusion.Consciousness\Hubs\AILayerMeshHub.cs(593,44): warning CS1591: Missing XML comment for publicly visible type or member 'CountyFederationUpdateDto.ConnectionMetrics' [C:\Users\bsval\terrafusion_os_1.0\backend\src\TerraFusion.Consciousness\TerraFusion.Consciousness.csproj]
C:\Users\bsval\terrafusion_os_1.0\backend\src\TerraFusion.Consciousness\Hubs\AILayerMeshHub.cs(596,18): warning CS1591: Missing XML comment for publicly visible type or member 'ValidationRingAlertDto' [C:\Users\bsval\terrafusion_os_1.0\backend\src\TerraFusion.Consciousness\TerraFusion.Consciousness.csproj]
C:\Users\bsval\terrafusion_os_1.0\backend\src\TerraFusion.Consciousness\Hubs\AILayerMeshHub.cs(598,32): warning CS1591: Missing XML comment for publicly visible type or member 'ValidationRingAlertDto.RingType' [C:\Users\bsval\terrafusion_os_1.0\backend\src\TerraFusion.Consciousness\TerraFusion.Consciousness.csproj]
C:\Users\bsval\terrafusion_os_1.0\backend\src\TerraFusion.Consciousness\Hubs\AILayerMeshHub.cs(599,32): warning CS1591: Missing XML comment for publicly visible type or member 'ValidationRingAlertDto.Severity' [C:\Users\bsval\terrafusion_os_1.0\backend\src\TerraFusion.Consciousness\TerraFusion.Consciousness.csproj]
C:\Users\bsval\terrafusion_os_1.0\backend\src\TerraFusion.Consciousness\Hubs\AILayerMeshHub.cs(600,32): warning CS1591: Missing XML comment for publicly visible type or member 'ValidationRingAlertDto.Message' [C:\Users\bsval\terrafusion_os_1.0\backend\src\TerraFusion.Consciousness\TerraFusion.Consciousness.csproj]
C:\Users\bsval\terrafusion_os_1.0\backend\src\TerraFusion.Consciousness\Hubs\AILayerMeshHub.cs(601,30): warning CS1591: Missing XML comment for publicly visible type or member 'ValidationRingAlertDto.AffectedOperations' [C:\Users\bsval\terrafusion_os_1.0\backend\src\TerraFusion.Consciousness\TerraFusion.Consciousness.csproj]
C:\Users\bsval\terrafusion_os_1.0\backend\src\TerraFusion.Consciousness\Hubs\AILayerMeshHub.cs(602,30): warning CS1591: Missing XML comment for publicly visible type or member 'ValidationRingAlertDto.RecommendedActions' [C:\Users\bsval\terrafusion_os_1.0\backend\src\TerraFusion.Consciousness\TerraFusion.Consciousness.csproj]
C:\Users\bsval\terrafusion_os_1.0\backend\src\TerraFusion.Consciousness\Hubs\AILayerMeshHub.cs(605,18): warning CS1591: Missing XML comment for publicly visible type or member 'PerformanceAlertDto' [C:\Users\bsval\terrafusion_os_1.0\backend\src\TerraFusion.Consciousness\TerraFusion.Consciousness.csproj]
C:\Users\bsval\terrafusion_os_1.0\backend\src\TerraFusion.Consciousness\Hubs\AILayerMeshHub.cs(607,32): warning CS1591: Missing XML comment for publicly visible type or member 'PerformanceAlertDto.MetricType' [C:\Users\bsval\terrafusion_os_1.0\backend\src\TerraFusion.Consciousness\TerraFusion.Consciousness.csproj]
C:\Users\bsval\terrafusion_os_1.0\backend\src\TerraFusion.Consciousness\Hubs\AILayerMeshHub.cs(608,33): warning CS1591: Missing XML comment for publicly visible type or member 'PerformanceAlertDto.CurrentValue' [C:\Users\bsval\terrafusion_os_1.0\backend\src\TerraFusion.Consciousness\TerraFusion.Consciousness.csproj]
C:\Users\bsval\terrafusion_os_1.0\backend\src\TerraFusion.Consciousness\Hubs\AILayerMeshHub.cs(609,33): warning CS1591: Missing XML comment for publicly visible type or member 'PerformanceAlertDto.ThresholdExceeded' [C:\Users\bsval\terrafusion_os_1.0\backend\src\TerraFusion.Consciousness\TerraFusion.Consciousness.csproj]
C:\Users\bsval\terrafusion_os_1.0\backend\src\TerraFusion.Consciousness\Hubs\AILayerMeshHub.cs(610,30): warning CS1591: Missing XML comment for publicly visible type or member 'PerformanceAlertDto.AffectedComponents' [C:\Users\bsval\terrafusion_os_1.0\backend\src\TerraFusion.Consciousness\TerraFusion.Consciousness.csproj]
C:\Users\bsval\terrafusion_os_1.0\backend\src\TerraFusion.Consciousness\Hubs\AILayerMeshHub.cs(611,30): warning CS1591: Missing XML comment for publicly visible type or member 'PerformanceAlertDto.OptimizationRecommendations' [C:\Users\bsval\terrafusion_os_1.0\backend\src\TerraFusion.Consciousness\TerraFusion.Consciousness.csproj]
C:\Users\bsval\terrafusion_os_1.0\backend\src\TerraFusion.Consciousness\Hubs\ConsciousnessHubs.cs(21,16): warning CS1591: Missing XML comment for publicly visible type or member 'ConsciousnessHub.ConsciousnessHub(ILogger<ConsciousnessHub>, IConsciousnessService, IAuditLogger)' [C:\Users\bsval\terrafusion_os_1.0\backend\src\TerraFusion.Consciousness\TerraFusion.Consciousness.csproj]
C:\Users\bsval\terrafusion_os_1.0\backend\src\TerraFusion.Consciousness\Hubs\ConsciousnessHubs.cs(259,16): warning CS1591: Missing XML comment for publicly visible type or member 'QuantumHub.QuantumHub(ILogger<QuantumHub>, QuantumConsciousnessOrchestrator, IAuditLogger)' [C:\Users\bsval\terrafusion_os_1.0\backend\src\TerraFusion.Consciousness\TerraFusion.Consciousness.csproj]
C:\Users\bsval\terrafusion_os_1.0\backend\src\TerraFusion.Consciousness\Hubs\ConsciousnessHubs.cs(425,18): warning CS1591: Missing XML comment for publicly visible type or member 'UserConnection' [C:\Users\bsval\terrafusion_os_1.0\backend\src\TerraFusion.Consciousness\TerraFusion.Consciousness.csproj]
C:\Users\bsval\terrafusion_os_1.0\backend\src\TerraFusion.Consciousness\Hubs\ConsciousnessHubs.cs(427,32): warning CS1591: Missing XML comment for publicly visible type or member 'UserConnection.ConnectionId' [C:\Users\bsval\terrafusion_os_1.0\backend\src\TerraFusion.Consciousness\TerraFusion.Consciousness.csproj]
C:\Users\bsval\terrafusion_os_1.0\backend\src\TerraFusion.Consciousness\Hubs\ConsciousnessHubs.cs(428,32): warning CS1591: Missing XML comment for publicly visible type or member 'UserConnection.UserId' [C:\Users\bsval\terrafusion_os_1.0\backend\src\TerraFusion.Consciousness\TerraFusion.Consciousness.csproj]
C:\Users\bsval\terrafusion_os_1.0\backend\src\TerraFusion.Consciousness\Hubs\ConsciousnessHubs.cs(429,34): warning CS1591: Missing XML comment for publicly visible type or member 'UserConnection.ConnectedAt' [C:\Users\bsval\terrafusion_os_1.0\backend\src\TerraFusion.Consciousness\TerraFusion.Consciousness.csproj]
C:\Users\bsval\terrafusion_os_1.0\backend\src\TerraFusion.Consciousness\Hubs\ConsciousnessHubs.cs(430,34): warning CS1591: Missing XML comment for publicly visible type or member 'UserConnection.LastActivity' [C:\Users\bsval\terrafusion_os_1.0\backend\src\TerraFusion.Consciousness\TerraFusion.Consciousness.csproj]
C:\Users\bsval\terrafusion_os_1.0\backend\src\TerraFusion.Consciousness\Hubs\ConsciousnessHubs.cs(433,18): warning CS1591: Missing XML comment for publicly visible type or member 'QuantumConnection' [C:\Users\bsval\terrafusion_os_1.0\backend\src\TerraFusion.Consciousness\TerraFusion.Consciousness.csproj]
C:\Users\bsval\terrafusion_os_1.0\backend\src\TerraFusion.Consciousness\Hubs\ConsciousnessHubs.cs(435,32): warning CS1591: Missing XML comment for publicly visible type or member 'QuantumConnection.ConnectionId' [C:\Users\bsval\terrafusion_os_1.0\backend\src\TerraFusion.Consciousness\TerraFusion.Consciousness.csproj]
C:\Users\bsval\terrafusion_os_1.0\backend\src\TerraFusion.Consciousness\Hubs\ConsciousnessHubs.cs(436,32): warning CS1591: Missing XML comment for publicly visible type or member 'QuantumConnection.UserId' [C:\Users\bsval\terrafusion_os_1.0\backend\src\TerraFusion.Consciousness\TerraFusion.Consciousness.csproj]
C:\Users\bsval\terrafusion_os_1.0\backend\src\TerraFusion.Consciousness\Hubs\ConsciousnessHubs.cs(437,34): warning CS1591: Missing XML comment for publicly visible type or member 'QuantumConnection.ConnectedAt' [C:\Users\bsval\terrafusion_os_1.0\backend\src\TerraFusion.Consciousness\TerraFusion.Consciousness.csproj]
C:\Users\bsval\terrafusion_os_1.0\backend\src\TerraFusion.Consciousness\Hubs\ConsciousnessHubs.cs(438,30): warning CS1591: Missing XML comment for publicly visible type or member 'QuantumConnection.QuantumEnabled' [C:\Users\bsval\terrafusion_os_1.0\backend\src\TerraFusion.Consciousness\TerraFusion.Consciousness.csproj]
C:\Users\bsval\terrafusion_os_1.0\backend\src\TerraFusion.Consciousness\Hubs\ConsciousnessHubs.cs(441,18): warning CS1591: Missing XML comment for publicly visible type or member 'SystemAlert' [C:\Users\bsval\terrafusion_os_1.0\backend\src\TerraFusion.Consciousness\TerraFusion.Consciousness.csproj]
C:\Users\bsval\terrafusion_os_1.0\backend\src\TerraFusion.Consciousness\Hubs\ConsciousnessHubs.cs(443,32): warning CS1591: Missing XML comment for publicly visible type or member 'SystemAlert.AlertType' [C:\Users\bsval\terrafusion_os_1.0\backend\src\TerraFusion.Consciousness\TerraFusion.Consciousness.csproj]
C:\Users\bsval\terrafusion_os_1.0\backend\src\TerraFusion.Consciousness\Hubs\ConsciousnessHubs.cs(444,32): warning CS1591: Missing XML comment for publicly visible type or member 'SystemAlert.Severity' [C:\Users\bsval\terrafusion_os_1.0\backend\src\TerraFusion.Consciousness\TerraFusion.Consciousness.csproj]
C:\Users\bsval\terrafusion_os_1.0\backend\src\TerraFusion.Consciousness\Hubs\ConsciousnessHubs.cs(445,32): warning CS1591: Missing XML comment for publicly visible type or member 'SystemAlert.Message' [C:\Users\bsval\terrafusion_os_1.0\backend\src\TerraFusion.Consciousness\TerraFusion.Consciousness.csproj]
C:\Users\bsval\terrafusion_os_1.0\backend\src\TerraFusion.Consciousness\Hubs\ConsciousnessHubs.cs(446,34): warning CS1591: Missing XML comment for publicly visible type or member 'SystemAlert.Timestamp' [C:\Users\bsval\terrafusion_os_1.0\backend\src\TerraFusion.Consciousness\TerraFusion.Consciousness.csproj]
C:\Users\bsval\terrafusion_os_1.0\backend\src\TerraFusion.Consciousness\Hubs\ConsciousnessHubs.cs(449,18): warning CS1591: Missing XML comment for publicly visible type or member 'SystemStatusDto' [C:\Users\bsval\terrafusion_os_1.0\backend\src\TerraFusion.Consciousness\TerraFusion.Consciousness.csproj]
C:\Users\bsval\terrafusion_os_1.0\backend\src\TerraFusion.Consciousness\Hubs\ConsciousnessHubs.cs(451,32): warning CS1591: Missing XML comment for publicly visible type or member 'SystemStatusDto.SystemHealth' [C:\Users\bsval\terrafusion_os_1.0\backend\src\TerraFusion.Consciousness\TerraFusion.Consciousness.csproj]
C:\Users\bsval\terrafusion_os_1.0\backend\src\TerraFusion.Consciousness\Hubs\ConsciousnessHubs.cs(452,30): warning CS1591: Missing XML comment for publicly visible type or member 'SystemStatusDto.IsOperational' [C:\Users\bsval\terrafusion_os_1.0\backend\src\TerraFusion.Consciousness\TerraFusion.Consciousness.csproj]
C:\Users\bsval\terrafusion_os_1.0\backend\src\TerraFusion.Consciousness\Hubs\ConsciousnessHubs.cs(453,29): warning CS1591: Missing XML comment for publicly visible type or member 'SystemStatusDto.ConnectedUsers' [C:\Users\bsval\terrafusion_os_1.0\backend\src\TerraFusion.Consciousness\TerraFusion.Consciousness.csproj]
C:\Users\bsval\terrafusion_os_1.0\backend\src\TerraFusion.Consciousness\Hubs\ConsciousnessHubs.cs(454,34): warning CS1591: Missing XML comment for publicly visible type or member 'SystemStatusDto.LastUpdate' [C:\Users\bsval\terrafusion_os_1.0\backend\src\TerraFusion.Consciousness\TerraFusion.Consciousness.csproj]
C:\Users\bsval\terrafusion_os_1.0\backend\src\TerraFusion.Consciousness\Hubs\ConsciousnessHubs.cs(455,38): warning CS1591: Missing XML comment for publicly visible type or member 'SystemStatusDto.SystemAlerts' [C:\Users\bsval\terrafusion_os_1.0\backend\src\TerraFusion.Consciousness\TerraFusion.Consciousness.csproj]
C:\Users\bsval\terrafusion_os_1.0\backend\src\TerraFusion.Consciousness\Hubs\ConsciousnessHubs.cs(458,18): warning CS1591: Missing XML comment for publicly visible type or member 'QuantumStatusDto' [C:\Users\bsval\terrafusion_os_1.0\backend\src\TerraFusion.Consciousness\TerraFusion.Consciousness.csproj]
C:\Users\bsval\terrafusion_os_1.0\backend\src\TerraFusion.Consciousness\Hubs\ConsciousnessHubs.cs(460,32): warning CS1591: Missing XML comment for publicly visible type or member 'QuantumStatusDto.QuantumHealth' [C:\Users\bsval\terrafusion_os_1.0\backend\src\TerraFusion.Consciousness\TerraFusion.Consciousness.csproj]
C:\Users\bsval\terrafusion_os_1.0\backend\src\TerraFusion.Consciousness\Hubs\ConsciousnessHubs.cs(461,30): warning CS1591: Missing XML comment for publicly visible type or member 'QuantumStatusDto.IsQuantumOperational' [C:\Users\bsval\terrafusion_os_1.0\backend\src\TerraFusion.Consciousness\TerraFusion.Consciousness.csproj]
C:\Users\bsval\terrafusion_os_1.0\backend\src\TerraFusion.Consciousness\Hubs\ConsciousnessHubs.cs(462,29): warning CS1591: Missing XML comment for publicly visible type or member 'QuantumStatusDto.ConnectedQuantumClients' [C:\Users\bsval\terrafusion_os_1.0\backend\src\TerraFusion.Consciousness\TerraFusion.Consciousness.csproj]
C:\Users\bsval\terrafusion_os_1.0\backend\src\TerraFusion.Consciousness\Hubs\ConsciousnessHubs.cs(463,34): warning CS1591: Missing XML comment for publicly visible type or member 'QuantumStatusDto.LastUpdate' [C:\Users\bsval\terrafusion_os_1.0\backend\src\TerraFusion.Consciousness\TerraFusion.Consciousness.csproj]
C:\Users\bsval\terrafusion_os_1.0\backend\src\TerraFusion.Consciousness\Hubs\ConsciousnessHubs.cs(464,32): warning CS1591: Missing XML comment for publicly visible type or member 'QuantumStatusDto.QuantumCoherence' [C:\Users\bsval\terrafusion_os_1.0\backend\src\TerraFusion.Consciousness\TerraFusion.Consciousness.csproj]
C:\Users\bsval\terrafusion_os_1.0\backend\src\TerraFusion.Consciousness\Hubs\QuantumConsciousnessHub.cs(18,16): warning CS1591: Missing XML comment for publicly visible type or member 'QuantumConsciousnessHub.QuantumConsciousnessHub(IQuantumConsciousnessOrchestrator, ILogger<QuantumConsciousnessHub>)' [C:\Users\bsval\terrafusion_os_1.0\backend\src\TerraFusion.Consciousness\TerraFusion.Consciousness.csproj]
C:\Users\bsval\terrafusion_os_1.0\backend\src\TerraFusion.Consciousness\Hubs\QuantumConsciousnessHub.cs(142,16): warning CS1591: Missing XML comment for publicly visible type or member 'ConsciousnessBroadcastService.ConsciousnessBroadcastService(IHubContext<QuantumConsciousnessHub>, IServiceProvider, ILogger<ConsciousnessBroadcastService>)' [C:\Users\bsval\terrafusion_os_1.0\backend\src\TerraFusion.Consciousness\TerraFusion.Consciousness.csproj]
C:\Users\bsval\terrafusion_os_1.0\backend\src\TerraFusion.Consciousness\Hubs\QuantumConsciousnessHub.cs(152,39): warning CS1591: Missing XML comment for publicly visible type or member 'ConsciousnessBroadcastService.ExecuteAsync(CancellationToken)' [C:\Users\bsval\terrafusion_os_1.0\backend\src\TerraFusion.Consciousness\TerraFusion.Consciousness.csproj]
C:\Users\bsval\terrafusion_os_1.0\backend\src\TerraFusion.Consciousness\Interfaces\IComplianceService.cs(55,18): warning CS1591: Missing XML comment for publicly visible type or member 'ComplianceValidationRequest' [C:\Users\bsval\terrafusion_os_1.0\backend\src\TerraFusion.Consciousness\TerraFusion.Consciousness.csproj]
C:\Users\bsval\terrafusion_os_1.0\backend\src\TerraFusion.Consciousness\Interfaces\IComplianceService.cs(57,23): warning CS1591: Missing XML comment for publicly visible type or member 'ComplianceValidationRequest.CountyId' [C:\Users\bsval\terrafusion_os_1.0\backend\src\TerraFusion.Consciousness\TerraFusion.Consciousness.csproj]
C:\Users\bsval\terrafusion_os_1.0\backend\src\TerraFusion.Consciousness\Interfaces\IComplianceService.cs(58,23): warning CS1591: Missing XML comment for publicly visible type or member 'ComplianceValidationRequest.EntityType' [C:\Users\bsval\terrafusion_os_1.0\backend\src\TerraFusion.Consciousness\TerraFusion.Consciousness.csproj]
C:\Users\bsval\terrafusion_os_1.0\backend\src\TerraFusion.Consciousness\Interfaces\IComplianceService.cs(59,23): warning CS1591: Missing XML comment for publicly visible type or member 'ComplianceValidationRequest.EntityId' [C:\Users\bsval\terrafusion_os_1.0\backend\src\TerraFusion.Consciousness\TerraFusion.Consciousness.csproj]
C:\Users\bsval\terrafusion_os_1.0\backend\src\TerraFusion.Consciousness\Interfaces\IComplianceService.cs(60,29): warning CS1591: Missing XML comment for publicly visible type or member 'ComplianceValidationRequest.ComplianceStandards' [C:\Users\bsval\terrafusion_os_1.0\backend\src\TerraFusion.Consciousness\TerraFusion.Consciousness.csproj]
C:\Users\bsval\terrafusion_os_1.0\backend\src\TerraFusion.Consciousness\Interfaces\IComplianceService.cs(61,43): warning CS1591: Missing XML comment for publicly visible type or member 'ComplianceValidationRequest.ValidationData' [C:\Users\bsval\terrafusion_os_1.0\backend\src\TerraFusion.Consciousness\TerraFusion.Consciousness.csproj]
C:\Users\bsval\terrafusion_os_1.0\backend\src\TerraFusion.Consciousness\Interfaces\IComplianceService.cs(68,18): warning CS1591: Missing XML comment for publicly visible type or member 'IAAOComplianceResult' [C:\Users\bsval\terrafusion_os_1.0\backend\src\TerraFusion.Consciousness\TerraFusion.Consciousness.csproj]
C:\Users\bsval\terrafusion_os_1.0\backend\src\TerraFusion.Consciousness\Interfaces\IComplianceService.cs(70,21): warning CS1591: Missing XML comment for publicly visible type or member 'IAAOComplianceResult.IsCompliant' [C:\Users\bsval\terrafusion_os_1.0\backend\src\TerraFusion.Consciousness\TerraFusion.Consciousness.csproj]
C:\Users\bsval\terrafusion_os_1.0\backend\src\TerraFusion.Consciousness\Interfaces\IComplianceService.cs(71,24): warning CS1591: Missing XML comment for publicly visible type or member 'IAAOComplianceResult.AccuracyPercentage' [C:\Users\bsval\terrafusion_os_1.0\backend\src\TerraFusion.Consciousness\TerraFusion.Consciousness.csproj]
C:\Users\bsval\terrafusion_os_1.0\backend\src\TerraFusion.Consciousness\Interfaces\IComplianceService.cs(72,24): warning CS1591: Missing XML comment for publicly visible type or member 'IAAOComplianceResult.MedianRatio' [C:\Users\bsval\terrafusion_os_1.0\backend\src\TerraFusion.Consciousness\TerraFusion.Consciousness.csproj]
C:\Users\bsval\terrafusion_os_1.0\backend\src\TerraFusion.Consciousness\Interfaces\IComplianceService.cs(73,24): warning CS1591: Missing XML comment for publicly visible type or member 'IAAOComplianceResult.CoefficientOfDispersion' [C:\Users\bsval\terrafusion_os_1.0\backend\src\TerraFusion.Consciousness\TerraFusion.Consciousness.csproj]
C:\Users\bsval\terrafusion_os_1.0\backend\src\TerraFusion.Consciousness\Interfaces\IComplianceService.cs(74,24): warning CS1591: Missing XML comment for publicly visible type or member 'IAAOComplianceResult.PriceRelatedDifferential' [C:\Users\bsval\terrafusion_os_1.0\backend\src\TerraFusion.Consciousness\TerraFusion.Consciousness.csproj]
C:\Users\bsval\terrafusion_os_1.0\backend\src\TerraFusion.Consciousness\Interfaces\IComplianceService.cs(75,29): warning CS1591: Missing XML comment for publicly visible type or member 'IAAOComplianceResult.ComplianceIssues' [C:\Users\bsval\terrafusion_os_1.0\backend\src\TerraFusion.Consciousness\TerraFusion.Consciousness.csproj]
C:\Users\bsval\terrafusion_os_1.0\backend\src\TerraFusion.Consciousness\Interfaces\IComplianceService.cs(76,23): warning CS1591: Missing XML comment for publicly visible type or member 'IAAOComplianceResult.CertificationLevel' [C:\Users\bsval\terrafusion_os_1.0\backend\src\TerraFusion.Consciousness\TerraFusion.Consciousness.csproj]
C:\Users\bsval\terrafusion_os_1.0\backend\src\TerraFusion.Consciousness\Interfaces\IComplianceService.cs(77,25): warning CS1591: Missing XML comment for publicly visible type or member 'IAAOComplianceResult.ValidationTimestamp' [C:\Users\bsval\terrafusion_os_1.0\backend\src\TerraFusion.Consciousness\TerraFusion.Consciousness.csproj]
C:\Users\bsval\terrafusion_os_1.0\backend\src\TerraFusion.Consciousness\Interfaces\IComplianceService.cs(80,18): warning CS1591: Missing XML comment for publicly visible type or member 'GovernmentComplianceResult' [C:\Users\bsval\terrafusion_os_1.0\backend\src\TerraFusion.Consciousness\TerraFusion.Consciousness.csproj]
C:\Users\bsval\terrafusion_os_1.0\backend\src\TerraFusion.Consciousness\Interfaces\IComplianceService.cs(82,21): warning CS1591: Missing XML comment for publicly visible type or member 'GovernmentComplianceResult.IsCompliant' [C:\Users\bsval\terrafusion_os_1.0\backend\src\TerraFusion.Consciousness\TerraFusion.Consciousness.csproj]
C:\Users\bsval\terrafusion_os_1.0\backend\src\TerraFusion.Consciousness\Interfaces\IComplianceService.cs(83,29): warning CS1591: Missing XML comment for publicly visible type or member 'GovernmentComplianceResult.ComplianceStandards' [C:\Users\bsval\terrafusion_os_1.0\backend\src\TerraFusion.Consciousness\TerraFusion.Consciousness.csproj]
C:\Users\bsval\terrafusion_os_1.0\backend\src\TerraFusion.Consciousness\Interfaces\IComplianceService.cs(84,41): warning CS1591: Missing XML comment for publicly visible type or member 'GovernmentComplianceResult.StandardsCompliance' [C:\Users\bsval\terrafusion_os_1.0\backend\src\TerraFusion.Consciousness\TerraFusion.Consciousness.csproj]
C:\Users\bsval\terrafusion_os_1.0\backend\src\TerraFusion.Consciousness\Interfaces\IComplianceService.cs(85,29): warning CS1591: Missing XML comment for publicly visible type or member 'GovernmentComplianceResult.Issues' [C:\Users\bsval\terrafusion_os_1.0\backend\src\TerraFusion.Consciousness\TerraFusion.Consciousness.csproj]
C:\Users\bsval\terrafusion_os_1.0\backend\src\TerraFusion.Consciousness\Interfaces\IComplianceService.cs(86,20): warning CS1591: Missing XML comment for publicly visible type or member 'GovernmentComplianceResult.ComplianceScore' [C:\Users\bsval\terrafusion_os_1.0\backend\src\TerraFusion.Consciousness\TerraFusion.Consciousness.csproj]
C:\Users\bsval\terrafusion_os_1.0\backend\src\TerraFusion.Consciousness\Interfaces\IComplianceService.cs(87,25): warning CS1591: Missing XML comment for publicly visible type or member 'GovernmentComplianceResult.ValidationTimestamp' [C:\Users\bsval\terrafusion_os_1.0\backend\src\TerraFusion.Consciousness\TerraFusion.Consciousness.csproj]
C:\Users\bsval\terrafusion_os_1.0\backend\src\TerraFusion.Consciousness\Interfaces\IComplianceService.cs(90,18): warning CS1591: Missing XML comment for publicly visible type or member 'ComplianceAuditRecord' [C:\Users\bsval\terrafusion_os_1.0\backend\src\TerraFusion.Consciousness\TerraFusion.Consciousness.csproj]
C:\Users\bsval\terrafusion_os_1.0\backend\src\TerraFusion.Consciousness\Interfaces\IComplianceService.cs(92,23): warning CS1591: Missing XML comment for publicly visible type or member 'ComplianceAuditRecord.RecordId' [C:\Users\bsval\terrafusion_os_1.0\backend\src\TerraFusion.Consciousness\TerraFusion.Consciousness.csproj]
C:\Users\bsval\terrafusion_os_1.0\backend\src\TerraFusion.Consciousness\Interfaces\IComplianceService.cs(93,23): warning CS1591: Missing XML comment for publicly visible type or member 'ComplianceAuditRecord.CountyId' [C:\Users\bsval\terrafusion_os_1.0\backend\src\TerraFusion.Consciousness\TerraFusion.Consciousness.csproj]
C:\Users\bsval\terrafusion_os_1.0\backend\src\TerraFusion.Consciousness\Interfaces\IComplianceService.cs(94,23): warning CS1591: Missing XML comment for publicly visible type or member 'ComplianceAuditRecord.EntityType' [C:\Users\bsval\terrafusion_os_1.0\backend\src\TerraFusion.Consciousness\TerraFusion.Consciousness.csproj]
C:\Users\bsval\terrafusion_os_1.0\backend\src\TerraFusion.Consciousness\Interfaces\IComplianceService.cs(95,23): warning CS1591: Missing XML comment for publicly visible type or member 'ComplianceAuditRecord.EntityId' [C:\Users\bsval\terrafusion_os_1.0\backend\src\TerraFusion.Consciousness\TerraFusion.Consciousness.csproj]
C:\Users\bsval\terrafusion_os_1.0\backend\src\TerraFusion.Consciousness\Interfaces\IComplianceService.cs(96,23): warning CS1591: Missing XML comment for publicly visible type or member 'ComplianceAuditRecord.ComplianceStandard' [C:\Users\bsval\terrafusion_os_1.0\backend\src\TerraFusion.Consciousness\TerraFusion.Consciousness.csproj]
C:\Users\bsval\terrafusion_os_1.0\backend\src\TerraFusion.Consciousness\Interfaces\IComplianceService.cs(97,21): warning CS1591: Missing XML comment for publicly visible type or member 'ComplianceAuditRecord.IsCompliant' [C:\Users\bsval\terrafusion_os_1.0\backend\src\TerraFusion.Consciousness\TerraFusion.Consciousness.csproj]
C:\Users\bsval\terrafusion_os_1.0\backend\src\TerraFusion.Consciousness\Interfaces\IComplianceService.cs(98,23): warning CS1591: Missing XML comment for publicly visible type or member 'ComplianceAuditRecord.AuditDetails' [C:\Users\bsval\terrafusion_os_1.0\backend\src\TerraFusion.Consciousness\TerraFusion.Consciousness.csproj]
C:\Users\bsval\terrafusion_os_1.0\backend\src\TerraFusion.Consciousness\Interfaces\IComplianceService.cs(99,25): warning CS1591: Missing XML comment for publicly visible type or member 'ComplianceAuditRecord.Timestamp' [C:\Users\bsval\terrafusion_os_1.0\backend\src\TerraFusion.Consciousness\TerraFusion.Consciousness.csproj]
C:\Users\bsval\terrafusion_os_1.0\backend\src\TerraFusion.Consciousness\Interfaces\IComplianceService.cs(102,18): warning CS1591: Missing XML comment for publicly visible type or member 'ComplianceDashboardMetrics' [C:\Users\bsval\terrafusion_os_1.0\backend\src\TerraFusion.Consciousness\TerraFusion.Consciousness.csproj]
C:\Users\bsval\terrafusion_os_1.0\backend\src\TerraFusion.Consciousness\Interfaces\IComplianceService.cs(104,23): warning CS1591: Missing XML comment for publicly visible type or member 'ComplianceDashboardMetrics.CountyId' [C:\Users\bsval\terrafusion_os_1.0\backend\src\TerraFusion.Consciousness\TerraFusion.Consciousness.csproj]
C:\Users\bsval\terrafusion_os_1.0\backend\src\TerraFusion.Consciousness\Interfaces\IComplianceService.cs(105,24): warning CS1591: Missing XML comment for publicly visible type or member 'ComplianceDashboardMetrics.OverallComplianceRate' [C:\Users\bsval\terrafusion_os_1.0\backend\src\TerraFusion.Consciousness\TerraFusion.Consciousness.csproj]
C:\Users\bsval\terrafusion_os_1.0\backend\src\TerraFusion.Consciousness\Interfaces\IComplianceService.cs(106,20): warning CS1591: Missing XML comment for publicly visible type or member 'ComplianceDashboardMetrics.TotalValidations' [C:\Users\bsval\terrafusion_os_1.0\backend\src\TerraFusion.Consciousness\TerraFusion.Consciousness.csproj]
C:\Users\bsval\terrafusion_os_1.0\backend\src\TerraFusion.Consciousness\Interfaces\IComplianceService.cs(107,20): warning CS1591: Missing XML comment for publicly visible type or member 'ComplianceDashboardMetrics.ComplianceIssues' [C:\Users\bsval\terrafusion_os_1.0\backend\src\TerraFusion.Consciousness\TerraFusion.Consciousness.csproj]
C:\Users\bsval\terrafusion_os_1.0\backend\src\TerraFusion.Consciousness\Interfaces\IComplianceService.cs(108,44): warning CS1591: Missing XML comment for publicly visible type or member 'ComplianceDashboardMetrics.StandardsCompliance' [C:\Users\bsval\terrafusion_os_1.0\backend\src\TerraFusion.Consciousness\TerraFusion.Consciousness.csproj]
C:\Users\bsval\terrafusion_os_1.0\backend\src\TerraFusion.Consciousness\Interfaces\IComplianceService.cs(109,25): warning CS1591: Missing XML comment for publicly visible type or member 'ComplianceDashboardMetrics.LastUpdate' [C:\Users\bsval\terrafusion_os_1.0\backend\src\TerraFusion.Consciousness\TerraFusion.Consciousness.csproj]
C:\Users\bsval\terrafusion_os_1.0\backend\src\TerraFusion.Consciousness\Interfaces\IConsciousnessEngine.cs(67,18): warning CS1591: Missing XML comment for publicly visible type or member 'SwarmCoordinationRequest' [C:\Users\bsval\terrafusion_os_1.0\backend\src\TerraFusion.Consciousness\TerraFusion.Consciousness.csproj]
C:\Users\bsval\terrafusion_os_1.0\backend\src\TerraFusion.Consciousness\Interfaces\IConsciousnessEngine.cs(69,23): warning CS1591: Missing XML comment for publicly visible type or member 'SwarmCoordinationRequest.TaskId' [C:\Users\bsval\terrafusion_os_1.0\backend\src\TerraFusion.Consciousness\TerraFusion.Consciousness.csproj]
C:\Users\bsval\terrafusion_os_1.0\backend\src\TerraFusion.Consciousness\Interfaces\IConsciousnessEngine.cs(70,23): warning CS1591: Missing XML comment for publicly visible type or member 'SwarmCoordinationRequest.CountyId' [C:\Users\bsval\terrafusion_os_1.0\backend\src\TerraFusion.Consciousness\TerraFusion.Consciousness.csproj]
C:\Users\bsval\terrafusion_os_1.0\backend\src\TerraFusion.Consciousness\Interfaces\IConsciousnessEngine.cs(71,23): warning CS1591: Missing XML comment for publicly visible type or member 'SwarmCoordinationRequest.TaskType' [C:\Users\bsval\terrafusion_os_1.0\backend\src\TerraFusion.Consciousness\TerraFusion.Consciousness.csproj]
C:\Users\bsval\terrafusion_os_1.0\backend\src\TerraFusion.Consciousness\Interfaces\IConsciousnessEngine.cs(72,20): warning CS1591: Missing XML comment for publicly visible type or member 'SwarmCoordinationRequest.AgentCount' [C:\Users\bsval\terrafusion_os_1.0\backend\src\TerraFusion.Consciousness\TerraFusion.Consciousness.csproj]
C:\Users\bsval\terrafusion_os_1.0\backend\src\TerraFusion.Consciousness\Interfaces\IConsciousnessEngine.cs(73,43): warning CS1591: Missing XML comment for publicly visible type or member 'SwarmCoordinationRequest.Parameters' [C:\Users\bsval\terrafusion_os_1.0\backend\src\TerraFusion.Consciousness\TerraFusion.Consciousness.csproj]
C:\Users\bsval\terrafusion_os_1.0\backend\src\TerraFusion.Consciousness\Interfaces\IConsciousnessEngine.cs(74,21): warning CS1591: Missing XML comment for publicly visible type or member 'SwarmCoordinationRequest.EnableQuantumOptimization' [C:\Users\bsval\terrafusion_os_1.0\backend\src\TerraFusion.Consciousness\TerraFusion.Consciousness.csproj]
C:\Users\bsval\terrafusion_os_1.0\backend\src\TerraFusion.Consciousness\Interfaces\IConsciousnessEngine.cs(77,18): warning CS1591: Missing XML comment for publicly visible type or member 'QuantumOptimizationRequest' [C:\Users\bsval\terrafusion_os_1.0\backend\src\TerraFusion.Consciousness\TerraFusion.Consciousness.csproj]
C:\Users\bsval\terrafusion_os_1.0\backend\src\TerraFusion.Consciousness\Interfaces\IConsciousnessEngine.cs(79,23): warning CS1591: Missing XML comment for publicly visible type or member 'QuantumOptimizationRequest.TaskId' [C:\Users\bsval\terrafusion_os_1.0\backend\src\TerraFusion.Consciousness\TerraFusion.Consciousness.csproj]
C:\Users\bsval\terrafusion_os_1.0\backend\src\TerraFusion.Consciousness\Interfaces\IConsciousnessEngine.cs(80,23): warning CS1591: Missing XML comment for publicly visible type or member 'QuantumOptimizationRequest.OptimizationType' [C:\Users\bsval\terrafusion_os_1.0\backend\src\TerraFusion.Consciousness\TerraFusion.Consciousness.csproj]
C:\Users\bsval\terrafusion_os_1.0\backend\src\TerraFusion.Consciousness\Interfaces\IConsciousnessEngine.cs(81,43): warning CS1591: Missing XML comment for publicly visible type or member 'QuantumOptimizationRequest.Parameters' [C:\Users\bsval\terrafusion_os_1.0\backend\src\TerraFusion.Consciousness\TerraFusion.Consciousness.csproj]
C:\Users\bsval\terrafusion_os_1.0\backend\src\TerraFusion.Consciousness\Interfaces\IConsciousnessEngine.cs(82,20): warning CS1591: Missing XML comment for publicly visible type or member 'QuantumOptimizationRequest.QuantumFactor' [C:\Users\bsval\terrafusion_os_1.0\backend\src\TerraFusion.Consciousness\TerraFusion.Consciousness.csproj]
C:\Users\bsval\terrafusion_os_1.0\backend\src\TerraFusion.Consciousness\Interfaces\IConsciousnessEngine.cs(89,18): warning CS1591: Missing XML comment for publicly visible type or member 'SwarmStatus' [C:\Users\bsval\terrafusion_os_1.0\backend\src\TerraFusion.Consciousness\TerraFusion.Consciousness.csproj]
C:\Users\bsval\terrafusion_os_1.0\backend\src\TerraFusion.Consciousness\Interfaces\IConsciousnessEngine.cs(91,20): warning CS1591: Missing XML comment for publicly visible type or member 'SwarmStatus.TotalAgents' [C:\Users\bsval\terrafusion_os_1.0\backend\src\TerraFusion.Consciousness\TerraFusion.Consciousness.csproj]
C:\Users\bsval\terrafusion_os_1.0\backend\src\TerraFusion.Consciousness\Interfaces\IConsciousnessEngine.cs(92,20): warning CS1591: Missing XML comment for publicly visible type or member 'SwarmStatus.ActiveAgents' [C:\Users\bsval\terrafusion_os_1.0\backend\src\TerraFusion.Consciousness\TerraFusion.Consciousness.csproj]
C:\Users\bsval\terrafusion_os_1.0\backend\src\TerraFusion.Consciousness\Interfaces\IConsciousnessEngine.cs(93,23): warning CS1591: Missing XML comment for publicly visible type or member 'SwarmStatus.CountyId' [C:\Users\bsval\terrafusion_os_1.0\backend\src\TerraFusion.Consciousness\TerraFusion.Consciousness.csproj]
C:\Users\bsval\terrafusion_os_1.0\backend\src\TerraFusion.Consciousness\Interfaces\IConsciousnessEngine.cs(94,23): warning CS1591: Missing XML comment for publicly visible type or member 'SwarmStatus.CoordinationMode' [C:\Users\bsval\terrafusion_os_1.0\backend\src\TerraFusion.Consciousness\TerraFusion.Consciousness.csproj]
C:\Users\bsval\terrafusion_os_1.0\backend\src\TerraFusion.Consciousness\Interfaces\IConsciousnessEngine.cs(95,24): warning CS1591: Missing XML comment for publicly visible type or member 'SwarmStatus.HealthScore' [C:\Users\bsval\terrafusion_os_1.0\backend\src\TerraFusion.Consciousness\TerraFusion.Consciousness.csproj]
C:\Users\bsval\terrafusion_os_1.0\backend\src\TerraFusion.Consciousness\Interfaces\IConsciousnessEngine.cs(96,25): warning CS1591: Missing XML comment for publicly visible type or member 'SwarmStatus.Timestamp' [C:\Users\bsval\terrafusion_os_1.0\backend\src\TerraFusion.Consciousness\TerraFusion.Consciousness.csproj]
C:\Users\bsval\terrafusion_os_1.0\backend\src\TerraFusion.Consciousness\Interfaces\IConsciousnessEngine.cs(99,18): warning CS1591: Missing XML comment for publicly visible type or member 'QuantumOptimizationResult' [C:\Users\bsval\terrafusion_os_1.0\backend\src\TerraFusion.Consciousness\TerraFusion.Consciousness.csproj]
C:\Users\bsval\terrafusion_os_1.0\backend\src\TerraFusion.Consciousness\Interfaces\IConsciousnessEngine.cs(101,21): warning CS1591: Missing XML comment for publicly visible type or member 'QuantumOptimizationResult.Success' [C:\Users\bsval\terrafusion_os_1.0\backend\src\TerraFusion.Consciousness\TerraFusion.Consciousness.csproj]
C:\Users\bsval\terrafusion_os_1.0\backend\src\TerraFusion.Consciousness\Interfaces\IConsciousnessEngine.cs(102,20): warning CS1591: Missing XML comment for publicly visible type or member 'QuantumOptimizationResult.QuantumFactor' [C:\Users\bsval\terrafusion_os_1.0\backend\src\TerraFusion.Consciousness\TerraFusion.Consciousness.csproj]
C:\Users\bsval\terrafusion_os_1.0\backend\src\TerraFusion.Consciousness\Interfaces\IConsciousnessEngine.cs(103,24): warning CS1591: Missing XML comment for publicly visible type or member 'QuantumOptimizationResult.OptimizationScore' [C:\Users\bsval\terrafusion_os_1.0\backend\src\TerraFusion.Consciousness\TerraFusion.Consciousness.csproj]
C:\Users\bsval\terrafusion_os_1.0\backend\src\TerraFusion.Consciousness\Interfaces\IConsciousnessEngine.cs(104,43): warning CS1591: Missing XML comment for publicly visible type or member 'QuantumOptimizationResult.Results' [C:\Users\bsval\terrafusion_os_1.0\backend\src\TerraFusion.Consciousness\TerraFusion.Consciousness.csproj]
C:\Users\bsval\terrafusion_os_1.0\backend\src\TerraFusion.Consciousness\Interfaces\IConsciousnessEngine.cs(105,25): warning CS1591: Missing XML comment for publicly visible type or member 'QuantumOptimizationResult.Duration' [C:\Users\bsval\terrafusion_os_1.0\backend\src\TerraFusion.Consciousness\TerraFusion.Consciousness.csproj]
C:\Users\bsval\terrafusion_os_1.0\backend\src\TerraFusion.Consciousness\Interfaces\IConsciousnessEngine.cs(108,18): warning CS1591: Missing XML comment for publicly visible type or member 'ConsciousnessHealthMetrics' [C:\Users\bsval\terrafusion_os_1.0\backend\src\TerraFusion.Consciousness\TerraFusion.Consciousness.csproj]
C:\Users\bsval\terrafusion_os_1.0\backend\src\TerraFusion.Consciousness\Interfaces\IConsciousnessEngine.cs(110,24): warning CS1591: Missing XML comment for publicly visible type or member 'ConsciousnessHealthMetrics.OverallHealth' [C:\Users\bsval\terrafusion_os_1.0\backend\src\TerraFusion.Consciousness\TerraFusion.Consciousness.csproj]
C:\Users\bsval\terrafusion_os_1.0\backend\src\TerraFusion.Consciousness\Interfaces\IConsciousnessEngine.cs(111,25): warning CS1591: Missing XML comment for publicly visible type or member 'ConsciousnessHealthMetrics.AverageResponseTime' [C:\Users\bsval\terrafusion_os_1.0\backend\src\TerraFusion.Consciousness\TerraFusion.Consciousness.csproj]
C:\Users\bsval\terrafusion_os_1.0\backend\src\TerraFusion.Consciousness\Interfaces\IConsciousnessEngine.cs(112,20): warning CS1591: Missing XML comment for publicly visible type or member 'ConsciousnessHealthMetrics.CoordinationCount' [C:\Users\bsval\terrafusion_os_1.0\backend\src\TerraFusion.Consciousness\TerraFusion.Consciousness.csproj]
C:\Users\bsval\terrafusion_os_1.0\backend\src\TerraFusion.Consciousness\Interfaces\IConsciousnessEngine.cs(113,24): warning CS1591: Missing XML comment for publicly visible type or member 'ConsciousnessHealthMetrics.CoordinationSuccessRate' [C:\Users\bsval\terrafusion_os_1.0\backend\src\TerraFusion.Consciousness\TerraFusion.Consciousness.csproj]
C:\Users\bsval\terrafusion_os_1.0\backend\src\TerraFusion.Consciousness\Interfaces\IConsciousnessEngine.cs(114,25): warning CS1591: Missing XML comment for publicly visible type or member 'ConsciousnessHealthMetrics.LastUpdate' [C:\Users\bsval\terrafusion_os_1.0\backend\src\TerraFusion.Consciousness\TerraFusion.Consciousness.csproj]
C:\Users\bsval\terrafusion_os_1.0\backend\src\TerraFusion.Consciousness\Interfaces\IConsciousnessEngine.cs(117,18): warning CS1591: Missing XML comment for publicly visible type or member 'SwarmHealthStatus' [C:\Users\bsval\terrafusion_os_1.0\backend\src\TerraFusion.Consciousness\TerraFusion.Consciousness.csproj]
C:\Users\bsval\terrafusion_os_1.0\backend\src\TerraFusion.Consciousness\Interfaces\IConsciousnessEngine.cs(119,20): warning CS1591: Missing XML comment for publicly visible type or member 'SwarmHealthStatus.ActiveAgents' [C:\Users\bsval\terrafusion_os_1.0\backend\src\TerraFusion.Consciousness\TerraFusion.Consciousness.csproj]
C:\Users\bsval\terrafusion_os_1.0\backend\src\TerraFusion.Consciousness\Interfaces\IConsciousnessEngine.cs(120,23): warning CS1591: Missing XML comment for publicly visible type or member 'SwarmHealthStatus.ActivityLevel' [C:\Users\bsval\terrafusion_os_1.0\backend\src\TerraFusion.Consciousness\TerraFusion.Consciousness.csproj]
C:\Users\bsval\terrafusion_os_1.0\backend\src\TerraFusion.Consciousness\Interfaces\IConsciousnessEngine.cs(121,23): warning CS1591: Missing XML comment for publicly visible type or member 'SwarmHealthStatus.AvgResponseTimeMs' [C:\Users\bsval\terrafusion_os_1.0\backend\src\TerraFusion.Consciousness\TerraFusion.Consciousness.csproj]
C:\Users\bsval\terrafusion_os_1.0\backend\src\TerraFusion.Consciousness\Interfaces\IConsciousnessEngine.cs(122,23): warning CS1591: Missing XML comment for publicly visible type or member 'SwarmHealthStatus.AccuracyScore' [C:\Users\bsval\terrafusion_os_1.0\backend\src\TerraFusion.Consciousness\TerraFusion.Consciousness.csproj]
C:\Users\bsval\terrafusion_os_1.0\backend\src\TerraFusion.Consciousness\Interfaces\IConsciousnessEngine.cs(123,23): warning CS1591: Missing XML comment for publicly visible type or member 'SwarmHealthStatus.ConsciousnessLevel' [C:\Users\bsval\terrafusion_os_1.0\backend\src\TerraFusion.Consciousness\TerraFusion.Consciousness.csproj]
C:\Users\bsval\terrafusion_os_1.0\backend\src\TerraFusion.Consciousness\Interfaces\IConsciousnessService.cs(50,18): warning CS1591: Missing XML comment for publicly visible type or member 'ConsciousnessInitializationResult' [C:\Users\bsval\terrafusion_os_1.0\backend\src\TerraFusion.Consciousness\TerraFusion.Consciousness.csproj]
C:\Users\bsval\terrafusion_os_1.0\backend\src\TerraFusion.Consciousness\Interfaces\IConsciousnessService.cs(52,30): warning CS1591: Missing XML comment for publicly visible type or member 'ConsciousnessInitializationResult.Success' [C:\Users\bsval\terrafusion_os_1.0\backend\src\TerraFusion.Consciousness\TerraFusion.Consciousness.csproj]
C:\Users\bsval\terrafusion_os_1.0\backend\src\TerraFusion.Consciousness\Interfaces\IConsciousnessService.cs(53,32): warning CS1591: Missing XML comment for publicly visible type or member 'ConsciousnessInitializationResult.SystemId' [C:\Users\bsval\terrafusion_os_1.0\backend\src\TerraFusion.Consciousness\TerraFusion.Consciousness.csproj]
C:\Users\bsval\terrafusion_os_1.0\backend\src\TerraFusion.Consciousness\Interfaces\IConsciousnessService.cs(54,34): warning CS1591: Missing XML comment for publicly visible type or member 'ConsciousnessInitializationResult.InitializationTime' [C:\Users\bsval\terrafusion_os_1.0\backend\src\TerraFusion.Consciousness\TerraFusion.Consciousness.csproj]
C:\Users\bsval\terrafusion_os_1.0\backend\src\TerraFusion.Consciousness\Interfaces\IConsciousnessService.cs(55,52): warning CS1591: Missing XML comment for publicly visible type or member 'ConsciousnessInitializationResult.SystemMetrics' [C:\Users\bsval\terrafusion_os_1.0\backend\src\TerraFusion.Consciousness\TerraFusion.Consciousness.csproj]
C:\Users\bsval\terrafusion_os_1.0\backend\src\TerraFusion.Consciousness\Interfaces\IConsciousnessService.cs(56,24): warning CS1591: Missing XML comment for publicly visible type or member 'ConsciousnessInitializationResult.ErrorMessage' [C:\Users\bsval\terrafusion_os_1.0\backend\src\TerraFusion.Consciousness\TerraFusion.Consciousness.csproj]
C:\Users\bsval\terrafusion_os_1.0\backend\src\TerraFusion.Consciousness\Interfaces\IConsciousnessService.cs(59,18): warning CS1591: Missing XML comment for publicly visible type or member 'ConsciousnessOperationRequest' [C:\Users\bsval\terrafusion_os_1.0\backend\src\TerraFusion.Consciousness\TerraFusion.Consciousness.csproj]
C:\Users\bsval\terrafusion_os_1.0\backend\src\TerraFusion.Consciousness\Interfaces\IConsciousnessService.cs(61,32): warning CS1591: Missing XML comment for publicly visible type or member 'ConsciousnessOperationRequest.OperationId' [C:\Users\bsval\terrafusion_os_1.0\backend\src\TerraFusion.Consciousness\TerraFusion.Consciousness.csproj]
C:\Users\bsval\terrafusion_os_1.0\backend\src\TerraFusion.Consciousness\Interfaces\IConsciousnessService.cs(62,32): warning CS1591: Missing XML comment for publicly visible type or member 'ConsciousnessOperationRequest.OperationType' [C:\Users\bsval\terrafusion_os_1.0\backend\src\TerraFusion.Consciousness\TerraFusion.Consciousness.csproj]
C:\Users\bsval\terrafusion_os_1.0\backend\src\TerraFusion.Consciousness\Interfaces\IConsciousnessService.cs(63,52): warning CS1591: Missing XML comment for publicly visible type or member 'ConsciousnessOperationRequest.Parameters' [C:\Users\bsval\terrafusion_os_1.0\backend\src\TerraFusion.Consciousness\TerraFusion.Consciousness.csproj]
C:\Users\bsval\terrafusion_os_1.0\backend\src\TerraFusion.Consciousness\Interfaces\IConsciousnessService.cs(64,29): warning CS1591: Missing XML comment for publicly visible type or member 'ConsciousnessOperationRequest.Priority' [C:\Users\bsval\terrafusion_os_1.0\backend\src\TerraFusion.Consciousness\TerraFusion.Consciousness.csproj]
C:\Users\bsval\terrafusion_os_1.0\backend\src\TerraFusion.Consciousness\Interfaces\IConsciousnessService.cs(65,26): warning CS1591: Missing XML comment for publicly visible type or member 'ConsciousnessOperationRequest.ScheduledTime' [C:\Users\bsval\terrafusion_os_1.0\backend\src\TerraFusion.Consciousness\TerraFusion.Consciousness.csproj]
C:\Users\bsval\terrafusion_os_1.0\backend\src\TerraFusion.Consciousness\Interfaces\IConsciousnessService.cs(68,18): warning CS1591: Missing XML comment for publicly visible type or member 'ConsciousnessOperationResult' [C:\Users\bsval\terrafusion_os_1.0\backend\src\TerraFusion.Consciousness\TerraFusion.Consciousness.csproj]
C:\Users\bsval\terrafusion_os_1.0\backend\src\TerraFusion.Consciousness\Interfaces\IConsciousnessService.cs(70,30): warning CS1591: Missing XML comment for publicly visible type or member 'ConsciousnessOperationResult.Success' [C:\Users\bsval\terrafusion_os_1.0\backend\src\TerraFusion.Consciousness\TerraFusion.Consciousness.csproj]
C:\Users\bsval\terrafusion_os_1.0\backend\src\TerraFusion.Consciousness\Interfaces\IConsciousnessService.cs(71,32): warning CS1591: Missing XML comment for publicly visible type or member 'ConsciousnessOperationResult.OperationId' [C:\Users\bsval\terrafusion_os_1.0\backend\src\TerraFusion.Consciousness\TerraFusion.Consciousness.csproj]
C:\Users\bsval\terrafusion_os_1.0\backend\src\TerraFusion.Consciousness\Interfaces\IConsciousnessService.cs(72,52): warning CS1591: Missing XML comment for publicly visible type or member 'ConsciousnessOperationResult.Results' [C:\Users\bsval\terrafusion_os_1.0\backend\src\TerraFusion.Consciousness\TerraFusion.Consciousness.csproj]
C:\Users\bsval\terrafusion_os_1.0\backend\src\TerraFusion.Consciousness\Interfaces\IConsciousnessService.cs(73,34): warning CS1591: Missing XML comment for publicly visible type or member 'ConsciousnessOperationResult.ProcessingTime' [C:\Users\bsval\terrafusion_os_1.0\backend\src\TerraFusion.Consciousness\TerraFusion.Consciousness.csproj]
C:\Users\bsval\terrafusion_os_1.0\backend\src\TerraFusion.Consciousness\Interfaces\IConsciousnessService.cs(74,24): warning CS1591: Missing XML comment for publicly visible type or member 'ConsciousnessOperationResult.ErrorMessage' [C:\Users\bsval\terrafusion_os_1.0\backend\src\TerraFusion.Consciousness\TerraFusion.Consciousness.csproj]
C:\Users\bsval\terrafusion_os_1.0\backend\src\TerraFusion.Consciousness\Interfaces\IConsciousnessService.cs(77,18): warning CS1591: Missing XML comment for publicly visible type or member 'ConsciousnessHealthDto' [C:\Users\bsval\terrafusion_os_1.0\backend\src\TerraFusion.Consciousness\TerraFusion.Consciousness.csproj]
C:\Users\bsval\terrafusion_os_1.0\backend\src\TerraFusion.Consciousness\Interfaces\IConsciousnessService.cs(79,32): warning CS1591: Missing XML comment for publicly visible type or member 'ConsciousnessHealthDto.OverallHealth' [C:\Users\bsval\terrafusion_os_1.0\backend\src\TerraFusion.Consciousness\TerraFusion.Consciousness.csproj]
C:\Users\bsval\terrafusion_os_1.0\backend\src\TerraFusion.Consciousness\Interfaces\IConsciousnessService.cs(80,52): warning CS1591: Missing XML comment for publicly visible type or member 'ConsciousnessHealthDto.ComponentHealth' [C:\Users\bsval\terrafusion_os_1.0\backend\src\TerraFusion.Consciousness\TerraFusion.Consciousness.csproj]
C:\Users\bsval\terrafusion_os_1.0\backend\src\TerraFusion.Consciousness\Interfaces\IConsciousnessService.cs(81,38): warning CS1591: Missing XML comment for publicly visible type or member 'ConsciousnessHealthDto.SystemAlerts' [C:\Users\bsval\terrafusion_os_1.0\backend\src\TerraFusion.Consciousness\TerraFusion.Consciousness.csproj]
C:\Users\bsval\terrafusion_os_1.0\backend\src\TerraFusion.Consciousness\Interfaces\IConsciousnessService.cs(82,34): warning CS1591: Missing XML comment for publicly visible type or member 'ConsciousnessHealthDto.LastHealthCheck' [C:\Users\bsval\terrafusion_os_1.0\backend\src\TerraFusion.Consciousness\TerraFusion.Consciousness.csproj]
C:\Users\bsval\terrafusion_os_1.0\backend\src\TerraFusion.Consciousness\Interfaces\IConsciousnessService.cs(83,30): warning CS1591: Missing XML comment for publicly visible type or member 'ConsciousnessHealthDto.IsOperational' [C:\Users\bsval\terrafusion_os_1.0\backend\src\TerraFusion.Consciousness\TerraFusion.Consciousness.csproj]
C:\Users\bsval\terrafusion_os_1.0\backend\src\TerraFusion.Consciousness\Interfaces\IConsciousnessService.cs(86,18): warning CS1591: Missing XML comment for publicly visible type or member 'LayerOrchestrationRequest' [C:\Users\bsval\terrafusion_os_1.0\backend\src\TerraFusion.Consciousness\TerraFusion.Consciousness.csproj]
C:\Users\bsval\terrafusion_os_1.0\backend\src\TerraFusion.Consciousness\Interfaces\IConsciousnessService.cs(88,32): warning CS1591: Missing XML comment for publicly visible type or member 'LayerOrchestrationRequest.RequestId' [C:\Users\bsval\terrafusion_os_1.0\backend\src\TerraFusion.Consciousness\TerraFusion.Consciousness.csproj]
C:\Users\bsval\terrafusion_os_1.0\backend\src\TerraFusion.Consciousness\Interfaces\IConsciousnessService.cs(89,38): warning CS1591: Missing XML comment for publicly visible type or member 'LayerOrchestrationRequest.TargetLayers' [C:\Users\bsval\terrafusion_os_1.0\backend\src\TerraFusion.Consciousness\TerraFusion.Consciousness.csproj]
C:\Users\bsval\terrafusion_os_1.0\backend\src\TerraFusion.Consciousness\Interfaces\IConsciousnessService.cs(90,52): warning CS1591: Missing XML comment for publicly visible type or member 'LayerOrchestrationRequest.InputData' [C:\Users\bsval\terrafusion_os_1.0\backend\src\TerraFusion.Consciousness\TerraFusion.Consciousness.csproj]
C:\Users\bsval\terrafusion_os_1.0\backend\src\TerraFusion.Consciousness\Interfaces\IConsciousnessService.cs(91,30): warning CS1591: Missing XML comment for publicly visible type or member 'LayerOrchestrationRequest.RequireConsensus' [C:\Users\bsval\terrafusion_os_1.0\backend\src\TerraFusion.Consciousness\TerraFusion.Consciousness.csproj]
C:\Users\bsval\terrafusion_os_1.0\backend\src\TerraFusion.Consciousness\Interfaces\IConsciousnessService.cs(94,18): warning CS1591: Missing XML comment for publicly visible type or member 'LayerOrchestrationResult' [C:\Users\bsval\terrafusion_os_1.0\backend\src\TerraFusion.Consciousness\TerraFusion.Consciousness.csproj]
C:\Users\bsval\terrafusion_os_1.0\backend\src\TerraFusion.Consciousness\Interfaces\IConsciousnessService.cs(96,30): warning CS1591: Missing XML comment for publicly visible type or member 'LayerOrchestrationResult.Success' [C:\Users\bsval\terrafusion_os_1.0\backend\src\TerraFusion.Consciousness\TerraFusion.Consciousness.csproj]
C:\Users\bsval\terrafusion_os_1.0\backend\src\TerraFusion.Consciousness\Interfaces\IConsciousnessService.cs(97,32): warning CS1591: Missing XML comment for publicly visible type or member 'LayerOrchestrationResult.RequestId' [C:\Users\bsval\terrafusion_os_1.0\backend\src\TerraFusion.Consciousness\TerraFusion.Consciousness.csproj]
C:\Users\bsval\terrafusion_os_1.0\backend\src\TerraFusion.Consciousness\Interfaces\IConsciousnessService.cs(98,52): warning CS1591: Missing XML comment for publicly visible type or member 'LayerOrchestrationResult.LayerResults' [C:\Users\bsval\terrafusion_os_1.0\backend\src\TerraFusion.Consciousness\TerraFusion.Consciousness.csproj]
C:\Users\bsval\terrafusion_os_1.0\backend\src\TerraFusion.Consciousness\Interfaces\IConsciousnessService.cs(99,30): warning CS1591: Missing XML comment for publicly visible type or member 'LayerOrchestrationResult.ConsensusAchieved' [C:\Users\bsval\terrafusion_os_1.0\backend\src\TerraFusion.Consciousness\TerraFusion.Consciousness.csproj]
C:\Users\bsval\terrafusion_os_1.0\backend\src\TerraFusion.Consciousness\Interfaces\IConsciousnessService.cs(100,24): warning CS1591: Missing XML comment for publicly visible type or member 'LayerOrchestrationResult.ErrorMessage' [C:\Users\bsval\terrafusion_os_1.0\backend\src\TerraFusion.Consciousness\TerraFusion.Consciousness.csproj]
C:\Users\bsval\terrafusion_os_1.0\backend\src\TerraFusion.Consciousness\Interfaces\IConsciousnessService.cs(103,18): warning CS1591: Missing XML comment for publicly visible type or member 'ScalingRequest' [C:\Users\bsval\terrafusion_os_1.0\backend\src\TerraFusion.Consciousness\TerraFusion.Consciousness.csproj]
C:\Users\bsval\terrafusion_os_1.0\backend\src\TerraFusion.Consciousness\Interfaces\IConsciousnessService.cs(105,32): warning CS1591: Missing XML comment for publicly visible type or member 'ScalingRequest.ScalingType' [C:\Users\bsval\terrafusion_os_1.0\backend\src\TerraFusion.Consciousness\TerraFusion.Consciousness.csproj]
C:\Users\bsval\terrafusion_os_1.0\backend\src\TerraFusion.Consciousness\Interfaces\IConsciousnessService.cs(106,29): warning CS1591: Missing XML comment for publicly visible type or member 'ScalingRequest.TargetCapacity' [C:\Users\bsval\terrafusion_os_1.0\backend\src\TerraFusion.Consciousness\TerraFusion.Consciousness.csproj]
C:\Users\bsval\terrafusion_os_1.0\backend\src\TerraFusion.Consciousness\Interfaces\IConsciousnessService.cs(107,52): warning CS1591: Missing XML comment for publicly visible type or member 'ScalingRequest.ScalingParameters' [C:\Users\bsval\terrafusion_os_1.0\backend\src\TerraFusion.Consciousness\TerraFusion.Consciousness.csproj]
C:\Users\bsval\terrafusion_os_1.0\backend\src\TerraFusion.Consciousness\Interfaces\IConsciousnessService.cs(110,18): warning CS1591: Missing XML comment for publicly visible type or member 'ScalingResult' [C:\Users\bsval\terrafusion_os_1.0\backend\src\TerraFusion.Consciousness\TerraFusion.Consciousness.csproj]
C:\Users\bsval\terrafusion_os_1.0\backend\src\TerraFusion.Consciousness\Interfaces\IConsciousnessService.cs(112,30): warning CS1591: Missing XML comment for publicly visible type or member 'ScalingResult.Success' [C:\Users\bsval\terrafusion_os_1.0\backend\src\TerraFusion.Consciousness\TerraFusion.Consciousness.csproj]
C:\Users\bsval\terrafusion_os_1.0\backend\src\TerraFusion.Consciousness\Interfaces\IConsciousnessService.cs(113,32): warning CS1591: Missing XML comment for publicly visible type or member 'ScalingResult.ScalingType' [C:\Users\bsval\terrafusion_os_1.0\backend\src\TerraFusion.Consciousness\TerraFusion.Consciousness.csproj]
C:\Users\bsval\terrafusion_os_1.0\backend\src\TerraFusion.Consciousness\Interfaces\IConsciousnessService.cs(114,29): warning CS1591: Missing XML comment for publicly visible type or member 'ScalingResult.CurrentCapacity' [C:\Users\bsval\terrafusion_os_1.0\backend\src\TerraFusion.Consciousness\TerraFusion.Consciousness.csproj]
C:\Users\bsval\terrafusion_os_1.0\backend\src\TerraFusion.Consciousness\Interfaces\IConsciousnessService.cs(115,34): warning CS1591: Missing XML comment for publicly visible type or member 'ScalingResult.ScalingTime' [C:\Users\bsval\terrafusion_os_1.0\backend\src\TerraFusion.Consciousness\TerraFusion.Consciousness.csproj]
C:\Users\bsval\terrafusion_os_1.0\backend\src\TerraFusion.Consciousness\Interfaces\IConsciousnessService.cs(116,24): warning CS1591: Missing XML comment for publicly visible type or member 'ScalingResult.ErrorMessage' [C:\Users\bsval\terrafusion_os_1.0\backend\src\TerraFusion.Consciousness\TerraFusion.Consciousness.csproj]
C:\Users\bsval\terrafusion_os_1.0\backend\src\TerraFusion.Consciousness\Interfaces\IConsciousnessService.cs(119,18): warning CS1591: Missing XML comment for publicly visible type or member 'ConsciousnessValidationResult' [C:\Users\bsval\terrafusion_os_1.0\backend\src\TerraFusion.Consciousness\TerraFusion.Consciousness.csproj]
C:\Users\bsval\terrafusion_os_1.0\backend\src\TerraFusion.Consciousness\Interfaces\IConsciousnessService.cs(121,30): warning CS1591: Missing XML comment for publicly visible type or member 'ConsciousnessValidationResult.IsValid' [C:\Users\bsval\terrafusion_os_1.0\backend\src\TerraFusion.Consciousness\TerraFusion.Consciousness.csproj]
C:\Users\bsval\terrafusion_os_1.0\backend\src\TerraFusion.Consciousness\Interfaces\IConsciousnessService.cs(122,50): warning CS1591: Missing XML comment for publicly visible type or member 'ConsciousnessValidationResult.ComponentValidations' [C:\Users\bsval\terrafusion_os_1.0\backend\src\TerraFusion.Consciousness\TerraFusion.Consciousness.csproj]
C:\Users\bsval\terrafusion_os_1.0\backend\src\TerraFusion.Consciousness\Interfaces\IConsciousnessService.cs(123,38): warning CS1591: Missing XML comment for publicly visible type or member 'ConsciousnessValidationResult.ValidationMessages' [C:\Users\bsval\terrafusion_os_1.0\backend\src\TerraFusion.Consciousness\TerraFusion.Consciousness.csproj]
C:\Users\bsval\terrafusion_os_1.0\backend\src\TerraFusion.Consciousness\Interfaces\IConsciousnessService.cs(124,32): warning CS1591: Missing XML comment for publicly visible type or member 'ConsciousnessValidationResult.ComplianceScore' [C:\Users\bsval\terrafusion_os_1.0\backend\src\TerraFusion.Consciousness\TerraFusion.Consciousness.csproj]
C:\Users\bsval\terrafusion_os_1.0\backend\src\TerraFusion.Consciousness\Interfaces\IPropertyValuationService.cs(53,18): warning CS1591: Missing XML comment for publicly visible type or member 'PropertyValuationRequest' [C:\Users\bsval\terrafusion_os_1.0\backend\src\TerraFusion.Consciousness\TerraFusion.Consciousness.csproj]
C:\Users\bsval\terrafusion_os_1.0\backend\src\TerraFusion.Consciousness\Interfaces\IPropertyValuationService.cs(55,23): warning CS1591: Missing XML comment for publicly visible type or member 'PropertyValuationRequest.ParcelId' [C:\Users\bsval\terrafusion_os_1.0\backend\src\TerraFusion.Consciousness\TerraFusion.Consciousness.csproj]
C:\Users\bsval\terrafusion_os_1.0\backend\src\TerraFusion.Consciousness\Interfaces\IPropertyValuationService.cs(56,23): warning CS1591: Missing XML comment for publicly visible type or member 'PropertyValuationRequest.CountyId' [C:\Users\bsval\terrafusion_os_1.0\backend\src\TerraFusion.Consciousness\TerraFusion.Consciousness.csproj]
C:\Users\bsval\terrafusion_os_1.0\backend\src\TerraFusion.Consciousness\Interfaces\IPropertyValuationService.cs(57,23): warning CS1591: Missing XML comment for publicly visible type or member 'PropertyValuationRequest.PropertyType' [C:\Users\bsval\terrafusion_os_1.0\backend\src\TerraFusion.Consciousness\TerraFusion.Consciousness.csproj]
C:\Users\bsval\terrafusion_os_1.0\backend\src\TerraFusion.Consciousness\Interfaces\IPropertyValuationService.cs(58,24): warning CS1591: Missing XML comment for publicly visible type or member 'PropertyValuationRequest.SquareFootage' [C:\Users\bsval\terrafusion_os_1.0\backend\src\TerraFusion.Consciousness\TerraFusion.Consciousness.csproj]
C:\Users\bsval\terrafusion_os_1.0\backend\src\TerraFusion.Consciousness\Interfaces\IPropertyValuationService.cs(59,20): warning CS1591: Missing XML comment for publicly visible type or member 'PropertyValuationRequest.YearBuilt' [C:\Users\bsval\terrafusion_os_1.0\backend\src\TerraFusion.Consciousness\TerraFusion.Consciousness.csproj]
C:\Users\bsval\terrafusion_os_1.0\backend\src\TerraFusion.Consciousness\Interfaces\IPropertyValuationService.cs(60,23): warning CS1591: Missing XML comment for publicly visible type or member 'PropertyValuationRequest.Quality' [C:\Users\bsval\terrafusion_os_1.0\backend\src\TerraFusion.Consciousness\TerraFusion.Consciousness.csproj]
C:\Users\bsval\terrafusion_os_1.0\backend\src\TerraFusion.Consciousness\Interfaces\IPropertyValuationService.cs(61,23): warning CS1591: Missing XML comment for publicly visible type or member 'PropertyValuationRequest.Condition' [C:\Users\bsval\terrafusion_os_1.0\backend\src\TerraFusion.Consciousness\TerraFusion.Consciousness.csproj]
C:\Users\bsval\terrafusion_os_1.0\backend\src\TerraFusion.Consciousness\Interfaces\IPropertyValuationService.cs(62,21): warning CS1591: Missing XML comment for publicly visible type or member 'PropertyValuationRequest.EnableAIEnhancement' [C:\Users\bsval\terrafusion_os_1.0\backend\src\TerraFusion.Consciousness\TerraFusion.Consciousness.csproj]
C:\Users\bsval\terrafusion_os_1.0\backend\src\TerraFusion.Consciousness\Interfaces\IPropertyValuationService.cs(63,20): warning CS1591: Missing XML comment for publicly visible type or member 'PropertyValuationRequest.AISwarmSize' [C:\Users\bsval\terrafusion_os_1.0\backend\src\TerraFusion.Consciousness\TerraFusion.Consciousness.csproj]
C:\Users\bsval\terrafusion_os_1.0\backend\src\TerraFusion.Consciousness\Interfaces\IPropertyValuationService.cs(70,18): warning CS1591: Missing XML comment for publicly visible type or member 'PropertyValuationResult' [C:\Users\bsval\terrafusion_os_1.0\backend\src\TerraFusion.Consciousness\TerraFusion.Consciousness.csproj]
C:\Users\bsval\terrafusion_os_1.0\backend\src\TerraFusion.Consciousness\Interfaces\IPropertyValuationService.cs(72,23): warning CS1591: Missing XML comment for publicly visible type or member 'PropertyValuationResult.ValuationId' [C:\Users\bsval\terrafusion_os_1.0\backend\src\TerraFusion.Consciousness\TerraFusion.Consciousness.csproj]
C:\Users\bsval\terrafusion_os_1.0\backend\src\TerraFusion.Consciousness\Interfaces\IPropertyValuationService.cs(73,23): warning CS1591: Missing XML comment for publicly visible type or member 'PropertyValuationResult.ParcelId' [C:\Users\bsval\terrafusion_os_1.0\backend\src\TerraFusion.Consciousness\TerraFusion.Consciousness.csproj]
C:\Users\bsval\terrafusion_os_1.0\backend\src\TerraFusion.Consciousness\Interfaces\IPropertyValuationService.cs(74,23): warning CS1591: Missing XML comment for publicly visible type or member 'PropertyValuationResult.CountyId' [C:\Users\bsval\terrafusion_os_1.0\backend\src\TerraFusion.Consciousness\TerraFusion.Consciousness.csproj]
C:\Users\bsval\terrafusion_os_1.0\backend\src\TerraFusion.Consciousness\Interfaces\IPropertyValuationService.cs(75,24): warning CS1591: Missing XML comment for publicly visible type or member 'PropertyValuationResult.EstimatedValue' [C:\Users\bsval\terrafusion_os_1.0\backend\src\TerraFusion.Consciousness\TerraFusion.Consciousness.csproj]
C:\Users\bsval\terrafusion_os_1.0\backend\src\TerraFusion.Consciousness\Interfaces\IPropertyValuationService.cs(76,24): warning CS1591: Missing XML comment for publicly visible type or member 'PropertyValuationResult.ConfidenceScore' [C:\Users\bsval\terrafusion_os_1.0\backend\src\TerraFusion.Consciousness\TerraFusion.Consciousness.csproj]
C:\Users\bsval\terrafusion_os_1.0\backend\src\TerraFusion.Consciousness\Interfaces\IPropertyValuationService.cs(77,32): warning CS1591: Missing XML comment for publicly visible type or member 'PropertyValuationResult.AIInsights' [C:\Users\bsval\terrafusion_os_1.0\backend\src\TerraFusion.Consciousness\TerraFusion.Consciousness.csproj]
C:\Users\bsval\terrafusion_os_1.0\backend\src\TerraFusion.Consciousness\Interfaces\IPropertyValuationService.cs(78,21): warning CS1591: Missing XML comment for publicly visible type or member 'PropertyValuationResult.IAAOCompliant' [C:\Users\bsval\terrafusion_os_1.0\backend\src\TerraFusion.Consciousness\TerraFusion.Consciousness.csproj]
C:\Users\bsval\terrafusion_os_1.0\backend\src\TerraFusion.Consciousness\Interfaces\IPropertyValuationService.cs(79,25): warning CS1591: Missing XML comment for publicly visible type or member 'PropertyValuationResult.CalculationTime' [C:\Users\bsval\terrafusion_os_1.0\backend\src\TerraFusion.Consciousness\TerraFusion.Consciousness.csproj]
C:\Users\bsval\terrafusion_os_1.0\backend\src\TerraFusion.Consciousness\Interfaces\IPropertyValuationService.cs(80,25): warning CS1591: Missing XML comment for publicly visible type or member 'PropertyValuationResult.Timestamp' [C:\Users\bsval\terrafusion_os_1.0\backend\src\TerraFusion.Consciousness\TerraFusion.Consciousness.csproj]
C:\Users\bsval\terrafusion_os_1.0\backend\src\TerraFusion.Consciousness\Interfaces\IPropertyValuationService.cs(83,18): warning CS1591: Missing XML comment for publicly visible type or member 'PropertyAnalysisResult' [C:\Users\bsval\terrafusion_os_1.0\backend\src\TerraFusion.Consciousness\TerraFusion.Consciousness.csproj]
C:\Users\bsval\terrafusion_os_1.0\backend\src\TerraFusion.Consciousness\Interfaces\IPropertyValuationService.cs(85,23): warning CS1591: Missing XML comment for publicly visible type or member 'PropertyAnalysisResult.AnalysisId' [C:\Users\bsval\terrafusion_os_1.0\backend\src\TerraFusion.Consciousness\TerraFusion.Consciousness.csproj]
C:\Users\bsval\terrafusion_os_1.0\backend\src\TerraFusion.Consciousness\Interfaces\IPropertyValuationService.cs(86,23): warning CS1591: Missing XML comment for publicly visible type or member 'PropertyAnalysisResult.ParcelId' [C:\Users\bsval\terrafusion_os_1.0\backend\src\TerraFusion.Consciousness\TerraFusion.Consciousness.csproj]
C:\Users\bsval\terrafusion_os_1.0\backend\src\TerraFusion.Consciousness\Interfaces\IPropertyValuationService.cs(87,23): warning CS1591: Missing XML comment for publicly visible type or member 'PropertyAnalysisResult.CountyId' [C:\Users\bsval\terrafusion_os_1.0\backend\src\TerraFusion.Consciousness\TerraFusion.Consciousness.csproj]
C:\Users\bsval\terrafusion_os_1.0\backend\src\TerraFusion.Consciousness\Interfaces\IPropertyValuationService.cs(88,24): warning CS1591: Missing XML comment for publicly visible type or member 'PropertyAnalysisResult.CurrentAssessment' [C:\Users\bsval\terrafusion_os_1.0\backend\src\TerraFusion.Consciousness\TerraFusion.Consciousness.csproj]
C:\Users\bsval\terrafusion_os_1.0\backend\src\TerraFusion.Consciousness\Interfaces\IPropertyValuationService.cs(89,24): warning CS1591: Missing XML comment for publicly visible type or member 'PropertyAnalysisResult.AIEstimatedValue' [C:\Users\bsval\terrafusion_os_1.0\backend\src\TerraFusion.Consciousness\TerraFusion.Consciousness.csproj]
C:\Users\bsval\terrafusion_os_1.0\backend\src\TerraFusion.Consciousness\Interfaces\IPropertyValuationService.cs(90,24): warning CS1591: Missing XML comment for publicly visible type or member 'PropertyAnalysisResult.VariancePercentage' [C:\Users\bsval\terrafusion_os_1.0\backend\src\TerraFusion.Consciousness\TerraFusion.Consciousness.csproj]
C:\Users\bsval\terrafusion_os_1.0\backend\src\TerraFusion.Consciousness\Interfaces\IPropertyValuationService.cs(91,39): warning CS1591: Missing XML comment for publicly visible type or member 'PropertyAnalysisResult.Recommendations' [C:\Users\bsval\terrafusion_os_1.0\backend\src\TerraFusion.Consciousness\TerraFusion.Consciousness.csproj]
C:\Users\bsval\terrafusion_os_1.0\backend\src\TerraFusion.Consciousness\Interfaces\IPropertyValuationService.cs(92,32): warning CS1591: Missing XML comment for publicly visible type or member 'PropertyAnalysisResult.Insights' [C:\Users\bsval\terrafusion_os_1.0\backend\src\TerraFusion.Consciousness\TerraFusion.Consciousness.csproj]
C:\Users\bsval\terrafusion_os_1.0\backend\src\TerraFusion.Consciousness\Interfaces\IPropertyValuationService.cs(93,25): warning CS1591: Missing XML comment for publicly visible type or member 'PropertyAnalysisResult.Timestamp' [C:\Users\bsval\terrafusion_os_1.0\backend\src\TerraFusion.Consciousness\TerraFusion.Consciousness.csproj]
C:\Users\bsval\terrafusion_os_1.0\backend\src\TerraFusion.Consciousness\Interfaces\IPropertyValuationService.cs(96,18): warning CS1591: Missing XML comment for publicly visible type or member 'PropertyValuationHistory' [C:\Users\bsval\terrafusion_os_1.0\backend\src\TerraFusion.Consciousness\TerraFusion.Consciousness.csproj]
C:\Users\bsval\terrafusion_os_1.0\backend\src\TerraFusion.Consciousness\Interfaces\IPropertyValuationService.cs(98,23): warning CS1591: Missing XML comment for publicly visible type or member 'PropertyValuationHistory.ParcelId' [C:\Users\bsval\terrafusion_os_1.0\backend\src\TerraFusion.Consciousness\TerraFusion.Consciousness.csproj]
C:\Users\bsval\terrafusion_os_1.0\backend\src\TerraFusion.Consciousness\Interfaces\IPropertyValuationService.cs(99,23): warning CS1591: Missing XML comment for publicly visible type or member 'PropertyValuationHistory.CountyId' [C:\Users\bsval\terrafusion_os_1.0\backend\src\TerraFusion.Consciousness\TerraFusion.Consciousness.csproj]
C:\Users\bsval\terrafusion_os_1.0\backend\src\TerraFusion.Consciousness\Interfaces\IPropertyValuationService.cs(100,42): warning CS1591: Missing XML comment for publicly visible type or member 'PropertyValuationHistory.Valuations' [C:\Users\bsval\terrafusion_os_1.0\backend\src\TerraFusion.Consciousness\TerraFusion.Consciousness.csproj]
C:\Users\bsval\terrafusion_os_1.0\backend\src\TerraFusion.Consciousness\Interfaces\IPropertyValuationService.cs(101,35): warning CS1591: Missing XML comment for publicly visible type or member 'PropertyValuationHistory.Trend' [C:\Users\bsval\terrafusion_os_1.0\backend\src\TerraFusion.Consciousness\TerraFusion.Consciousness.csproj]
C:\Users\bsval\terrafusion_os_1.0\backend\src\TerraFusion.Consciousness\Interfaces\IPropertyValuationService.cs(102,25): warning CS1591: Missing XML comment for publicly visible type or member 'PropertyValuationHistory.LastUpdate' [C:\Users\bsval\terrafusion_os_1.0\backend\src\TerraFusion.Consciousness\TerraFusion.Consciousness.csproj]
C:\Users\bsval\terrafusion_os_1.0\backend\src\TerraFusion.Consciousness\Interfaces\IPropertyValuationService.cs(105,18): warning CS1591: Missing XML comment for publicly visible type or member 'HistoricalValuation' [C:\Users\bsval\terrafusion_os_1.0\backend\src\TerraFusion.Consciousness\TerraFusion.Consciousness.csproj]
C:\Users\bsval\terrafusion_os_1.0\backend\src\TerraFusion.Consciousness\Interfaces\IPropertyValuationService.cs(107,25): warning CS1591: Missing XML comment for publicly visible type or member 'HistoricalValuation.ValuationDate' [C:\Users\bsval\terrafusion_os_1.0\backend\src\TerraFusion.Consciousness\TerraFusion.Consciousness.csproj]
C:\Users\bsval\terrafusion_os_1.0\backend\src\TerraFusion.Consciousness\Interfaces\IPropertyValuationService.cs(108,24): warning CS1591: Missing XML comment for publicly visible type or member 'HistoricalValuation.Value' [C:\Users\bsval\terrafusion_os_1.0\backend\src\TerraFusion.Consciousness\TerraFusion.Consciousness.csproj]
C:\Users\bsval\terrafusion_os_1.0\backend\src\TerraFusion.Consciousness\Interfaces\IPropertyValuationService.cs(109,23): warning CS1591: Missing XML comment for publicly visible type or member 'HistoricalValuation.ValuationMethod' [C:\Users\bsval\terrafusion_os_1.0\backend\src\TerraFusion.Consciousness\TerraFusion.Consciousness.csproj]
C:\Users\bsval\terrafusion_os_1.0\backend\src\TerraFusion.Consciousness\Interfaces\IPropertyValuationService.cs(110,24): warning CS1591: Missing XML comment for publicly visible type or member 'HistoricalValuation.ConfidenceScore' [C:\Users\bsval\terrafusion_os_1.0\backend\src\TerraFusion.Consciousness\TerraFusion.Consciousness.csproj]
C:\Users\bsval\terrafusion_os_1.0\backend\src\TerraFusion.Consciousness\Interfaces\IPropertyValuationService.cs(113,18): warning CS1591: Missing XML comment for publicly visible type or member 'PropertyValueTrend' [C:\Users\bsval\terrafusion_os_1.0\backend\src\TerraFusion.Consciousness\TerraFusion.Consciousness.csproj]
C:\Users\bsval\terrafusion_os_1.0\backend\src\TerraFusion.Consciousness\Interfaces\IPropertyValuationService.cs(115,24): warning CS1591: Missing XML comment for publicly visible type or member 'PropertyValueTrend.AverageAnnualIncrease' [C:\Users\bsval\terrafusion_os_1.0\backend\src\TerraFusion.Consciousness\TerraFusion.Consciousness.csproj]
C:\Users\bsval\terrafusion_os_1.0\backend\src\TerraFusion.Consciousness\Interfaces\IPropertyValuationService.cs(116,23): warning CS1591: Missing XML comment for publicly visible type or member 'PropertyValueTrend.TrendDirection' [C:\Users\bsval\terrafusion_os_1.0\backend\src\TerraFusion.Consciousness\TerraFusion.Consciousness.csproj]
C:\Users\bsval\terrafusion_os_1.0\backend\src\TerraFusion.Consciousness\Interfaces\IPropertyValuationService.cs(117,24): warning CS1591: Missing XML comment for publicly visible type or member 'PropertyValueTrend.VolatilityScore' [C:\Users\bsval\terrafusion_os_1.0\backend\src\TerraFusion.Consciousness\TerraFusion.Consciousness.csproj]
C:\Users\bsval\terrafusion_os_1.0\backend\src\TerraFusion.Consciousness\Interfaces\IPropertyValuationService.cs(120,18): warning CS1591: Missing XML comment for publicly visible type or member 'ValuationServiceHealth' [C:\Users\bsval\terrafusion_os_1.0\backend\src\TerraFusion.Consciousness\TerraFusion.Consciousness.csproj]
C:\Users\bsval\terrafusion_os_1.0\backend\src\TerraFusion.Consciousness\Interfaces\IPropertyValuationService.cs(122,24): warning CS1591: Missing XML comment for publicly visible type or member 'ValuationServiceHealth.HealthScore' [C:\Users\bsval\terrafusion_os_1.0\backend\src\TerraFusion.Consciousness\TerraFusion.Consciousness.csproj]
C:\Users\bsval\terrafusion_os_1.0\backend\src\TerraFusion.Consciousness\Interfaces\IPropertyValuationService.cs(123,24): warning CS1591: Missing XML comment for publicly visible type or member 'ValuationServiceHealth.AverageAccuracy' [C:\Users\bsval\terrafusion_os_1.0\backend\src\TerraFusion.Consciousness\TerraFusion.Consciousness.csproj]
C:\Users\bsval\terrafusion_os_1.0\backend\src\TerraFusion.Consciousness\Interfaces\IPropertyValuationService.cs(124,25): warning CS1591: Missing XML comment for publicly visible type or member 'ValuationServiceHealth.AverageCalculationTime' [C:\Users\bsval\terrafusion_os_1.0\backend\src\TerraFusion.Consciousness\TerraFusion.Consciousness.csproj]
C:\Users\bsval\terrafusion_os_1.0\backend\src\TerraFusion.Consciousness\Interfaces\IPropertyValuationService.cs(125,20): warning CS1591: Missing XML comment for publicly visible type or member 'ValuationServiceHealth.TotalValuations' [C:\Users\bsval\terrafusion_os_1.0\backend\src\TerraFusion.Consciousness\TerraFusion.Consciousness.csproj]
C:\Users\bsval\terrafusion_os_1.0\backend\src\TerraFusion.Consciousness\Interfaces\IPropertyValuationService.cs(126,24): warning CS1591: Missing XML comment for publicly visible type or member 'ValuationServiceHealth.IAAOComplianceRate' [C:\Users\bsval\terrafusion_os_1.0\backend\src\TerraFusion.Consciousness\TerraFusion.Consciousness.csproj]
C:\Users\bsval\terrafusion_os_1.0\backend\src\TerraFusion.Consciousness\Interfaces\IPropertyValuationService.cs(127,25): warning CS1591: Missing XML comment for publicly visible type or member 'ValuationServiceHealth.LastUpdate' [C:\Users\bsval\terrafusion_os_1.0\backend\src\TerraFusion.Consciousness\TerraFusion.Consciousness.csproj]
C:\Users\bsval\terrafusion_os_1.0\backend\src\TerraFusion.Consciousness\Interfaces\IPropertyValuationService.cs(130,18): warning CS1591: Missing XML comment for publicly visible type or member 'AIInsight' [C:\Users\bsval\terrafusion_os_1.0\backend\src\TerraFusion.Consciousness\TerraFusion.Consciousness.csproj]
C:\Users\bsval\terrafusion_os_1.0\backend\src\TerraFusion.Consciousness\Interfaces\IPropertyValuationService.cs(132,23): warning CS1591: Missing XML comment for publicly visible type or member 'AIInsight.InsightType' [C:\Users\bsval\terrafusion_os_1.0\backend\src\TerraFusion.Consciousness\TerraFusion.Consciousness.csproj]
C:\Users\bsval\terrafusion_os_1.0\backend\src\TerraFusion.Consciousness\Interfaces\IPropertyValuationService.cs(133,23): warning CS1591: Missing XML comment for publicly visible type or member 'AIInsight.Description' [C:\Users\bsval\terrafusion_os_1.0\backend\src\TerraFusion.Consciousness\TerraFusion.Consciousness.csproj]
C:\Users\bsval\terrafusion_os_1.0\backend\src\TerraFusion.Consciousness\Interfaces\IPropertyValuationService.cs(134,24): warning CS1591: Missing XML comment for publicly visible type or member 'AIInsight.Impact' [C:\Users\bsval\terrafusion_os_1.0\backend\src\TerraFusion.Consciousness\TerraFusion.Consciousness.csproj]
C:\Users\bsval\terrafusion_os_1.0\backend\src\TerraFusion.Consciousness\Interfaces\IPropertyValuationService.cs(135,23): warning CS1591: Missing XML comment for publicly visible type or member 'AIInsight.Severity' [C:\Users\bsval\terrafusion_os_1.0\backend\src\TerraFusion.Consciousness\TerraFusion.Consciousness.csproj]
C:\Users\bsval\terrafusion_os_1.0\backend\src\TerraFusion.Consciousness\Interfaces\IPropertyValuationService.cs(138,18): warning CS1591: Missing XML comment for publicly visible type or member 'AIRecommendation' [C:\Users\bsval\terrafusion_os_1.0\backend\src\TerraFusion.Consciousness\TerraFusion.Consciousness.csproj]
C:\Users\bsval\terrafusion_os_1.0\backend\src\TerraFusion.Consciousness\Interfaces\IPropertyValuationService.cs(140,23): warning CS1591: Missing XML comment for publicly visible type or member 'AIRecommendation.RecommendationType' [C:\Users\bsval\terrafusion_os_1.0\backend\src\TerraFusion.Consciousness\TerraFusion.Consciousness.csproj]
C:\Users\bsval\terrafusion_os_1.0\backend\src\TerraFusion.Consciousness\Interfaces\IPropertyValuationService.cs(141,23): warning CS1591: Missing XML comment for publicly visible type or member 'AIRecommendation.Description' [C:\Users\bsval\terrafusion_os_1.0\backend\src\TerraFusion.Consciousness\TerraFusion.Consciousness.csproj]
C:\Users\bsval\terrafusion_os_1.0\backend\src\TerraFusion.Consciousness\Interfaces\IPropertyValuationService.cs(142,24): warning CS1591: Missing XML comment for publicly visible type or member 'AIRecommendation.Priority' [C:\Users\bsval\terrafusion_os_1.0\backend\src\TerraFusion.Consciousness\TerraFusion.Consciousness.csproj]
C:\Users\bsval\terrafusion_os_1.0\backend\src\TerraFusion.Consciousness\Interfaces\IPropertyValuationService.cs(143,23): warning CS1591: Missing XML comment for publicly visible type or member 'AIRecommendation.ActionRequired' [C:\Users\bsval\terrafusion_os_1.0\backend\src\TerraFusion.Consciousness\TerraFusion.Consciousness.csproj]
C:\Users\bsval\terrafusion_os_1.0\backend\src\TerraFusion.Consciousness\Interfaces\IWorkflowRepository.cs(20,35): warning CS1591: Missing XML comment for publicly visible type or member 'IWorkflowRepository.GetWorkflowAsync(string)' [C:\Users\bsval\terrafusion_os_1.0\backend\src\TerraFusion.Consciousness\TerraFusion.Consciousness.csproj]
C:\Users\bsval\terrafusion_os_1.0\backend\src\TerraFusion.Consciousness\Interfaces\IWorkflowRepository.cs(21,40): warning CS1591: Missing XML comment for publicly visible type or member 'IWorkflowRepository.GetAllWorkflowsAsync()' [C:\Users\bsval\terrafusion_os_1.0\backend\src\TerraFusion.Consciousness\TerraFusion.Consciousness.csproj]
C:\Users\bsval\terrafusion_os_1.0\backend\src\TerraFusion.Consciousness\Interfaces\IWorkflowRepository.cs(22,20): warning CS1591: Missing XML comment for publicly visible type or member 'IWorkflowRepository.SaveWorkflowAsync(WorkflowDefinition)' [C:\Users\bsval\terrafusion_os_1.0\backend\src\TerraFusion.Consciousness\TerraFusion.Consciousness.csproj]
C:\Users\bsval\terrafusion_os_1.0\backend\src\TerraFusion.Consciousness\Interfaces\IWorkflowRepository.cs(23,34): warning CS1591: Missing XML comment for publicly visible type or member 'IWorkflowRepository.GetWorkflowExecutionAsync(string)' [C:\Users\bsval\terrafusion_os_1.0\backend\src\TerraFusion.Consciousness\TerraFusion.Consciousness.csproj]
C:\Users\bsval\terrafusion_os_1.0\backend\src\TerraFusion.Consciousness\Interfaces\IWorkflowRepository.cs(24,20): warning CS1591: Missing XML comment for publicly visible type or member 'IWorkflowRepository.SaveWorkflowExecutionAsync(WorkflowExecution)' [C:\Users\bsval\terrafusion_os_1.0\backend\src\TerraFusion.Consciousness\TerraFusion.Consciousness.csproj]
C:\Users\bsval\terrafusion_os_1.0\backend\src\TerraFusion.Consciousness\Interfaces\IWorkflowRepository.cs(27,18): warning CS1591: Missing XML comment for publicly visible type or member 'WorkflowDefinition' [C:\Users\bsval\terrafusion_os_1.0\backend\src\TerraFusion.Consciousness\TerraFusion.Consciousness.csproj]
C:\Users\bsval\terrafusion_os_1.0\backend\src\TerraFusion.Consciousness\Interfaces\IWorkflowRepository.cs(29,23): warning CS1591: Missing XML comment for publicly visible type or member 'WorkflowDefinition.Id' [C:\Users\bsval\terrafusion_os_1.0\backend\src\TerraFusion.Consciousness\TerraFusion.Consciousness.csproj]
C:\Users\bsval\terrafusion_os_1.0\backend\src\TerraFusion.Consciousness\Interfaces\IWorkflowRepository.cs(30,23): warning CS1591: Missing XML comment for publicly visible type or member 'WorkflowDefinition.Name' [C:\Users\bsval\terrafusion_os_1.0\backend\src\TerraFusion.Consciousness\TerraFusion.Consciousness.csproj]
C:\Users\bsval\terrafusion_os_1.0\backend\src\TerraFusion.Consciousness\Interfaces\IWorkflowRepository.cs(31,23): warning CS1591: Missing XML comment for publicly visible type or member 'WorkflowDefinition.Description' [C:\Users\bsval\terrafusion_os_1.0\backend\src\TerraFusion.Consciousness\TerraFusion.Consciousness.csproj]
C:\Users\bsval\terrafusion_os_1.0\backend\src\TerraFusion.Consciousness\Interfaces\IWorkflowRepository.cs(32,29): warning CS1591: Missing XML comment for publicly visible type or member 'WorkflowDefinition.Steps' [C:\Users\bsval\terrafusion_os_1.0\backend\src\TerraFusion.Consciousness\TerraFusion.Consciousness.csproj]
C:\Users\bsval\terrafusion_os_1.0\backend\src\TerraFusion.Consciousness\Interfaces\IWorkflowRepository.cs(35,18): warning CS1591: Missing XML comment for publicly visible type or member 'WorkflowExecution' [C:\Users\bsval\terrafusion_os_1.0\backend\src\TerraFusion.Consciousness\TerraFusion.Consciousness.csproj]
C:\Users\bsval\terrafusion_os_1.0\backend\src\TerraFusion.Consciousness\Interfaces\IWorkflowRepository.cs(37,23): warning CS1591: Missing XML comment for publicly visible type or member 'WorkflowExecution.ExecutionId' [C:\Users\bsval\terrafusion_os_1.0\backend\src\TerraFusion.Consciousness\TerraFusion.Consciousness.csproj]
C:\Users\bsval\terrafusion_os_1.0\backend\src\TerraFusion.Consciousness\Interfaces\IWorkflowRepository.cs(38,23): warning CS1591: Missing XML comment for publicly visible type or member 'WorkflowExecution.WorkflowId' [C:\Users\bsval\terrafusion_os_1.0\backend\src\TerraFusion.Consciousness\TerraFusion.Consciousness.csproj]
C:\Users\bsval\terrafusion_os_1.0\backend\src\TerraFusion.Consciousness\Interfaces\IWorkflowRepository.cs(39,23): warning CS1591: Missing XML comment for publicly visible type or member 'WorkflowExecution.Status' [C:\Users\bsval\terrafusion_os_1.0\backend\src\TerraFusion.Consciousness\TerraFusion.Consciousness.csproj]
C:\Users\bsval\terrafusion_os_1.0\backend\src\TerraFusion.Consciousness\Middleware\SecurityMiddleware.cs(20,16): warning CS1591: Missing XML comment for publicly visible type or member 'ConsciousnessAuditMiddleware.ConsciousnessAuditMiddleware(RequestDelegate, ILogger<ConsciousnessAuditMiddleware>, IAuditLogger)' [C:\Users\bsval\terrafusion_os_1.0\backend\src\TerraFusion.Consciousness\TerraFusion.Consciousness.csproj]
C:\Users\bsval\terrafusion_os_1.0\backend\src\TerraFusion.Consciousness\Middleware\SecurityMiddleware.cs(30,27): warning CS1591: Missing XML comment for publicly visible type or member 'ConsciousnessAuditMiddleware.InvokeAsync(HttpContext)' [C:\Users\bsval\terrafusion_os_1.0\backend\src\TerraFusion.Consciousness\TerraFusion.Consciousness.csproj]
C:\Users\bsval\terrafusion_os_1.0\backend\src\TerraFusion.Consciousness\Middleware\SecurityMiddleware.cs(115,16): warning CS1591: Missing XML comment for publicly visible type or member 'QuantumSecurityMiddleware.QuantumSecurityMiddleware(RequestDelegate, ILogger<QuantumSecurityMiddleware>, IAuditLogger)' [C:\Users\bsval\terrafusion_os_1.0\backend\src\TerraFusion.Consciousness\TerraFusion.Consciousness.csproj]
C:\Users\bsval\terrafusion_os_1.0\backend\src\TerraFusion.Consciousness\Middleware\SecurityMiddleware.cs(127,27): warning CS1591: Missing XML comment for publicly visible type or member 'QuantumSecurityMiddleware.InvokeAsync(HttpContext)' [C:\Users\bsval\terrafusion_os_1.0\backend\src\TerraFusion.Consciousness\TerraFusion.Consciousness.csproj]
C:\Users\bsval\terrafusion_os_1.0\backend\src\TerraFusion.Consciousness\Middleware\SecurityMiddleware.cs(407,20): warning CS1591: Missing XML comment for publicly visible type or member 'SecurityMetrics.RequestCount' [C:\Users\bsval\terrafusion_os_1.0\backend\src\TerraFusion.Consciousness\TerraFusion.Consciousness.csproj]
C:\Users\bsval\terrafusion_os_1.0\backend\src\TerraFusion.Consciousness\Middleware\SecurityMiddleware.cs(408,25): warning CS1591: Missing XML comment for publicly visible type or member 'SecurityMetrics.LastSeen' [C:\Users\bsval\terrafusion_os_1.0\backend\src\TerraFusion.Consciousness\TerraFusion.Consciousness.csproj]
C:\Users\bsval\terrafusion_os_1.0\backend\src\TerraFusion.Consciousness\Middleware\SecurityMiddleware.cs(409,29): warning CS1591: Missing XML comment for publicly visible type or member 'SecurityMetrics.SuspiciousActivities' [C:\Users\bsval\terrafusion_os_1.0\backend\src\TerraFusion.Consciousness\TerraFusion.Consciousness.csproj]
C:\Users\bsval\terrafusion_os_1.0\backend\src\TerraFusion.Consciousness\Middleware\SecurityMiddleware.cs(417,16): warning CS1591: Missing XML comment for publicly visible type or member 'SecurityException.SecurityException(string)' [C:\Users\bsval\terrafusion_os_1.0\backend\src\TerraFusion.Consciousness\TerraFusion.Consciousness.csproj]
C:\Users\bsval\terrafusion_os_1.0\backend\src\TerraFusion.Consciousness\Middleware\SecurityMiddleware.cs(418,16): warning CS1591: Missing XML comment for publicly visible type or member 'SecurityException.SecurityException(string, Exception)' [C:\Users\bsval\terrafusion_os_1.0\backend\src\TerraFusion.Consciousness\TerraFusion.Consciousness.csproj]
C:\Users\bsval\terrafusion_os_1.0\backend\src\TerraFusion.Consciousness\Program.cs(16,26): warning CS1591: Missing XML comment for publicly visible type or member 'Program' [C:\Users\bsval\terrafusion_os_1.0\backend\src\TerraFusion.Consciousness\TerraFusion.Consciousness.csproj]
C:\Users\bsval\terrafusion_os_1.0\backend\src\TerraFusion.Consciousness\Program.cs(18,28): warning CS1591: Missing XML comment for publicly visible type or member 'Program.Main(string[])' [C:\Users\bsval\terrafusion_os_1.0\backend\src\TerraFusion.Consciousness\TerraFusion.Consciousness.csproj]
C:\Users\bsval\terrafusion_os_1.0\backend\src\TerraFusion.Consciousness\Services\AILayerMeshOrchestrator.cs(36,16): warning CS1591: Missing XML comment for publicly visible type or member 'AILayerMeshOrchestrator.AILayerMeshOrchestrator(ILogger<AILayerMeshOrchestrator>, IConfiguration, IMultiCountyDataService)' [C:\Users\bsval\terrafusion_os_1.0\backend\src\TerraFusion.Consciousness\TerraFusion.Consciousness.csproj]
C:\Users\bsval\terrafusion_os_1.0\backend\src\TerraFusion.Consciousness\Services\AILayerMeshOrchestrator.cs(58,56): warning CS1591: Missing XML comment for publicly visible type or member 'AILayerMeshOrchestrator.InitializeMeshAsync()' [C:\Users\bsval\terrafusion_os_1.0\backend\src\TerraFusion.Consciousness\TerraFusion.Consciousness.csproj]
C:\Users\bsval\terrafusion_os_1.0\backend\src\TerraFusion.Consciousness\Services\AILayerMeshOrchestrator.cs(153,51): warning CS1591: Missing XML comment for publicly visible type or member 'AILayerMeshOrchestrator.ExecuteMeshOperationAsync(MeshOperationRequestDto)' [C:\Users\bsval\terrafusion_os_1.0\backend\src\TerraFusion.Consciousness\TerraFusion.Consciousness.csproj]
C:\Users\bsval\terrafusion_os_1.0\backend\src\TerraFusion.Consciousness\Services\AILayerMeshOrchestrator.cs(278,52): warning CS1591: Missing XML comment for publicly visible type or member 'AILayerMeshOrchestrator.GetValidationRingStatusAsync()' [C:\Users\bsval\terrafusion_os_1.0\backend\src\TerraFusion.Consciousness\TerraFusion.Consciousness.csproj]
C:\Users\bsval\terrafusion_os_1.0\backend\src\TerraFusion.Consciousness\Services\AILayerMeshOrchestrator.cs(316,43): warning CS1591: Missing XML comment for publicly visible type or member 'AILayerMeshOrchestrator.GetLayerHealthAsync(string)' [C:\Users\bsval\terrafusion_os_1.0\backend\src\TerraFusion.Consciousness\TerraFusion.Consciousness.csproj]
C:\Users\bsval\terrafusion_os_1.0\backend\src\TerraFusion.Consciousness\Services\AILayerMeshOrchestrator.cs(394,47): warning CS1591: Missing XML comment for publicly visible type or member 'AILayerMeshOrchestrator.GetMeshPerformanceAsync()' [C:\Users\bsval\terrafusion_os_1.0\backend\src\TerraFusion.Consciousness\TerraFusion.Consciousness.csproj]
C:\Users\bsval\terrafusion_os_1.0\backend\src\TerraFusion.Consciousness\Services\AILayerMeshOrchestrator.cs(437,49): warning CS1591: Missing XML comment for publicly visible type or member 'AILayerMeshOrchestrator.UpdateMeshConfigurationAsync(MeshConfigurationUpdateDto)' [C:\Users\bsval\terrafusion_os_1.0\backend\src\TerraFusion.Consciousness\TerraFusion.Consciousness.csproj]
C:\Users\bsval\terrafusion_os_1.0\backend\src\TerraFusion.Consciousness\Services\AILayerMeshOrchestrator.cs(477,49): warning CS1591: Missing XML comment for publicly visible type or member 'AILayerMeshOrchestrator.ScaleMeshAsync(MeshScalingRequestDto)' [C:\Users\bsval\terrafusion_os_1.0\backend\src\TerraFusion.Consciousness\TerraFusion.Consciousness.csproj]
C:\Users\bsval\terrafusion_os_1.0\backend\src\TerraFusion.Consciousness\Services\AILayerMeshOrchestrator.cs(1463,18): warning CS1591: Missing XML comment for publicly visible type or member 'LayerConfiguration' [C:\Users\bsval\terrafusion_os_1.0\backend\src\TerraFusion.Consciousness\TerraFusion.Consciousness.csproj]
C:\Users\bsval\terrafusion_os_1.0\backend\src\TerraFusion.Consciousness\Services\AILayerMeshOrchestrator.cs(1465,29): warning CS1591: Missing XML comment for publicly visible type or member 'LayerConfiguration.LayerId' [C:\Users\bsval\terrafusion_os_1.0\backend\src\TerraFusion.Consciousness\TerraFusion.Consciousness.csproj]
C:\Users\bsval\terrafusion_os_1.0\backend\src\TerraFusion.Consciousness\Services\AILayerMeshOrchestrator.cs(1466,32): warning CS1591: Missing XML comment for publicly visible type or member 'LayerConfiguration.LayerName' [C:\Users\bsval\terrafusion_os_1.0\backend\src\TerraFusion.Consciousness\TerraFusion.Consciousness.csproj]
C:\Users\bsval\terrafusion_os_1.0\backend\src\TerraFusion.Consciousness\Services\AILayerMeshOrchestrator.cs(1467,32): warning CS1591: Missing XML comment for publicly visible type or member 'LayerConfiguration.Description' [C:\Users\bsval\terrafusion_os_1.0\backend\src\TerraFusion.Consciousness\TerraFusion.Consciousness.csproj]
C:\Users\bsval\terrafusion_os_1.0\backend\src\TerraFusion.Consciousness\Services\AILayerMeshOrchestrator.cs(1468,34): warning CS1591: Missing XML comment for publicly visible type or member 'LayerConfiguration.Capabilities' [C:\Users\bsval\terrafusion_os_1.0\backend\src\TerraFusion.Consciousness\TerraFusion.Consciousness.csproj]
C:\Users\bsval\terrafusion_os_1.0\backend\src\TerraFusion.Consciousness\Services\AILayerMeshOrchestrator.cs(1469,30): warning CS1591: Missing XML comment for publicly visible type or member 'LayerConfiguration.IsActive' [C:\Users\bsval\terrafusion_os_1.0\backend\src\TerraFusion.Consciousness\TerraFusion.Consciousness.csproj]
C:\Users\bsval\terrafusion_os_1.0\backend\src\TerraFusion.Consciousness\Services\AILayerMeshOrchestrator.cs(1472,18): warning CS1591: Missing XML comment for publicly visible type or member 'LayerOperationResult' [C:\Users\bsval\terrafusion_os_1.0\backend\src\TerraFusion.Consciousness\TerraFusion.Consciousness.csproj]
C:\Users\bsval\terrafusion_os_1.0\backend\src\TerraFusion.Consciousness\Services\AILayerMeshOrchestrator.cs(1474,30): warning CS1591: Missing XML comment for publicly visible type or member 'LayerOperationResult.Success' [C:\Users\bsval\terrafusion_os_1.0\backend\src\TerraFusion.Consciousness\TerraFusion.Consciousness.csproj]
C:\Users\bsval\terrafusion_os_1.0\backend\src\TerraFusion.Consciousness\Services\AILayerMeshOrchestrator.cs(1475,24): warning CS1591: Missing XML comment for publicly visible type or member 'LayerOperationResult.ErrorMessage' [C:\Users\bsval\terrafusion_os_1.0\backend\src\TerraFusion.Consciousness\TerraFusion.Consciousness.csproj]
C:\Users\bsval\terrafusion_os_1.0\backend\src\TerraFusion.Consciousness\Services\AILayerMeshOrchestrator.cs(1476,44): warning CS1591: Missing XML comment for publicly visible type or member 'LayerOperationResult.ProcessedData' [C:\Users\bsval\terrafusion_os_1.0\backend\src\TerraFusion.Consciousness\TerraFusion.Consciousness.csproj]
C:\Users\bsval\terrafusion_os_1.0\backend\src\TerraFusion.Consciousness\Services\AILayerMeshOrchestrator.cs(1477,44): warning CS1591: Missing XML comment for publicly visible type or member 'LayerOperationResult.AnalyticsResult' [C:\Users\bsval\terrafusion_os_1.0\backend\src\TerraFusion.Consciousness\TerraFusion.Consciousness.csproj]
C:\Users\bsval\terrafusion_os_1.0\backend\src\TerraFusion.Consciousness\Services\AILayerMeshOrchestrator.cs(1478,44): warning CS1591: Missing XML comment for publicly visible type or member 'LayerOperationResult.AIResults' [C:\Users\bsval\terrafusion_os_1.0\backend\src\TerraFusion.Consciousness\TerraFusion.Consciousness.csproj]
C:\Users\bsval\terrafusion_os_1.0\backend\src\TerraFusion.Consciousness\Services\AILayerMeshOrchestrator.cs(1479,44): warning CS1591: Missing XML comment for publicly visible type or member 'LayerOperationResult.Decisions' [C:\Users\bsval\terrafusion_os_1.0\backend\src\TerraFusion.Consciousness\TerraFusion.Consciousness.csproj]
C:\Users\bsval\terrafusion_os_1.0\backend\src\TerraFusion.Consciousness\Services\AILayerMeshOrchestrator.cs(1480,44): warning CS1591: Missing XML comment for publicly visible type or member 'LayerOperationResult.GovernanceDecisions' [C:\Users\bsval\terrafusion_os_1.0\backend\src\TerraFusion.Consciousness\TerraFusion.Consciousness.csproj]
C:\Users\bsval\terrafusion_os_1.0\backend\src\TerraFusion.Consciousness\Services\AILayerMeshOrchestrator.cs(1481,44): warning CS1591: Missing XML comment for publicly visible type or member 'LayerOperationResult.GovernanceValidation' [C:\Users\bsval\terrafusion_os_1.0\backend\src\TerraFusion.Consciousness\TerraFusion.Consciousness.csproj]
C:\Users\bsval\terrafusion_os_1.0\backend\src\TerraFusion.Consciousness\Services\AILayerMeshOrchestrator.cs(1484,18): warning CS1591: Missing XML comment for publicly visible type or member 'LayerHealthResult' [C:\Users\bsval\terrafusion_os_1.0\backend\src\TerraFusion.Consciousness\TerraFusion.Consciousness.csproj]
C:\Users\bsval\terrafusion_os_1.0\backend\src\TerraFusion.Consciousness\Services\AILayerMeshOrchestrator.cs(1486,29): warning CS1591: Missing XML comment for publicly visible type or member 'LayerHealthResult.LayerId' [C:\Users\bsval\terrafusion_os_1.0\backend\src\TerraFusion.Consciousness\TerraFusion.Consciousness.csproj]
C:\Users\bsval\terrafusion_os_1.0\backend\src\TerraFusion.Consciousness\Services\AILayerMeshOrchestrator.cs(1487,32): warning CS1591: Missing XML comment for publicly visible type or member 'LayerHealthResult.LayerName' [C:\Users\bsval\terrafusion_os_1.0\backend\src\TerraFusion.Consciousness\TerraFusion.Consciousness.csproj]
C:\Users\bsval\terrafusion_os_1.0\backend\src\TerraFusion.Consciousness\Services\AILayerMeshOrchestrator.cs(1488,33): warning CS1591: Missing XML comment for publicly visible type or member 'LayerHealthResult.HealthScore' [C:\Users\bsval\terrafusion_os_1.0\backend\src\TerraFusion.Consciousness\TerraFusion.Consciousness.csproj]
C:\Users\bsval\terrafusion_os_1.0\backend\src\TerraFusion.Consciousness\Services\AILayerMeshOrchestrator.cs(1489,30): warning CS1591: Missing XML comment for publicly visible type or member 'LayerHealthResult.IsOperational' [C:\Users\bsval\terrafusion_os_1.0\backend\src\TerraFusion.Consciousness\TerraFusion.Consciousness.csproj]
C:\Users\bsval\terrafusion_os_1.0\backend\src\TerraFusion.Consciousness\Services\AILayerMeshOrchestrator.cs(1490,34): warning CS1591: Missing XML comment for publicly visible type or member 'LayerHealthResult.LastHealthCheck' [C:\Users\bsval\terrafusion_os_1.0\backend\src\TerraFusion.Consciousness\TerraFusion.Consciousness.csproj]
C:\Users\bsval\terrafusion_os_1.0\backend\src\TerraFusion.Consciousness\Services\AILayerMeshOrchestrator.cs(1493,18): warning CS1591: Missing XML comment for publicly visible type or member 'MeshScalingResult' [C:\Users\bsval\terrafusion_os_1.0\backend\src\TerraFusion.Consciousness\TerraFusion.Consciousness.csproj]
C:\Users\bsval\terrafusion_os_1.0\backend\src\TerraFusion.Consciousness\Services\AILayerMeshOrchestrator.cs(1495,32): warning CS1591: Missing XML comment for publicly visible type or member 'MeshScalingResult.ComponentName' [C:\Users\bsval\terrafusion_os_1.0\backend\src\TerraFusion.Consciousness\TerraFusion.Consciousness.csproj]
C:\Users\bsval\terrafusion_os_1.0\backend\src\TerraFusion.Consciousness\Services\AILayerMeshOrchestrator.cs(1496,30): warning CS1591: Missing XML comment for publicly visible type or member 'MeshScalingResult.Success' [C:\Users\bsval\terrafusion_os_1.0\backend\src\TerraFusion.Consciousness\TerraFusion.Consciousness.csproj]
C:\Users\bsval\terrafusion_os_1.0\backend\src\TerraFusion.Consciousness\Services\AILayerMeshOrchestrator.cs(1497,29): warning CS1591: Missing XML comment for publicly visible type or member 'MeshScalingResult.CapacityAdded' [C:\Users\bsval\terrafusion_os_1.0\backend\src\TerraFusion.Consciousness\TerraFusion.Consciousness.csproj]
C:\Users\bsval\terrafusion_os_1.0\backend\src\TerraFusion.Consciousness\Services\AILayerMeshOrchestrator.cs(1500,18): warning CS1591: Missing XML comment for publicly visible type or member 'ValidationRingResult' [C:\Users\bsval\terrafusion_os_1.0\backend\src\TerraFusion.Consciousness\TerraFusion.Consciousness.csproj]
C:\Users\bsval\terrafusion_os_1.0\backend\src\TerraFusion.Consciousness\Services\AILayerMeshOrchestrator.cs(1502,30): warning CS1591: Missing XML comment for publicly visible type or member 'ValidationRingResult.IsValidated' [C:\Users\bsval\terrafusion_os_1.0\backend\src\TerraFusion.Consciousness\TerraFusion.Consciousness.csproj]
C:\Users\bsval\terrafusion_os_1.0\backend\src\TerraFusion.Consciousness\Services\AILayerMeshOrchestrator.cs(1503,24): warning CS1591: Missing XML comment for publicly visible type or member 'ValidationRingResult.RejectionReason' [C:\Users\bsval\terrafusion_os_1.0\backend\src\TerraFusion.Consciousness\TerraFusion.Consciousness.csproj]
C:\Users\bsval\terrafusion_os_1.0\backend\src\TerraFusion.Consciousness\Services\AILayerMeshOrchestrator.cs(1504,21): warning CS1591: Missing XML comment for publicly visible type or member 'ValidationRingResult.EthicsValidation' [C:\Users\bsval\terrafusion_os_1.0\backend\src\TerraFusion.Consciousness\TerraFusion.Consciousness.csproj]
C:\Users\bsval\terrafusion_os_1.0\backend\src\TerraFusion.Consciousness\Services\AILayerMeshOrchestrator.cs(1505,21): warning CS1591: Missing XML comment for publicly visible type or member 'ValidationRingResult.LegalValidation' [C:\Users\bsval\terrafusion_os_1.0\backend\src\TerraFusion.Consciousness\TerraFusion.Consciousness.csproj]
C:\Users\bsval\terrafusion_os_1.0\backend\src\TerraFusion.Consciousness\Services\AILayerMeshOrchestrator.cs(1506,21): warning CS1591: Missing XML comment for publicly visible type or member 'ValidationRingResult.StatisticalValidation' [C:\Users\bsval\terrafusion_os_1.0\backend\src\TerraFusion.Consciousness\TerraFusion.Consciousness.csproj]
C:\Users\bsval\terrafusion_os_1.0\backend\src\TerraFusion.Consciousness\Services\AILayerMeshOrchestrator.cs(1507,21): warning CS1591: Missing XML comment for publicly visible type or member 'ValidationRingResult.BusinessRuleValidation' [C:\Users\bsval\terrafusion_os_1.0\backend\src\TerraFusion.Consciousness\TerraFusion.Consciousness.csproj]
C:\Users\bsval\terrafusion_os_1.0\backend\src\TerraFusion.Consciousness\Services\AILayerMeshOrchestrator.cs(1508,21): warning CS1591: Missing XML comment for publicly visible type or member 'ValidationRingResult.PerformanceValidation' [C:\Users\bsval\terrafusion_os_1.0\backend\src\TerraFusion.Consciousness\TerraFusion.Consciousness.csproj]
C:\Users\bsval\terrafusion_os_1.0\backend\src\TerraFusion.Consciousness\Services\AILayerMeshOrchestrator.cs(1509,23): warning CS1591: Missing XML comment for publicly visible type or member 'ValidationRingResult.ConsensusScore' [C:\Users\bsval\terrafusion_os_1.0\backend\src\TerraFusion.Consciousness\TerraFusion.Consciousness.csproj]
C:\Users\bsval\terrafusion_os_1.0\backend\src\TerraFusion.Consciousness\Services\AILayerMeshOrchestrator.cs(1512,18): warning CS1591: Missing XML comment for publicly visible type or member 'ValidationRingSystem' [C:\Users\bsval\terrafusion_os_1.0\backend\src\TerraFusion.Consciousness\TerraFusion.Consciousness.csproj]
C:\Users\bsval\terrafusion_os_1.0\backend\src\TerraFusion.Consciousness\Services\AILayerMeshOrchestrator.cs(1514,20): warning CS1591: Missing XML comment for publicly visible type or member 'ValidationRingSystem.ActiveRings' [C:\Users\bsval\terrafusion_os_1.0\backend\src\TerraFusion.Consciousness\TerraFusion.Consciousness.csproj]
C:\Users\bsval\terrafusion_os_1.0\backend\src\TerraFusion.Consciousness\Services\AILayerMeshOrchestrator.cs(1516,27): warning CS1591: Missing XML comment for publicly visible type or member 'ValidationRingSystem.InitializeAsync()' [C:\Users\bsval\terrafusion_os_1.0\backend\src\TerraFusion.Consciousness\TerraFusion.Consciousness.csproj]
C:\Users\bsval\terrafusion_os_1.0\backend\src\TerraFusion.Consciousness\Services\AILayerMeshOrchestrator.cs(1521,49): warning CS1591: Missing XML comment for publicly visible type or member 'ValidationRingSystem.ValidateOperationAsync(string, params LayerOperationResult[])' [C:\Users\bsval\terrafusion_os_1.0\backend\src\TerraFusion.Consciousness\TerraFusion.Consciousness.csproj]
C:\Users\bsval\terrafusion_os_1.0\backend\src\TerraFusion.Consciousness\Services\AILayerMeshOrchestrator.cs(1535,59): warning CS1591: Missing XML comment for publicly visible type or member 'ValidationRingSystem.GetRingStatusesAsync()' [C:\Users\bsval\terrafusion_os_1.0\backend\src\TerraFusion.Consciousness\TerraFusion.Consciousness.csproj]
C:\Users\bsval\terrafusion_os_1.0\backend\src\TerraFusion.Consciousness\Services\AILayerMeshOrchestrator.cs(1547,55): warning CS1591: Missing XML comment for publicly visible type or member 'ValidationRingSystem.GetConfigurationAsync()' [C:\Users\bsval\terrafusion_os_1.0\backend\src\TerraFusion.Consciousness\TerraFusion.Consciousness.csproj]
C:\Users\bsval\terrafusion_os_1.0\backend\src\TerraFusion.Consciousness\Services\AILayerMeshOrchestrator.cs(1558,49): warning CS1591: Missing XML comment for publicly visible type or member 'ValidationRingSystem.ValidateRequestAsync(ValidationRequestDto)' [C:\Users\bsval\terrafusion_os_1.0\backend\src\TerraFusion.Consciousness\TerraFusion.Consciousness.csproj]
C:\Users\bsval\terrafusion_os_1.0\backend\src\TerraFusion.Consciousness\Services\AILayerMeshOrchestrator.cs(1578,18): warning CS1591: Missing XML comment for publicly visible type or member 'RingStatus' [C:\Users\bsval\terrafusion_os_1.0\backend\src\TerraFusion.Consciousness\TerraFusion.Consciousness.csproj]
C:\Users\bsval\terrafusion_os_1.0\backend\src\TerraFusion.Consciousness\Services\AILayerMeshOrchestrator.cs(1580,30): warning CS1591: Missing XML comment for publicly visible type or member 'RingStatus.IsOperational' [C:\Users\bsval\terrafusion_os_1.0\backend\src\TerraFusion.Consciousness\TerraFusion.Consciousness.csproj]
C:\Users\bsval\terrafusion_os_1.0\backend\src\TerraFusion.Consciousness\Services\AILayerMeshOrchestrator.cs(1581,29): warning CS1591: Missing XML comment for publicly visible type or member 'RingStatus.ValidationsPerMinute' [C:\Users\bsval\terrafusion_os_1.0\backend\src\TerraFusion.Consciousness\TerraFusion.Consciousness.csproj]
C:\Users\bsval\terrafusion_os_1.0\backend\src\TerraFusion.Consciousness\Services\AILayerMeshOrchestrator.cs(1582,29): warning CS1591: Missing XML comment for publicly visible type or member 'RingStatus.AverageValidationTimeMs' [C:\Users\bsval\terrafusion_os_1.0\backend\src\TerraFusion.Consciousness\TerraFusion.Consciousness.csproj]
C:\Users\bsval\terrafusion_os_1.0\backend\src\TerraFusion.Consciousness\Services\AILayerMeshOrchestrator.cs(1583,33): warning CS1591: Missing XML comment for publicly visible type or member 'RingStatus.SuccessRate' [C:\Users\bsval\terrafusion_os_1.0\backend\src\TerraFusion.Consciousness\TerraFusion.Consciousness.csproj]
C:\Users\bsval\terrafusion_os_1.0\backend\src\TerraFusion.Consciousness\Services\AILayerMeshOrchestrator.cs(1584,29): warning CS1591: Missing XML comment for publicly visible type or member 'RingStatus.ValidationsToday' [C:\Users\bsval\terrafusion_os_1.0\backend\src\TerraFusion.Consciousness\TerraFusion.Consciousness.csproj]
C:\Users\bsval\terrafusion_os_1.0\backend\src\TerraFusion.Consciousness\Services\AILayerMeshOrchestrator.cs(1585,29): warning CS1591: Missing XML comment for publicly visible type or member 'RingStatus.ActiveValidatorCount' [C:\Users\bsval\terrafusion_os_1.0\backend\src\TerraFusion.Consciousness\TerraFusion.Consciousness.csproj]
C:\Users\bsval\terrafusion_os_1.0\backend\src\TerraFusion.Consciousness\Services\AILayerMeshOrchestrator.cs(1586,33): warning CS1591: Missing XML comment for publicly visible type or member 'RingStatus.ConsensusLevel' [C:\Users\bsval\terrafusion_os_1.0\backend\src\TerraFusion.Consciousness\TerraFusion.Consciousness.csproj]
C:\Users\bsval\terrafusion_os_1.0\backend\src\TerraFusion.Consciousness\Services\AILayerMeshOrchestrator.cs(1589,18): warning CS1591: Missing XML comment for publicly visible type or member 'MeshPerformanceTracker' [C:\Users\bsval\terrafusion_os_1.0\backend\src\TerraFusion.Consciousness\TerraFusion.Consciousness.csproj]
C:\Users\bsval\terrafusion_os_1.0\backend\src\TerraFusion.Consciousness\Services\AILayerMeshOrchestrator.cs(1591,27): warning CS1591: Missing XML comment for publicly visible type or member 'MeshPerformanceTracker.InitializeAsync()' [C:\Users\bsval\terrafusion_os_1.0\backend\src\TerraFusion.Consciousness\TerraFusion.Consciousness.csproj]
C:\Users\bsval\terrafusion_os_1.0\backend\src\TerraFusion.Consciousness\Services\AILayerMeshOrchestrator.cs(1596,43): warning CS1591: Missing XML comment for publicly visible type or member 'MeshPerformanceTracker.GetOperationMetrics(string)' [C:\Users\bsval\terrafusion_os_1.0\backend\src\TerraFusion.Consciousness\TerraFusion.Consciousness.csproj]
C:\Users\bsval\terrafusion_os_1.0\backend\src\TerraFusion.Consciousness\Services\AILayerMeshOrchestrator.cs(1606,43): warning CS1591: Missing XML comment for publicly visible type or member 'MeshPerformanceTracker.GetHealthTrends()' [C:\Users\bsval\terrafusion_os_1.0\backend\src\TerraFusion.Consciousness\TerraFusion.Consciousness.csproj]
C:\Users\bsval\terrafusion_os_1.0\backend\src\TerraFusion.Consciousness\Services\AILayerMeshOrchestrator.cs(1615,60): warning CS1591: Missing XML comment for publicly visible type or member 'MeshPerformanceTracker.GetComprehensiveMetricsAsync()' [C:\Users\bsval\terrafusion_os_1.0\backend\src\TerraFusion.Consciousness\TerraFusion.Consciousness.csproj]
C:\Users\bsval\terrafusion_os_1.0\backend\src\TerraFusion.Consciousness\Services\AILayerMeshOrchestrator.cs(1632,55): warning CS1591: Missing XML comment for publicly visible type or member 'MeshPerformanceTracker.GetPostScalingMetricsAsync()' [C:\Users\bsval\terrafusion_os_1.0\backend\src\TerraFusion.Consciousness\TerraFusion.Consciousness.csproj]
C:\Users\bsval\terrafusion_os_1.0\backend\src\TerraFusion.Consciousness\Services\AILayerMeshOrchestrator.cs(1642,55): warning CS1591: Missing XML comment for publicly visible type or member 'MeshPerformanceTracker.GetConfigurationAsync()' [C:\Users\bsval\terrafusion_os_1.0\backend\src\TerraFusion.Consciousness\TerraFusion.Consciousness.csproj]
C:\Users\bsval\terrafusion_os_1.0\backend\src\TerraFusion.Consciousness\Services\AILayerMeshOrchestrator.cs(1652,55): warning CS1591: Missing XML comment for publicly visible type or member 'MeshPerformanceTracker.GetCurrentMetricsAsync()' [C:\Users\bsval\terrafusion_os_1.0\backend\src\TerraFusion.Consciousness\TerraFusion.Consciousness.csproj]
C:\Users\bsval\terrafusion_os_1.0\backend\src\TerraFusion.Consciousness\Services\AILayerMeshOrchestrator.cs(1664,55): warning CS1591: Missing XML comment for publicly visible type or member 'MeshPerformanceTracker.GetHealthTrendsAsync()' [C:\Users\bsval\terrafusion_os_1.0\backend\src\TerraFusion.Consciousness\TerraFusion.Consciousness.csproj]
C:\Users\bsval\terrafusion_os_1.0\backend\src\TerraFusion.Consciousness\Services\AILayerMeshOrchestrator.cs(1679,18): warning CS1591: Missing XML comment for publicly visible type or member 'ComprehensivePerformanceMetrics' [C:\Users\bsval\terrafusion_os_1.0\backend\src\TerraFusion.Consciousness\TerraFusion.Consciousness.csproj]
C:\Users\bsval\terrafusion_os_1.0\backend\src\TerraFusion.Consciousness\Services\AILayerMeshOrchestrator.cs(1681,52): warning CS1591: Missing XML comment for publicly visible type or member 'ComprehensivePerformanceMetrics.ThroughputMetrics' [C:\Users\bsval\terrafusion_os_1.0\backend\src\TerraFusion.Consciousness\TerraFusion.Consciousness.csproj]
C:\Users\bsval\terrafusion_os_1.0\backend\src\TerraFusion.Consciousness\Services\AILayerMeshOrchestrator.cs(1682,52): warning CS1591: Missing XML comment for publicly visible type or member 'ComprehensivePerformanceMetrics.LatencyMetrics' [C:\Users\bsval\terrafusion_os_1.0\backend\src\TerraFusion.Consciousness\TerraFusion.Consciousness.csproj]
C:\Users\bsval\terrafusion_os_1.0\backend\src\TerraFusion.Consciousness\Services\AILayerMeshOrchestrator.cs(1683,52): warning CS1591: Missing XML comment for publicly visible type or member 'ComprehensivePerformanceMetrics.ResourceUtilization' [C:\Users\bsval\terrafusion_os_1.0\backend\src\TerraFusion.Consciousness\TerraFusion.Consciousness.csproj]
C:\Users\bsval\terrafusion_os_1.0\backend\src\TerraFusion.Consciousness\Services\AILayerMeshOrchestrator.cs(1684,52): warning CS1591: Missing XML comment for publicly visible type or member 'ComprehensivePerformanceMetrics.QuantumPerformance' [C:\Users\bsval\terrafusion_os_1.0\backend\src\TerraFusion.Consciousness\TerraFusion.Consciousness.csproj]
C:\Users\bsval\terrafusion_os_1.0\backend\src\TerraFusion.Consciousness\Services\AILayerMeshOrchestrator.cs(1685,52): warning CS1591: Missing XML comment for publicly visible type or member 'ComprehensivePerformanceMetrics.ValidationPerformance' [C:\Users\bsval\terrafusion_os_1.0\backend\src\TerraFusion.Consciousness\TerraFusion.Consciousness.csproj]
C:\Users\bsval\terrafusion_os_1.0\backend\src\TerraFusion.Consciousness\Services\AILayerMeshOrchestrator.cs(1686,52): warning CS1591: Missing XML comment for publicly visible type or member 'ComprehensivePerformanceMetrics.FederationPerformance' [C:\Users\bsval\terrafusion_os_1.0\backend\src\TerraFusion.Consciousness\TerraFusion.Consciousness.csproj]
C:\Users\bsval\terrafusion_os_1.0\backend\src\TerraFusion.Consciousness\Services\AILayerMeshOrchestrator.cs(1687,33): warning CS1591: Missing XML comment for publicly visible type or member 'ComprehensivePerformanceMetrics.OverallScore' [C:\Users\bsval\terrafusion_os_1.0\backend\src\TerraFusion.Consciousness\TerraFusion.Consciousness.csproj]
C:\Users\bsval\terrafusion_os_1.0\backend\src\TerraFusion.Consciousness\Services\AILayerMeshOrchestrator.cs(1688,52): warning CS1591: Missing XML comment for publicly visible type or member 'ComprehensivePerformanceMetrics.Trends' [C:\Users\bsval\terrafusion_os_1.0\backend\src\TerraFusion.Consciousness\TerraFusion.Consciousness.csproj]
C:\Users\bsval\terrafusion_os_1.0\backend\src\TerraFusion.Consciousness\Services\AILayerMeshOrchestrator.cs(1689,38): warning CS1591: Missing XML comment for publicly visible type or member 'ComprehensivePerformanceMetrics.OptimizationRecommendations' [C:\Users\bsval\terrafusion_os_1.0\backend\src\TerraFusion.Consciousness\TerraFusion.Consciousness.csproj]
C:\Users\bsval\terrafusion_os_1.0\backend\src\TerraFusion.Consciousness\Services\AIOrchestrationService.cs(20,12): warning CS1591: Missing XML comment for publicly visible type or member 'AIOrchestrationService.AIOrchestrationService(ILogger<AIOrchestrationService>, IConsciousnessService, AILayerMeshOrchestrator, QuantumConsciousnessOrchestrator, MillionAgentService)' [C:\Users\bsval\terrafusion_os_1.0\backend\src\TerraFusion.Consciousness\TerraFusion.Consciousness.csproj]
C:\Users\bsval\terrafusion_os_1.0\backend\src\TerraFusion.Consciousness\Services\AuditAndComplianceServices.cs(18,16): warning CS1591: Missing XML comment for publicly visible type or member 'AuditLogger.AuditLogger(ILogger<AuditLogger>)' [C:\Users\bsval\terrafusion_os_1.0\backend\src\TerraFusion.Consciousness\TerraFusion.Consciousness.csproj]
C:\Users\bsval\terrafusion_os_1.0\backend\src\TerraFusion.Consciousness\Services\AuditAndComplianceServices.cs(24,27): warning CS1591: Missing XML comment for publicly visible type or member 'AuditLogger.LogAuditEventAsync(AuditEvent)' [C:\Users\bsval\terrafusion_os_1.0\backend\src\TerraFusion.Consciousness\TerraFusion.Consciousness.csproj]
C:\Users\bsval\terrafusion_os_1.0\backend\src\TerraFusion.Consciousness\Services\AuditAndComplianceServices.cs(52,45): warning CS1591: Missing XML comment for publicly visible type or member 'AuditLogger.GetAuditTrailAsync(AuditQuery)' [C:\Users\bsval\terrafusion_os_1.0\backend\src\TerraFusion.Consciousness\TerraFusion.Consciousness.csproj]
C:\Users\bsval\terrafusion_os_1.0\backend\src\TerraFusion.Consciousness\Services\AuditAndComplianceServices.cs(79,41): warning CS1591: Missing XML comment for publicly visible type or member 'AuditLogger.GetAuditSummaryAsync(DateTime, DateTime)' [C:\Users\bsval\terrafusion_os_1.0\backend\src\TerraFusion.Consciousness\TerraFusion.Consciousness.csproj]
C:\Users\bsval\terrafusion_os_1.0\backend\src\TerraFusion.Consciousness\Services\AuditAndComplianceServices.cs(132,16): warning CS1591: Missing XML comment for publicly visible type or member 'ComplianceValidator.ComplianceValidator(ILogger<ComplianceValidator>, IAuditLogger)' [C:\Users\bsval\terrafusion_os_1.0\backend\src\TerraFusion.Consciousness\TerraFusion.Consciousness.csproj]
C:\Users\bsval\terrafusion_os_1.0\backend\src\TerraFusion.Consciousness\Services\AuditAndComplianceServices.cs(275,45): warning CS1591: Missing XML comment for publicly visible type or member 'ComplianceValidator.ValidateFISMAComplianceAsync()' [C:\Users\bsval\terrafusion_os_1.0\backend\src\TerraFusion.Consciousness\TerraFusion.Consciousness.csproj]
C:\Users\bsval\terrafusion_os_1.0\backend\src\TerraFusion.Consciousness\Services\AuditAndComplianceServices.cs(318,45): warning CS1591: Missing XML comment for publicly visible type or member 'ComplianceValidator.ValidateFedRAMPComplianceAsync()' [C:\Users\bsval\terrafusion_os_1.0\backend\src\TerraFusion.Consciousness\TerraFusion.Consciousness.csproj]
C:\Users\bsval\terrafusion_os_1.0\backend\src\TerraFusion.Consciousness\Services\AuditAndComplianceServices.cs(361,45): warning CS1591: Missing XML comment for publicly visible type or member 'ComplianceValidator.ValidateSOC2ComplianceAsync()' [C:\Users\bsval\terrafusion_os_1.0\backend\src\TerraFusion.Consciousness\TerraFusion.Consciousness.csproj]
C:\Users\bsval\terrafusion_os_1.0\backend\src\TerraFusion.Consciousness\Services\AuditAndComplianceServices.cs(402,48): warning CS1591: Missing XML comment for publicly visible type or member 'ComplianceValidator.GenerateComplianceReportAsync()' [C:\Users\bsval\terrafusion_os_1.0\backend\src\TerraFusion.Consciousness\TerraFusion.Consciousness.csproj]
C:\Users\bsval\terrafusion_os_1.0\backend\src\TerraFusion.Consciousness\Services\AuditAndComplianceServices.cs(466,58): warning CS1591: Missing XML comment for publicly visible type or member 'ComplianceValidator.MonitorComplianceAsync()' [C:\Users\bsval\terrafusion_os_1.0\backend\src\TerraFusion.Consciousness\TerraFusion.Consciousness.csproj]
C:\Users\bsval\terrafusion_os_1.0\backend\src\TerraFusion.Consciousness\Services\AuditAndComplianceServices.cs(530,18): warning CS1591: Missing XML comment for publicly visible type or member 'ComplianceValidationRequest' [C:\Users\bsval\terrafusion_os_1.0\backend\src\TerraFusion.Consciousness\TerraFusion.Consciousness.csproj]
C:\Users\bsval\terrafusion_os_1.0\backend\src\TerraFusion.Consciousness\Services\AuditAndComplianceServices.cs(532,32): warning CS1591: Missing XML comment for publicly visible type or member 'ComplianceValidationRequest.OperationId' [C:\Users\bsval\terrafusion_os_1.0\backend\src\TerraFusion.Consciousness\TerraFusion.Consciousness.csproj]
C:\Users\bsval\terrafusion_os_1.0\backend\src\TerraFusion.Consciousness\Services\AuditAndComplianceServices.cs(533,32): warning CS1591: Missing XML comment for publicly visible type or member 'ComplianceValidationRequest.RequesterId' [C:\Users\bsval\terrafusion_os_1.0\backend\src\TerraFusion.Consciousness\TerraFusion.Consciousness.csproj]
C:\Users\bsval\terrafusion_os_1.0\backend\src\TerraFusion.Consciousness\Services\AuditAndComplianceServices.cs(534,32): warning CS1591: Missing XML comment for publicly visible type or member 'ComplianceValidationRequest.ComplianceFramework' [C:\Users\bsval\terrafusion_os_1.0\backend\src\TerraFusion.Consciousness\TerraFusion.Consciousness.csproj]
C:\Users\bsval\terrafusion_os_1.0\backend\src\TerraFusion.Consciousness\Services\AuditAndComplianceServices.cs(535,32): warning CS1591: Missing XML comment for publicly visible type or member 'ComplianceValidationRequest.DataClassification' [C:\Users\bsval\terrafusion_os_1.0\backend\src\TerraFusion.Consciousness\TerraFusion.Consciousness.csproj]
C:\Users\bsval\terrafusion_os_1.0\backend\src\TerraFusion.Consciousness\Services\AuditAndComplianceServices.cs(536,32): warning CS1591: Missing XML comment for publicly visible type or member 'ComplianceValidationRequest.AccessRequirements' [C:\Users\bsval\terrafusion_os_1.0\backend\src\TerraFusion.Consciousness\TerraFusion.Consciousness.csproj]
C:\Users\bsval\terrafusion_os_1.0\backend\src\TerraFusion.Consciousness\Services\AuditAndComplianceServices.cs(537,32): warning CS1591: Missing XML comment for publicly visible type or member 'ComplianceValidationRequest.AuditLevel' [C:\Users\bsval\terrafusion_os_1.0\backend\src\TerraFusion.Consciousness\TerraFusion.Consciousness.csproj]
C:\Users\bsval\terrafusion_os_1.0\backend\src\TerraFusion.Consciousness\Services\AuditAndComplianceServices.cs(538,32): warning CS1591: Missing XML comment for publicly visible type or member 'ComplianceValidationRequest.SecurityLevel' [C:\Users\bsval\terrafusion_os_1.0\backend\src\TerraFusion.Consciousness\TerraFusion.Consciousness.csproj]
C:\Users\bsval\terrafusion_os_1.0\backend\src\TerraFusion.Consciousness\Services\AuditAndComplianceServices.cs(539,32): warning CS1591: Missing XML comment for publicly visible type or member 'ComplianceValidationRequest.DataLocation' [C:\Users\bsval\terrafusion_os_1.0\backend\src\TerraFusion.Consciousness\TerraFusion.Consciousness.csproj]
C:\Users\bsval\terrafusion_os_1.0\backend\src\TerraFusion.Consciousness\Services\AuditAndComplianceServices.cs(540,32): warning CS1591: Missing XML comment for publicly visible type or member 'ComplianceValidationRequest.EncryptionLevel' [C:\Users\bsval\terrafusion_os_1.0\backend\src\TerraFusion.Consciousness\TerraFusion.Consciousness.csproj]
C:\Users\bsval\terrafusion_os_1.0\backend\src\TerraFusion.Consciousness\Services\AuditAndComplianceServices.cs(541,32): warning CS1591: Missing XML comment for publicly visible type or member 'ComplianceValidationRequest.PrivacyLevel' [C:\Users\bsval\terrafusion_os_1.0\backend\src\TerraFusion.Consciousness\TerraFusion.Consciousness.csproj]
C:\Users\bsval\terrafusion_os_1.0\backend\src\TerraFusion.Consciousness\Services\AuditAndComplianceServices.cs(542,30): warning CS1591: Missing XML comment for publicly visible type or member 'ComplianceValidationRequest.IntegrityChecks' [C:\Users\bsval\terrafusion_os_1.0\backend\src\TerraFusion.Consciousness\TerraFusion.Consciousness.csproj]
C:\Users\bsval\terrafusion_os_1.0\backend\src\TerraFusion.Consciousness\Services\AuditAndComplianceServices.cs(543,32): warning CS1591: Missing XML comment for publicly visible type or member 'ComplianceValidationRequest.AvailabilityLevel' [C:\Users\bsval\terrafusion_os_1.0\backend\src\TerraFusion.Consciousness\TerraFusion.Consciousness.csproj]
C:\Users\bsval\terrafusion_os_1.0\backend\src\TerraFusion.Consciousness\Services\BentonCountyDataService.cs(44,16): warning CS1591: Missing XML comment for publicly visible type or member 'BentonCountyDataService.BentonCountyDataService(ILogger<BentonCountyDataService>, IConfiguration, TerraFusionContext, HttpClient)' [C:\Users\bsval\terrafusion_os_1.0\backend\src\TerraFusion.Consciousness\TerraFusion.Consciousness.csproj]
C:\Users\bsval\terrafusion_os_1.0\backend\src\TerraFusion.Consciousness\Services\BentonCountyDataService.cs(67,64): warning CS1591: Missing XML comment for publicly visible type or member 'BentonCountyDataService.InitializeAsync()' [C:\Users\bsval\terrafusion_os_1.0\backend\src\TerraFusion.Consciousness\TerraFusion.Consciousness.csproj]
C:\Users\bsval\terrafusion_os_1.0\backend\src\TerraFusion.Consciousness\Services\BentonCountyDataService.cs(125,54): warning CS1591: Missing XML comment for publicly visible type or member 'BentonCountyDataService.GetPropertyAssessmentDataAsync(PropertyDataRequestDto)' [C:\Users\bsval\terrafusion_os_1.0\backend\src\TerraFusion.Consciousness\TerraFusion.Consciousness.csproj]
C:\Users\bsval\terrafusion_os_1.0\backend\src\TerraFusion.Consciousness\Services\BentonCountyDataService.cs(238,51): warning CS1591: Missing XML comment for publicly visible type or member 'BentonCountyDataService.GetCitizenServicesDataAsync(CitizenServicesRequestDto)' [C:\Users\bsval\terrafusion_os_1.0\backend\src\TerraFusion.Consciousness\TerraFusion.Consciousness.csproj]
C:\Users\bsval\terrafusion_os_1.0\backend\src\TerraFusion.Consciousness\Services\BentonCountyDataService.cs(324,53): warning CS1591: Missing XML comment for publicly visible type or member 'BentonCountyDataService.GetEmergencyResponseDataAsync(EmergencyDataRequestDto)' [C:\Users\bsval\terrafusion_os_1.0\backend\src\TerraFusion.Consciousness\TerraFusion.Consciousness.csproj]
C:\Users\bsval\terrafusion_os_1.0\backend\src\TerraFusion.Consciousness\Services\BentonCountyDataService.cs(415,54): warning CS1591: Missing XML comment for publicly visible type or member 'BentonCountyDataService.SyncWithBentonCountyAsync()' [C:\Users\bsval\terrafusion_os_1.0\backend\src\TerraFusion.Consciousness\TerraFusion.Consciousness.csproj]
C:\Users\bsval\terrafusion_os_1.0\backend\src\TerraFusion.Consciousness\Services\HybridConsciousnessManager.cs(20,16): warning CS1591: Missing XML comment for publicly visible type or member 'HybridConsciousnessManager.HybridConsciousnessManager(ILogger<HybridConsciousnessManager>, IConsciousnessService, IServiceProvider, IAILayerMeshOrchestrator)' [C:\Users\bsval\terrafusion_os_1.0\backend\src\TerraFusion.Consciousness\TerraFusion.Consciousness.csproj]
C:\Users\bsval\terrafusion_os_1.0\backend\src\TerraFusion.Consciousness\Services\HybridConsciousnessManager.cs(272,55): warning CS1591: Missing XML comment for publicly visible type or member 'HybridConsciousnessManager.InitializeAsync()' [C:\Users\bsval\terrafusion_os_1.0\backend\src\TerraFusion.Consciousness\TerraFusion.Consciousness.csproj]
C:\Users\bsval\terrafusion_os_1.0\backend\src\TerraFusion.Consciousness\Services\HybridConsciousnessManager.cs(313,80): warning CS1591: Missing XML comment for publicly visible type or member 'HybridConsciousnessManager.GetConsciousnessDataAsync()' [C:\Users\bsval\terrafusion_os_1.0\backend\src\TerraFusion.Consciousness\TerraFusion.Consciousness.csproj]
C:\Users\bsval\terrafusion_os_1.0\backend\src\TerraFusion.Consciousness\Services\HybridConsciousnessManager.cs(350,57): warning CS1591: Missing XML comment for publicly visible type or member 'HybridConsciousnessManager.GetEnhancedConsciousnessDataAsync()' [C:\Users\bsval\terrafusion_os_1.0\backend\src\TerraFusion.Consciousness\TerraFusion.Consciousness.csproj]
C:\Users\bsval\terrafusion_os_1.0\backend\src\TerraFusion.Consciousness\Services\HybridConsciousnessManager.cs(389,55): warning CS1591: Missing XML comment for publicly visible type or member 'HybridConsciousnessManager.SwitchConsciousnessModeAsync(ConsciousnessModeRequestDto)' [C:\Users\bsval\terrafusion_os_1.0\backend\src\TerraFusion.Consciousness\TerraFusion.Consciousness.csproj]
C:\Users\bsval\terrafusion_os_1.0\backend\src\TerraFusion.Consciousness\Services\HybridConsciousnessManager.cs(451,50): warning CS1591: Missing XML comment for publicly visible type or member 'HybridConsciousnessManager.GetHybridSystemStatusAsync()' [C:\Users\bsval\terrafusion_os_1.0\backend\src\TerraFusion.Consciousness\TerraFusion.Consciousness.csproj]
C:\Users\bsval\terrafusion_os_1.0\backend\src\TerraFusion.Consciousness\Services\HybridConsciousnessManager.cs(502,18): warning CS1591: Missing XML comment for publicly visible type or member 'HybridSession' [C:\Users\bsval\terrafusion_os_1.0\backend\src\TerraFusion.Consciousness\TerraFusion.Consciousness.csproj]
C:\Users\bsval\terrafusion_os_1.0\backend\src\TerraFusion.Consciousness\Services\HybridConsciousnessManager.cs(504,32): warning CS1591: Missing XML comment for publicly visible type or member 'HybridSession.SessionId' [C:\Users\bsval\terrafusion_os_1.0\backend\src\TerraFusion.Consciousness\TerraFusion.Consciousness.csproj]
C:\Users\bsval\terrafusion_os_1.0\backend\src\TerraFusion.Consciousness\Services\HybridConsciousnessManager.cs(505,32): warning CS1591: Missing XML comment for publicly visible type or member 'HybridSession.SessionType' [C:\Users\bsval\terrafusion_os_1.0\backend\src\TerraFusion.Consciousness\TerraFusion.Consciousness.csproj]
C:\Users\bsval\terrafusion_os_1.0\backend\src\TerraFusion.Consciousness\Services\HybridConsciousnessManager.cs(506,34): warning CS1591: Missing XML comment for publicly visible type or member 'HybridSession.StartTime' [C:\Users\bsval\terrafusion_os_1.0\backend\src\TerraFusion.Consciousness\TerraFusion.Consciousness.csproj]
C:\Users\bsval\terrafusion_os_1.0\backend\src\TerraFusion.Consciousness\Services\HybridConsciousnessManager.cs(507,30): warning CS1591: Missing XML comment for publicly visible type or member 'HybridSession.IsActive' [C:\Users\bsval\terrafusion_os_1.0\backend\src\TerraFusion.Consciousness\TerraFusion.Consciousness.csproj]
C:\Users\bsval\terrafusion_os_1.0\backend\src\TerraFusion.Consciousness\Services\HybridConsciousnessManager.cs(508,29): warning CS1591: Missing XML comment for publicly visible type or member 'HybridSession.ParticipantCount' [C:\Users\bsval\terrafusion_os_1.0\backend\src\TerraFusion.Consciousness\TerraFusion.Consciousness.csproj]
C:\Users\bsval\terrafusion_os_1.0\backend\src\TerraFusion.Consciousness\Services\HybridConsciousnessManager.cs(509,32): warning CS1591: Missing XML comment for publicly visible type or member 'HybridSession.ConsciousnessLevel' [C:\Users\bsval\terrafusion_os_1.0\backend\src\TerraFusion.Consciousness\TerraFusion.Consciousness.csproj]
C:\Users\bsval\terrafusion_os_1.0\backend\src\TerraFusion.Consciousness\Services\HybridConsciousnessManager.cs(510,21): warning CS1591: Missing XML comment for publicly visible type or member 'HybridSession.QuantumEnabled' [C:\Users\bsval\terrafusion_os_1.0\backend\src\TerraFusion.Consciousness\TerraFusion.Consciousness.csproj]
C:\Users\bsval\terrafusion_os_1.0\backend\src\TerraFusion.Consciousness\Services\HybridConsciousnessManager.cs(511,21): warning CS1591: Missing XML comment for publicly visible type or member 'HybridSession.MeshEnabled' [C:\Users\bsval\terrafusion_os_1.0\backend\src\TerraFusion.Consciousness\TerraFusion.Consciousness.csproj]
C:\Users\bsval\terrafusion_os_1.0\backend\src\TerraFusion.Consciousness\Services\HybridConsciousnessManager.cs(512,20): warning CS1591: Missing XML comment for publicly visible type or member 'HybridSession.OperationCount' [C:\Users\bsval\terrafusion_os_1.0\backend\src\TerraFusion.Consciousness\TerraFusion.Consciousness.csproj]
C:\Users\bsval\terrafusion_os_1.0\backend\src\TerraFusion.Consciousness\Services\HybridConsciousnessManager.cs(513,20): warning CS1591: Missing XML comment for publicly visible type or member 'HybridSession.CompletedOperationCount' [C:\Users\bsval\terrafusion_os_1.0\backend\src\TerraFusion.Consciousness\TerraFusion.Consciousness.csproj]
C:\Users\bsval\terrafusion_os_1.0\backend\src\TerraFusion.Consciousness\Services\HybridConsciousnessManager.cs(514,26): warning CS1591: Missing XML comment for publicly visible type or member 'HybridSession.LastActivity' [C:\Users\bsval\terrafusion_os_1.0\backend\src\TerraFusion.Consciousness\TerraFusion.Consciousness.csproj]
C:\Users\bsval\terrafusion_os_1.0\backend\src\TerraFusion.Consciousness\Services\HybridConsciousnessManager.cs(517,18): warning CS1591: Missing XML comment for publicly visible type or member 'HybridSessionRequest' [C:\Users\bsval\terrafusion_os_1.0\backend\src\TerraFusion.Consciousness\TerraFusion.Consciousness.csproj]
C:\Users\bsval\terrafusion_os_1.0\backend\src\TerraFusion.Consciousness\Services\HybridConsciousnessManager.cs(519,32): warning CS1591: Missing XML comment for publicly visible type or member 'HybridSessionRequest.SessionId' [C:\Users\bsval\terrafusion_os_1.0\backend\src\TerraFusion.Consciousness\TerraFusion.Consciousness.csproj]
C:\Users\bsval\terrafusion_os_1.0\backend\src\TerraFusion.Consciousness\Services\HybridConsciousnessManager.cs(520,32): warning CS1591: Missing XML comment for publicly visible type or member 'HybridSessionRequest.SessionType' [C:\Users\bsval\terrafusion_os_1.0\backend\src\TerraFusion.Consciousness\TerraFusion.Consciousness.csproj]
C:\Users\bsval\terrafusion_os_1.0\backend\src\TerraFusion.Consciousness\Services\HybridConsciousnessManager.cs(521,29): warning CS1591: Missing XML comment for publicly visible type or member 'HybridSessionRequest.ParticipantCount' [C:\Users\bsval\terrafusion_os_1.0\backend\src\TerraFusion.Consciousness\TerraFusion.Consciousness.csproj]
C:\Users\bsval\terrafusion_os_1.0\backend\src\TerraFusion.Consciousness\Services\HybridConsciousnessManager.cs(522,32): warning CS1591: Missing XML comment for publicly visible type or member 'HybridSessionRequest.ConsciousnessLevel' [C:\Users\bsval\terrafusion_os_1.0\backend\src\TerraFusion.Consciousness\TerraFusion.Consciousness.csproj]
C:\Users\bsval\terrafusion_os_1.0\backend\src\TerraFusion.Consciousness\Services\HybridConsciousnessManager.cs(523,21): warning CS1591: Missing XML comment for publicly visible type or member 'HybridSessionRequest.RequireQuantumConsciousness' [C:\Users\bsval\terrafusion_os_1.0\backend\src\TerraFusion.Consciousness\TerraFusion.Consciousness.csproj]
C:\Users\bsval\terrafusion_os_1.0\backend\src\TerraFusion.Consciousness\Services\HybridConsciousnessManager.cs(524,21): warning CS1591: Missing XML comment for publicly visible type or member 'HybridSessionRequest.RequireMeshOrchestration' [C:\Users\bsval\terrafusion_os_1.0\backend\src\TerraFusion.Consciousness\TerraFusion.Consciousness.csproj]
C:\Users\bsval\terrafusion_os_1.0\backend\src\TerraFusion.Consciousness\Services\HybridConsciousnessManager.cs(527,18): warning CS1591: Missing XML comment for publicly visible type or member 'HybridSessionResult' [C:\Users\bsval\terrafusion_os_1.0\backend\src\TerraFusion.Consciousness\TerraFusion.Consciousness.csproj]
C:\Users\bsval\terrafusion_os_1.0\backend\src\TerraFusion.Consciousness\Services\HybridConsciousnessManager.cs(529,30): warning CS1591: Missing XML comment for publicly visible type or member 'HybridSessionResult.Success' [C:\Users\bsval\terrafusion_os_1.0\backend\src\TerraFusion.Consciousness\TerraFusion.Consciousness.csproj]
C:\Users\bsval\terrafusion_os_1.0\backend\src\TerraFusion.Consciousness\Services\HybridConsciousnessManager.cs(530,32): warning CS1591: Missing XML comment for publicly visible type or member 'HybridSessionResult.SessionId' [C:\Users\bsval\terrafusion_os_1.0\backend\src\TerraFusion.Consciousness\TerraFusion.Consciousness.csproj]
C:\Users\bsval\terrafusion_os_1.0\backend\src\TerraFusion.Consciousness\Services\HybridConsciousnessManager.cs(531,31): warning CS1591: Missing XML comment for publicly visible type or member 'HybridSessionResult.Session' [C:\Users\bsval\terrafusion_os_1.0\backend\src\TerraFusion.Consciousness\TerraFusion.Consciousness.csproj]
C:\Users\bsval\terrafusion_os_1.0\backend\src\TerraFusion.Consciousness\Services\HybridConsciousnessManager.cs(532,32): warning CS1591: Missing XML comment for publicly visible type or member 'HybridSessionResult.Message' [C:\Users\bsval\terrafusion_os_1.0\backend\src\TerraFusion.Consciousness\TerraFusion.Consciousness.csproj]
C:\Users\bsval\terrafusion_os_1.0\backend\src\TerraFusion.Consciousness\Services\HybridConsciousnessManager.cs(535,18): warning CS1591: Missing XML comment for publicly visible type or member 'HybridOperationRequest' [C:\Users\bsval\terrafusion_os_1.0\backend\src\TerraFusion.Consciousness\TerraFusion.Consciousness.csproj]
C:\Users\bsval\terrafusion_os_1.0\backend\src\TerraFusion.Consciousness\Services\HybridConsciousnessManager.cs(537,32): warning CS1591: Missing XML comment for publicly visible type or member 'HybridOperationRequest.OperationId' [C:\Users\bsval\terrafusion_os_1.0\backend\src\TerraFusion.Consciousness\TerraFusion.Consciousness.csproj]
C:\Users\bsval\terrafusion_os_1.0\backend\src\TerraFusion.Consciousness\Services\HybridConsciousnessManager.cs(538,32): warning CS1591: Missing XML comment for publicly visible type or member 'HybridOperationRequest.SessionId' [C:\Users\bsval\terrafusion_os_1.0\backend\src\TerraFusion.Consciousness\TerraFusion.Consciousness.csproj]
C:\Users\bsval\terrafusion_os_1.0\backend\src\TerraFusion.Consciousness\Services\HybridConsciousnessManager.cs(539,32): warning CS1591: Missing XML comment for publicly visible type or member 'HybridOperationRequest.OperationType' [C:\Users\bsval\terrafusion_os_1.0\backend\src\TerraFusion.Consciousness\TerraFusion.Consciousness.csproj]
C:\Users\bsval\terrafusion_os_1.0\backend\src\TerraFusion.Consciousness\Services\HybridConsciousnessManager.cs(540,52): warning CS1591: Missing XML comment for publicly visible type or member 'HybridOperationRequest.Parameters' [C:\Users\bsval\terrafusion_os_1.0\backend\src\TerraFusion.Consciousness\TerraFusion.Consciousness.csproj]
C:\Users\bsval\terrafusion_os_1.0\backend\src\TerraFusion.Consciousness\Services\HybridConsciousnessManager.cs(541,29): warning CS1591: Missing XML comment for publicly visible type or member 'HybridOperationRequest.Priority' [C:\Users\bsval\terrafusion_os_1.0\backend\src\TerraFusion.Consciousness\TerraFusion.Consciousness.csproj]
C:\Users\bsval\terrafusion_os_1.0\backend\src\TerraFusion.Consciousness\Services\HybridConsciousnessManager.cs(542,30): warning CS1591: Missing XML comment for publicly visible type or member 'HybridOperationRequest.RequireQuantumProcessing' [C:\Users\bsval\terrafusion_os_1.0\backend\src\TerraFusion.Consciousness\TerraFusion.Consciousness.csproj]
C:\Users\bsval\terrafusion_os_1.0\backend\src\TerraFusion.Consciousness\Services\HybridConsciousnessManager.cs(543,32): warning CS1591: Missing XML comment for publicly visible type or member 'HybridOperationRequest.FusionStrategy' [C:\Users\bsval\terrafusion_os_1.0\backend\src\TerraFusion.Consciousness\TerraFusion.Consciousness.csproj]
C:\Users\bsval\terrafusion_os_1.0\backend\src\TerraFusion.Consciousness\Services\HybridConsciousnessManager.cs(546,18): warning CS1591: Missing XML comment for publicly visible type or member 'HybridOperationResult' [C:\Users\bsval\terrafusion_os_1.0\backend\src\TerraFusion.Consciousness\TerraFusion.Consciousness.csproj]
C:\Users\bsval\terrafusion_os_1.0\backend\src\TerraFusion.Consciousness\Services\HybridConsciousnessManager.cs(548,30): warning CS1591: Missing XML comment for publicly visible type or member 'HybridOperationResult.Success' [C:\Users\bsval\terrafusion_os_1.0\backend\src\TerraFusion.Consciousness\TerraFusion.Consciousness.csproj]
C:\Users\bsval\terrafusion_os_1.0\backend\src\TerraFusion.Consciousness\Services\HybridConsciousnessManager.cs(549,32): warning CS1591: Missing XML comment for publicly visible type or member 'HybridOperationResult.OperationId' [C:\Users\bsval\terrafusion_os_1.0\backend\src\TerraFusion.Consciousness\TerraFusion.Consciousness.csproj]
C:\Users\bsval\terrafusion_os_1.0\backend\src\TerraFusion.Consciousness\Services\HybridConsciousnessManager.cs(550,32): warning CS1591: Missing XML comment for publicly visible type or member 'HybridOperationResult.SessionId' [C:\Users\bsval\terrafusion_os_1.0\backend\src\TerraFusion.Consciousness\TerraFusion.Consciousness.csproj]
C:\Users\bsval\terrafusion_os_1.0\backend\src\TerraFusion.Consciousness\Services\HybridConsciousnessManager.cs(551,52): warning CS1591: Missing XML comment for publicly visible type or member 'HybridOperationResult.Results' [C:\Users\bsval\terrafusion_os_1.0\backend\src\TerraFusion.Consciousness\TerraFusion.Consciousness.csproj]
C:\Users\bsval\terrafusion_os_1.0\backend\src\TerraFusion.Consciousness\Services\HybridConsciousnessManager.cs(552,34): warning CS1591: Missing XML comment for publicly visible type or member 'HybridOperationResult.ProcessingTime' [C:\Users\bsval\terrafusion_os_1.0\backend\src\TerraFusion.Consciousness\TerraFusion.Consciousness.csproj]
C:\Users\bsval\terrafusion_os_1.0\backend\src\TerraFusion.Consciousness\Services\HybridConsciousnessManager.cs(553,24): warning CS1591: Missing XML comment for publicly visible type or member 'HybridOperationResult.ErrorMessage' [C:\Users\bsval\terrafusion_os_1.0\backend\src\TerraFusion.Consciousness\TerraFusion.Consciousness.csproj]
C:\Users\bsval\terrafusion_os_1.0\backend\src\TerraFusion.Consciousness\Services\HybridConsciousnessManager.cs(556,18): warning CS1591: Missing XML comment for publicly visible type or member 'HybridScalingRequest' [C:\Users\bsval\terrafusion_os_1.0\backend\src\TerraFusion.Consciousness\TerraFusion.Consciousness.csproj]
C:\Users\bsval\terrafusion_os_1.0\backend\src\TerraFusion.Consciousness\Services\HybridConsciousnessManager.cs(558,32): warning CS1591: Missing XML comment for publicly visible type or member 'HybridScalingRequest.SessionId' [C:\Users\bsval\terrafusion_os_1.0\backend\src\TerraFusion.Consciousness\TerraFusion.Consciousness.csproj]
C:\Users\bsval\terrafusion_os_1.0\backend\src\TerraFusion.Consciousness\Services\HybridConsciousnessManager.cs(559,32): warning CS1591: Missing XML comment for publicly visible type or member 'HybridScalingRequest.ScalingType' [C:\Users\bsval\terrafusion_os_1.0\backend\src\TerraFusion.Consciousness\TerraFusion.Consciousness.csproj]
C:\Users\bsval\terrafusion_os_1.0\backend\src\TerraFusion.Consciousness\Services\HybridConsciousnessManager.cs(560,29): warning CS1591: Missing XML comment for publicly visible type or member 'HybridScalingRequest.TargetCapacity' [C:\Users\bsval\terrafusion_os_1.0\backend\src\TerraFusion.Consciousness\TerraFusion.Consciousness.csproj]
C:\Users\bsval\terrafusion_os_1.0\backend\src\TerraFusion.Consciousness\Services\HybridConsciousnessManager.cs(561,52): warning CS1591: Missing XML comment for publicly visible type or member 'HybridScalingRequest.ScalingParameters' [C:\Users\bsval\terrafusion_os_1.0\backend\src\TerraFusion.Consciousness\TerraFusion.Consciousness.csproj]
C:\Users\bsval\terrafusion_os_1.0\backend\src\TerraFusion.Consciousness\Services\HybridConsciousnessManager.cs(564,18): warning CS1591: Missing XML comment for publicly visible type or member 'HybridScalingResult' [C:\Users\bsval\terrafusion_os_1.0\backend\src\TerraFusion.Consciousness\TerraFusion.Consciousness.csproj]
C:\Users\bsval\terrafusion_os_1.0\backend\src\TerraFusion.Consciousness\Services\HybridConsciousnessManager.cs(566,30): warning CS1591: Missing XML comment for publicly visible type or member 'HybridScalingResult.Success' [C:\Users\bsval\terrafusion_os_1.0\backend\src\TerraFusion.Consciousness\TerraFusion.Consciousness.csproj]
C:\Users\bsval\terrafusion_os_1.0\backend\src\TerraFusion.Consciousness\Services\HybridConsciousnessManager.cs(567,32): warning CS1591: Missing XML comment for publicly visible type or member 'HybridScalingResult.SessionId' [C:\Users\bsval\terrafusion_os_1.0\backend\src\TerraFusion.Consciousness\TerraFusion.Consciousness.csproj]
C:\Users\bsval\terrafusion_os_1.0\backend\src\TerraFusion.Consciousness\Services\HybridConsciousnessManager.cs(568,52): warning CS1591: Missing XML comment for publicly visible type or member 'HybridScalingResult.ScalingResults' [C:\Users\bsval\terrafusion_os_1.0\backend\src\TerraFusion.Consciousness\TerraFusion.Consciousness.csproj]
C:\Users\bsval\terrafusion_os_1.0\backend\src\TerraFusion.Consciousness\Services\HybridConsciousnessManager.cs(569,29): warning CS1591: Missing XML comment for publicly visible type or member 'HybridScalingResult.NewCapacity' [C:\Users\bsval\terrafusion_os_1.0\backend\src\TerraFusion.Consciousness\TerraFusion.Consciousness.csproj]
C:\Users\bsval\terrafusion_os_1.0\backend\src\TerraFusion.Consciousness\Services\HybridConsciousnessManager.cs(570,24): warning CS1591: Missing XML comment for publicly visible type or member 'HybridScalingResult.ErrorMessage' [C:\Users\bsval\terrafusion_os_1.0\backend\src\TerraFusion.Consciousness\TerraFusion.Consciousness.csproj]
C:\Users\bsval\terrafusion_os_1.0\backend\src\TerraFusion.Consciousness\Services\HybridConsciousnessManager.cs(573,18): warning CS1591: Missing XML comment for publicly visible type or member 'HybridMetricsDto' [C:\Users\bsval\terrafusion_os_1.0\backend\src\TerraFusion.Consciousness\TerraFusion.Consciousness.csproj]
C:\Users\bsval\terrafusion_os_1.0\backend\src\TerraFusion.Consciousness\Services\HybridConsciousnessManager.cs(575,32): warning CS1591: Missing XML comment for publicly visible type or member 'HybridMetricsDto.SessionId' [C:\Users\bsval\terrafusion_os_1.0\backend\src\TerraFusion.Consciousness\TerraFusion.Consciousness.csproj]
C:\Users\bsval\terrafusion_os_1.0\backend\src\TerraFusion.Consciousness\Services\HybridConsciousnessManager.cs(576,34): warning CS1591: Missing XML comment for publicly visible type or member 'HybridMetricsDto.SessionUptime' [C:\Users\bsval\terrafusion_os_1.0\backend\src\TerraFusion.Consciousness\TerraFusion.Consciousness.csproj]
C:\Users\bsval\terrafusion_os_1.0\backend\src\TerraFusion.Consciousness\Services\HybridConsciousnessManager.cs(577,29): warning CS1591: Missing XML comment for publicly visible type or member 'HybridMetricsDto.OperationCount' [C:\Users\bsval\terrafusion_os_1.0\backend\src\TerraFusion.Consciousness\TerraFusion.Consciousness.csproj]
C:\Users\bsval\terrafusion_os_1.0\backend\src\TerraFusion.Consciousness\Services\HybridConsciousnessManager.cs(578,32): warning CS1591: Missing XML comment for publicly visible type or member 'HybridMetricsDto.ConsciousnessHealth' [C:\Users\bsval\terrafusion_os_1.0\backend\src\TerraFusion.Consciousness\TerraFusion.Consciousness.csproj]
C:\Users\bsval\terrafusion_os_1.0\backend\src\TerraFusion.Consciousness\Services\HybridConsciousnessManager.cs(579,30): warning CS1591: Missing XML comment for publicly visible type or member 'HybridMetricsDto.QuantumEnabled' [C:\Users\bsval\terrafusion_os_1.0\backend\src\TerraFusion.Consciousness\TerraFusion.Consciousness.csproj]
C:\Users\bsval\terrafusion_os_1.0\backend\src\TerraFusion.Consciousness\Services\HybridConsciousnessManager.cs(580,30): warning CS1591: Missing XML comment for publicly visible type or member 'HybridMetricsDto.MeshEnabled' [C:\Users\bsval\terrafusion_os_1.0\backend\src\TerraFusion.Consciousness\TerraFusion.Consciousness.csproj]
C:\Users\bsval\terrafusion_os_1.0\backend\src\TerraFusion.Consciousness\Services\HybridConsciousnessManager.cs(581,29): warning CS1591: Missing XML comment for publicly visible type or member 'HybridMetricsDto.ParticipantCount' [C:\Users\bsval\terrafusion_os_1.0\backend\src\TerraFusion.Consciousness\TerraFusion.Consciousness.csproj]
C:\Users\bsval\terrafusion_os_1.0\backend\src\TerraFusion.Consciousness\Services\HybridConsciousnessManager.cs(582,26): warning CS1591: Missing XML comment for publicly visible type or member 'HybridMetricsDto.LastActivity' [C:\Users\bsval\terrafusion_os_1.0\backend\src\TerraFusion.Consciousness\TerraFusion.Consciousness.csproj]
C:\Users\bsval\terrafusion_os_1.0\backend\src\TerraFusion.Consciousness\Services\LegacyConsciousnessService.cs(18,16): warning CS1591: Missing XML comment for publicly visible type or member 'LegacyConsciousnessService.LegacyConsciousnessService(ILogger<LegacyConsciousnessService>)' [C:\Users\bsval\terrafusion_os_1.0\backend\src\TerraFusion.Consciousness\TerraFusion.Consciousness.csproj]
C:\Users\bsval\terrafusion_os_1.0\backend\src\TerraFusion.Consciousness\Services\LegacyConsciousnessService.cs(23,62): warning CS1591: Missing XML comment for publicly visible type or member 'LegacyConsciousnessService.InitializeAsync(CancellationToken)' [C:\Users\bsval\terrafusion_os_1.0\backend\src\TerraFusion.Consciousness\TerraFusion.Consciousness.csproj]
C:\Users\bsval\terrafusion_os_1.0\backend\src\TerraFusion.Consciousness\Services\LegacyConsciousnessService.cs(42,57): warning CS1591: Missing XML comment for publicly visible type or member 'LegacyConsciousnessService.ExecuteConsciousnessOperationAsync(ConsciousnessOperationRequest, CancellationToken)' [C:\Users\bsval\terrafusion_os_1.0\backend\src\TerraFusion.Consciousness\TerraFusion.Consciousness.csproj]
C:\Users\bsval\terrafusion_os_1.0\backend\src\TerraFusion.Consciousness\Services\LegacyConsciousnessService.cs(70,51): warning CS1591: Missing XML comment for publicly visible type or member 'LegacyConsciousnessService.GetConsciousnessHealthAsync(CancellationToken)' [C:\Users\bsval\terrafusion_os_1.0\backend\src\TerraFusion.Consciousness\TerraFusion.Consciousness.csproj]
C:\Users\bsval\terrafusion_os_1.0\backend\src\TerraFusion.Consciousness\Services\LegacyConsciousnessService.cs(89,53): warning CS1591: Missing XML comment for publicly visible type or member 'LegacyConsciousnessService.OrchestrateLayers(LayerOrchestrationRequest, CancellationToken)' [C:\Users\bsval\terrafusion_os_1.0\backend\src\TerraFusion.Consciousness\TerraFusion.Consciousness.csproj]
C:\Users\bsval\terrafusion_os_1.0\backend\src\TerraFusion.Consciousness\Services\LegacyConsciousnessService.cs(110,42): warning CS1591: Missing XML comment for publicly visible type or member 'LegacyConsciousnessService.ScaleConsciousnessAsync(ScalingRequest, CancellationToken)' [C:\Users\bsval\terrafusion_os_1.0\backend\src\TerraFusion.Consciousness\TerraFusion.Consciousness.csproj]
C:\Users\bsval\terrafusion_os_1.0\backend\src\TerraFusion.Consciousness\Services\LegacyConsciousnessService.cs(124,58): warning CS1591: Missing XML comment for publicly visible type or member 'LegacyConsciousnessService.ValidateSystemIntegrityAsync(CancellationToken)' [C:\Users\bsval\terrafusion_os_1.0\backend\src\TerraFusion.Consciousness\TerraFusion.Consciousness.csproj]
C:\Users\bsval\terrafusion_os_1.0\backend\src\TerraFusion.Consciousness\Services\MillionAgentService.cs(28,16): warning CS1591: Missing XML comment for publicly visible type or member 'MillionAgentService.MillionAgentService(ILogger<MillionAgentService>, IConfiguration)' [C:\Users\bsval\terrafusion_os_1.0\backend\src\TerraFusion.Consciousness\TerraFusion.Consciousness.csproj]
C:\Users\bsval\terrafusion_os_1.0\backend\src\TerraFusion.Consciousness\Services\MillionAgentService.cs(39,64): warning CS1591: Missing XML comment for publicly visible type or member 'MillionAgentService.InitializeAsync()' [C:\Users\bsval\terrafusion_os_1.0\backend\src\TerraFusion.Consciousness\TerraFusion.Consciousness.csproj]
C:\Users\bsval\terrafusion_os_1.0\backend\src\TerraFusion.Consciousness\Services\MillionAgentService.cs(111,57): warning CS1591: Missing XML comment for publicly visible type or member 'MillionAgentService.ScaleToAgentsAsync(int)' [C:\Users\bsval\terrafusion_os_1.0\backend\src\TerraFusion.Consciousness\TerraFusion.Consciousness.csproj]
C:\Users\bsval\terrafusion_os_1.0\backend\src\TerraFusion.Consciousness\Services\MillionAgentService.cs(176,59): warning CS1591: Missing XML comment for publicly visible type or member 'MillionAgentService.ExecuteCoordinatedOperationsAsync(CoordinatedOperationRequestDto)' [C:\Users\bsval\terrafusion_os_1.0\backend\src\TerraFusion.Consciousness\TerraFusion.Consciousness.csproj]
C:\Users\bsval\terrafusion_os_1.0\backend\src\TerraFusion.Consciousness\Services\MillionAgentService.cs(283,50): warning CS1591: Missing XML comment for publicly visible type or member 'MillionAgentService.GetSystemStatusAsync()' [C:\Users\bsval\terrafusion_os_1.0\backend\src\TerraFusion.Consciousness\TerraFusion.Consciousness.csproj]
C:\Users\bsval\terrafusion_os_1.0\backend\src\TerraFusion.Consciousness\Services\MillionAgentService.cs(368,66): warning CS1591: Missing XML comment for publicly visible type or member 'MillionAgentService.OptimizeQuantumCoherenceAsync()' [C:\Users\bsval\terrafusion_os_1.0\backend\src\TerraFusion.Consciousness\TerraFusion.Consciousness.csproj]
C:\Users\bsval\terrafusion_os_1.0\backend\src\TerraFusion.Consciousness\Services\MultiCountyDataService.cs(45,16): warning CS1591: Missing XML comment for publicly visible type or member 'MultiCountyDataService.MultiCountyDataService(ILogger<MultiCountyDataService>, IConfiguration, HttpClient, IBentonCountyDataService)' [C:\Users\bsval\terrafusion_os_1.0\backend\src\TerraFusion.Consciousness\TerraFusion.Consciousness.csproj]
C:\Users\bsval\terrafusion_os_1.0\backend\src\TerraFusion.Consciousness\Services\MultiCountyDataService.cs(65,60): warning CS1591: Missing XML comment for publicly visible type or member 'MultiCountyDataService.InitializeAsync()' [C:\Users\bsval\terrafusion_os_1.0\backend\src\TerraFusion.Consciousness\TerraFusion.Consciousness.csproj]
C:\Users\bsval\terrafusion_os_1.0\backend\src\TerraFusion.Consciousness\Services\MultiCountyDataService.cs(119,54): warning CS1591: Missing XML comment for publicly visible type or member 'MultiCountyDataService.AddCountyDataSourceAsync(CountyDataSourceRequestDto)' [C:\Users\bsval\terrafusion_os_1.0\backend\src\TerraFusion.Consciousness\TerraFusion.Consciousness.csproj]
C:\Users\bsval\terrafusion_os_1.0\backend\src\TerraFusion.Consciousness\Services\MultiCountyDataService.cs(220,49): warning CS1591: Missing XML comment for publicly visible type or member 'MultiCountyDataService.GetAvailableCountiesAsync()' [C:\Users\bsval\terrafusion_os_1.0\backend\src\TerraFusion.Consciousness\TerraFusion.Consciousness.csproj]
C:\Users\bsval\terrafusion_os_1.0\backend\src\TerraFusion.Consciousness\Services\MultiCountyDataService.cs(289,52): warning CS1591: Missing XML comment for publicly visible type or member 'MultiCountyDataService.GetAggregatedCountyDataAsync(AggregatedDataRequestDto)' [C:\Users\bsval\terrafusion_os_1.0\backend\src\TerraFusion.Consciousness\TerraFusion.Consciousness.csproj]
C:\Users\bsval\terrafusion_os_1.0\backend\src\TerraFusion.Consciousness\Services\MultiCountyDataService.cs(359,49): warning CS1591: Missing XML comment for publicly visible type or member 'MultiCountyDataService.SyncAllCountyDataAsync()' [C:\Users\bsval\terrafusion_os_1.0\backend\src\TerraFusion.Consciousness\TerraFusion.Consciousness.csproj]
C:\Users\bsval\terrafusion_os_1.0\backend\src\TerraFusion.Consciousness\Services\MultiCountyDataService.cs(426,56): warning CS1591: Missing XML comment for publicly visible type or member 'MultiCountyDataService.ExecuteFederatedOperationAsync(FederatedOperationRequestDto)' [C:\Users\bsval\terrafusion_os_1.0\backend\src\TerraFusion.Consciousness\TerraFusion.Consciousness.csproj]
C:\Users\bsval\terrafusion_os_1.0\backend\src\TerraFusion.Consciousness\Services\MultiCountyDataService.cs(489,47): warning CS1591: Missing XML comment for publicly visible type or member 'MultiCountyDataService.GetMeshHealthIndexAsync()' [C:\Users\bsval\terrafusion_os_1.0\backend\src\TerraFusion.Consciousness\TerraFusion.Consciousness.csproj]
C:\Users\bsval\terrafusion_os_1.0\backend\src\TerraFusion.Consciousness\Services\MultiCountyDataService.cs(531,57): warning CS1591: Missing XML comment for publicly visible type or member 'MultiCountyDataService.ValidateFederatedComplianceAsync()' [C:\Users\bsval\terrafusion_os_1.0\backend\src\TerraFusion.Consciousness\TerraFusion.Consciousness.csproj]
C:\Users\bsval\terrafusion_os_1.0\backend\src\TerraFusion.Consciousness\Services\MultiCountyDataService.cs(856,18): warning CS1591: Missing XML comment for publicly visible type or member 'CountyMeshNode' [C:\Users\bsval\terrafusion_os_1.0\backend\src\TerraFusion.Consciousness\TerraFusion.Consciousness.csproj]
C:\Users\bsval\terrafusion_os_1.0\backend\src\TerraFusion.Consciousness\Services\MultiCountyDataService.cs(858,32): warning CS1591: Missing XML comment for publicly visible type or member 'CountyMeshNode.CountyName' [C:\Users\bsval\terrafusion_os_1.0\backend\src\TerraFusion.Consciousness\TerraFusion.Consciousness.csproj]
C:\Users\bsval\terrafusion_os_1.0\backend\src\TerraFusion.Consciousness\Services\MultiCountyDataService.cs(859,32): warning CS1591: Missing XML comment for publicly visible type or member 'CountyMeshNode.StateName' [C:\Users\bsval\terrafusion_os_1.0\backend\src\TerraFusion.Consciousness\TerraFusion.Consciousness.csproj]
C:\Users\bsval\terrafusion_os_1.0\backend\src\TerraFusion.Consciousness\Services\MultiCountyDataService.cs(860,32): warning CS1591: Missing XML comment for publicly visible type or member 'CountyMeshNode.NodeId' [C:\Users\bsval\terrafusion_os_1.0\backend\src\TerraFusion.Consciousness\TerraFusion.Consciousness.csproj]
C:\Users\bsval\terrafusion_os_1.0\backend\src\TerraFusion.Consciousness\Services\MultiCountyDataService.cs(861,32): warning CS1591: Missing XML comment for publicly visible type or member 'CountyMeshNode.ApiEndpoint' [C:\Users\bsval\terrafusion_os_1.0\backend\src\TerraFusion.Consciousness\TerraFusion.Consciousness.csproj]
C:\Users\bsval\terrafusion_os_1.0\backend\src\TerraFusion.Consciousness\Services\MultiCountyDataService.cs(862,38): warning CS1591: Missing XML comment for publicly visible type or member 'CountyMeshNode.MeshCapabilities' [C:\Users\bsval\terrafusion_os_1.0\backend\src\TerraFusion.Consciousness\TerraFusion.Consciousness.csproj]
C:\Users\bsval\terrafusion_os_1.0\backend\src\TerraFusion.Consciousness\Services\MultiCountyDataService.cs(863,32): warning CS1591: Missing XML comment for publicly visible type or member 'CountyMeshNode.PrivacyLevel' [C:\Users\bsval\terrafusion_os_1.0\backend\src\TerraFusion.Consciousness\TerraFusion.Consciousness.csproj]
C:\Users\bsval\terrafusion_os_1.0\backend\src\TerraFusion.Consciousness\Services\MultiCountyDataService.cs(864,38): warning CS1591: Missing XML comment for publicly visible type or member 'CountyMeshNode.DataSovereignty' [C:\Users\bsval\terrafusion_os_1.0\backend\src\TerraFusion.Consciousness\TerraFusion.Consciousness.csproj]
C:\Users\bsval\terrafusion_os_1.0\backend\src\TerraFusion.Consciousness\Services\MultiCountyDataService.cs(865,34): warning CS1591: Missing XML comment for publicly visible type or member 'CountyMeshNode.AddedAt' [C:\Users\bsval\terrafusion_os_1.0\backend\src\TerraFusion.Consciousness\TerraFusion.Consciousness.csproj]
C:\Users\bsval\terrafusion_os_1.0\backend\src\TerraFusion.Consciousness\Services\MultiCountyDataService.cs(866,32): warning CS1591: Missing XML comment for publicly visible type or member 'CountyMeshNode.Status' [C:\Users\bsval\terrafusion_os_1.0\backend\src\TerraFusion.Consciousness\TerraFusion.Consciousness.csproj]
C:\Users\bsval\terrafusion_os_1.0\backend\src\TerraFusion.Consciousness\Services\MultiCountyDataService.cs(867,34): warning CS1591: Missing XML comment for publicly visible type or member 'CountyMeshNode.LastHealthCheck' [C:\Users\bsval\terrafusion_os_1.0\backend\src\TerraFusion.Consciousness\TerraFusion.Consciousness.csproj]
C:\Users\bsval\terrafusion_os_1.0\backend\src\TerraFusion.Consciousness\Services\MultiCountyDataService.cs(870,18): warning CS1591: Missing XML comment for publicly visible type or member 'CountyAggregateData' [C:\Users\bsval\terrafusion_os_1.0\backend\src\TerraFusion.Consciousness\TerraFusion.Consciousness.csproj]
C:\Users\bsval\terrafusion_os_1.0\backend\src\TerraFusion.Consciousness\Services\MultiCountyDataService.cs(872,32): warning CS1591: Missing XML comment for publicly visible type or member 'CountyAggregateData.CountyId' [C:\Users\bsval\terrafusion_os_1.0\backend\src\TerraFusion.Consciousness\TerraFusion.Consciousness.csproj]
C:\Users\bsval\terrafusion_os_1.0\backend\src\TerraFusion.Consciousness\Services\MultiCountyDataService.cs(873,52): warning CS1591: Missing XML comment for publicly visible type or member 'CountyAggregateData.AggregatedMetrics' [C:\Users\bsval\terrafusion_os_1.0\backend\src\TerraFusion.Consciousness\TerraFusion.Consciousness.csproj]
C:\Users\bsval\terrafusion_os_1.0\backend\src\TerraFusion.Consciousness\Services\MultiCountyDataService.cs(876,18): warning CS1591: Missing XML comment for publicly visible type or member 'CountySyncResult' [C:\Users\bsval\terrafusion_os_1.0\backend\src\TerraFusion.Consciousness\TerraFusion.Consciousness.csproj]
C:\Users\bsval\terrafusion_os_1.0\backend\src\TerraFusion.Consciousness\Services\MultiCountyDataService.cs(878,32): warning CS1591: Missing XML comment for publicly visible type or member 'CountySyncResult.CountyId' [C:\Users\bsval\terrafusion_os_1.0\backend\src\TerraFusion.Consciousness\TerraFusion.Consciousness.csproj]
C:\Users\bsval\terrafusion_os_1.0\backend\src\TerraFusion.Consciousness\Services\MultiCountyDataService.cs(879,29): warning CS1591: Missing XML comment for publicly visible type or member 'CountySyncResult.RecordsSynced' [C:\Users\bsval\terrafusion_os_1.0\backend\src\TerraFusion.Consciousness\TerraFusion.Consciousness.csproj]
C:\Users\bsval\terrafusion_os_1.0\backend\src\TerraFusion.Consciousness\Services\MultiCountyDataService.cs(880,34): warning CS1591: Missing XML comment for publicly visible type or member 'CountySyncResult.LastSync' [C:\Users\bsval\terrafusion_os_1.0\backend\src\TerraFusion.Consciousness\TerraFusion.Consciousness.csproj]
C:\Users\bsval\terrafusion_os_1.0\backend\src\TerraFusion.Consciousness\Services\MultiCountyDataService.cs(881,32): warning CS1591: Missing XML comment for publicly visible type or member 'CountySyncResult.Status' [C:\Users\bsval\terrafusion_os_1.0\backend\src\TerraFusion.Consciousness\TerraFusion.Consciousness.csproj]
C:\Users\bsval\terrafusion_os_1.0\backend\src\TerraFusion.Consciousness\Services\MultiCountyDataService.cs(882,34): warning CS1591: Missing XML comment for publicly visible type or member 'CountySyncResult.SyncTime' [C:\Users\bsval\terrafusion_os_1.0\backend\src\TerraFusion.Consciousness\TerraFusion.Consciousness.csproj]
C:\Users\bsval\terrafusion_os_1.0\backend\src\TerraFusion.Consciousness\Services\MultiCountyDataService.cs(885,18): warning CS1591: Missing XML comment for publicly visible type or member 'MeshHealthMetrics' [C:\Users\bsval\terrafusion_os_1.0\backend\src\TerraFusion.Consciousness\TerraFusion.Consciousness.csproj]
C:\Users\bsval\terrafusion_os_1.0\backend\src\TerraFusion.Consciousness\Services\MultiCountyDataService.cs(887,33): warning CS1591: Missing XML comment for publicly visible type or member 'MeshHealthMetrics.OverallHealth' [C:\Users\bsval\terrafusion_os_1.0\backend\src\TerraFusion.Consciousness\TerraFusion.Consciousness.csproj]
C:\Users\bsval\terrafusion_os_1.0\backend\src\TerraFusion.Consciousness\Services\MultiCountyDataService.cs(888,53): warning CS1591: Missing XML comment for publicly visible type or member 'MeshHealthMetrics.ComponentHealth' [C:\Users\bsval\terrafusion_os_1.0\backend\src\TerraFusion.Consciousness\TerraFusion.Consciousness.csproj]
C:\Users\bsval\terrafusion_os_1.0\backend\src\TerraFusion.Consciousness\Services\MultiCountyDataService.cs(889,33): warning CS1591: Missing XML comment for publicly visible type or member 'MeshHealthMetrics.PerformanceScore' [C:\Users\bsval\terrafusion_os_1.0\backend\src\TerraFusion.Consciousness\TerraFusion.Consciousness.csproj]
C:\Users\bsval\terrafusion_os_1.0\backend\src\TerraFusion.Consciousness\Services\MultiCountyDataService.cs(890,52): warning CS1591: Missing XML comment for publicly visible type or member 'MeshHealthMetrics.HealthTrends' [C:\Users\bsval\terrafusion_os_1.0\backend\src\TerraFusion.Consciousness\TerraFusion.Consciousness.csproj]
C:\Users\bsval\terrafusion_os_1.0\backend\src\TerraFusion.Consciousness\Services\MultiCountyDataService.cs(891,38): warning CS1591: Missing XML comment for publicly visible type or member 'MeshHealthMetrics.Alerts' [C:\Users\bsval\terrafusion_os_1.0\backend\src\TerraFusion.Consciousness\TerraFusion.Consciousness.csproj]
C:\Users\bsval\terrafusion_os_1.0\backend\src\TerraFusion.Consciousness\Services\MultiCountyDataService.cs(894,18): warning CS1591: Missing XML comment for publicly visible type or member 'CountyComplianceResult' [C:\Users\bsval\terrafusion_os_1.0\backend\src\TerraFusion.Consciousness\TerraFusion.Consciousness.csproj]
C:\Users\bsval\terrafusion_os_1.0\backend\src\TerraFusion.Consciousness\Services\MultiCountyDataService.cs(896,30): warning CS1591: Missing XML comment for publicly visible type or member 'CountyComplianceResult.IsCompliant' [C:\Users\bsval\terrafusion_os_1.0\backend\src\TerraFusion.Consciousness\TerraFusion.Consciousness.csproj]
C:\Users\bsval\terrafusion_os_1.0\backend\src\TerraFusion.Consciousness\Services\MultiCountyDataService.cs(897,33): warning CS1591: Missing XML comment for publicly visible type or member 'CountyComplianceResult.Score' [C:\Users\bsval\terrafusion_os_1.0\backend\src\TerraFusion.Consciousness\TerraFusion.Consciousness.csproj]
C:\Users\bsval\terrafusion_os_1.0\backend\src\TerraFusion.Consciousness\Services\MultiCountyDataService.cs(898,38): warning CS1591: Missing XML comment for publicly visible type or member 'CountyComplianceResult.Issues' [C:\Users\bsval\terrafusion_os_1.0\backend\src\TerraFusion.Consciousness\TerraFusion.Consciousness.csproj]
C:\Users\bsval\terrafusion_os_1.0\backend\src\TerraFusion.Consciousness\Services\PredictiveImpactService.cs(44,12): warning CS1591: Missing XML comment for publicly visible type or member 'PredictiveImpactService.PredictiveImpactService(ILogger<PredictiveImpactService>)' [C:\Users\bsval\terrafusion_os_1.0\backend\src\TerraFusion.Consciousness\TerraFusion.Consciousness.csproj]
C:\Users\bsval\terrafusion_os_1.0\backend\src\TerraFusion.Consciousness\Services\PredictiveImpactService.cs(487,38): warning CS1591: Missing XML comment for publicly visible type or member 'ParameterHistory.Adjustments' [C:\Users\bsval\terrafusion_os_1.0\backend\src\TerraFusion.Consciousness\TerraFusion.Consciousness.csproj]
C:\Users\bsval\terrafusion_os_1.0\backend\src\TerraFusion.Consciousness\Services\PredictiveImpactService.cs(488,16): warning CS1591: Missing XML comment for publicly visible type or member 'ParameterHistory.UntrainedSampleCount' [C:\Users\bsval\terrafusion_os_1.0\backend\src\TerraFusion.Consciousness\TerraFusion.Consciousness.csproj]
C:\Users\bsval\terrafusion_os_1.0\backend\src\TerraFusion.Consciousness\Services\PredictiveImpactService.cs(490,17): warning CS1591: Missing XML comment for publicly visible type or member 'ParameterHistory.AddPrediction(double, double, PredictedImpact)' [C:\Users\bsval\terrafusion_os_1.0\backend\src\TerraFusion.Consciousness\TerraFusion.Consciousness.csproj]
C:\Users\bsval\terrafusion_os_1.0\backend\src\TerraFusion.Consciousness\Services\PredictiveImpactService.cs(505,17): warning CS1591: Missing XML comment for publicly visible type or member 'ParameterHistory.AddActualOutcome(double, double, ActualImpactMetrics)' [C:\Users\bsval\terrafusion_os_1.0\backend\src\TerraFusion.Consciousness\TerraFusion.Consciousness.csproj]
C:\Users\bsval\terrafusion_os_1.0\backend\src\TerraFusion.Consciousness\Services\PredictiveImpactService.cs(518,17): warning CS1591: Missing XML comment for publicly visible type or member 'ParameterHistory.ResetUntrainedCount()' [C:\Users\bsval\terrafusion_os_1.0\backend\src\TerraFusion.Consciousness\TerraFusion.Consciousness.csproj]
C:\Users\bsval\terrafusion_os_1.0\backend\src\TerraFusion.Consciousness\Services\PredictiveImpactService.cs(521,14): warning CS1591: Missing XML comment for publicly visible type or member 'ParameterAdjustment' [C:\Users\bsval\terrafusion_os_1.0\backend\src\TerraFusion.Consciousness\TerraFusion.Consciousness.csproj]
C:\Users\bsval\terrafusion_os_1.0\backend\src\TerraFusion.Consciousness\Services\PredictiveImpactService.cs(523,21): warning CS1591: Missing XML comment for publicly visible type or member 'ParameterAdjustment.Timestamp' [C:\Users\bsval\terrafusion_os_1.0\backend\src\TerraFusion.Consciousness\TerraFusion.Consciousness.csproj]
C:\Users\bsval\terrafusion_os_1.0\backend\src\TerraFusion.Consciousness\Services\PredictiveImpactService.cs(524,19): warning CS1591: Missing XML comment for publicly visible type or member 'ParameterAdjustment.OldValue' [C:\Users\bsval\terrafusion_os_1.0\backend\src\TerraFusion.Consciousness\TerraFusion.Consciousness.csproj]
C:\Users\bsval\terrafusion_os_1.0\backend\src\TerraFusion.Consciousness\Services\PredictiveImpactService.cs(525,19): warning CS1591: Missing XML comment for publicly visible type or member 'ParameterAdjustment.NewValue' [C:\Users\bsval\terrafusion_os_1.0\backend\src\TerraFusion.Consciousness\TerraFusion.Consciousness.csproj]
C:\Users\bsval\terrafusion_os_1.0\backend\src\TerraFusion.Consciousness\Services\PredictiveImpactService.cs(526,29): warning CS1591: Missing XML comment for publicly visible type or member 'ParameterAdjustment.PredictedImpact' [C:\Users\bsval\terrafusion_os_1.0\backend\src\TerraFusion.Consciousness\TerraFusion.Consciousness.csproj]
C:\Users\bsval\terrafusion_os_1.0\backend\src\TerraFusion.Consciousness\Services\PredictiveImpactService.cs(527,33): warning CS1591: Missing XML comment for publicly visible type or member 'ParameterAdjustment.ActualMetrics' [C:\Users\bsval\terrafusion_os_1.0\backend\src\TerraFusion.Consciousness\TerraFusion.Consciousness.csproj]
C:\Users\bsval\terrafusion_os_1.0\backend\src\TerraFusion.Consciousness\Services\PredictiveImpactService.cs(530,14): warning CS1591: Missing XML comment for publicly visible type or member 'HistoricalPattern' [C:\Users\bsval\terrafusion_os_1.0\backend\src\TerraFusion.Consciousness\TerraFusion.Consciousness.csproj]
C:\Users\bsval\terrafusion_os_1.0\backend\src\TerraFusion.Consciousness\Services\PredictiveImpactService.cs(532,19): warning CS1591: Missing XML comment for publicly visible type or member 'HistoricalPattern.AverageDelta' [C:\Users\bsval\terrafusion_os_1.0\backend\src\TerraFusion.Consciousness\TerraFusion.Consciousness.csproj]
C:\Users\bsval\terrafusion_os_1.0\backend\src\TerraFusion.Consciousness\Services\PredictiveImpactService.cs(533,19): warning CS1591: Missing XML comment for publicly visible type or member 'HistoricalPattern.VarianceDelta' [C:\Users\bsval\terrafusion_os_1.0\backend\src\TerraFusion.Consciousness\TerraFusion.Consciousness.csproj]
C:\Users\bsval\terrafusion_os_1.0\backend\src\TerraFusion.Consciousness\Services\PredictiveImpactService.cs(534,16): warning CS1591: Missing XML comment for publicly visible type or member 'HistoricalPattern.TrendDirection' [C:\Users\bsval\terrafusion_os_1.0\backend\src\TerraFusion.Consciousness\TerraFusion.Consciousness.csproj]
C:\Users\bsval\terrafusion_os_1.0\backend\src\TerraFusion.Consciousness\Services\PredictiveImpactService.cs(535,19): warning CS1591: Missing XML comment for publicly visible type or member 'HistoricalPattern.RecentVolatility' [C:\Users\bsval\terrafusion_os_1.0\backend\src\TerraFusion.Consciousness\TerraFusion.Consciousness.csproj]
C:\Users\bsval\terrafusion_os_1.0\backend\src\TerraFusion.Consciousness\Services\PredictiveImpactService.cs(536,19): warning CS1591: Missing XML comment for publicly visible type or member 'HistoricalPattern.SeasonalFactor' [C:\Users\bsval\terrafusion_os_1.0\backend\src\TerraFusion.Consciousness\TerraFusion.Consciousness.csproj]
C:\Users\bsval\terrafusion_os_1.0\backend\src\TerraFusion.Consciousness\Services\PredictiveImpactService.cs(537,19): warning CS1591: Missing XML comment for publicly visible type or member 'HistoricalPattern.PredictionAccuracy' [C:\Users\bsval\terrafusion_os_1.0\backend\src\TerraFusion.Consciousness\TerraFusion.Consciousness.csproj]
C:\Users\bsval\terrafusion_os_1.0\backend\src\TerraFusion.Consciousness\Services\PredictiveImpactService.cs(538,16): warning CS1591: Missing XML comment for publicly visible type or member 'HistoricalPattern.SampleCount' [C:\Users\bsval\terrafusion_os_1.0\backend\src\TerraFusion.Consciousness\TerraFusion.Consciousness.csproj]
C:\Users\bsval\terrafusion_os_1.0\backend\src\TerraFusion.Consciousness\Services\PredictiveImpactService.cs(541,14): warning CS1591: Missing XML comment for publicly visible type or member 'PredictionResult' [C:\Users\bsval\terrafusion_os_1.0\backend\src\TerraFusion.Consciousness\TerraFusion.Consciousness.csproj]
C:\Users\bsval\terrafusion_os_1.0\backend\src\TerraFusion.Consciousness\Services\PredictiveImpactService.cs(543,19): warning CS1591: Missing XML comment for publicly visible type or member 'PredictionResult.AccuracyChange' [C:\Users\bsval\terrafusion_os_1.0\backend\src\TerraFusion.Consciousness\TerraFusion.Consciousness.csproj]
C:\Users\bsval\terrafusion_os_1.0\backend\src\TerraFusion.Consciousness\Services\PredictiveImpactService.cs(544,19): warning CS1591: Missing XML comment for publicly visible type or member 'PredictionResult.PerformanceImpact' [C:\Users\bsval\terrafusion_os_1.0\backend\src\TerraFusion.Consciousness\TerraFusion.Consciousness.csproj]
C:\Users\bsval\terrafusion_os_1.0\backend\src\TerraFusion.Consciousness\Services\PredictiveImpactService.cs(545,19): warning CS1591: Missing XML comment for publicly visible type or member 'PredictionResult.CoordinationEfficiency' [C:\Users\bsval\terrafusion_os_1.0\backend\src\TerraFusion.Consciousness\TerraFusion.Consciousness.csproj]
C:\Users\bsval\terrafusion_os_1.0\backend\src\TerraFusion.Consciousness\Services\PredictiveImpactService.cs(546,19): warning CS1591: Missing XML comment for publicly visible type or member 'PredictionResult.ThroughputGain' [C:\Users\bsval\terrafusion_os_1.0\backend\src\TerraFusion.Consciousness\TerraFusion.Consciousness.csproj]
C:\Users\bsval\terrafusion_os_1.0\backend\src\TerraFusion.Consciousness\Services\PredictiveImpactService.cs(553,18): warning CS1591: Missing XML comment for publicly visible type or member 'IPredictiveImpactService' [C:\Users\bsval\terrafusion_os_1.0\backend\src\TerraFusion.Consciousness\TerraFusion.Consciousness.csproj]
C:\Users\bsval\terrafusion_os_1.0\backend\src\TerraFusion.Consciousness\Services\PredictiveImpactService.cs(555,27): warning CS1591: Missing XML comment for publicly visible type or member 'IPredictiveImpactService.PredictParameterImpactAsync(string, double, double, Dictionary<string, double>)' [C:\Users\bsval\terrafusion_os_1.0\backend\src\TerraFusion.Consciousness\TerraFusion.Consciousness.csproj]
C:\Users\bsval\terrafusion_os_1.0\backend\src\TerraFusion.Consciousness\Services\PredictiveImpactService.cs(561,10): warning CS1591: Missing XML comment for publicly visible type or member 'IPredictiveImpactService.RecordActualImpactAsync(string, double, double, ActualImpactMetrics)' [C:\Users\bsval\terrafusion_os_1.0\backend\src\TerraFusion.Consciousness\TerraFusion.Consciousness.csproj]
C:\Users\bsval\terrafusion_os_1.0\backend\src\TerraFusion.Consciousness\Services\PredictiveImpactService.cs(568,14): warning CS1591: Missing XML comment for publicly visible type or member 'PredictedImpact' [C:\Users\bsval\terrafusion_os_1.0\backend\src\TerraFusion.Consciousness\TerraFusion.Consciousness.csproj]
C:\Users\bsval\terrafusion_os_1.0\backend\src\TerraFusion.Consciousness\Services\PredictiveImpactService.cs(570,19): warning CS1591: Missing XML comment for publicly visible type or member 'PredictedImpact.AccuracyChange' [C:\Users\bsval\terrafusion_os_1.0\backend\src\TerraFusion.Consciousness\TerraFusion.Consciousness.csproj]
C:\Users\bsval\terrafusion_os_1.0\backend\src\TerraFusion.Consciousness\Services\PredictiveImpactService.cs(571,19): warning CS1591: Missing XML comment for publicly visible type or member 'PredictedImpact.PerformanceImpact' [C:\Users\bsval\terrafusion_os_1.0\backend\src\TerraFusion.Consciousness\TerraFusion.Consciousness.csproj]
C:\Users\bsval\terrafusion_os_1.0\backend\src\TerraFusion.Consciousness\Services\PredictiveImpactService.cs(572,19): warning CS1591: Missing XML comment for publicly visible type or member 'PredictedImpact.CoordinationEfficiency' [C:\Users\bsval\terrafusion_os_1.0\backend\src\TerraFusion.Consciousness\TerraFusion.Consciousness.csproj]
C:\Users\bsval\terrafusion_os_1.0\backend\src\TerraFusion.Consciousness\Services\PredictiveImpactService.cs(573,19): warning CS1591: Missing XML comment for publicly visible type or member 'PredictedImpact.ThroughputGain' [C:\Users\bsval\terrafusion_os_1.0\backend\src\TerraFusion.Consciousness\TerraFusion.Consciousness.csproj]
C:\Users\bsval\terrafusion_os_1.0\backend\src\TerraFusion.Consciousness\Services\PredictiveImpactService.cs(574,19): warning CS1591: Missing XML comment for publicly visible type or member 'PredictedImpact.ConfidenceScore' [C:\Users\bsval\terrafusion_os_1.0\backend\src\TerraFusion.Consciousness\TerraFusion.Consciousness.csproj]
C:\Users\bsval\terrafusion_os_1.0\backend\src\TerraFusion.Consciousness\Services\PredictiveImpactService.cs(575,19): warning CS1591: Missing XML comment for publicly visible type or member 'PredictedImpact.PredictionMethod' [C:\Users\bsval\terrafusion_os_1.0\backend\src\TerraFusion.Consciousness\TerraFusion.Consciousness.csproj]
C:\Users\bsval\terrafusion_os_1.0\backend\src\TerraFusion.Consciousness\Services\PredictiveImpactService.cs(576,40): warning CS1591: Missing XML comment for publicly visible type or member 'PredictedImpact.FeatureImportance' [C:\Users\bsval\terrafusion_os_1.0\backend\src\TerraFusion.Consciousness\TerraFusion.Consciousness.csproj]
C:\Users\bsval\terrafusion_os_1.0\backend\src\TerraFusion.Consciousness\Services\PredictiveImpactService.cs(579,14): warning CS1591: Missing XML comment for publicly visible type or member 'ActualImpactMetrics' [C:\Users\bsval\terrafusion_os_1.0\backend\src\TerraFusion.Consciousness\TerraFusion.Consciousness.csproj]
C:\Users\bsval\terrafusion_os_1.0\backend\src\TerraFusion.Consciousness\Services\PredictiveImpactService.cs(581,19): warning CS1591: Missing XML comment for publicly visible type or member 'ActualImpactMetrics.AccuracyChange' [C:\Users\bsval\terrafusion_os_1.0\backend\src\TerraFusion.Consciousness\TerraFusion.Consciousness.csproj]
C:\Users\bsval\terrafusion_os_1.0\backend\src\TerraFusion.Consciousness\Services\PredictiveImpactService.cs(582,19): warning CS1591: Missing XML comment for publicly visible type or member 'ActualImpactMetrics.PerformanceImpact' [C:\Users\bsval\terrafusion_os_1.0\backend\src\TerraFusion.Consciousness\TerraFusion.Consciousness.csproj]
C:\Users\bsval\terrafusion_os_1.0\backend\src\TerraFusion.Consciousness\Services\PredictiveImpactService.cs(583,19): warning CS1591: Missing XML comment for publicly visible type or member 'ActualImpactMetrics.CoordinationEfficiency' [C:\Users\bsval\terrafusion_os_1.0\backend\src\TerraFusion.Consciousness\TerraFusion.Consciousness.csproj]
C:\Users\bsval\terrafusion_os_1.0\backend\src\TerraFusion.Consciousness\Services\PredictiveImpactService.cs(584,19): warning CS1591: Missing XML comment for publicly visible type or member 'ActualImpactMetrics.ThroughputGain' [C:\Users\bsval\terrafusion_os_1.0\backend\src\TerraFusion.Consciousness\TerraFusion.Consciousness.csproj]
C:\Users\bsval\terrafusion_os_1.0\backend\src\TerraFusion.Consciousness\Services\PredictiveImpactService.cs(585,21): warning CS1591: Missing XML comment for publicly visible type or member 'ActualImpactMetrics.MeasurementTime' [C:\Users\bsval\terrafusion_os_1.0\backend\src\TerraFusion.Consciousness\TerraFusion.Consciousness.csproj]
C:\Users\bsval\terrafusion_os_1.0\backend\src\TerraFusion.Consciousness\Services\QuantumConsciousnessOrchestrator.cs(44,26): warning CS1572: XML comment has a param tag for 'hybridConsciousnessManager', but there is no parameter by that name [C:\Users\bsval\terrafusion_os_1.0\backend\src\TerraFusion.Consciousness\TerraFusion.Consciousness.csproj]
C:\Users\bsval\terrafusion_os_1.0\backend\src\TerraFusion.Consciousness\Services\QuantumConsciousnessServices.cs(16,14): warning CS1591: Missing XML comment for publicly visible type or member 'ElitePerformanceMonitor' [C:\Users\bsval\terrafusion_os_1.0\backend\src\TerraFusion.Consciousness\TerraFusion.Consciousness.csproj]
C:\Users\bsval\terrafusion_os_1.0\backend\src\TerraFusion.Consciousness\Services\QuantumConsciousnessServices.cs(20,12): warning CS1591: Missing XML comment for publicly visible type or member 'ElitePerformanceMonitor.ElitePerformanceMonitor(ILogger<ElitePerformanceMonitor>)' [C:\Users\bsval\terrafusion_os_1.0\backend\src\TerraFusion.Consciousness\TerraFusion.Consciousness.csproj]
C:\Users\bsval\terrafusion_os_1.0\backend\src\TerraFusion.Consciousness\Services\QuantumConsciousnessServices.cs(25,48): warning CS1591: Missing XML comment for publicly visible type or member 'ElitePerformanceMonitor.GetEliteMetricsAsync()' [C:\Users\bsval\terrafusion_os_1.0\backend\src\TerraFusion.Consciousness\TerraFusion.Consciousness.csproj]
C:\Users\bsval\terrafusion_os_1.0\backend\src\TerraFusion.Consciousness\Services\QuantumConsciousnessServices.cs(46,53): warning CS1591: Missing XML comment for publicly visible type or member 'ElitePerformanceMonitor.ApplyQuantumPerformanceBoostAsync(SwarmIntelligenceCoordination, QuantumLoadDistribution, decimal)' [C:\Users\bsval\terrafusion_os_1.0\backend\src\TerraFusion.Consciousness\TerraFusion.Consciousness.csproj]
C:\Users\bsval\terrafusion_os_1.0\backend\src\TerraFusion.Consciousness\Services\QuantumConsciousnessServices.cs(61,45): warning CS1591: Missing XML comment for publicly visible type or member 'ElitePerformanceMonitor.OptimizeInfiniteResourcesAsync(ElitePerformanceOptimization, decimal)' [C:\Users\bsval\terrafusion_os_1.0\backend\src\TerraFusion.Consciousness\TerraFusion.Consciousness.csproj]
C:\Users\bsval\terrafusion_os_1.0\backend\src\TerraFusion.Consciousness\Services\QuantumConsciousnessServices.cs(71,44): warning CS1591: Missing XML comment for publicly visible type or member 'ElitePerformanceMonitor.GeneratePredictivePerformanceAnalyticsAsync(ResourceOptimization, decimal)' [C:\Users\bsval\terrafusion_os_1.0\backend\src\TerraFusion.Consciousness\TerraFusion.Consciousness.csproj]
C:\Users\bsval\terrafusion_os_1.0\backend\src\TerraFusion.Consciousness\Services\QuantumConsciousnessServices.cs(93,14): warning CS1591: Missing XML comment for publicly visible type or member 'StatisticalAnalysisEngine' [C:\Users\bsval\terrafusion_os_1.0\backend\src\TerraFusion.Consciousness\TerraFusion.Consciousness.csproj]
C:\Users\bsval\terrafusion_os_1.0\backend\src\TerraFusion.Consciousness\Services\QuantumConsciousnessServices.cs(97,12): warning CS1591: Missing XML comment for publicly visible type or member 'StatisticalAnalysisEngine.StatisticalAnalysisEngine(ILogger<StatisticalAnalysisEngine>)' [C:\Users\bsval\terrafusion_os_1.0\backend\src\TerraFusion.Consciousness\TerraFusion.Consciousness.csproj]
C:\Users\bsval\terrafusion_os_1.0\backend\src\TerraFusion.Consciousness\Services\QuantumConsciousnessServices.cs(102,45): warning CS1591: Missing XML comment for publicly visible type or member 'StatisticalAnalysisEngine.InitializeAdvancedWorkbenchAsync(string, decimal, bool)' [C:\Users\bsval\terrafusion_os_1.0\backend\src\TerraFusion.Consciousness\TerraFusion.Consciousness.csproj]
C:\Users\bsval\terrafusion_os_1.0\backend\src\TerraFusion.Consciousness\Services\QuantumConsciousnessServices.cs(114,51): warning CS1591: Missing XML comment for publicly visible type or member 'StatisticalAnalysisEngine.PerformQuantumStatisticalAnalysisAsync(ResearchDataset, StatisticalAnalysisParameters)' [C:\Users\bsval\terrafusion_os_1.0\backend\src\TerraFusion.Consciousness\TerraFusion.Consciousness.csproj]
C:\Users\bsval\terrafusion_os_1.0\backend\src\TerraFusion.Consciousness\Services\QuantumConsciousnessServices.cs(126,42): warning CS1591: Missing XML comment for publicly visible type or member 'StatisticalAnalysisEngine.GeneratePhDLevelVisualizationsAsync(QuantumStatisticalAnalysis, ConsciousnessMetrics, string)' [C:\Users\bsval\terrafusion_os_1.0\backend\src\TerraFusion.Consciousness\TerraFusion.Consciousness.csproj]
C:\Users\bsval\terrafusion_os_1.0\backend\src\TerraFusion.Consciousness\Services\QuantumConsciousnessServices.cs(136,47): warning CS1591: Missing XML comment for publicly visible type or member 'StatisticalAnalysisEngine.ValidateQuantumIAAOStatisticsAsync(QuantumStatisticalAnalysis)' [C:\Users\bsval\terrafusion_os_1.0\backend\src\TerraFusion.Consciousness\TerraFusion.Consciousness.csproj]
C:\Users\bsval\terrafusion_os_1.0\backend\src\TerraFusion.Consciousness\Services\QuantumConsciousnessServices.cs(146,51): warning CS1591: Missing XML comment for publicly visible type or member 'StatisticalAnalysisEngine.GeneratePublicationQualityAnalysisAsync(ComprehensiveResearchData, StatisticalRequirements)' [C:\Users\bsval\terrafusion_os_1.0\backend\src\TerraFusion.Consciousness\TerraFusion.Consciousness.csproj]
C:\Users\bsval\terrafusion_os_1.0\backend\src\TerraFusion.Consciousness\Services\QuantumConsciousnessServices.cs(156,55): warning CS1591: Missing XML comment for publicly visible type or member 'StatisticalAnalysisEngine.GeneratePublicationVisualizationsAsync(PublicationQualityAnalysis, VisualizationRequirements)' [C:\Users\bsval\terrafusion_os_1.0\backend\src\TerraFusion.Consciousness\TerraFusion.Consciousness.csproj]
C:\Users\bsval\terrafusion_os_1.0\backend\src\TerraFusion.Consciousness\Services\QuantumConsciousnessServices.cs(170,14): warning CS1591: Missing XML comment for publicly visible type or member 'CrossWorkspaceSync' [C:\Users\bsval\terrafusion_os_1.0\backend\src\TerraFusion.Consciousness\TerraFusion.Consciousness.csproj]
C:\Users\bsval\terrafusion_os_1.0\backend\src\TerraFusion.Consciousness\Services\QuantumConsciousnessServices.cs(174,12): warning CS1591: Missing XML comment for publicly visible type or member 'CrossWorkspaceSync.CrossWorkspaceSync(ILogger<CrossWorkspaceSync>)' [C:\Users\bsval\terrafusion_os_1.0\backend\src\TerraFusion.Consciousness\TerraFusion.Consciousness.csproj]
C:\Users\bsval\terrafusion_os_1.0\backend\src\TerraFusion.Consciousness\Services\QuantumConsciousnessServices.cs(179,58): warning CS1591: Missing XML comment for publicly visible type or member 'CrossWorkspaceSync.EstablishQuantumResearchBridgeAsync(ResearcherCredentials, string)' [C:\Users\bsval\terrafusion_os_1.0\backend\src\TerraFusion.Consciousness\TerraFusion.Consciousness.csproj]
C:\Users\bsval\terrafusion_os_1.0\backend\src\TerraFusion.Consciousness\Services\QuantumConsciousnessServices.cs(190,47): warning CS1591: Missing XML comment for publicly visible type or member 'CrossWorkspaceSync.AnalyzeCrossWorkspaceDataPatternsAsync(ResearchDataset)' [C:\Users\bsval\terrafusion_os_1.0\backend\src\TerraFusion.Consciousness\TerraFusion.Consciousness.csproj]
C:\Users\bsval\terrafusion_os_1.0\backend\src\TerraFusion.Consciousness\Services\QuantumConsciousnessServices.cs(200,51): warning CS1591: Missing XML comment for publicly visible type or member 'CrossWorkspaceSync.EstablishQuantumConsciousnessBridgeAsync(List<WorkspaceEnvironment>, SyncParameters)' [C:\Users\bsval\terrafusion_os_1.0\backend\src\TerraFusion.Consciousness\TerraFusion.Consciousness.csproj]
C:\Users\bsval\terrafusion_os_1.0\backend\src\TerraFusion.Consciousness\Services\QuantumConsciousnessServices.cs(211,36): warning CS1591: Missing XML comment for publicly visible type or member 'CrossWorkspaceSync.SynchronizeResearchDataAsync(QuantumConsciousnessBridge, string, bool)' [C:\Users\bsval\terrafusion_os_1.0\backend\src\TerraFusion.Consciousness\TerraFusion.Consciousness.csproj]
C:\Users\bsval\terrafusion_os_1.0\backend\src\TerraFusion.Consciousness\Services\QuantumConsciousnessServices.cs(222,51): warning CS1591: Missing XML comment for publicly visible type or member 'CrossWorkspaceSync.CreateUnifiedResearchEnvironmentAsync(QuantumConsciousnessBridge, SyncResults, UnificationParameters)' [C:\Users\bsval\terrafusion_os_1.0\backend\src\TerraFusion.Consciousness\TerraFusion.Consciousness.csproj]
C:\Users\bsval\terrafusion_os_1.0\backend\src\TerraFusion.Consciousness\Services\QuantumConsciousnessServices.cs(233,52): warning CS1591: Missing XML comment for publicly visible type or member 'CrossWorkspaceSync.GenerateCrossWorkspaceInsightsAsync(UnifiedResearchEnvironment, string)' [C:\Users\bsval\terrafusion_os_1.0\backend\src\TerraFusion.Consciousness\TerraFusion.Consciousness.csproj]
C:\Users\bsval\terrafusion_os_1.0\backend\src\TerraFusion.Consciousness\Services\QuantumConsciousnessServices.cs(247,46): warning CS1591: Missing XML comment for publicly visible type or member 'CrossWorkspaceSync.PreparePeerReviewMaterialsAsync(ComprehensiveResearchData, PublicationQualityAnalysis, PeerReviewRequirements)' [C:\Users\bsval\terrafusion_os_1.0\backend\src\TerraFusion.Consciousness\TerraFusion.Consciousness.csproj]
C:\Users\bsval\terrafusion_os_1.0\backend\src\TerraFusion.Consciousness\Services\QuantumSecurityService.cs(39,16): warning CS1591: Missing XML comment for publicly visible type or member 'QuantumSecurityService.QuantumSecurityService(ILogger<QuantumSecurityService>, IConfiguration)' [C:\Users\bsval\terrafusion_os_1.0\backend\src\TerraFusion.Consciousness\TerraFusion.Consciousness.csproj]
C:\Users\bsval\terrafusion_os_1.0\backend\src\TerraFusion.Consciousness\Services\QuantumSecurityService.cs(47,67): warning CS1591: Missing XML comment for publicly visible type or member 'QuantumSecurityService.InitializeAsync()' [C:\Users\bsval\terrafusion_os_1.0\backend\src\TerraFusion.Consciousness\TerraFusion.Consciousness.csproj]
C:\Users\bsval\terrafusion_os_1.0\backend\src\TerraFusion.Consciousness\Services\QuantumSecurityService.cs(108,63): warning CS1591: Missing XML comment for publicly visible type or member 'QuantumSecurityService.DeploySecurityToAllAgentsAsync()' [C:\Users\bsval\terrafusion_os_1.0\backend\src\TerraFusion.Consciousness\TerraFusion.Consciousness.csproj]
C:\Users\bsval\terrafusion_os_1.0\backend\src\TerraFusion.Consciousness\Services\QuantumSecurityService.cs(183,61): warning CS1591: Missing XML comment for publicly visible type or member 'QuantumSecurityService.MonitorQuantumThreatsAsync()' [C:\Users\bsval\terrafusion_os_1.0\backend\src\TerraFusion.Consciousness\TerraFusion.Consciousness.csproj]
C:\Users\bsval\terrafusion_os_1.0\backend\src\TerraFusion.Consciousness\Services\QuantumSecurityService.cs(231,56): warning CS1591: Missing XML comment for publicly visible type or member 'QuantumSecurityService.ValidateSecurityComplianceAsync()' [C:\Users\bsval\terrafusion_os_1.0\backend\src\TerraFusion.Consciousness\TerraFusion.Consciousness.csproj]
C:\Users\bsval\terrafusion_os_1.0\backend\src\TerraFusion.Consciousness\Services\QuantumSecurityService.cs(284,56): warning CS1591: Missing XML comment for publicly visible type or member 'QuantumSecurityService.RespondToSecurityIncidentAsync(SecurityIncidentDto)' [C:\Users\bsval\terrafusion_os_1.0\backend\src\TerraFusion.Consciousness\TerraFusion.Consciousness.csproj]
C:\Users\bsval\terrafusion_os_1.0\backend\src\TerraFusion.Consciousness\Services\TerraFusionTranscendenceEngine.cs(36,16): warning CS1591: Missing XML comment for publicly visible type or member 'TerraFusionTranscendenceEngine.TerraFusionTranscendenceEngine(ILogger<TerraFusionTranscendenceEngine>, IConfiguration, IQuantumConsciousnessOrchestrator, IMillionAgentService, IQuantumSecurityService)' [C:\Users\bsval\terrafusion_os_1.0\backend\src\TerraFusion.Consciousness\TerraFusion.Consciousness.csproj]
    1781 Warning(s)
    0 Error(s)

Time Elapsed 00:00:04.76
