  Determining projects to restore...
  All projects are up-to-date for restore.
  Building TerraFusion Elite Operational Excellence - Championship Level Government Technology
  TerraFusion.Abstractions -> C:\Users\bsval\terrafusion_os_1.0\backend\TerraFusion.Abstractions\bin\Release\net8.0\TerraFusion.Abstractions.dll
  TerraFusion.Core -> C:\Users\bsval\terrafusion_os_1.0\backend\TerraFusion.Core\bin\Release\net8.0\TerraFusion.Core.dll
  TerraFusion.Levy -> C:\Users\bsval\terrafusion_os_1.0\backend\TerraFusion.Levy\bin\Release\net8.0\TerraFusion.Levy.dll
  TerraFusion.Data -> C:\Users\bsval\terrafusion_os_1.0\backend\TerraFusion.Data\bin\Release\net8.0\TerraFusion.Data.dll
  TerraFusion.AI -> C:\Users\bsval\terrafusion_os_1.0\backend\TerraFusion.AI\bin\Release\net8.0\TerraFusion.AI.dll
  TerraFusion.Operations -> C:\Users\bsval\terrafusion_os_1.0\backend\TerraFusion.Operations\bin\Release\net8.0\TerraFusion.Operations.dll
  TerraFusion Elite Operational Excellence build completed - Government. Transcended.
  TerraFusion.CostForge -> C:\Users\bsval\terrafusion_os_1.0\backend\TerraFusion.CostForge\bin\Release\net8.0\TerraFusion.CostForge.dll
C:\Users\bsval\terrafusion_os_1.0\backend\TerraFusion.API\Controllers\CognitiveFrameworkMonitoringController.cs(10,64): warning CS1570: XML comment has badly formed XML -- 'Whitespace is not allowed at this location.' [C:\Users\bsval\terrafusion_os_1.0\backend\TerraFusion.API\TerraFusion.API.csproj]
C:\Users\bsval\terrafusion_os_1.0\backend\TerraFusion.API\Models\MetricsAndInterfaceModels.cs(11,5): warning CS1570: XML comment has badly formed XML -- 'End tag was not expected at this location.' [C:\Users\bsval\terrafusion_os_1.0\backend\TerraFusion.API\TerraFusion.API.csproj]
C:\Users\bsval\terrafusion_os_1.0\backend\TerraFusion.API\Controllers\ResearchAnalyticsController.cs(5,32): warning CS1570: XML comment has badly formed XML -- 'Whitespace is not allowed at this location.' [C:\Users\bsval\terrafusion_os_1.0\backend\TerraFusion.API\TerraFusion.API.csproj]
C:\Users\bsval\terrafusion_os_1.0\backend\TerraFusion.API\Services\AdvancedAIAgentOrchestrator.cs(4,49): warning CS1570: XML comment has badly formed XML -- 'Whitespace is not allowed at this location.' [C:\Users\bsval\terrafusion_os_1.0\backend\TerraFusion.API\TerraFusion.API.csproj]
C:\Users\bsval\terrafusion_os_1.0\backend\TerraFusion.API\Hubs\HarrisPACSEnhancementHub.cs(96,36): warning CS8765: Nullability of type of parameter 'exception' doesn't match overridden member (possibly because of nullability attributes). [C:\Users\bsval\terrafusion_os_1.0\backend\TerraFusion.API\TerraFusion.API.csproj]
C:\Users\bsval\terrafusion_os_1.0\backend\TerraFusion.API\Services\CrossWorkspaceSyncService.cs(9,42): error CS0738: 'CrossWorkspaceSyncService' does not implement interface member 'ICrossWorkspaceSyncService.SynchronizeResearchDataAsync(string, SyncParameters, CancellationToken)'. 'CrossWorkspaceSyncService.SynchronizeResearchDataAsync(string, SyncParameters, CancellationToken)' cannot implement 'ICrossWorkspaceSyncService.SynchronizeResearchDataAsync(string, SyncParameters, CancellationToken)' because it does not have the matching return type of 'Task<DataSyncResult>'. [C:\Users\bsval\terrafusion_os_1.0\backend\TerraFusion.API\TerraFusion.API.csproj]
C:\Users\bsval\terrafusion_os_1.0\backend\TerraFusion.API\Services\ModuleRegistry.cs(221,84): warning CS8625: Cannot convert null literal to non-nullable reference type. [C:\Users\bsval\terrafusion_os_1.0\backend\TerraFusion.API\TerraFusion.API.csproj]
C:\Users\bsval\terrafusion_os_1.0\backend\TerraFusion.API\Controllers\TerraFusionMarketplaceController.cs(53,45): warning CS8625: Cannot convert null literal to non-nullable reference type. [C:\Users\bsval\terrafusion_os_1.0\backend\TerraFusion.API\TerraFusion.API.csproj]
C:\Users\bsval\terrafusion_os_1.0\backend\TerraFusion.API\Controllers\TerraFusionMarketplaceController.cs(225,45): warning CS8625: Cannot convert null literal to non-nullable reference type. [C:\Users\bsval\terrafusion_os_1.0\backend\TerraFusion.API\TerraFusion.API.csproj]
C:\Users\bsval\terrafusion_os_1.0\backend\TerraFusion.API\Services\StatisticalAnalysisService.cs(9,43): error CS0738: 'StatisticalAnalysisService' does not implement interface member 'IStatisticalAnalysisService.ValidateIAAOStatisticalComplianceAsync(string, IAAOStandards, CancellationToken)'. 'StatisticalAnalysisService.ValidateIAAOStatisticalComplianceAsync(string, IAAOStandards, CancellationToken)' cannot implement 'IStatisticalAnalysisService.ValidateIAAOStatisticalComplianceAsync(string, IAAOStandards, CancellationToken)' because it does not have the matching return type of 'Task<IAAOComplianceResult>'. [C:\Users\bsval\terrafusion_os_1.0\backend\TerraFusion.API\TerraFusion.API.csproj]
C:\Users\bsval\terrafusion_os_1.0\backend\TerraFusion.API\Services\PerformanceMonitorService.cs(9,42): error CS0738: 'PerformanceMonitorService' does not implement interface member 'IPerformanceMonitor.GetPerformanceMetricsAsync(string, MetricsParameters, CancellationToken)'. 'PerformanceMonitorService.GetPerformanceMetricsAsync(string, MetricsParameters, CancellationToken)' cannot implement 'IPerformanceMonitor.GetPerformanceMetricsAsync(string, MetricsParameters, CancellationToken)' because it does not have the matching return type of 'Task<PerformanceMetrics>'. [C:\Users\bsval\terrafusion_os_1.0\backend\TerraFusion.API\TerraFusion.API.csproj]
C:\Users\bsval\terrafusion_os_1.0\backend\TerraFusion.API\Services\TerraGaiaService.cs(17,95): warning CS8625: Cannot convert null literal to non-nullable reference type. [C:\Users\bsval\terrafusion_os_1.0\backend\TerraFusion.API\TerraFusion.API.csproj]
C:\Users\bsval\terrafusion_os_1.0\backend\TerraFusion.API\Services\TerraFusionMarketplace.cs(431,97): warning CS8625: Cannot convert null literal to non-nullable reference type. [C:\Users\bsval\terrafusion_os_1.0\backend\TerraFusion.API\TerraFusion.API.csproj]
C:\Users\bsval\terrafusion_os_1.0\backend\TerraFusion.API\Services\TerraGaiaService.cs(92,108): warning CS8625: Cannot convert null literal to non-nullable reference type. [C:\Users\bsval\terrafusion_os_1.0\backend\TerraFusion.API\TerraFusion.API.csproj]

Build FAILED.

C:\Users\bsval\terrafusion_os_1.0\backend\TerraFusion.API\Controllers\CognitiveFrameworkMonitoringController.cs(10,64): warning CS1570: XML comment has badly formed XML -- 'Whitespace is not allowed at this location.' [C:\Users\bsval\terrafusion_os_1.0\backend\TerraFusion.API\TerraFusion.API.csproj]
C:\Users\bsval\terrafusion_os_1.0\backend\TerraFusion.API\Models\MetricsAndInterfaceModels.cs(11,5): warning CS1570: XML comment has badly formed XML -- 'End tag was not expected at this location.' [C:\Users\bsval\terrafusion_os_1.0\backend\TerraFusion.API\TerraFusion.API.csproj]
C:\Users\bsval\terrafusion_os_1.0\backend\TerraFusion.API\Controllers\ResearchAnalyticsController.cs(5,32): warning CS1570: XML comment has badly formed XML -- 'Whitespace is not allowed at this location.' [C:\Users\bsval\terrafusion_os_1.0\backend\TerraFusion.API\TerraFusion.API.csproj]
C:\Users\bsval\terrafusion_os_1.0\backend\TerraFusion.API\Services\AdvancedAIAgentOrchestrator.cs(4,49): warning CS1570: XML comment has badly formed XML -- 'Whitespace is not allowed at this location.' [C:\Users\bsval\terrafusion_os_1.0\backend\TerraFusion.API\TerraFusion.API.csproj]
C:\Users\bsval\terrafusion_os_1.0\backend\TerraFusion.API\Hubs\HarrisPACSEnhancementHub.cs(96,36): warning CS8765: Nullability of type of parameter 'exception' doesn't match overridden member (possibly because of nullability attributes). [C:\Users\bsval\terrafusion_os_1.0\backend\TerraFusion.API\TerraFusion.API.csproj]
C:\Users\bsval\terrafusion_os_1.0\backend\TerraFusion.API\Services\ModuleRegistry.cs(221,84): warning CS8625: Cannot convert null literal to non-nullable reference type. [C:\Users\bsval\terrafusion_os_1.0\backend\TerraFusion.API\TerraFusion.API.csproj]
C:\Users\bsval\terrafusion_os_1.0\backend\TerraFusion.API\Controllers\TerraFusionMarketplaceController.cs(53,45): warning CS8625: Cannot convert null literal to non-nullable reference type. [C:\Users\bsval\terrafusion_os_1.0\backend\TerraFusion.API\TerraFusion.API.csproj]
C:\Users\bsval\terrafusion_os_1.0\backend\TerraFusion.API\Controllers\TerraFusionMarketplaceController.cs(225,45): warning CS8625: Cannot convert null literal to non-nullable reference type. [C:\Users\bsval\terrafusion_os_1.0\backend\TerraFusion.API\TerraFusion.API.csproj]
C:\Users\bsval\terrafusion_os_1.0\backend\TerraFusion.API\Services\TerraGaiaService.cs(17,95): warning CS8625: Cannot convert null literal to non-nullable reference type. [C:\Users\bsval\terrafusion_os_1.0\backend\TerraFusion.API\TerraFusion.API.csproj]
C:\Users\bsval\terrafusion_os_1.0\backend\TerraFusion.API\Services\TerraFusionMarketplace.cs(431,97): warning CS8625: Cannot convert null literal to non-nullable reference type. [C:\Users\bsval\terrafusion_os_1.0\backend\TerraFusion.API\TerraFusion.API.csproj]
C:\Users\bsval\terrafusion_os_1.0\backend\TerraFusion.API\Services\TerraGaiaService.cs(92,108): warning CS8625: Cannot convert null literal to non-nullable reference type. [C:\Users\bsval\terrafusion_os_1.0\backend\TerraFusion.API\TerraFusion.API.csproj]
C:\Users\bsval\terrafusion_os_1.0\backend\TerraFusion.API\Services\CrossWorkspaceSyncService.cs(9,42): error CS0738: 'CrossWorkspaceSyncService' does not implement interface member 'ICrossWorkspaceSyncService.SynchronizeResearchDataAsync(string, SyncParameters, CancellationToken)'. 'CrossWorkspaceSyncService.SynchronizeResearchDataAsync(string, SyncParameters, CancellationToken)' cannot implement 'ICrossWorkspaceSyncService.SynchronizeResearchDataAsync(string, SyncParameters, CancellationToken)' because it does not have the matching return type of 'Task<DataSyncResult>'. [C:\Users\bsval\terrafusion_os_1.0\backend\TerraFusion.API\TerraFusion.API.csproj]
C:\Users\bsval\terrafusion_os_1.0\backend\TerraFusion.API\Services\StatisticalAnalysisService.cs(9,43): error CS0738: 'StatisticalAnalysisService' does not implement interface member 'IStatisticalAnalysisService.ValidateIAAOStatisticalComplianceAsync(string, IAAOStandards, CancellationToken)'. 'StatisticalAnalysisService.ValidateIAAOStatisticalComplianceAsync(string, IAAOStandards, CancellationToken)' cannot implement 'IStatisticalAnalysisService.ValidateIAAOStatisticalComplianceAsync(string, IAAOStandards, CancellationToken)' because it does not have the matching return type of 'Task<IAAOComplianceResult>'. [C:\Users\bsval\terrafusion_os_1.0\backend\TerraFusion.API\TerraFusion.API.csproj]
C:\Users\bsval\terrafusion_os_1.0\backend\TerraFusion.API\Services\PerformanceMonitorService.cs(9,42): error CS0738: 'PerformanceMonitorService' does not implement interface member 'IPerformanceMonitor.GetPerformanceMetricsAsync(string, MetricsParameters, CancellationToken)'. 'PerformanceMonitorService.GetPerformanceMetricsAsync(string, MetricsParameters, CancellationToken)' cannot implement 'IPerformanceMonitor.GetPerformanceMetricsAsync(string, MetricsParameters, CancellationToken)' because it does not have the matching return type of 'Task<PerformanceMetrics>'. [C:\Users\bsval\terrafusion_os_1.0\backend\TerraFusion.API\TerraFusion.API.csproj]
    11 Warning(s)
    3 Error(s)

Time Elapsed 00:00:03.15

Workload updates are available. Run `dotnet workload list` for more information.
