  Determining projects to restore...
  All projects are up-to-date for restore.
  TerraFusion.Abstractions -> C:\Users\bsval\terrafusion_os_1.0\backend\TerraFusion.Abstractions\bin\Debug\net8.0\TerraFusion.Abstractions.dll
  Building TerraFusion Elite Operational Excellence - Championship Level Government Technology
  TerraFusion.Levy -> C:\Users\bsval\terrafusion_os_1.0\backend\TerraFusion.Levy\bin\Debug\net8.0\TerraFusion.Levy.dll
  TerraFusion.Core -> C:\Users\bsval\terrafusion_os_1.0\backend\TerraFusion.Core\bin\Debug\net8.0\TerraFusion.Core.dll
  TerraFusion.Data -> C:\Users\bsval\terrafusion_os_1.0\backend\TerraFusion.Data\bin\Debug\net8.0\TerraFusion.Data.dll
C:\Users\bsval\terrafusion_os_1.0\backend\TerraFusion.Consciousness\HealthChecks\ConsciousnessHealthChecks.cs(126,13): warning CS0162: Unreachable code detected [C:\Users\bsval\terrafusion_os_1.0\backend\TerraFusion.Consciousness\TerraFusion.Consciousness.csproj]
C:\Users\bsval\terrafusion_os_1.0\backend\TerraFusion.Consciousness\Extensions\ConsciousnessServiceExtensions.cs(103,18): warning CS8602: Dereference of a possibly null reference. [C:\Users\bsval\terrafusion_os_1.0\backend\TerraFusion.Consciousness\TerraFusion.Consciousness.csproj]
C:\Users\bsval\terrafusion_os_1.0\backend\TerraFusion.Consciousness\Program.cs(187,51): warning CS1998: This async method lacks 'await' operators and will run synchronously. Consider using the 'await' operator to await non-blocking API calls, or 'await Task.Run(...)' to do CPU-bound work on a background thread. [C:\Users\bsval\terrafusion_os_1.0\backend\TerraFusion.Consciousness\TerraFusion.Consciousness.csproj]
C:\Users\bsval\terrafusion_os_1.0\backend\TerraFusion.Consciousness\Hubs\ConsciousnessHubs.cs(311,32): warning CS8604: Possible null reference argument for parameter 'value' in 'void Dictionary<string, object>.Add(string key, object value)'. [C:\Users\bsval\terrafusion_os_1.0\backend\TerraFusion.Consciousness\TerraFusion.Consciousness.csproj]
C:\Users\bsval\terrafusion_os_1.0\backend\TerraFusion.Consciousness\Controllers\ConsciousnessControllers.cs(334,49): warning CS1998: This async method lacks 'await' operators and will run synchronously. Consider using the 'await' operator to await non-blocking API calls, or 'await Task.Run(...)' to do CPU-bound work on a background thread. [C:\Users\bsval\terrafusion_os_1.0\backend\TerraFusion.Consciousness\TerraFusion.Consciousness.csproj]
C:\Users\bsval\terrafusion_os_1.0\backend\TerraFusion.Consciousness\Services\AILayerMeshOrchestrator.cs(47,38): warning CS8601: Possible null reference assignment. [C:\Users\bsval\terrafusion_os_1.0\backend\TerraFusion.Consciousness\TerraFusion.Consciousness.csproj]
C:\Users\bsval\terrafusion_os_1.0\backend\TerraFusion.Consciousness\Services\AILayerMeshOrchestrator.cs(49,35): warning CS8601: Possible null reference assignment. [C:\Users\bsval\terrafusion_os_1.0\backend\TerraFusion.Consciousness\TerraFusion.Consciousness.csproj]
C:\Users\bsval\terrafusion_os_1.0\backend\TerraFusion.Consciousness\Services\AILayerMeshOrchestrator.cs(36,16): warning CS8618: Non-nullable field '_natsJetStreamEndpoint' must contain a non-null value when exiting constructor. Consider adding the 'required' modifier or declaring the field as nullable. [C:\Users\bsval\terrafusion_os_1.0\backend\TerraFusion.Consciousness\TerraFusion.Consciousness.csproj]
C:\Users\bsval\terrafusion_os_1.0\backend\TerraFusion.Consciousness\Services\AILayerMeshOrchestrator.cs(36,16): warning CS8618: Non-nullable field '_mcpGatewayEndpoint' must contain a non-null value when exiting constructor. Consider adding the 'required' modifier or declaring the field as nullable. [C:\Users\bsval\terrafusion_os_1.0\backend\TerraFusion.Consciousness\TerraFusion.Consciousness.csproj]
C:\Users\bsval\terrafusion_os_1.0\backend\TerraFusion.Consciousness\Hubs\ConsciousnessHubs.cs(57,32): warning CS8604: Possible null reference argument for parameter 'value' in 'void Dictionary<string, object>.Add(string key, object value)'. [C:\Users\bsval\terrafusion_os_1.0\backend\TerraFusion.Consciousness\TerraFusion.Consciousness.csproj]
C:\Users\bsval\terrafusion_os_1.0\backend\TerraFusion.Consciousness\Services\TerraFusionTranscendenceEngine.cs(580,21): warning CS0162: Unreachable code detected [C:\Users\bsval\terrafusion_os_1.0\backend\TerraFusion.Consciousness\TerraFusion.Consciousness.csproj]
C:\Users\bsval\terrafusion_os_1.0\backend\TerraFusion.Consciousness\Services\TerraFusionTranscendenceEngine.cs(587,21): warning CS0162: Unreachable code detected [C:\Users\bsval\terrafusion_os_1.0\backend\TerraFusion.Consciousness\TerraFusion.Consciousness.csproj]
C:\Users\bsval\terrafusion_os_1.0\backend\TerraFusion.Consciousness\Services\TerraFusionTranscendenceEngine.cs(594,21): warning CS0162: Unreachable code detected [C:\Users\bsval\terrafusion_os_1.0\backend\TerraFusion.Consciousness\TerraFusion.Consciousness.csproj]
C:\Users\bsval\terrafusion_os_1.0\backend\TerraFusion.Consciousness\Services\AILayerMeshOrchestrator.cs(173,71): warning CS8604: Possible null reference argument for parameter 'data' in 'Task<LayerOperationResult> AILayerMeshOrchestrator.ExecuteL2AnalyticsOperationAsync(Dictionary<string, object> data, MeshOperationRequestDto request, string operationId)'. [C:\Users\bsval\terrafusion_os_1.0\backend\TerraFusion.Consciousness\TerraFusion.Consciousness.csproj]
C:\Users\bsval\terrafusion_os_1.0\backend\TerraFusion.Consciousness\Services\AILayerMeshOrchestrator.cs(180,74): warning CS8604: Possible null reference argument for parameter 'analytics' in 'Task<LayerOperationResult> AILayerMeshOrchestrator.ExecuteL3AIProcessingOperationAsync(Dictionary<string, object> analytics, MeshOperationRequestDto request, string operationId)'. [C:\Users\bsval\terrafusion_os_1.0\backend\TerraFusion.Consciousness\TerraFusion.Consciousness.csproj]
C:\Users\bsval\terrafusion_os_1.0\backend\TerraFusion.Consciousness\Services\AILayerMeshOrchestrator.cs(187,70): warning CS8604: Possible null reference argument for parameter 'aiResults' in 'Task<LayerOperationResult> AILayerMeshOrchestrator.ExecuteL4DecisionOperationAsync(Dictionary<string, object> aiResults, MeshOperationRequestDto request, string operationId)'. [C:\Users\bsval\terrafusion_os_1.0\backend\TerraFusion.Consciousness\TerraFusion.Consciousness.csproj]
C:\Users\bsval\terrafusion_os_1.0\backend\TerraFusion.Consciousness\Services\AILayerMeshOrchestrator.cs(194,72): warning CS8604: Possible null reference argument for parameter 'decisions' in 'Task<LayerOperationResult> AILayerMeshOrchestrator.ExecuteL5GovernanceOperationAsync(Dictionary<string, object> decisions, MeshOperationRequestDto request, string operationId)'. [C:\Users\bsval\terrafusion_os_1.0\backend\TerraFusion.Consciousness\TerraFusion.Consciousness.csproj]
C:\Users\bsval\terrafusion_os_1.0\backend\TerraFusion.Consciousness\Services\AILayerMeshOrchestrator.cs(217,42): warning CS8604: Possible null reference argument for parameter 'value' in 'void Dictionary<string, object>.Add(string key, object value)'. [C:\Users\bsval\terrafusion_os_1.0\backend\TerraFusion.Consciousness\TerraFusion.Consciousness.csproj]
C:\Users\bsval\terrafusion_os_1.0\backend\TerraFusion.Consciousness\Services\AILayerMeshOrchestrator.cs(290,49): warning CS8601: Possible null reference assignment. [C:\Users\bsval\terrafusion_os_1.0\backend\TerraFusion.Consciousness\TerraFusion.Consciousness.csproj]
C:\Users\bsval\terrafusion_os_1.0\backend\TerraFusion.Consciousness\Services\AILayerMeshOrchestrator.cs(291,50): warning CS8601: Possible null reference assignment. [C:\Users\bsval\terrafusion_os_1.0\backend\TerraFusion.Consciousness\TerraFusion.Consciousness.csproj]
C:\Users\bsval\terrafusion_os_1.0\backend\TerraFusion.Consciousness\Services\AILayerMeshOrchestrator.cs(292,49): warning CS8601: Possible null reference assignment. [C:\Users\bsval\terrafusion_os_1.0\backend\TerraFusion.Consciousness\TerraFusion.Consciousness.csproj]
C:\Users\bsval\terrafusion_os_1.0\backend\TerraFusion.Consciousness\Services\AILayerMeshOrchestrator.cs(293,49): warning CS8601: Possible null reference assignment. [C:\Users\bsval\terrafusion_os_1.0\backend\TerraFusion.Consciousness\TerraFusion.Consciousness.csproj]
C:\Users\bsval\terrafusion_os_1.0\backend\TerraFusion.Consciousness\Services\BentonCountyDataService.cs(56,36): warning CS8601: Possible null reference assignment. [C:\Users\bsval\terrafusion_os_1.0\backend\TerraFusion.Consciousness\TerraFusion.Consciousness.csproj]
C:\Users\bsval\terrafusion_os_1.0\backend\TerraFusion.Consciousness\Services\BentonCountyDataService.cs(62,47): warning CS8604: Possible null reference argument for parameter 'uriString' in 'Uri.Uri(string uriString)'. [C:\Users\bsval\terrafusion_os_1.0\backend\TerraFusion.Consciousness\TerraFusion.Consciousness.csproj]
C:\Users\bsval\terrafusion_os_1.0\backend\TerraFusion.Consciousness\Services\ConsciousnessTelemetryService.cs(37,54): warning CS1998: This async method lacks 'await' operators and will run synchronously. Consider using the 'await' operator to await non-blocking API calls, or 'await Task.Run(...)' to do CPU-bound work on a background thread. [C:\Users\bsval\terrafusion_os_1.0\backend\TerraFusion.Consciousness\TerraFusion.Consciousness.csproj]
C:\Users\bsval\terrafusion_os_1.0\backend\TerraFusion.Consciousness\Services\ConsciousnessTelemetryService.cs(88,50): warning CS1998: This async method lacks 'await' operators and will run synchronously. Consider using the 'await' operator to await non-blocking API calls, or 'await Task.Run(...)' to do CPU-bound work on a background thread. [C:\Users\bsval\terrafusion_os_1.0\backend\TerraFusion.Consciousness\TerraFusion.Consciousness.csproj]
C:\Users\bsval\terrafusion_os_1.0\backend\TerraFusion.Consciousness\Services\ConsciousnessTelemetryService.cs(116,58): warning CS1998: This async method lacks 'await' operators and will run synchronously. Consider using the 'await' operator to await non-blocking API calls, or 'await Task.Run(...)' to do CPU-bound work on a background thread. [C:\Users\bsval\terrafusion_os_1.0\backend\TerraFusion.Consciousness\TerraFusion.Consciousness.csproj]
C:\Users\bsval\terrafusion_os_1.0\backend\TerraFusion.Consciousness\Services\ConsciousnessTelemetryService.cs(145,57): warning CS1998: This async method lacks 'await' operators and will run synchronously. Consider using the 'await' operator to await non-blocking API calls, or 'await Task.Run(...)' to do CPU-bound work on a background thread. [C:\Users\bsval\terrafusion_os_1.0\backend\TerraFusion.Consciousness\TerraFusion.Consciousness.csproj]
C:\Users\bsval\terrafusion_os_1.0\backend\TerraFusion.Consciousness\Services\MultiCountyDataService.cs(56,36): warning CS8601: Possible null reference assignment. [C:\Users\bsval\terrafusion_os_1.0\backend\TerraFusion.Consciousness\TerraFusion.Consciousness.csproj]
C:\Users\bsval\terrafusion_os_1.0\backend\TerraFusion.Consciousness\Services\MultiCountyDataService.cs(60,47): warning CS8604: Possible null reference argument for parameter 'uriString' in 'Uri.Uri(string uriString)'. [C:\Users\bsval\terrafusion_os_1.0\backend\TerraFusion.Consciousness\TerraFusion.Consciousness.csproj]
C:\Users\bsval\terrafusion_os_1.0\backend\TerraFusion.Consciousness\Services\EmergencyResponseService.cs(215,42): warning CS1998: This async method lacks 'await' operators and will run synchronously. Consider using the 'await' operator to await non-blocking API calls, or 'await Task.Run(...)' to do CPU-bound work on a background thread. [C:\Users\bsval\terrafusion_os_1.0\backend\TerraFusion.Consciousness\TerraFusion.Consciousness.csproj]
C:\Users\bsval\terrafusion_os_1.0\backend\TerraFusion.Consciousness\Services\EmergencyResponseService.cs(227,42): warning CS1998: This async method lacks 'await' operators and will run synchronously. Consider using the 'await' operator to await non-blocking API calls, or 'await Task.Run(...)' to do CPU-bound work on a background thread. [C:\Users\bsval\terrafusion_os_1.0\backend\TerraFusion.Consciousness\TerraFusion.Consciousness.csproj]
C:\Users\bsval\terrafusion_os_1.0\backend\TerraFusion.Consciousness\Services\EmergencyResponseService.cs(238,42): warning CS1998: This async method lacks 'await' operators and will run synchronously. Consider using the 'await' operator to await non-blocking API calls, or 'await Task.Run(...)' to do CPU-bound work on a background thread. [C:\Users\bsval\terrafusion_os_1.0\backend\TerraFusion.Consciousness\TerraFusion.Consciousness.csproj]
C:\Users\bsval\terrafusion_os_1.0\backend\TerraFusion.Consciousness\Services\ConsciousnessService.cs(344,58): warning CS1998: This async method lacks 'await' operators and will run synchronously. Consider using the 'await' operator to await non-blocking API calls, or 'await Task.Run(...)' to do CPU-bound work on a background thread. [C:\Users\bsval\terrafusion_os_1.0\backend\TerraFusion.Consciousness\TerraFusion.Consciousness.csproj]
C:\Users\bsval\terrafusion_os_1.0\backend\TerraFusion.Consciousness\Services\MillionAgentService.cs(283,50): warning CS1998: This async method lacks 'await' operators and will run synchronously. Consider using the 'await' operator to await non-blocking API calls, or 'await Task.Run(...)' to do CPU-bound work on a background thread. [C:\Users\bsval\terrafusion_os_1.0\backend\TerraFusion.Consciousness\TerraFusion.Consciousness.csproj]
C:\Users\bsval\terrafusion_os_1.0\backend\TerraFusion.Consciousness\Services\MultiCountyDataService.cs(220,49): warning CS1998: This async method lacks 'await' operators and will run synchronously. Consider using the 'await' operator to await non-blocking API calls, or 'await Task.Run(...)' to do CPU-bound work on a background thread. [C:\Users\bsval\terrafusion_os_1.0\backend\TerraFusion.Consciousness\TerraFusion.Consciousness.csproj]
C:\Users\bsval\terrafusion_os_1.0\backend\TerraFusion.Consciousness\Services\BentonCountyDataService.cs(192,36): warning CS8601: Possible null reference assignment. [C:\Users\bsval\terrafusion_os_1.0\backend\TerraFusion.Consciousness\TerraFusion.Consciousness.csproj]
C:\Users\bsval\terrafusion_os_1.0\backend\TerraFusion.Consciousness\Services\HybridConsciousnessManager.cs(375,55): warning CS1998: This async method lacks 'await' operators and will run synchronously. Consider using the 'await' operator to await non-blocking API calls, or 'await Task.Run(...)' to do CPU-bound work on a background thread. [C:\Users\bsval\terrafusion_os_1.0\backend\TerraFusion.Consciousness\TerraFusion.Consciousness.csproj]
C:\Users\bsval\terrafusion_os_1.0\backend\TerraFusion.Consciousness\Services\BentonCountyDataService.cs(238,51): warning CS1998: This async method lacks 'await' operators and will run synchronously. Consider using the 'await' operator to await non-blocking API calls, or 'await Task.Run(...)' to do CPU-bound work on a background thread. [C:\Users\bsval\terrafusion_os_1.0\backend\TerraFusion.Consciousness\TerraFusion.Consciousness.csproj]
C:\Users\bsval\terrafusion_os_1.0\backend\TerraFusion.Consciousness\Services\AILayerMeshOrchestrator.cs(794,39): warning CS8604: Possible null reference argument for parameter 'source' in 'Dictionary<string, object> Enumerable.ToDictionary<KeyValuePair<int, LayerConfiguration>, string, object>(IEnumerable<KeyValuePair<int, LayerConfiguration>> source, Func<KeyValuePair<int, LayerConfiguration>, string> keySelector, Func<KeyValuePair<int, LayerConfiguration>, object> elementSelector)'. [C:\Users\bsval\terrafusion_os_1.0\backend\TerraFusion.Consciousness\TerraFusion.Consciousness.csproj]
C:\Users\bsval\terrafusion_os_1.0\backend\TerraFusion.Consciousness\Services\QuantumConsciousnessOrchestrator.cs(681,56): warning CS1998: This async method lacks 'await' operators and will run synchronously. Consider using the 'await' operator to await non-blocking API calls, or 'await Task.Run(...)' to do CPU-bound work on a background thread. [C:\Users\bsval\terrafusion_os_1.0\backend\TerraFusion.Consciousness\TerraFusion.Consciousness.csproj]
C:\Users\bsval\terrafusion_os_1.0\backend\TerraFusion.Consciousness\Services\QuantumConsciousnessOrchestrator.cs(695,56): warning CS1998: This async method lacks 'await' operators and will run synchronously. Consider using the 'await' operator to await non-blocking API calls, or 'await Task.Run(...)' to do CPU-bound work on a background thread. [C:\Users\bsval\terrafusion_os_1.0\backend\TerraFusion.Consciousness\TerraFusion.Consciousness.csproj]
C:\Users\bsval\terrafusion_os_1.0\backend\TerraFusion.Consciousness\Services\AILayerMeshOrchestrator.cs(903,35): warning CS1998: This async method lacks 'await' operators and will run synchronously. Consider using the 'await' operator to await non-blocking API calls, or 'await Task.Run(...)' to do CPU-bound work on a background thread. [C:\Users\bsval\terrafusion_os_1.0\backend\TerraFusion.Consciousness\TerraFusion.Consciousness.csproj]
C:\Users\bsval\terrafusion_os_1.0\backend\TerraFusion.Consciousness\Services\BentonCountyDataService.cs(322,53): warning CS1998: This async method lacks 'await' operators and will run synchronously. Consider using the 'await' operator to await non-blocking API calls, or 'await Task.Run(...)' to do CPU-bound work on a background thread. [C:\Users\bsval\terrafusion_os_1.0\backend\TerraFusion.Consciousness\TerraFusion.Consciousness.csproj]
C:\Users\bsval\terrafusion_os_1.0\backend\TerraFusion.Consciousness\Services\AILayerMeshOrchestrator.cs(971,28): warning CS8601: Possible null reference assignment. [C:\Users\bsval\terrafusion_os_1.0\backend\TerraFusion.Consciousness\TerraFusion.Consciousness.csproj]
C:\Users\bsval\terrafusion_os_1.0\backend\TerraFusion.Consciousness\Services\AILayerMeshOrchestrator.cs(976,91): warning CS8604: Possible null reference argument for parameter 'parameters' in 'Task<Dictionary<string, object>> AILayerMeshOrchestrator.ExecuteMeshOperationLayersAsync(string operationType, Dictionary<string, object> parameters)'. [C:\Users\bsval\terrafusion_os_1.0\backend\TerraFusion.Consciousness\TerraFusion.Consciousness.csproj]
C:\Users\bsval\terrafusion_os_1.0\backend\TerraFusion.Consciousness\Services\QuantumConsciousnessOrchestrator.cs(832,32): warning CS8601: Possible null reference assignment. [C:\Users\bsval\terrafusion_os_1.0\backend\TerraFusion.Consciousness\TerraFusion.Consciousness.csproj]
C:\Users\bsval\terrafusion_os_1.0\backend\TerraFusion.Consciousness\Services\MultiCountyDataService.cs(598,28): warning CS1998: This async method lacks 'await' operators and will run synchronously. Consider using the 'await' operator to await non-blocking API calls, or 'await Task.Run(...)' to do CPU-bound work on a background thread. [C:\Users\bsval\terrafusion_os_1.0\backend\TerraFusion.Consciousness\TerraFusion.Consciousness.csproj]
C:\Users\bsval\terrafusion_os_1.0\backend\TerraFusion.Consciousness\Services\MultiCountyDataService.cs(624,28): warning CS1998: This async method lacks 'await' operators and will run synchronously. Consider using the 'await' operator to await non-blocking API calls, or 'await Task.Run(...)' to do CPU-bound work on a background thread. [C:\Users\bsval\terrafusion_os_1.0\backend\TerraFusion.Consciousness\TerraFusion.Consciousness.csproj]
C:\Users\bsval\terrafusion_os_1.0\backend\TerraFusion.Consciousness\Services\QuantumConsciousnessOrchestrator.cs(986,54): warning CS1998: This async method lacks 'await' operators and will run synchronously. Consider using the 'await' operator to await non-blocking API calls, or 'await Task.Run(...)' to do CPU-bound work on a background thread. [C:\Users\bsval\terrafusion_os_1.0\backend\TerraFusion.Consciousness\TerraFusion.Consciousness.csproj]
C:\Users\bsval\terrafusion_os_1.0\backend\TerraFusion.Consciousness\Services\AILayerMeshOrchestrator.cs(1128,56): warning CS8604: Possible null reference argument for parameter 'value' in 'void Dictionary<string, object>.Add(string key, object value)'. [C:\Users\bsval\terrafusion_os_1.0\backend\TerraFusion.Consciousness\TerraFusion.Consciousness.csproj]
C:\Users\bsval\terrafusion_os_1.0\backend\TerraFusion.Consciousness\Services\AILayerMeshOrchestrator.cs(1129,57): warning CS8604: Possible null reference argument for parameter 'value' in 'void Dictionary<string, object>.Add(string key, object value)'. [C:\Users\bsval\terrafusion_os_1.0\backend\TerraFusion.Consciousness\TerraFusion.Consciousness.csproj]
C:\Users\bsval\terrafusion_os_1.0\backend\TerraFusion.Consciousness\Services\AILayerMeshOrchestrator.cs(1130,56): warning CS8604: Possible null reference argument for parameter 'value' in 'void Dictionary<string, object>.Add(string key, object value)'. [C:\Users\bsval\terrafusion_os_1.0\backend\TerraFusion.Consciousness\TerraFusion.Consciousness.csproj]
C:\Users\bsval\terrafusion_os_1.0\backend\TerraFusion.Consciousness\Services\AILayerMeshOrchestrator.cs(1131,56): warning CS8604: Possible null reference argument for parameter 'value' in 'void Dictionary<string, object>.Add(string key, object value)'. [C:\Users\bsval\terrafusion_os_1.0\backend\TerraFusion.Consciousness\TerraFusion.Consciousness.csproj]
C:\Users\bsval\terrafusion_os_1.0\backend\TerraFusion.Consciousness\Services\AILayerMeshOrchestrator.cs(1282,33): warning CS1998: This async method lacks 'await' operators and will run synchronously. Consider using the 'await' operator to await non-blocking API calls, or 'await Task.Run(...)' to do CPU-bound work on a background thread. [C:\Users\bsval\terrafusion_os_1.0\backend\TerraFusion.Consciousness\TerraFusion.Consciousness.csproj]
C:\Users\bsval\terrafusion_os_1.0\backend\TerraFusion.Consciousness\Controllers\AILayerMeshController.cs(26,16): warning CS1591: Missing XML comment for publicly visible type or member 'AILayerMeshController.AILayerMeshController(ILogger<AILayerMeshController>, IAILayerMeshOrchestrator, IMultiCountyDataService)' [C:\Users\bsval\terrafusion_os_1.0\backend\TerraFusion.Consciousness\TerraFusion.Consciousness.csproj]
C:\Users\bsval\terrafusion_os_1.0\backend\TerraFusion.Consciousness\Controllers\ConsciousnessControllers.cs(23,16): warning CS1591: Missing XML comment for publicly visible type or member 'QuantumConsciousnessController.QuantumConsciousnessController(IQuantumConsciousnessOrchestrator, ILogger<QuantumConsciousnessController>)' [C:\Users\bsval\terrafusion_os_1.0\backend\TerraFusion.Consciousness\TerraFusion.Consciousness.csproj]
C:\Users\bsval\terrafusion_os_1.0\backend\TerraFusion.Consciousness\Controllers\ConsciousnessControllers.cs(238,16): warning CS1591: Missing XML comment for publicly visible type or member 'BentonCountyDataController.BentonCountyDataController(IBentonCountyDataService, ILogger<BentonCountyDataController>)' [C:\Users\bsval\terrafusion_os_1.0\backend\TerraFusion.Consciousness\TerraFusion.Consciousness.csproj]
C:\Users\bsval\terrafusion_os_1.0\backend\TerraFusion.Consciousness\Controllers\ConsciousnessControllers.cs(379,16): warning CS1591: Missing XML comment for publicly visible type or member 'QuantumSecurityController.QuantumSecurityController(IQuantumSecurityService, ILogger<QuantumSecurityController>)' [C:\Users\bsval\terrafusion_os_1.0\backend\TerraFusion.Consciousness\TerraFusion.Consciousness.csproj]
C:\Users\bsval\terrafusion_os_1.0\backend\TerraFusion.Consciousness\DTOs\AILayerMeshDTOs.cs(5,18): warning CS1591: Missing XML comment for publicly visible type or member 'MultiCountyInitializationResultDto' [C:\Users\bsval\terrafusion_os_1.0\backend\TerraFusion.Consciousness\TerraFusion.Consciousness.csproj]
C:\Users\bsval\terrafusion_os_1.0\backend\TerraFusion.Consciousness\DTOs\AILayerMeshDTOs.cs(7,30): warning CS1591: Missing XML comment for publicly visible type or member 'MultiCountyInitializationResultDto.Success' [C:\Users\bsval\terrafusion_os_1.0\backend\TerraFusion.Consciousness\TerraFusion.Consciousness.csproj]
C:\Users\bsval\terrafusion_os_1.0\backend\TerraFusion.Consciousness\DTOs\AILayerMeshDTOs.cs(8,38): warning CS1591: Missing XML comment for publicly visible type or member 'MultiCountyInitializationResultDto.InitializedCounties' [C:\Users\bsval\terrafusion_os_1.0\backend\TerraFusion.Consciousness\TerraFusion.Consciousness.csproj]
C:\Users\bsval\terrafusion_os_1.0\backend\TerraFusion.Consciousness\DTOs\AILayerMeshDTOs.cs(9,38): warning CS1591: Missing XML comment for publicly visible type or member 'MultiCountyInitializationResultDto.FailedCounties' [C:\Users\bsval\terrafusion_os_1.0\backend\TerraFusion.Consciousness\TerraFusion.Consciousness.csproj]
C:\Users\bsval\terrafusion_os_1.0\backend\TerraFusion.Consciousness\DTOs\AILayerMeshDTOs.cs(10,52): warning CS1591: Missing XML comment for publicly visible type or member 'MultiCountyInitializationResultDto.InitializationMetrics' [C:\Users\bsval\terrafusion_os_1.0\backend\TerraFusion.Consciousness\TerraFusion.Consciousness.csproj]
C:\Users\bsval\terrafusion_os_1.0\backend\TerraFusion.Consciousness\DTOs\AILayerMeshDTOs.cs(11,34): warning CS1591: Missing XML comment for publicly visible type or member 'MultiCountyInitializationResultDto.InitializationTime' [C:\Users\bsval\terrafusion_os_1.0\backend\TerraFusion.Consciousness\TerraFusion.Consciousness.csproj]
C:\Users\bsval\terrafusion_os_1.0\backend\TerraFusion.Consciousness\DTOs\AILayerMeshDTOs.cs(12,30): warning CS1591: Missing XML comment for publicly visible type or member 'MultiCountyInitializationResultDto.Errors' [C:\Users\bsval\terrafusion_os_1.0\backend\TerraFusion.Consciousness\TerraFusion.Consciousness.csproj]
C:\Users\bsval\terrafusion_os_1.0\backend\TerraFusion.Consciousness\DTOs\AILayerMeshDTOs.cs(13,44): warning CS1591: Missing XML comment for publicly visible type or member 'MultiCountyInitializationResultDto.LegacyCompatibilityInfo' [C:\Users\bsval\terrafusion_os_1.0\backend\TerraFusion.Consciousness\TerraFusion.Consciousness.csproj]
C:\Users\bsval\terrafusion_os_1.0\backend\TerraFusion.Consciousness\DTOs\AILayerMeshDTOs.cs(14,44): warning CS1591: Missing XML comment for publicly visible type or member 'MultiCountyInitializationResultDto.CountyVersionMappings' [C:\Users\bsval\terrafusion_os_1.0\backend\TerraFusion.Consciousness\TerraFusion.Consciousness.csproj]
C:\Users\bsval\terrafusion_os_1.0\backend\TerraFusion.Consciousness\DTOs\AILayerMeshDTOs.cs(15,24): warning CS1591: Missing XML comment for publicly visible type or member 'MultiCountyInitializationResultDto.BackwardCompatibilityLevel' [C:\Users\bsval\terrafusion_os_1.0\backend\TerraFusion.Consciousness\TerraFusion.Consciousness.csproj]
C:\Users\bsval\terrafusion_os_1.0\backend\TerraFusion.Consciousness\DTOs\AILayerMeshDTOs.cs(18,20): warning CS1591: Missing XML comment for publicly visible type or member 'MultiCountyInitializationResultDto.FederatedCounties' [C:\Users\bsval\terrafusion_os_1.0\backend\TerraFusion.Consciousness\TerraFusion.Consciousness.csproj]
C:\Users\bsval\terrafusion_os_1.0\backend\TerraFusion.Consciousness\DTOs\AILayerMeshDTOs.cs(19,23): warning CS1591: Missing XML comment for publicly visible type or member 'MultiCountyInitializationResultDto.MeshGatewayStatus' [C:\Users\bsval\terrafusion_os_1.0\backend\TerraFusion.Consciousness\TerraFusion.Consciousness.csproj]
C:\Users\bsval\terrafusion_os_1.0\backend\TerraFusion.Consciousness\DTOs\AILayerMeshDTOs.cs(20,21): warning CS1591: Missing XML comment for publicly visible type or member 'MultiCountyInitializationResultDto.PrivacyGuardrails' [C:\Users\bsval\terrafusion_os_1.0\backend\TerraFusion.Consciousness\TerraFusion.Consciousness.csproj]
C:\Users\bsval\terrafusion_os_1.0\backend\TerraFusion.Consciousness\DTOs\AILayerMeshDTOs.cs(21,29): warning CS1591: Missing XML comment for publicly visible type or member 'MultiCountyInitializationResultDto.InitializationMessages' [C:\Users\bsval\terrafusion_os_1.0\backend\TerraFusion.Consciousness\TerraFusion.Consciousness.csproj]
C:\Users\bsval\terrafusion_os_1.0\backend\TerraFusion.Consciousness\DTOs\AILayerMeshDTOs.cs(24,18): warning CS1591: Missing XML comment for publicly visible type or member 'CountyDataSourceRequestDto' [C:\Users\bsval\terrafusion_os_1.0\backend\TerraFusion.Consciousness\TerraFusion.Consciousness.csproj]
C:\Users\bsval\terrafusion_os_1.0\backend\TerraFusion.Consciousness\DTOs\AILayerMeshDTOs.cs(26,32): warning CS1591: Missing XML comment for publicly visible type or member 'CountyDataSourceRequestDto.CountyId' [C:\Users\bsval\terrafusion_os_1.0\backend\TerraFusion.Consciousness\TerraFusion.Consciousness.csproj]
C:\Users\bsval\terrafusion_os_1.0\backend\TerraFusion.Consciousness\DTOs\AILayerMeshDTOs.cs(27,32): warning CS1591: Missing XML comment for publicly visible type or member 'CountyDataSourceRequestDto.DataSourceType' [C:\Users\bsval\terrafusion_os_1.0\backend\TerraFusion.Consciousness\TerraFusion.Consciousness.csproj]
C:\Users\bsval\terrafusion_os_1.0\backend\TerraFusion.Consciousness\DTOs\AILayerMeshDTOs.cs(28,52): warning CS1591: Missing XML comment for publicly visible type or member 'CountyDataSourceRequestDto.ConnectionConfig' [C:\Users\bsval\terrafusion_os_1.0\backend\TerraFusion.Consciousness\TerraFusion.Consciousness.csproj]
C:\Users\bsval\terrafusion_os_1.0\backend\TerraFusion.Consciousness\DTOs\AILayerMeshDTOs.cs(29,32): warning CS1591: Missing XML comment for publicly visible type or member 'CountyDataSourceRequestDto.RequestId' [C:\Users\bsval\terrafusion_os_1.0\backend\TerraFusion.Consciousness\TerraFusion.Consciousness.csproj]
C:\Users\bsval\terrafusion_os_1.0\backend\TerraFusion.Consciousness\DTOs\AILayerMeshDTOs.cs(30,34): warning CS1591: Missing XML comment for publicly visible type or member 'CountyDataSourceRequestDto.RequestTime' [C:\Users\bsval\terrafusion_os_1.0\backend\TerraFusion.Consciousness\TerraFusion.Consciousness.csproj]
C:\Users\bsval\terrafusion_os_1.0\backend\TerraFusion.Consciousness\DTOs\AILayerMeshDTOs.cs(33,32): warning CS1591: Missing XML comment for publicly visible type or member 'CountyDataSourceRequestDto.CountyName' [C:\Users\bsval\terrafusion_os_1.0\backend\TerraFusion.Consciousness\TerraFusion.Consciousness.csproj]
C:\Users\bsval\terrafusion_os_1.0\backend\TerraFusion.Consciousness\DTOs\AILayerMeshDTOs.cs(34,32): warning CS1591: Missing XML comment for publicly visible type or member 'CountyDataSourceRequestDto.StateName' [C:\Users\bsval\terrafusion_os_1.0\backend\TerraFusion.Consciousness\TerraFusion.Consciousness.csproj]
C:\Users\bsval\terrafusion_os_1.0\backend\TerraFusion.Consciousness\DTOs\AILayerMeshDTOs.cs(35,38): warning CS1591: Missing XML comment for publicly visible type or member 'CountyDataSourceRequestDto.MeshCapabilities' [C:\Users\bsval\terrafusion_os_1.0\backend\TerraFusion.Consciousness\TerraFusion.Consciousness.csproj]
C:\Users\bsval\terrafusion_os_1.0\backend\TerraFusion.Consciousness\DTOs\AILayerMeshDTOs.cs(36,32): warning CS1591: Missing XML comment for publicly visible type or member 'CountyDataSourceRequestDto.PrivacyLevel' [C:\Users\bsval\terrafusion_os_1.0\backend\TerraFusion.Consciousness\TerraFusion.Consciousness.csproj]
C:\Users\bsval\terrafusion_os_1.0\backend\TerraFusion.Consciousness\DTOs\AILayerMeshDTOs.cs(37,52): warning CS1591: Missing XML comment for publicly visible type or member 'CountyDataSourceRequestDto.DataSovereigntyRestrictions' [C:\Users\bsval\terrafusion_os_1.0\backend\TerraFusion.Consciousness\TerraFusion.Consciousness.csproj]
C:\Users\bsval\terrafusion_os_1.0\backend\TerraFusion.Consciousness\DTOs\AILayerMeshDTOs.cs(39,24): warning CS1591: Missing XML comment for publicly visible type or member 'CountyDataSourceRequestDto.LegacySystemId' [C:\Users\bsval\terrafusion_os_1.0\backend\TerraFusion.Consciousness\TerraFusion.Consciousness.csproj]
C:\Users\bsval\terrafusion_os_1.0\backend\TerraFusion.Consciousness\DTOs\AILayerMeshDTOs.cs(40,44): warning CS1591: Missing XML comment for publicly visible type or member 'CountyDataSourceRequestDto.FlexibleConfiguration' [C:\Users\bsval\terrafusion_os_1.0\backend\TerraFusion.Consciousness\TerraFusion.Consciousness.csproj]
C:\Users\bsval\terrafusion_os_1.0\backend\TerraFusion.Consciousness\DTOs\AILayerMeshDTOs.cs(43,23): warning CS1591: Missing XML comment for publicly visible type or member 'CountyDataSourceRequestDto.ApiEndpoint' [C:\Users\bsval\terrafusion_os_1.0\backend\TerraFusion.Consciousness\TerraFusion.Consciousness.csproj]
C:\Users\bsval\terrafusion_os_1.0\backend\TerraFusion.Consciousness\DTOs\AILayerMeshDTOs.cs(44,44): warning CS1591: Missing XML comment for publicly visible type or member 'CountyDataSourceRequestDto.LegacyPropertyMappings' [C:\Users\bsval\terrafusion_os_1.0\backend\TerraFusion.Consciousness\TerraFusion.Consciousness.csproj]
C:\Users\bsval\terrafusion_os_1.0\backend\TerraFusion.Consciousness\DTOs\AILayerMeshDTOs.cs(45,22): warning CS1591: Missing XML comment for publicly visible type or member 'CountyDataSourceRequestDto.EnableBackwardCompatibility' [C:\Users\bsval\terrafusion_os_1.0\backend\TerraFusion.Consciousness\TerraFusion.Consciousness.csproj]
C:\Users\bsval\terrafusion_os_1.0\backend\TerraFusion.Consciousness\DTOs\AILayerMeshDTOs.cs(48,18): warning CS1591: Missing XML comment for publicly visible type or member 'CountyDataSourceResultDto' [C:\Users\bsval\terrafusion_os_1.0\backend\TerraFusion.Consciousness\TerraFusion.Consciousness.csproj]
C:\Users\bsval\terrafusion_os_1.0\backend\TerraFusion.Consciousness\DTOs\AILayerMeshDTOs.cs(50,32): warning CS1591: Missing XML comment for publicly visible type or member 'CountyDataSourceResultDto.CountyId' [C:\Users\bsval\terrafusion_os_1.0\backend\TerraFusion.Consciousness\TerraFusion.Consciousness.csproj]
C:\Users\bsval\terrafusion_os_1.0\backend\TerraFusion.Consciousness\DTOs\AILayerMeshDTOs.cs(51,30): warning CS1591: Missing XML comment for publicly visible type or member 'CountyDataSourceResultDto.Success' [C:\Users\bsval\terrafusion_os_1.0\backend\TerraFusion.Consciousness\TerraFusion.Consciousness.csproj]
C:\Users\bsval\terrafusion_os_1.0\backend\TerraFusion.Consciousness\DTOs\AILayerMeshDTOs.cs(52,52): warning CS1591: Missing XML comment for publicly visible type or member 'CountyDataSourceResultDto.DataSources' [C:\Users\bsval\terrafusion_os_1.0\backend\TerraFusion.Consciousness\TerraFusion.Consciousness.csproj]
C:\Users\bsval\terrafusion_os_1.0\backend\TerraFusion.Consciousness\DTOs\AILayerMeshDTOs.cs(53,34): warning CS1591: Missing XML comment for publicly visible type or member 'CountyDataSourceResultDto.ResponseTime' [C:\Users\bsval\terrafusion_os_1.0\backend\TerraFusion.Consciousness\TerraFusion.Consciousness.csproj]
C:\Users\bsval\terrafusion_os_1.0\backend\TerraFusion.Consciousness\DTOs\AILayerMeshDTOs.cs(56,32): warning CS1591: Missing XML comment for publicly visible type or member 'CountyDataSourceResultDto.CountyNodeId' [C:\Users\bsval\terrafusion_os_1.0\backend\TerraFusion.Consciousness\TerraFusion.Consciousness.csproj]
C:\Users\bsval\terrafusion_os_1.0\backend\TerraFusion.Consciousness\DTOs\AILayerMeshDTOs.cs(57,32): warning CS1591: Missing XML comment for publicly visible type or member 'CountyDataSourceResultDto.ConnectionStatus' [C:\Users\bsval\terrafusion_os_1.0\backend\TerraFusion.Consciousness\TerraFusion.Consciousness.csproj]
C:\Users\bsval\terrafusion_os_1.0\backend\TerraFusion.Consciousness\DTOs\AILayerMeshDTOs.cs(58,38): warning CS1591: Missing XML comment for publicly visible type or member 'CountyDataSourceResultDto.MeshCapabilities' [C:\Users\bsval\terrafusion_os_1.0\backend\TerraFusion.Consciousness\TerraFusion.Consciousness.csproj]
C:\Users\bsval\terrafusion_os_1.0\backend\TerraFusion.Consciousness\DTOs\AILayerMeshDTOs.cs(59,32): warning CS1591: Missing XML comment for publicly visible type or member 'CountyDataSourceResultDto.PrivacyLevel' [C:\Users\bsval\terrafusion_os_1.0\backend\TerraFusion.Consciousness\TerraFusion.Consciousness.csproj]
C:\Users\bsval\terrafusion_os_1.0\backend\TerraFusion.Consciousness\DTOs\AILayerMeshDTOs.cs(60,34): warning CS1591: Missing XML comment for publicly visible type or member 'CountyDataSourceResultDto.AddedAt' [C:\Users\bsval\terrafusion_os_1.0\backend\TerraFusion.Consciousness\TerraFusion.Consciousness.csproj]
C:\Users\bsval\terrafusion_os_1.0\backend\TerraFusion.Consciousness\DTOs\AILayerMeshDTOs.cs(61,34): warning CS1591: Missing XML comment for publicly visible type or member 'CountyDataSourceResultDto.ConnectionTime' [C:\Users\bsval\terrafusion_os_1.0\backend\TerraFusion.Consciousness\TerraFusion.Consciousness.csproj]
C:\Users\bsval\terrafusion_os_1.0\backend\TerraFusion.Consciousness\DTOs\AILayerMeshDTOs.cs(62,38): warning CS1591: Missing XML comment for publicly visible type or member 'CountyDataSourceResultDto.Messages' [C:\Users\bsval\terrafusion_os_1.0\backend\TerraFusion.Consciousness\TerraFusion.Consciousness.csproj]
C:\Users\bsval\terrafusion_os_1.0\backend\TerraFusion.Consciousness\DTOs\AILayerMeshDTOs.cs(64,30): warning CS1591: Missing XML comment for publicly visible type or member 'CountyDataSourceResultDto.Errors' [C:\Users\bsval\terrafusion_os_1.0\backend\TerraFusion.Consciousness\TerraFusion.Consciousness.csproj]
C:\Users\bsval\terrafusion_os_1.0\backend\TerraFusion.Consciousness\DTOs\AILayerMeshDTOs.cs(65,44): warning CS1591: Missing XML comment for publicly visible type or member 'CountyDataSourceResultDto.ConnectionMetrics' [C:\Users\bsval\terrafusion_os_1.0\backend\TerraFusion.Consciousness\TerraFusion.Consciousness.csproj]
C:\Users\bsval\terrafusion_os_1.0\backend\TerraFusion.Consciousness\DTOs\AILayerMeshDTOs.cs(68,18): warning CS1591: Missing XML comment for publicly visible type or member 'AvailableCountiesDto' [C:\Users\bsval\terrafusion_os_1.0\backend\TerraFusion.Consciousness\TerraFusion.Consciousness.csproj]
C:\Users\bsval\terrafusion_os_1.0\backend\TerraFusion.Consciousness\DTOs\AILayerMeshDTOs.cs(70,38): warning CS1591: Missing XML comment for publicly visible type or member 'AvailableCountiesDto.Counties' [C:\Users\bsval\terrafusion_os_1.0\backend\TerraFusion.Consciousness\TerraFusion.Consciousness.csproj]
C:\Users\bsval\terrafusion_os_1.0\backend\TerraFusion.Consciousness\DTOs\AILayerMeshDTOs.cs(71,52): warning CS1591: Missing XML comment for publicly visible type or member 'AvailableCountiesDto.CountyCapabilities' [C:\Users\bsval\terrafusion_os_1.0\backend\TerraFusion.Consciousness\TerraFusion.Consciousness.csproj]
C:\Users\bsval\terrafusion_os_1.0\backend\TerraFusion.Consciousness\DTOs\AILayerMeshDTOs.cs(72,34): warning CS1591: Missing XML comment for publicly visible type or member 'AvailableCountiesDto.LastUpdated' [C:\Users\bsval\terrafusion_os_1.0\backend\TerraFusion.Consciousness\TerraFusion.Consciousness.csproj]
C:\Users\bsval\terrafusion_os_1.0\backend\TerraFusion.Consciousness\DTOs\AILayerMeshDTOs.cs(75,51): warning CS1591: Missing XML comment for publicly visible type or member 'AvailableCountiesDto.FederatedCounties' [C:\Users\bsval\terrafusion_os_1.0\backend\TerraFusion.Consciousness\TerraFusion.Consciousness.csproj]
C:\Users\bsval\terrafusion_os_1.0\backend\TerraFusion.Consciousness\DTOs\AILayerMeshDTOs.cs(76,29): warning CS1591: Missing XML comment for publicly visible type or member 'AvailableCountiesDto.TotalFederatedCounties' [C:\Users\bsval\terrafusion_os_1.0\backend\TerraFusion.Consciousness\TerraFusion.Consciousness.csproj]
C:\Users\bsval\terrafusion_os_1.0\backend\TerraFusion.Consciousness\DTOs\AILayerMeshDTOs.cs(77,29): warning CS1591: Missing XML comment for publicly visible type or member 'AvailableCountiesDto.AvailableForConnection' [C:\Users\bsval\terrafusion_os_1.0\backend\TerraFusion.Consciousness\TerraFusion.Consciousness.csproj]
C:\Users\bsval\terrafusion_os_1.0\backend\TerraFusion.Consciousness\DTOs\AILayerMeshDTOs.cs(78,32): warning CS1591: Missing XML comment for publicly visible type or member 'AvailableCountiesDto.MeshStatus' [C:\Users\bsval\terrafusion_os_1.0\backend\TerraFusion.Consciousness\TerraFusion.Consciousness.csproj]
C:\Users\bsval\terrafusion_os_1.0\backend\TerraFusion.Consciousness\DTOs\AILayerMeshDTOs.cs(79,52): warning CS1591: Missing XML comment for publicly visible type or member 'AvailableCountiesDto.Statistics' [C:\Users\bsval\terrafusion_os_1.0\backend\TerraFusion.Consciousness\TerraFusion.Consciousness.csproj]
C:\Users\bsval\terrafusion_os_1.0\backend\TerraFusion.Consciousness\DTOs\AILayerMeshDTOs.cs(81,44): warning CS1591: Missing XML comment for publicly visible type or member 'AvailableCountiesDto.CountyMetrics' [C:\Users\bsval\terrafusion_os_1.0\backend\TerraFusion.Consciousness\TerraFusion.Consciousness.csproj]
C:\Users\bsval\terrafusion_os_1.0\backend\TerraFusion.Consciousness\DTOs\AILayerMeshDTOs.cs(84,18): warning CS1591: Missing XML comment for publicly visible type or member 'AggregatedDataRequestDto' [C:\Users\bsval\terrafusion_os_1.0\backend\TerraFusion.Consciousness\TerraFusion.Consciousness.csproj]
C:\Users\bsval\terrafusion_os_1.0\backend\TerraFusion.Consciousness\DTOs\AILayerMeshDTOs.cs(86,32): warning CS1591: Missing XML comment for publicly visible type or member 'AggregatedDataRequestDto.RequestId' [C:\Users\bsval\terrafusion_os_1.0\backend\TerraFusion.Consciousness\TerraFusion.Consciousness.csproj]
C:\Users\bsval\terrafusion_os_1.0\backend\TerraFusion.Consciousness\DTOs\AILayerMeshDTOs.cs(87,34): warning CS1591: Missing XML comment for publicly visible type or member 'AggregatedDataRequestDto.CountyIds' [C:\Users\bsval\terrafusion_os_1.0\backend\TerraFusion.Consciousness\TerraFusion.Consciousness.csproj]
C:\Users\bsval\terrafusion_os_1.0\backend\TerraFusion.Consciousness\DTOs\AILayerMeshDTOs.cs(88,32): warning CS1591: Missing XML comment for publicly visible type or member 'AggregatedDataRequestDto.AggregationType' [C:\Users\bsval\terrafusion_os_1.0\backend\TerraFusion.Consciousness\TerraFusion.Consciousness.csproj]
C:\Users\bsval\terrafusion_os_1.0\backend\TerraFusion.Consciousness\DTOs\AILayerMeshDTOs.cs(89,52): warning CS1591: Missing XML comment for publicly visible type or member 'AggregatedDataRequestDto.AggregationConfig' [C:\Users\bsval\terrafusion_os_1.0\backend\TerraFusion.Consciousness\TerraFusion.Consciousness.csproj]
C:\Users\bsval\terrafusion_os_1.0\backend\TerraFusion.Consciousness\DTOs\AILayerMeshDTOs.cs(90,34): warning CS1591: Missing XML comment for publicly visible type or member 'AggregatedDataRequestDto.RequestTime' [C:\Users\bsval\terrafusion_os_1.0\backend\TerraFusion.Consciousness\TerraFusion.Consciousness.csproj]
C:\Users\bsval\terrafusion_os_1.0\backend\TerraFusion.Consciousness\DTOs\AILayerMeshDTOs.cs(93,38): warning CS1591: Missing XML comment for publicly visible type or member 'AggregatedDataRequestDto.DataTypes' [C:\Users\bsval\terrafusion_os_1.0\backend\TerraFusion.Consciousness\TerraFusion.Consciousness.csproj]
C:\Users\bsval\terrafusion_os_1.0\backend\TerraFusion.Consciousness\DTOs\AILayerMeshDTOs.cs(94,38): warning CS1591: Missing XML comment for publicly visible type or member 'AggregatedDataRequestDto.TargetCounties' [C:\Users\bsval\terrafusion_os_1.0\backend\TerraFusion.Consciousness\TerraFusion.Consciousness.csproj]
C:\Users\bsval\terrafusion_os_1.0\backend\TerraFusion.Consciousness\DTOs\AILayerMeshDTOs.cs(96,44): warning CS1591: Missing XML comment for publicly visible type or member 'AggregatedDataRequestDto.AggregationOptions' [C:\Users\bsval\terrafusion_os_1.0\backend\TerraFusion.Consciousness\TerraFusion.Consciousness.csproj]
C:\Users\bsval\terrafusion_os_1.0\backend\TerraFusion.Consciousness\DTOs\AILayerMeshDTOs.cs(99,18): warning CS1591: Missing XML comment for publicly visible type or member 'AggregatedCountyDataDto' [C:\Users\bsval\terrafusion_os_1.0\backend\TerraFusion.Consciousness\TerraFusion.Consciousness.csproj]
C:\Users\bsval\terrafusion_os_1.0\backend\TerraFusion.Consciousness\DTOs\AILayerMeshDTOs.cs(101,32): warning CS1591: Missing XML comment for publicly visible type or member 'AggregatedCountyDataDto.RequestId' [C:\Users\bsval\terrafusion_os_1.0\backend\TerraFusion.Consciousness\TerraFusion.Consciousness.csproj]
C:\Users\bsval\terrafusion_os_1.0\backend\TerraFusion.Consciousness\DTOs\AILayerMeshDTOs.cs(102,52): warning CS1591: Missing XML comment for publicly visible type or member 'AggregatedCountyDataDto.AggregatedData' [C:\Users\bsval\terrafusion_os_1.0\backend\TerraFusion.Consciousness\TerraFusion.Consciousness.csproj]
C:\Users\bsval\terrafusion_os_1.0\backend\TerraFusion.Consciousness\DTOs\AILayerMeshDTOs.cs(103,38): warning CS1591: Missing XML comment for publicly visible type or member 'AggregatedCountyDataDto.ProcessedCounties' [C:\Users\bsval\terrafusion_os_1.0\backend\TerraFusion.Consciousness\TerraFusion.Consciousness.csproj]
C:\Users\bsval\terrafusion_os_1.0\backend\TerraFusion.Consciousness\DTOs\AILayerMeshDTOs.cs(104,34): warning CS1591: Missing XML comment for publicly visible type or member 'AggregatedCountyDataDto.AggregationTime' [C:\Users\bsval\terrafusion_os_1.0\backend\TerraFusion.Consciousness\TerraFusion.Consciousness.csproj]
C:\Users\bsval\terrafusion_os_1.0\backend\TerraFusion.Consciousness\DTOs\AILayerMeshDTOs.cs(107,32): warning CS1591: Missing XML comment for publicly visible type or member 'AggregatedCountyDataDto.AggregationMethod' [C:\Users\bsval\terrafusion_os_1.0\backend\TerraFusion.Consciousness\TerraFusion.Consciousness.csproj]
C:\Users\bsval\terrafusion_os_1.0\backend\TerraFusion.Consciousness\DTOs\AILayerMeshDTOs.cs(108,38): warning CS1591: Missing XML comment for publicly visible type or member 'AggregatedCountyDataDto.ParticipatingCounties' [C:\Users\bsval\terrafusion_os_1.0\backend\TerraFusion.Consciousness\TerraFusion.Consciousness.csproj]
C:\Users\bsval\terrafusion_os_1.0\backend\TerraFusion.Consciousness\DTOs\AILayerMeshDTOs.cs(109,38): warning CS1591: Missing XML comment for publicly visible type or member 'AggregatedCountyDataDto.DataTypes' [C:\Users\bsval\terrafusion_os_1.0\backend\TerraFusion.Consciousness\TerraFusion.Consciousness.csproj]
C:\Users\bsval\terrafusion_os_1.0\backend\TerraFusion.Consciousness\DTOs\AILayerMeshDTOs.cs(110,52): warning CS1591: Missing XML comment for publicly visible type or member 'AggregatedCountyDataDto.AggregatedResults' [C:\Users\bsval\terrafusion_os_1.0\backend\TerraFusion.Consciousness\TerraFusion.Consciousness.csproj]
C:\Users\bsval\terrafusion_os_1.0\backend\TerraFusion.Consciousness\DTOs\AILayerMeshDTOs.cs(111,38): warning CS1591: Missing XML comment for publicly visible type or member 'AggregatedCountyDataDto.PrivacyGuarantees' [C:\Users\bsval\terrafusion_os_1.0\backend\TerraFusion.Consciousness\TerraFusion.Consciousness.csproj]
C:\Users\bsval\terrafusion_os_1.0\backend\TerraFusion.Consciousness\DTOs\AILayerMeshDTOs.cs(112,34): warning CS1591: Missing XML comment for publicly visible type or member 'AggregatedCountyDataDto.DataAsOf' [C:\Users\bsval\terrafusion_os_1.0\backend\TerraFusion.Consciousness\TerraFusion.Consciousness.csproj]
C:\Users\bsval\terrafusion_os_1.0\backend\TerraFusion.Consciousness\DTOs\AILayerMeshDTOs.cs(113,52): warning CS1591: Missing XML comment for publicly visible type or member 'AggregatedCountyDataDto.Metadata' [C:\Users\bsval\terrafusion_os_1.0\backend\TerraFusion.Consciousness\TerraFusion.Consciousness.csproj]
C:\Users\bsval\terrafusion_os_1.0\backend\TerraFusion.Consciousness\DTOs\AILayerMeshDTOs.cs(115,44): warning CS1591: Missing XML comment for publicly visible type or member 'AggregatedCountyDataDto.AggregationMetrics' [C:\Users\bsval\terrafusion_os_1.0\backend\TerraFusion.Consciousness\TerraFusion.Consciousness.csproj]
C:\Users\bsval\terrafusion_os_1.0\backend\TerraFusion.Consciousness\DTOs\AILayerMeshDTOs.cs(118,18): warning CS1591: Missing XML comment for publicly visible type or member 'MultiCountySyncResultDto' [C:\Users\bsval\terrafusion_os_1.0\backend\TerraFusion.Consciousness\TerraFusion.Consciousness.csproj]
C:\Users\bsval\terrafusion_os_1.0\backend\TerraFusion.Consciousness\DTOs\AILayerMeshDTOs.cs(120,30): warning CS1591: Missing XML comment for publicly visible type or member 'MultiCountySyncResultDto.Success' [C:\Users\bsval\terrafusion_os_1.0\backend\TerraFusion.Consciousness\TerraFusion.Consciousness.csproj]
C:\Users\bsval\terrafusion_os_1.0\backend\TerraFusion.Consciousness\DTOs\AILayerMeshDTOs.cs(121,38): warning CS1591: Missing XML comment for publicly visible type or member 'MultiCountySyncResultDto.SyncedCounties' [C:\Users\bsval\terrafusion_os_1.0\backend\TerraFusion.Consciousness\TerraFusion.Consciousness.csproj]
C:\Users\bsval\terrafusion_os_1.0\backend\TerraFusion.Consciousness\DTOs\AILayerMeshDTOs.cs(122,38): warning CS1591: Missing XML comment for publicly visible type or member 'MultiCountySyncResultDto.FailedCounties' [C:\Users\bsval\terrafusion_os_1.0\backend\TerraFusion.Consciousness\TerraFusion.Consciousness.csproj]
C:\Users\bsval\terrafusion_os_1.0\backend\TerraFusion.Consciousness\DTOs\AILayerMeshDTOs.cs(123,34): warning CS1591: Missing XML comment for publicly visible type or member 'MultiCountySyncResultDto.SyncTime' [C:\Users\bsval\terrafusion_os_1.0\backend\TerraFusion.Consciousness\TerraFusion.Consciousness.csproj]
C:\Users\bsval\terrafusion_os_1.0\backend\TerraFusion.Consciousness\DTOs\AILayerMeshDTOs.cs(126,34): warning CS1591: Missing XML comment for publicly visible type or member 'MultiCountySyncResultDto.SyncStartTime' [C:\Users\bsval\terrafusion_os_1.0\backend\TerraFusion.Consciousness\TerraFusion.Consciousness.csproj]
C:\Users\bsval\terrafusion_os_1.0\backend\TerraFusion.Consciousness\DTOs\AILayerMeshDTOs.cs(127,34): warning CS1591: Missing XML comment for publicly visible type or member 'MultiCountySyncResultDto.SyncEndTime' [C:\Users\bsval\terrafusion_os_1.0\backend\TerraFusion.Consciousness\TerraFusion.Consciousness.csproj]
C:\Users\bsval\terrafusion_os_1.0\backend\TerraFusion.Consciousness\DTOs\AILayerMeshDTOs.cs(128,29): warning CS1591: Missing XML comment for publicly visible type or member 'MultiCountySyncResultDto.TotalCountiesSynced' [C:\Users\bsval\terrafusion_os_1.0\backend\TerraFusion.Consciousness\TerraFusion.Consciousness.csproj]
C:\Users\bsval\terrafusion_os_1.0\backend\TerraFusion.Consciousness\DTOs\AILayerMeshDTOs.cs(129,29): warning CS1591: Missing XML comment for publicly visible type or member 'MultiCountySyncResultDto.TotalRecordsSynced' [C:\Users\bsval\terrafusion_os_1.0\backend\TerraFusion.Consciousness\TerraFusion.Consciousness.csproj]
C:\Users\bsval\terrafusion_os_1.0\backend\TerraFusion.Consciousness\DTOs\AILayerMeshDTOs.cs(130,52): warning CS1591: Missing XML comment for publicly visible type or member 'MultiCountySyncResultDto.CountyResults' [C:\Users\bsval\terrafusion_os_1.0\backend\TerraFusion.Consciousness\TerraFusion.Consciousness.csproj]
C:\Users\bsval\terrafusion_os_1.0\backend\TerraFusion.Consciousness\DTOs\AILayerMeshDTOs.cs(131,38): warning CS1591: Missing XML comment for publicly visible type or member 'MultiCountySyncResultDto.SyncMessages' [C:\Users\bsval\terrafusion_os_1.0\backend\TerraFusion.Consciousness\TerraFusion.Consciousness.csproj]
C:\Users\bsval\terrafusion_os_1.0\backend\TerraFusion.Consciousness\DTOs\AILayerMeshDTOs.cs(133,44): warning CS1591: Missing XML comment for publicly visible type or member 'MultiCountySyncResultDto.SyncMetrics' [C:\Users\bsval\terrafusion_os_1.0\backend\TerraFusion.Consciousness\TerraFusion.Consciousness.csproj]
C:\Users\bsval\terrafusion_os_1.0\backend\TerraFusion.Consciousness\DTOs\AILayerMeshDTOs.cs(136,18): warning CS1591: Missing XML comment for publicly visible type or member 'FederatedOperationRequestDto' [C:\Users\bsval\terrafusion_os_1.0\backend\TerraFusion.Consciousness\TerraFusion.Consciousness.csproj]
C:\Users\bsval\terrafusion_os_1.0\backend\TerraFusion.Consciousness\DTOs\AILayerMeshDTOs.cs(138,32): warning CS1591: Missing XML comment for publicly visible type or member 'FederatedOperationRequestDto.OperationId' [C:\Users\bsval\terrafusion_os_1.0\backend\TerraFusion.Consciousness\TerraFusion.Consciousness.csproj]
C:\Users\bsval\terrafusion_os_1.0\backend\TerraFusion.Consciousness\DTOs\AILayerMeshDTOs.cs(139,32): warning CS1591: Missing XML comment for publicly visible type or member 'FederatedOperationRequestDto.OperationType' [C:\Users\bsval\terrafusion_os_1.0\backend\TerraFusion.Consciousness\TerraFusion.Consciousness.csproj]
C:\Users\bsval\terrafusion_os_1.0\backend\TerraFusion.Consciousness\DTOs\AILayerMeshDTOs.cs(140,34): warning CS1591: Missing XML comment for publicly visible type or member 'FederatedOperationRequestDto.TargetCounties' [C:\Users\bsval\terrafusion_os_1.0\backend\TerraFusion.Consciousness\TerraFusion.Consciousness.csproj]
C:\Users\bsval\terrafusion_os_1.0\backend\TerraFusion.Consciousness\DTOs\AILayerMeshDTOs.cs(141,52): warning CS1591: Missing XML comment for publicly visible type or member 'FederatedOperationRequestDto.OperationData' [C:\Users\bsval\terrafusion_os_1.0\backend\TerraFusion.Consciousness\TerraFusion.Consciousness.csproj]
C:\Users\bsval\terrafusion_os_1.0\backend\TerraFusion.Consciousness\DTOs\AILayerMeshDTOs.cs(142,34): warning CS1591: Missing XML comment for publicly visible type or member 'FederatedOperationRequestDto.RequestTime' [C:\Users\bsval\terrafusion_os_1.0\backend\TerraFusion.Consciousness\TerraFusion.Consciousness.csproj]
C:\Users\bsval\terrafusion_os_1.0\backend\TerraFusion.Consciousness\DTOs\AILayerMeshDTOs.cs(145,38): warning CS1591: Missing XML comment for publicly visible type or member 'FederatedOperationRequestDto.RequiredCapabilities' [C:\Users\bsval\terrafusion_os_1.0\backend\TerraFusion.Consciousness\TerraFusion.Consciousness.csproj]
C:\Users\bsval\terrafusion_os_1.0\backend\TerraFusion.Consciousness\DTOs\AILayerMeshDTOs.cs(147,44): warning CS1591: Missing XML comment for publicly visible type or member 'FederatedOperationRequestDto.OperationOptions' [C:\Users\bsval\terrafusion_os_1.0\backend\TerraFusion.Consciousness\TerraFusion.Consciousness.csproj]
C:\Users\bsval\terrafusion_os_1.0\backend\TerraFusion.Consciousness\DTOs\AILayerMeshDTOs.cs(150,18): warning CS1591: Missing XML comment for publicly visible type or member 'FederatedOperationResultDto' [C:\Users\bsval\terrafusion_os_1.0\backend\TerraFusion.Consciousness\TerraFusion.Consciousness.csproj]
C:\Users\bsval\terrafusion_os_1.0\backend\TerraFusion.Consciousness\DTOs\AILayerMeshDTOs.cs(152,32): warning CS1591: Missing XML comment for publicly visible type or member 'FederatedOperationResultDto.OperationId' [C:\Users\bsval\terrafusion_os_1.0\backend\TerraFusion.Consciousness\TerraFusion.Consciousness.csproj]
C:\Users\bsval\terrafusion_os_1.0\backend\TerraFusion.Consciousness\DTOs\AILayerMeshDTOs.cs(153,30): warning CS1591: Missing XML comment for publicly visible type or member 'FederatedOperationResultDto.Success' [C:\Users\bsval\terrafusion_os_1.0\backend\TerraFusion.Consciousness\TerraFusion.Consciousness.csproj]
C:\Users\bsval\terrafusion_os_1.0\backend\TerraFusion.Consciousness\DTOs\AILayerMeshDTOs.cs(154,52): warning CS1591: Missing XML comment for publicly visible type or member 'FederatedOperationResultDto.Results' [C:\Users\bsval\terrafusion_os_1.0\backend\TerraFusion.Consciousness\TerraFusion.Consciousness.csproj]
C:\Users\bsval\terrafusion_os_1.0\backend\TerraFusion.Consciousness\DTOs\AILayerMeshDTOs.cs(155,38): warning CS1591: Missing XML comment for publicly visible type or member 'FederatedOperationResultDto.ProcessedCounties' [C:\Users\bsval\terrafusion_os_1.0\backend\TerraFusion.Consciousness\TerraFusion.Consciousness.csproj]
C:\Users\bsval\terrafusion_os_1.0\backend\TerraFusion.Consciousness\DTOs\AILayerMeshDTOs.cs(156,34): warning CS1591: Missing XML comment for publicly visible type or member 'FederatedOperationResultDto.CompletionTime' [C:\Users\bsval\terrafusion_os_1.0\backend\TerraFusion.Consciousness\TerraFusion.Consciousness.csproj]
C:\Users\bsval\terrafusion_os_1.0\backend\TerraFusion.Consciousness\DTOs\AILayerMeshDTOs.cs(159,32): warning CS1591: Missing XML comment for publicly visible type or member 'FederatedOperationResultDto.OperationType' [C:\Users\bsval\terrafusion_os_1.0\backend\TerraFusion.Consciousness\TerraFusion.Consciousness.csproj]
C:\Users\bsval\terrafusion_os_1.0\backend\TerraFusion.Consciousness\DTOs\AILayerMeshDTOs.cs(160,38): warning CS1591: Missing XML comment for publicly visible type or member 'FederatedOperationResultDto.ParticipatingCounties' [C:\Users\bsval\terrafusion_os_1.0\backend\TerraFusion.Consciousness\TerraFusion.Consciousness.csproj]
C:\Users\bsval\terrafusion_os_1.0\backend\TerraFusion.Consciousness\DTOs\AILayerMeshDTOs.cs(161,34): warning CS1591: Missing XML comment for publicly visible type or member 'FederatedOperationResultDto.ExecutionTime' [C:\Users\bsval\terrafusion_os_1.0\backend\TerraFusion.Consciousness\TerraFusion.Consciousness.csproj]
C:\Users\bsval\terrafusion_os_1.0\backend\TerraFusion.Consciousness\DTOs\AILayerMeshDTOs.cs(162,52): warning CS1591: Missing XML comment for publicly visible type or member 'FederatedOperationResultDto.AggregatedResults' [C:\Users\bsval\terrafusion_os_1.0\backend\TerraFusion.Consciousness\TerraFusion.Consciousness.csproj]
C:\Users\bsval\terrafusion_os_1.0\backend\TerraFusion.Consciousness\DTOs\AILayerMeshDTOs.cs(163,38): warning CS1591: Missing XML comment for publicly visible type or member 'FederatedOperationResultDto.PrivacyGuarantees' [C:\Users\bsval\terrafusion_os_1.0\backend\TerraFusion.Consciousness\TerraFusion.Consciousness.csproj]
C:\Users\bsval\terrafusion_os_1.0\backend\TerraFusion.Consciousness\DTOs\AILayerMeshDTOs.cs(164,52): warning CS1591: Missing XML comment for publicly visible type or member 'FederatedOperationResultDto.ComplianceValidation' [C:\Users\bsval\terrafusion_os_1.0\backend\TerraFusion.Consciousness\TerraFusion.Consciousness.csproj]
C:\Users\bsval\terrafusion_os_1.0\backend\TerraFusion.Consciousness\DTOs\AILayerMeshDTOs.cs(166,44): warning CS1591: Missing XML comment for publicly visible type or member 'FederatedOperationResultDto.OperationMetrics' [C:\Users\bsval\terrafusion_os_1.0\backend\TerraFusion.Consciousness\TerraFusion.Consciousness.csproj]
C:\Users\bsval\terrafusion_os_1.0\backend\TerraFusion.Consciousness\DTOs\AILayerMeshDTOs.cs(169,18): warning CS1591: Missing XML comment for publicly visible type or member 'MeshHealthIndexDto' [C:\Users\bsval\terrafusion_os_1.0\backend\TerraFusion.Consciousness\TerraFusion.Consciousness.csproj]
C:\Users\bsval\terrafusion_os_1.0\backend\TerraFusion.Consciousness\DTOs\AILayerMeshDTOs.cs(171,32): warning CS1591: Missing XML comment for publicly visible type or member 'MeshHealthIndexDto.OverallHealthIndex' [C:\Users\bsval\terrafusion_os_1.0\backend\TerraFusion.Consciousness\TerraFusion.Consciousness.csproj]
C:\Users\bsval\terrafusion_os_1.0\backend\TerraFusion.Consciousness\DTOs\AILayerMeshDTOs.cs(172,52): warning CS1591: Missing XML comment for publicly visible type or member 'MeshHealthIndexDto.ComponentHealthScores' [C:\Users\bsval\terrafusion_os_1.0\backend\TerraFusion.Consciousness\TerraFusion.Consciousness.csproj]
C:\Users\bsval\terrafusion_os_1.0\backend\TerraFusion.Consciousness\DTOs\AILayerMeshDTOs.cs(173,32): warning CS1591: Missing XML comment for publicly visible type or member 'MeshHealthIndexDto.HealthStatus' [C:\Users\bsval\terrafusion_os_1.0\backend\TerraFusion.Consciousness\TerraFusion.Consciousness.csproj]
C:\Users\bsval\terrafusion_os_1.0\backend\TerraFusion.Consciousness\DTOs\AILayerMeshDTOs.cs(174,34): warning CS1591: Missing XML comment for publicly visible type or member 'MeshHealthIndexDto.CalculationTime' [C:\Users\bsval\terrafusion_os_1.0\backend\TerraFusion.Consciousness\TerraFusion.Consciousness.csproj]
C:\Users\bsval\terrafusion_os_1.0\backend\TerraFusion.Consciousness\DTOs\AILayerMeshDTOs.cs(175,38): warning CS1591: Missing XML comment for publicly visible type or member 'MeshHealthIndexDto.HealthIndicators' [C:\Users\bsval\terrafusion_os_1.0\backend\TerraFusion.Consciousness\TerraFusion.Consciousness.csproj]
C:\Users\bsval\terrafusion_os_1.0\backend\TerraFusion.Consciousness\DTOs\AILayerMeshDTOs.cs(178,32): warning CS1591: Missing XML comment for publicly visible type or member 'MeshHealthIndexDto.OverallHealth' [C:\Users\bsval\terrafusion_os_1.0\backend\TerraFusion.Consciousness\TerraFusion.Consciousness.csproj]
C:\Users\bsval\terrafusion_os_1.0\backend\TerraFusion.Consciousness\DTOs\AILayerMeshDTOs.cs(179,29): warning CS1591: Missing XML comment for publicly visible type or member 'MeshHealthIndexDto.ActiveCounties' [C:\Users\bsval\terrafusion_os_1.0\backend\TerraFusion.Consciousness\TerraFusion.Consciousness.csproj]
C:\Users\bsval\terrafusion_os_1.0\backend\TerraFusion.Consciousness\DTOs\AILayerMeshDTOs.cs(180,29): warning CS1591: Missing XML comment for publicly visible type or member 'MeshHealthIndexDto.TotalCounties' [C:\Users\bsval\terrafusion_os_1.0\backend\TerraFusion.Consciousness\TerraFusion.Consciousness.csproj]
C:\Users\bsval\terrafusion_os_1.0\backend\TerraFusion.Consciousness\DTOs\AILayerMeshDTOs.cs(181,32): warning CS1591: Missing XML comment for publicly visible type or member 'MeshHealthIndexDto.SecurityScore' [C:\Users\bsval\terrafusion_os_1.0\backend\TerraFusion.Consciousness\TerraFusion.Consciousness.csproj]
C:\Users\bsval\terrafusion_os_1.0\backend\TerraFusion.Consciousness\DTOs\AILayerMeshDTOs.cs(182,32): warning CS1591: Missing XML comment for publicly visible type or member 'MeshHealthIndexDto.PerformanceScore' [C:\Users\bsval\terrafusion_os_1.0\backend\TerraFusion.Consciousness\TerraFusion.Consciousness.csproj]
C:\Users\bsval\terrafusion_os_1.0\backend\TerraFusion.Consciousness\DTOs\AILayerMeshDTOs.cs(183,32): warning CS1591: Missing XML comment for publicly visible type or member 'MeshHealthIndexDto.PrivacyCompliance' [C:\Users\bsval\terrafusion_os_1.0\backend\TerraFusion.Consciousness\TerraFusion.Consciousness.csproj]
C:\Users\bsval\terrafusion_os_1.0\backend\TerraFusion.Consciousness\DTOs\AILayerMeshDTOs.cs(184,34): warning CS1591: Missing XML comment for publicly visible type or member 'MeshHealthIndexDto.LastHealthCheck' [C:\Users\bsval\terrafusion_os_1.0\backend\TerraFusion.Consciousness\TerraFusion.Consciousness.csproj]
C:\Users\bsval\terrafusion_os_1.0\backend\TerraFusion.Consciousness\DTOs\AILayerMeshDTOs.cs(185,52): warning CS1591: Missing XML comment for publicly visible type or member 'MeshHealthIndexDto.ComponentHealth' [C:\Users\bsval\terrafusion_os_1.0\backend\TerraFusion.Consciousness\TerraFusion.Consciousness.csproj]
C:\Users\bsval\terrafusion_os_1.0\backend\TerraFusion.Consciousness\DTOs\AILayerMeshDTOs.cs(186,38): warning CS1591: Missing XML comment for publicly visible type or member 'MeshHealthIndexDto.Alerts' [C:\Users\bsval\terrafusion_os_1.0\backend\TerraFusion.Consciousness\TerraFusion.Consciousness.csproj]
C:\Users\bsval\terrafusion_os_1.0\backend\TerraFusion.Consciousness\DTOs\AILayerMeshDTOs.cs(188,30): warning CS1591: Missing XML comment for publicly visible type or member 'MeshHealthIndexDto.HealthWarnings' [C:\Users\bsval\terrafusion_os_1.0\backend\TerraFusion.Consciousness\TerraFusion.Consciousness.csproj]
C:\Users\bsval\terrafusion_os_1.0\backend\TerraFusion.Consciousness\DTOs\AILayerMeshDTOs.cs(189,44): warning CS1591: Missing XML comment for publicly visible type or member 'MeshHealthIndexDto.HealthTrends' [C:\Users\bsval\terrafusion_os_1.0\backend\TerraFusion.Consciousness\TerraFusion.Consciousness.csproj]
C:\Users\bsval\terrafusion_os_1.0\backend\TerraFusion.Consciousness\DTOs\AILayerMeshDTOs.cs(196,18): warning CS1591: Missing XML comment for publicly visible type or member 'ValidationRequestDto' [C:\Users\bsval\terrafusion_os_1.0\backend\TerraFusion.Consciousness\TerraFusion.Consciousness.csproj]
C:\Users\bsval\terrafusion_os_1.0\backend\TerraFusion.Consciousness\DTOs\AILayerMeshDTOs.cs(198,32): warning CS1591: Missing XML comment for publicly visible type or member 'ValidationRequestDto.ValidationId' [C:\Users\bsval\terrafusion_os_1.0\backend\TerraFusion.Consciousness\TerraFusion.Consciousness.csproj]
C:\Users\bsval\terrafusion_os_1.0\backend\TerraFusion.Consciousness\DTOs\AILayerMeshDTOs.cs(199,32): warning CS1591: Missing XML comment for publicly visible type or member 'ValidationRequestDto.ValidationType' [C:\Users\bsval\terrafusion_os_1.0\backend\TerraFusion.Consciousness\TerraFusion.Consciousness.csproj]
C:\Users\bsval\terrafusion_os_1.0\backend\TerraFusion.Consciousness\DTOs\AILayerMeshDTOs.cs(200,52): warning CS1591: Missing XML comment for publicly visible type or member 'ValidationRequestDto.ValidationData' [C:\Users\bsval\terrafusion_os_1.0\backend\TerraFusion.Consciousness\TerraFusion.Consciousness.csproj]
C:\Users\bsval\terrafusion_os_1.0\backend\TerraFusion.Consciousness\DTOs\AILayerMeshDTOs.cs(201,34): warning CS1591: Missing XML comment for publicly visible type or member 'ValidationRequestDto.TargetRings' [C:\Users\bsval\terrafusion_os_1.0\backend\TerraFusion.Consciousness\TerraFusion.Consciousness.csproj]
C:\Users\bsval\terrafusion_os_1.0\backend\TerraFusion.Consciousness\DTOs\AILayerMeshDTOs.cs(202,32): warning CS1591: Missing XML comment for publicly visible type or member 'ValidationRequestDto.RequiredConsensus' [C:\Users\bsval\terrafusion_os_1.0\backend\TerraFusion.Consciousness\TerraFusion.Consciousness.csproj]
C:\Users\bsval\terrafusion_os_1.0\backend\TerraFusion.Consciousness\DTOs\AILayerMeshDTOs.cs(203,34): warning CS1591: Missing XML comment for publicly visible type or member 'ValidationRequestDto.RequestTime' [C:\Users\bsval\terrafusion_os_1.0\backend\TerraFusion.Consciousness\TerraFusion.Consciousness.csproj]
C:\Users\bsval\terrafusion_os_1.0\backend\TerraFusion.Consciousness\DTOs\AILayerMeshDTOs.cs(204,24): warning CS1591: Missing XML comment for publicly visible type or member 'ValidationRequestDto.RequestSource' [C:\Users\bsval\terrafusion_os_1.0\backend\TerraFusion.Consciousness\TerraFusion.Consciousness.csproj]
C:\Users\bsval\terrafusion_os_1.0\backend\TerraFusion.Consciousness\DTOs\AILayerMeshDTOs.cs(205,44): warning CS1591: Missing XML comment for publicly visible type or member 'ValidationRequestDto.ValidationCriteria' [C:\Users\bsval\terrafusion_os_1.0\backend\TerraFusion.Consciousness\TerraFusion.Consciousness.csproj]
C:\Users\bsval\terrafusion_os_1.0\backend\TerraFusion.Consciousness\DTOs\AILayerMeshDTOs.cs(208,25): warning CS1591: Missing XML comment for publicly visible type or member 'ValidationRequestDto.RequiredRings' [C:\Users\bsval\terrafusion_os_1.0\backend\TerraFusion.Consciousness\TerraFusion.Consciousness.csproj]
C:\Users\bsval\terrafusion_os_1.0\backend\TerraFusion.Consciousness\DTOs\AILayerMeshDTOs.cs(209,20): warning CS1591: Missing XML comment for publicly visible type or member 'ValidationRequestDto.Priority' [C:\Users\bsval\terrafusion_os_1.0\backend\TerraFusion.Consciousness\TerraFusion.Consciousness.csproj]
C:\Users\bsval\terrafusion_os_1.0\backend\TerraFusion.Consciousness\DTOs\AILayerMeshDTOs.cs(210,23): warning CS1591: Missing XML comment for publicly visible type or member 'ValidationRequestDto.RequestId' [C:\Users\bsval\terrafusion_os_1.0\backend\TerraFusion.Consciousness\TerraFusion.Consciousness.csproj]
C:\Users\bsval\terrafusion_os_1.0\backend\TerraFusion.Consciousness\DTOs\AILayerMeshDTOs.cs(213,18): warning CS1591: Missing XML comment for publicly visible type or member 'ValidationRingResultDto' [C:\Users\bsval\terrafusion_os_1.0\backend\TerraFusion.Consciousness\TerraFusion.Consciousness.csproj]
C:\Users\bsval\terrafusion_os_1.0\backend\TerraFusion.Consciousness\DTOs\AILayerMeshDTOs.cs(215,32): warning CS1591: Missing XML comment for publicly visible type or member 'ValidationRingResultDto.ValidationId' [C:\Users\bsval\terrafusion_os_1.0\backend\TerraFusion.Consciousness\TerraFusion.Consciousness.csproj]
C:\Users\bsval\terrafusion_os_1.0\backend\TerraFusion.Consciousness\DTOs\AILayerMeshDTOs.cs(216,30): warning CS1591: Missing XML comment for publicly visible type or member 'ValidationRingResultDto.ValidationPassed' [C:\Users\bsval\terrafusion_os_1.0\backend\TerraFusion.Consciousness\TerraFusion.Consciousness.csproj]
C:\Users\bsval\terrafusion_os_1.0\backend\TerraFusion.Consciousness\DTOs\AILayerMeshDTOs.cs(217,32): warning CS1591: Missing XML comment for publicly visible type or member 'ValidationRingResultDto.ConsensusAchieved' [C:\Users\bsval\terrafusion_os_1.0\backend\TerraFusion.Consciousness\TerraFusion.Consciousness.csproj]
C:\Users\bsval\terrafusion_os_1.0\backend\TerraFusion.Consciousness\DTOs\AILayerMeshDTOs.cs(218,52): warning CS1591: Missing XML comment for publicly visible type or member 'ValidationRingResultDto.ValidationResults' [C:\Users\bsval\terrafusion_os_1.0\backend\TerraFusion.Consciousness\TerraFusion.Consciousness.csproj]
C:\Users\bsval\terrafusion_os_1.0\backend\TerraFusion.Consciousness\DTOs\AILayerMeshDTOs.cs(219,38): warning CS1591: Missing XML comment for publicly visible type or member 'ValidationRingResultDto.ParticipatingRings' [C:\Users\bsval\terrafusion_os_1.0\backend\TerraFusion.Consciousness\TerraFusion.Consciousness.csproj]
C:\Users\bsval\terrafusion_os_1.0\backend\TerraFusion.Consciousness\DTOs\AILayerMeshDTOs.cs(220,34): warning CS1591: Missing XML comment for publicly visible type or member 'ValidationRingResultDto.ValidationTime' [C:\Users\bsval\terrafusion_os_1.0\backend\TerraFusion.Consciousness\TerraFusion.Consciousness.csproj]
C:\Users\bsval\terrafusion_os_1.0\backend\TerraFusion.Consciousness\DTOs\AILayerMeshDTOs.cs(221,38): warning CS1591: Missing XML comment for publicly visible type or member 'ValidationRingResultDto.ValidationSteps' [C:\Users\bsval\terrafusion_os_1.0\backend\TerraFusion.Consciousness\TerraFusion.Consciousness.csproj]
C:\Users\bsval\terrafusion_os_1.0\backend\TerraFusion.Consciousness\DTOs\AILayerMeshDTOs.cs(224,30): warning CS1591: Missing XML comment for publicly visible type or member 'ValidationRingResultDto.Success' [C:\Users\bsval\terrafusion_os_1.0\backend\TerraFusion.Consciousness\TerraFusion.Consciousness.csproj]
C:\Users\bsval\terrafusion_os_1.0\backend\TerraFusion.Consciousness\DTOs\AILayerMeshDTOs.cs(225,52): warning CS1591: Missing XML comment for publicly visible type or member 'ValidationRingResultDto.RingStatuses' [C:\Users\bsval\terrafusion_os_1.0\backend\TerraFusion.Consciousness\TerraFusion.Consciousness.csproj]
C:\Users\bsval\terrafusion_os_1.0\backend\TerraFusion.Consciousness\DTOs\AILayerMeshDTOs.cs(226,52): warning CS1591: Missing XML comment for publicly visible type or member 'ValidationRingResultDto.RingResults' [C:\Users\bsval\terrafusion_os_1.0\backend\TerraFusion.Consciousness\TerraFusion.Consciousness.csproj]
C:\Users\bsval\terrafusion_os_1.0\backend\TerraFusion.Consciousness\DTOs\AILayerMeshDTOs.cs(227,32): warning CS1591: Missing XML comment for publicly visible type or member 'ValidationRingResultDto.ConsensusLevel' [C:\Users\bsval\terrafusion_os_1.0\backend\TerraFusion.Consciousness\TerraFusion.Consciousness.csproj]
C:\Users\bsval\terrafusion_os_1.0\backend\TerraFusion.Consciousness\DTOs\AILayerMeshDTOs.cs(228,38): warning CS1591: Missing XML comment for publicly visible type or member 'ValidationRingResultDto.ValidationMessages' [C:\Users\bsval\terrafusion_os_1.0\backend\TerraFusion.Consciousness\TerraFusion.Consciousness.csproj]
C:\Users\bsval\terrafusion_os_1.0\backend\TerraFusion.Consciousness\DTOs\AILayerMeshDTOs.cs(229,52): warning CS1591: Missing XML comment for publicly visible type or member 'ValidationRingResultDto.DetailedResults' [C:\Users\bsval\terrafusion_os_1.0\backend\TerraFusion.Consciousness\TerraFusion.Consciousness.csproj]
C:\Users\bsval\terrafusion_os_1.0\backend\TerraFusion.Consciousness\DTOs\AILayerMeshDTOs.cs(231,44): warning CS1591: Missing XML comment for publicly visible type or member 'ValidationRingResultDto.ValidationMetrics' [C:\Users\bsval\terrafusion_os_1.0\backend\TerraFusion.Consciousness\TerraFusion.Consciousness.csproj]
C:\Users\bsval\terrafusion_os_1.0\backend\TerraFusion.Consciousness\DTOs\AILayerMeshDTOs.cs(234,18): warning CS1591: Missing XML comment for publicly visible type or member 'ValidationRingStatusDto' [C:\Users\bsval\terrafusion_os_1.0\backend\TerraFusion.Consciousness\TerraFusion.Consciousness.csproj]
C:\Users\bsval\terrafusion_os_1.0\backend\TerraFusion.Consciousness\DTOs\AILayerMeshDTOs.cs(236,32): warning CS1591: Missing XML comment for publicly visible type or member 'ValidationRingStatusDto.RingId' [C:\Users\bsval\terrafusion_os_1.0\backend\TerraFusion.Consciousness\TerraFusion.Consciousness.csproj]
C:\Users\bsval\terrafusion_os_1.0\backend\TerraFusion.Consciousness\DTOs\AILayerMeshDTOs.cs(237,32): warning CS1591: Missing XML comment for publicly visible type or member 'ValidationRingStatusDto.Status' [C:\Users\bsval\terrafusion_os_1.0\backend\TerraFusion.Consciousness\TerraFusion.Consciousness.csproj]
C:\Users\bsval\terrafusion_os_1.0\backend\TerraFusion.Consciousness\DTOs\AILayerMeshDTOs.cs(238,29): warning CS1591: Missing XML comment for publicly visible type or member 'ValidationRingStatusDto.ActiveValidators' [C:\Users\bsval\terrafusion_os_1.0\backend\TerraFusion.Consciousness\TerraFusion.Consciousness.csproj]
C:\Users\bsval\terrafusion_os_1.0\backend\TerraFusion.Consciousness\DTOs\AILayerMeshDTOs.cs(239,32): warning CS1591: Missing XML comment for publicly visible type or member 'ValidationRingStatusDto.ConsensusLevel' [C:\Users\bsval\terrafusion_os_1.0\backend\TerraFusion.Consciousness\TerraFusion.Consciousness.csproj]
C:\Users\bsval\terrafusion_os_1.0\backend\TerraFusion.Consciousness\DTOs\AILayerMeshDTOs.cs(240,34): warning CS1591: Missing XML comment for publicly visible type or member 'ValidationRingStatusDto.LastValidation' [C:\Users\bsval\terrafusion_os_1.0\backend\TerraFusion.Consciousness\TerraFusion.Consciousness.csproj]
C:\Users\bsval\terrafusion_os_1.0\backend\TerraFusion.Consciousness\DTOs\AILayerMeshDTOs.cs(241,38): warning CS1591: Missing XML comment for publicly visible type or member 'ValidationRingStatusDto.CurrentValidations' [C:\Users\bsval\terrafusion_os_1.0\backend\TerraFusion.Consciousness\TerraFusion.Consciousness.csproj]
C:\Users\bsval\terrafusion_os_1.0\backend\TerraFusion.Consciousness\DTOs\AILayerMeshDTOs.cs(244,32): warning CS1591: Missing XML comment for publicly visible type or member 'ValidationRingStatusDto.StatisticalValidationRing' [C:\Users\bsval\terrafusion_os_1.0\backend\TerraFusion.Consciousness\TerraFusion.Consciousness.csproj]
C:\Users\bsval\terrafusion_os_1.0\backend\TerraFusion.Consciousness\DTOs\AILayerMeshDTOs.cs(245,32): warning CS1591: Missing XML comment for publicly visible type or member 'ValidationRingStatusDto.BusinessRuleValidationRing' [C:\Users\bsval\terrafusion_os_1.0\backend\TerraFusion.Consciousness\TerraFusion.Consciousness.csproj]
C:\Users\bsval\terrafusion_os_1.0\backend\TerraFusion.Consciousness\DTOs\AILayerMeshDTOs.cs(246,32): warning CS1591: Missing XML comment for publicly visible type or member 'ValidationRingStatusDto.EthicsLegalValidationRing' [C:\Users\bsval\terrafusion_os_1.0\backend\TerraFusion.Consciousness\TerraFusion.Consciousness.csproj]
C:\Users\bsval\terrafusion_os_1.0\backend\TerraFusion.Consciousness\DTOs\AILayerMeshDTOs.cs(247,32): warning CS1591: Missing XML comment for publicly visible type or member 'ValidationRingStatusDto.PerformanceValidationRing' [C:\Users\bsval\terrafusion_os_1.0\backend\TerraFusion.Consciousness\TerraFusion.Consciousness.csproj]
C:\Users\bsval\terrafusion_os_1.0\backend\TerraFusion.Consciousness\DTOs\AILayerMeshDTOs.cs(248,32): warning CS1591: Missing XML comment for publicly visible type or member 'ValidationRingStatusDto.ConsensusAchievement' [C:\Users\bsval\terrafusion_os_1.0\backend\TerraFusion.Consciousness\TerraFusion.Consciousness.csproj]
C:\Users\bsval\terrafusion_os_1.0\backend\TerraFusion.Consciousness\DTOs\AILayerMeshDTOs.cs(249,34): warning CS1591: Missing XML comment for publicly visible type or member 'ValidationRingStatusDto.LastConsensusTime' [C:\Users\bsval\terrafusion_os_1.0\backend\TerraFusion.Consciousness\TerraFusion.Consciousness.csproj]
C:\Users\bsval\terrafusion_os_1.0\backend\TerraFusion.Consciousness\DTOs\AILayerMeshDTOs.cs(250,32): warning CS1591: Missing XML comment for publicly visible type or member 'ValidationRingStatusDto.ValidationThroughput' [C:\Users\bsval\terrafusion_os_1.0\backend\TerraFusion.Consciousness\TerraFusion.Consciousness.csproj]
C:\Users\bsval\terrafusion_os_1.0\backend\TerraFusion.Consciousness\DTOs\AILayerMeshDTOs.cs(251,52): warning CS1591: Missing XML comment for publicly visible type or member 'ValidationRingStatusDto.ConsensusMetrics' [C:\Users\bsval\terrafusion_os_1.0\backend\TerraFusion.Consciousness\TerraFusion.Consciousness.csproj]
C:\Users\bsval\terrafusion_os_1.0\backend\TerraFusion.Consciousness\DTOs\AILayerMeshDTOs.cs(253,44): warning CS1591: Missing XML comment for publicly visible type or member 'ValidationRingStatusDto.RingMetrics' [C:\Users\bsval\terrafusion_os_1.0\backend\TerraFusion.Consciousness\TerraFusion.Consciousness.csproj]
C:\Users\bsval\terrafusion_os_1.0\backend\TerraFusion.Consciousness\DTOs\AILayerMeshDTOs.cs(260,18): warning CS1591: Missing XML comment for publicly visible type or member 'MeshOperationRequestDto' [C:\Users\bsval\terrafusion_os_1.0\backend\TerraFusion.Consciousness\TerraFusion.Consciousness.csproj]
C:\Users\bsval\terrafusion_os_1.0\backend\TerraFusion.Consciousness\DTOs\AILayerMeshDTOs.cs(262,32): warning CS1591: Missing XML comment for publicly visible type or member 'MeshOperationRequestDto.OperationId' [C:\Users\bsval\terrafusion_os_1.0\backend\TerraFusion.Consciousness\TerraFusion.Consciousness.csproj]
C:\Users\bsval\terrafusion_os_1.0\backend\TerraFusion.Consciousness\DTOs\AILayerMeshDTOs.cs(263,32): warning CS1591: Missing XML comment for publicly visible type or member 'MeshOperationRequestDto.OperationType' [C:\Users\bsval\terrafusion_os_1.0\backend\TerraFusion.Consciousness\TerraFusion.Consciousness.csproj]
C:\Users\bsval\terrafusion_os_1.0\backend\TerraFusion.Consciousness\DTOs\AILayerMeshDTOs.cs(264,52): warning CS1591: Missing XML comment for publicly visible type or member 'MeshOperationRequestDto.OperationData' [C:\Users\bsval\terrafusion_os_1.0\backend\TerraFusion.Consciousness\TerraFusion.Consciousness.csproj]
C:\Users\bsval\terrafusion_os_1.0\backend\TerraFusion.Consciousness\DTOs\AILayerMeshDTOs.cs(265,34): warning CS1591: Missing XML comment for publicly visible type or member 'MeshOperationRequestDto.TargetLayers' [C:\Users\bsval\terrafusion_os_1.0\backend\TerraFusion.Consciousness\TerraFusion.Consciousness.csproj]
C:\Users\bsval\terrafusion_os_1.0\backend\TerraFusion.Consciousness\DTOs\AILayerMeshDTOs.cs(266,29): warning CS1591: Missing XML comment for publicly visible type or member 'MeshOperationRequestDto.Priority' [C:\Users\bsval\terrafusion_os_1.0\backend\TerraFusion.Consciousness\TerraFusion.Consciousness.csproj]
C:\Users\bsval\terrafusion_os_1.0\backend\TerraFusion.Consciousness\DTOs\AILayerMeshDTOs.cs(267,34): warning CS1591: Missing XML comment for publicly visible type or member 'MeshOperationRequestDto.RequestTime' [C:\Users\bsval\terrafusion_os_1.0\backend\TerraFusion.Consciousness\TerraFusion.Consciousness.csproj]
C:\Users\bsval\terrafusion_os_1.0\backend\TerraFusion.Consciousness\DTOs\AILayerMeshDTOs.cs(268,24): warning CS1591: Missing XML comment for publicly visible type or member 'MeshOperationRequestDto.RequestSource' [C:\Users\bsval\terrafusion_os_1.0\backend\TerraFusion.Consciousness\TerraFusion.Consciousness.csproj]
C:\Users\bsval\terrafusion_os_1.0\backend\TerraFusion.Consciousness\DTOs\AILayerMeshDTOs.cs(269,44): warning CS1591: Missing XML comment for publicly visible type or member 'MeshOperationRequestDto.OperationConfig' [C:\Users\bsval\terrafusion_os_1.0\backend\TerraFusion.Consciousness\TerraFusion.Consciousness.csproj]
C:\Users\bsval\terrafusion_os_1.0\backend\TerraFusion.Consciousness\DTOs\AILayerMeshDTOs.cs(272,25): warning CS1591: Missing XML comment for publicly visible type or member 'MeshOperationRequestDto.Timestamp' [C:\Users\bsval\terrafusion_os_1.0\backend\TerraFusion.Consciousness\TerraFusion.Consciousness.csproj]
C:\Users\bsval\terrafusion_os_1.0\backend\TerraFusion.Consciousness\DTOs\AILayerMeshDTOs.cs(273,43): warning CS1591: Missing XML comment for publicly visible type or member 'MeshOperationRequestDto.Data' [C:\Users\bsval\terrafusion_os_1.0\backend\TerraFusion.Consciousness\TerraFusion.Consciousness.csproj]
C:\Users\bsval\terrafusion_os_1.0\backend\TerraFusion.Consciousness\DTOs\AILayerMeshDTOs.cs(276,18): warning CS1591: Missing XML comment for publicly visible type or member 'MeshOperationResultDto' [C:\Users\bsval\terrafusion_os_1.0\backend\TerraFusion.Consciousness\TerraFusion.Consciousness.csproj]
C:\Users\bsval\terrafusion_os_1.0\backend\TerraFusion.Consciousness\DTOs\AILayerMeshDTOs.cs(278,32): warning CS1591: Missing XML comment for publicly visible type or member 'MeshOperationResultDto.OperationId' [C:\Users\bsval\terrafusion_os_1.0\backend\TerraFusion.Consciousness\TerraFusion.Consciousness.csproj]
C:\Users\bsval\terrafusion_os_1.0\backend\TerraFusion.Consciousness\DTOs\AILayerMeshDTOs.cs(279,30): warning CS1591: Missing XML comment for publicly visible type or member 'MeshOperationResultDto.Success' [C:\Users\bsval\terrafusion_os_1.0\backend\TerraFusion.Consciousness\TerraFusion.Consciousness.csproj]
C:\Users\bsval\terrafusion_os_1.0\backend\TerraFusion.Consciousness\DTOs\AILayerMeshDTOs.cs(280,52): warning CS1591: Missing XML comment for publicly visible type or member 'MeshOperationResultDto.Results' [C:\Users\bsval\terrafusion_os_1.0\backend\TerraFusion.Consciousness\TerraFusion.Consciousness.csproj]
C:\Users\bsval\terrafusion_os_1.0\backend\TerraFusion.Consciousness\DTOs\AILayerMeshDTOs.cs(281,38): warning CS1591: Missing XML comment for publicly visible type or member 'MeshOperationResultDto.ProcessedLayers' [C:\Users\bsval\terrafusion_os_1.0\backend\TerraFusion.Consciousness\TerraFusion.Consciousness.csproj]
C:\Users\bsval\terrafusion_os_1.0\backend\TerraFusion.Consciousness\DTOs\AILayerMeshDTOs.cs(282,34): warning CS1591: Missing XML comment for publicly visible type or member 'MeshOperationResultDto.CompletionTime' [C:\Users\bsval\terrafusion_os_1.0\backend\TerraFusion.Consciousness\TerraFusion.Consciousness.csproj]
C:\Users\bsval\terrafusion_os_1.0\backend\TerraFusion.Consciousness\DTOs\AILayerMeshDTOs.cs(283,34): warning CS1591: Missing XML comment for publicly visible type or member 'MeshOperationResultDto.ProcessingDuration' [C:\Users\bsval\terrafusion_os_1.0\backend\TerraFusion.Consciousness\TerraFusion.Consciousness.csproj]
C:\Users\bsval\terrafusion_os_1.0\backend\TerraFusion.Consciousness\DTOs\AILayerMeshDTOs.cs(286,32): warning CS1591: Missing XML comment for publicly visible type or member 'MeshOperationResultDto.OperationType' [C:\Users\bsval\terrafusion_os_1.0\backend\TerraFusion.Consciousness\TerraFusion.Consciousness.csproj]
C:\Users\bsval\terrafusion_os_1.0\backend\TerraFusion.Consciousness\DTOs\AILayerMeshDTOs.cs(287,34): warning CS1591: Missing XML comment for publicly visible type or member 'MeshOperationResultDto.ExecutionTime' [C:\Users\bsval\terrafusion_os_1.0\backend\TerraFusion.Consciousness\TerraFusion.Consciousness.csproj]
C:\Users\bsval\terrafusion_os_1.0\backend\TerraFusion.Consciousness\DTOs\AILayerMeshDTOs.cs(288,52): warning CS1591: Missing XML comment for publicly visible type or member 'MeshOperationResultDto.LayerResults' [C:\Users\bsval\terrafusion_os_1.0\backend\TerraFusion.Consciousness\TerraFusion.Consciousness.csproj]
C:\Users\bsval\terrafusion_os_1.0\backend\TerraFusion.Consciousness\DTOs\AILayerMeshDTOs.cs(289,32): warning CS1591: Missing XML comment for publicly visible type or member 'MeshOperationResultDto.ValidationRingConsensus' [C:\Users\bsval\terrafusion_os_1.0\backend\TerraFusion.Consciousness\TerraFusion.Consciousness.csproj]
C:\Users\bsval\terrafusion_os_1.0\backend\TerraFusion.Consciousness\DTOs\AILayerMeshDTOs.cs(290,52): warning CS1591: Missing XML comment for publicly visible type or member 'MeshOperationResultDto.PerformanceMetrics' [C:\Users\bsval\terrafusion_os_1.0\backend\TerraFusion.Consciousness\TerraFusion.Consciousness.csproj]
C:\Users\bsval\terrafusion_os_1.0\backend\TerraFusion.Consciousness\DTOs\AILayerMeshDTOs.cs(291,52): warning CS1591: Missing XML comment for publicly visible type or member 'MeshOperationResultDto.ComplianceValidation' [C:\Users\bsval\terrafusion_os_1.0\backend\TerraFusion.Consciousness\TerraFusion.Consciousness.csproj]
C:\Users\bsval\terrafusion_os_1.0\backend\TerraFusion.Consciousness\DTOs\AILayerMeshDTOs.cs(293,30): warning CS1591: Missing XML comment for publicly visible type or member 'MeshOperationResultDto.Errors' [C:\Users\bsval\terrafusion_os_1.0\backend\TerraFusion.Consciousness\TerraFusion.Consciousness.csproj]
C:\Users\bsval\terrafusion_os_1.0\backend\TerraFusion.Consciousness\DTOs\AILayerMeshDTOs.cs(294,44): warning CS1591: Missing XML comment for publicly visible type or member 'MeshOperationResultDto.Metrics' [C:\Users\bsval\terrafusion_os_1.0\backend\TerraFusion.Consciousness\TerraFusion.Consciousness.csproj]
C:\Users\bsval\terrafusion_os_1.0\backend\TerraFusion.Consciousness\DTOs\AILayerMeshDTOs.cs(295,23): warning CS1591: Missing XML comment for publicly visible type or member 'MeshOperationResultDto.ConsensusLevel' [C:\Users\bsval\terrafusion_os_1.0\backend\TerraFusion.Consciousness\TerraFusion.Consciousness.csproj]
C:\Users\bsval\terrafusion_os_1.0\backend\TerraFusion.Consciousness\DTOs\AILayerMeshDTOs.cs(298,18): warning CS1591: Missing XML comment for publicly visible type or member 'MeshEnvelopeDto' [C:\Users\bsval\terrafusion_os_1.0\backend\TerraFusion.Consciousness\TerraFusion.Consciousness.csproj]
C:\Users\bsval\terrafusion_os_1.0\backend\TerraFusion.Consciousness\DTOs\AILayerMeshDTOs.cs(300,32): warning CS1591: Missing XML comment for publicly visible type or member 'MeshEnvelopeDto.EnvelopeId' [C:\Users\bsval\terrafusion_os_1.0\backend\TerraFusion.Consciousness\TerraFusion.Consciousness.csproj]
C:\Users\bsval\terrafusion_os_1.0\backend\TerraFusion.Consciousness\DTOs\AILayerMeshDTOs.cs(301,32): warning CS1591: Missing XML comment for publicly visible type or member 'MeshEnvelopeDto.MessageType' [C:\Users\bsval\terrafusion_os_1.0\backend\TerraFusion.Consciousness\TerraFusion.Consciousness.csproj]
C:\Users\bsval\terrafusion_os_1.0\backend\TerraFusion.Consciousness\DTOs\AILayerMeshDTOs.cs(302,52): warning CS1591: Missing XML comment for publicly visible type or member 'MeshEnvelopeDto.Payload' [C:\Users\bsval\terrafusion_os_1.0\backend\TerraFusion.Consciousness\TerraFusion.Consciousness.csproj]
C:\Users\bsval\terrafusion_os_1.0\backend\TerraFusion.Consciousness\DTOs\AILayerMeshDTOs.cs(303,32): warning CS1591: Missing XML comment for publicly visible type or member 'MeshEnvelopeDto.SourceLayer' [C:\Users\bsval\terrafusion_os_1.0\backend\TerraFusion.Consciousness\TerraFusion.Consciousness.csproj]
C:\Users\bsval\terrafusion_os_1.0\backend\TerraFusion.Consciousness\DTOs\AILayerMeshDTOs.cs(304,34): warning CS1591: Missing XML comment for publicly visible type or member 'MeshEnvelopeDto.TargetLayers' [C:\Users\bsval\terrafusion_os_1.0\backend\TerraFusion.Consciousness\TerraFusion.Consciousness.csproj]
C:\Users\bsval\terrafusion_os_1.0\backend\TerraFusion.Consciousness\DTOs\AILayerMeshDTOs.cs(305,34): warning CS1591: Missing XML comment for publicly visible type or member 'MeshEnvelopeDto.Timestamp' [C:\Users\bsval\terrafusion_os_1.0\backend\TerraFusion.Consciousness\TerraFusion.Consciousness.csproj]
C:\Users\bsval\terrafusion_os_1.0\backend\TerraFusion.Consciousness\DTOs\AILayerMeshDTOs.cs(308,32): warning CS1591: Missing XML comment for publicly visible type or member 'MeshEnvelopeDto.OperationId' [C:\Users\bsval\terrafusion_os_1.0\backend\TerraFusion.Consciousness\TerraFusion.Consciousness.csproj]
C:\Users\bsval\terrafusion_os_1.0\backend\TerraFusion.Consciousness\DTOs\AILayerMeshDTOs.cs(309,32): warning CS1591: Missing XML comment for publicly visible type or member 'MeshEnvelopeDto.OperationType' [C:\Users\bsval\terrafusion_os_1.0\backend\TerraFusion.Consciousness\TerraFusion.Consciousness.csproj]
C:\Users\bsval\terrafusion_os_1.0\backend\TerraFusion.Consciousness\DTOs\AILayerMeshDTOs.cs(310,29): warning CS1591: Missing XML comment for publicly visible type or member 'MeshEnvelopeDto.Priority' [C:\Users\bsval\terrafusion_os_1.0\backend\TerraFusion.Consciousness\TerraFusion.Consciousness.csproj]
C:\Users\bsval\terrafusion_os_1.0\backend\TerraFusion.Consciousness\DTOs\AILayerMeshDTOs.cs(312,44): warning CS1591: Missing XML comment for publicly visible type or member 'MeshEnvelopeDto.Headers' [C:\Users\bsval\terrafusion_os_1.0\backend\TerraFusion.Consciousness\TerraFusion.Consciousness.csproj]
C:\Users\bsval\terrafusion_os_1.0\backend\TerraFusion.Consciousness\DTOs\AILayerMeshDTOs.cs(313,24): warning CS1591: Missing XML comment for publicly visible type or member 'MeshEnvelopeDto.EncryptionKey' [C:\Users\bsval\terrafusion_os_1.0\backend\TerraFusion.Consciousness\TerraFusion.Consciousness.csproj]
C:\Users\bsval\terrafusion_os_1.0\backend\TerraFusion.Consciousness\DTOs\AILayerMeshDTOs.cs(316,18): warning CS1591: Missing XML comment for publicly visible type or member 'MeshStatusDto' [C:\Users\bsval\terrafusion_os_1.0\backend\TerraFusion.Consciousness\TerraFusion.Consciousness.csproj]
C:\Users\bsval\terrafusion_os_1.0\backend\TerraFusion.Consciousness\DTOs\AILayerMeshDTOs.cs(318,32): warning CS1591: Missing XML comment for publicly visible type or member 'MeshStatusDto.MeshId' [C:\Users\bsval\terrafusion_os_1.0\backend\TerraFusion.Consciousness\TerraFusion.Consciousness.csproj]
C:\Users\bsval\terrafusion_os_1.0\backend\TerraFusion.Consciousness\DTOs\AILayerMeshDTOs.cs(319,32): warning CS1591: Missing XML comment for publicly visible type or member 'MeshStatusDto.Status' [C:\Users\bsval\terrafusion_os_1.0\backend\TerraFusion.Consciousness\TerraFusion.Consciousness.csproj]
C:\Users\bsval\terrafusion_os_1.0\backend\TerraFusion.Consciousness\DTOs\AILayerMeshDTOs.cs(320,29): warning CS1591: Missing XML comment for publicly visible type or member 'MeshStatusDto.ActiveLayers' [C:\Users\bsval\terrafusion_os_1.0\backend\TerraFusion.Consciousness\TerraFusion.Consciousness.csproj]
C:\Users\bsval\terrafusion_os_1.0\backend\TerraFusion.Consciousness\DTOs\AILayerMeshDTOs.cs(321,29): warning CS1591: Missing XML comment for publicly visible type or member 'MeshStatusDto.TotalOperations' [C:\Users\bsval\terrafusion_os_1.0\backend\TerraFusion.Consciousness\TerraFusion.Consciousness.csproj]
C:\Users\bsval\terrafusion_os_1.0\backend\TerraFusion.Consciousness\DTOs\AILayerMeshDTOs.cs(322,34): warning CS1591: Missing XML comment for publicly visible type or member 'MeshStatusDto.LastUpdate' [C:\Users\bsval\terrafusion_os_1.0\backend\TerraFusion.Consciousness\TerraFusion.Consciousness.csproj]
C:\Users\bsval\terrafusion_os_1.0\backend\TerraFusion.Consciousness\DTOs\AILayerMeshDTOs.cs(323,52): warning CS1591: Missing XML comment for publicly visible type or member 'MeshStatusDto.LayerStatuses' [C:\Users\bsval\terrafusion_os_1.0\backend\TerraFusion.Consciousness\TerraFusion.Consciousness.csproj]
C:\Users\bsval\terrafusion_os_1.0\backend\TerraFusion.Consciousness\DTOs\AILayerMeshDTOs.cs(326,32): warning CS1591: Missing XML comment for publicly visible type or member 'MeshStatusDto.OverallStatus' [C:\Users\bsval\terrafusion_os_1.0\backend\TerraFusion.Consciousness\TerraFusion.Consciousness.csproj]
C:\Users\bsval\terrafusion_os_1.0\backend\TerraFusion.Consciousness\DTOs\AILayerMeshDTOs.cs(327,52): warning CS1591: Missing XML comment for publicly visible type or member 'MeshStatusDto.ValidationRings' [C:\Users\bsval\terrafusion_os_1.0\backend\TerraFusion.Consciousness\TerraFusion.Consciousness.csproj]
C:\Users\bsval\terrafusion_os_1.0\backend\TerraFusion.Consciousness\DTOs\AILayerMeshDTOs.cs(328,29): warning CS1591: Missing XML comment for publicly visible type or member 'MeshStatusDto.ActiveCounties' [C:\Users\bsval\terrafusion_os_1.0\backend\TerraFusion.Consciousness\TerraFusion.Consciousness.csproj]
C:\Users\bsval\terrafusion_os_1.0\backend\TerraFusion.Consciousness\DTOs\AILayerMeshDTOs.cs(329,29): warning CS1591: Missing XML comment for publicly visible type or member 'MeshStatusDto.TotalAgents' [C:\Users\bsval\terrafusion_os_1.0\backend\TerraFusion.Consciousness\TerraFusion.Consciousness.csproj]
C:\Users\bsval\terrafusion_os_1.0\backend\TerraFusion.Consciousness\DTOs\AILayerMeshDTOs.cs(330,32): warning CS1591: Missing XML comment for publicly visible type or member 'MeshStatusDto.SystemHealth' [C:\Users\bsval\terrafusion_os_1.0\backend\TerraFusion.Consciousness\TerraFusion.Consciousness.csproj]
C:\Users\bsval\terrafusion_os_1.0\backend\TerraFusion.Consciousness\DTOs\AILayerMeshDTOs.cs(331,52): warning CS1591: Missing XML comment for publicly visible type or member 'MeshStatusDto.SystemMetrics' [C:\Users\bsval\terrafusion_os_1.0\backend\TerraFusion.Consciousness\TerraFusion.Consciousness.csproj]
C:\Users\bsval\terrafusion_os_1.0\backend\TerraFusion.Consciousness\DTOs\AILayerMeshDTOs.cs(333,44): warning CS1591: Missing XML comment for publicly visible type or member 'MeshStatusDto.MeshMetrics' [C:\Users\bsval\terrafusion_os_1.0\backend\TerraFusion.Consciousness\TerraFusion.Consciousness.csproj]
C:\Users\bsval\terrafusion_os_1.0\backend\TerraFusion.Consciousness\DTOs\AILayerMeshDTOs.cs(340,18): warning CS1591: Missing XML comment for publicly visible type or member 'LayerHealthDto' [C:\Users\bsval\terrafusion_os_1.0\backend\TerraFusion.Consciousness\TerraFusion.Consciousness.csproj]
C:\Users\bsval\terrafusion_os_1.0\backend\TerraFusion.Consciousness\DTOs\AILayerMeshDTOs.cs(342,29): warning CS1591: Missing XML comment for publicly visible type or member 'LayerHealthDto.LayerId' [C:\Users\bsval\terrafusion_os_1.0\backend\TerraFusion.Consciousness\TerraFusion.Consciousness.csproj]
C:\Users\bsval\terrafusion_os_1.0\backend\TerraFusion.Consciousness\DTOs\AILayerMeshDTOs.cs(343,32): warning CS1591: Missing XML comment for publicly visible type or member 'LayerHealthDto.LayerName' [C:\Users\bsval\terrafusion_os_1.0\backend\TerraFusion.Consciousness\TerraFusion.Consciousness.csproj]
C:\Users\bsval\terrafusion_os_1.0\backend\TerraFusion.Consciousness\DTOs\AILayerMeshDTOs.cs(344,32): warning CS1591: Missing XML comment for publicly visible type or member 'LayerHealthDto.HealthStatus' [C:\Users\bsval\terrafusion_os_1.0\backend\TerraFusion.Consciousness\TerraFusion.Consciousness.csproj]
C:\Users\bsval\terrafusion_os_1.0\backend\TerraFusion.Consciousness\DTOs\AILayerMeshDTOs.cs(345,32): warning CS1591: Missing XML comment for publicly visible type or member 'LayerHealthDto.HealthScore' [C:\Users\bsval\terrafusion_os_1.0\backend\TerraFusion.Consciousness\TerraFusion.Consciousness.csproj]
C:\Users\bsval\terrafusion_os_1.0\backend\TerraFusion.Consciousness\DTOs\AILayerMeshDTOs.cs(346,34): warning CS1591: Missing XML comment for publicly visible type or member 'LayerHealthDto.LastHealthCheck' [C:\Users\bsval\terrafusion_os_1.0\backend\TerraFusion.Consciousness\TerraFusion.Consciousness.csproj]
C:\Users\bsval\terrafusion_os_1.0\backend\TerraFusion.Consciousness\DTOs\AILayerMeshDTOs.cs(347,38): warning CS1591: Missing XML comment for publicly visible type or member 'LayerHealthDto.HealthIndicators' [C:\Users\bsval\terrafusion_os_1.0\backend\TerraFusion.Consciousness\TerraFusion.Consciousness.csproj]
C:\Users\bsval\terrafusion_os_1.0\backend\TerraFusion.Consciousness\DTOs\AILayerMeshDTOs.cs(350,32): warning CS1591: Missing XML comment for publicly visible type or member 'LayerHealthDto.OverallHealth' [C:\Users\bsval\terrafusion_os_1.0\backend\TerraFusion.Consciousness\TerraFusion.Consciousness.csproj]
C:\Users\bsval\terrafusion_os_1.0\backend\TerraFusion.Consciousness\DTOs\AILayerMeshDTOs.cs(351,32): warning CS1591: Missing XML comment for publicly visible type or member 'LayerHealthDto.L1DataLayerHealth' [C:\Users\bsval\terrafusion_os_1.0\backend\TerraFusion.Consciousness\TerraFusion.Consciousness.csproj]
C:\Users\bsval\terrafusion_os_1.0\backend\TerraFusion.Consciousness\DTOs\AILayerMeshDTOs.cs(352,32): warning CS1591: Missing XML comment for publicly visible type or member 'LayerHealthDto.L2AnalyticsLayerHealth' [C:\Users\bsval\terrafusion_os_1.0\backend\TerraFusion.Consciousness\TerraFusion.Consciousness.csproj]
C:\Users\bsval\terrafusion_os_1.0\backend\TerraFusion.Consciousness\DTOs\AILayerMeshDTOs.cs(353,32): warning CS1591: Missing XML comment for publicly visible type or member 'LayerHealthDto.L3AIProcessingLayerHealth' [C:\Users\bsval\terrafusion_os_1.0\backend\TerraFusion.Consciousness\TerraFusion.Consciousness.csproj]
C:\Users\bsval\terrafusion_os_1.0\backend\TerraFusion.Consciousness\DTOs\AILayerMeshDTOs.cs(354,32): warning CS1591: Missing XML comment for publicly visible type or member 'LayerHealthDto.L4DecisionLayerHealth' [C:\Users\bsval\terrafusion_os_1.0\backend\TerraFusion.Consciousness\TerraFusion.Consciousness.csproj]
C:\Users\bsval\terrafusion_os_1.0\backend\TerraFusion.Consciousness\DTOs\AILayerMeshDTOs.cs(355,32): warning CS1591: Missing XML comment for publicly visible type or member 'LayerHealthDto.L5GovernanceLayerHealth' [C:\Users\bsval\terrafusion_os_1.0\backend\TerraFusion.Consciousness\TerraFusion.Consciousness.csproj]
C:\Users\bsval\terrafusion_os_1.0\backend\TerraFusion.Consciousness\DTOs\AILayerMeshDTOs.cs(356,32): warning CS1591: Missing XML comment for publicly visible type or member 'LayerHealthDto.QuantumConsciousnessIntegrationHealth' [C:\Users\bsval\terrafusion_os_1.0\backend\TerraFusion.Consciousness\TerraFusion.Consciousness.csproj]
C:\Users\bsval\terrafusion_os_1.0\backend\TerraFusion.Consciousness\DTOs\AILayerMeshDTOs.cs(359,23): warning CS1591: Missing XML comment for publicly visible type or member 'LayerHealthDto.L1DataIngestionHealth' [C:\Users\bsval\terrafusion_os_1.0\backend\TerraFusion.Consciousness\TerraFusion.Consciousness.csproj]
C:\Users\bsval\terrafusion_os_1.0\backend\TerraFusion.Consciousness\DTOs\AILayerMeshDTOs.cs(360,23): warning CS1591: Missing XML comment for publicly visible type or member 'LayerHealthDto.L2AnalyticsHealth' [C:\Users\bsval\terrafusion_os_1.0\backend\TerraFusion.Consciousness\TerraFusion.Consciousness.csproj]
C:\Users\bsval\terrafusion_os_1.0\backend\TerraFusion.Consciousness\DTOs\AILayerMeshDTOs.cs(361,23): warning CS1591: Missing XML comment for publicly visible type or member 'LayerHealthDto.L3AIProcessingHealth' [C:\Users\bsval\terrafusion_os_1.0\backend\TerraFusion.Consciousness\TerraFusion.Consciousness.csproj]
C:\Users\bsval\terrafusion_os_1.0\backend\TerraFusion.Consciousness\DTOs\AILayerMeshDTOs.cs(362,23): warning CS1591: Missing XML comment for publicly visible type or member 'LayerHealthDto.L4DecisionHealth' [C:\Users\bsval\terrafusion_os_1.0\backend\TerraFusion.Consciousness\TerraFusion.Consciousness.csproj]
C:\Users\bsval\terrafusion_os_1.0\backend\TerraFusion.Consciousness\DTOs\AILayerMeshDTOs.cs(363,23): warning CS1591: Missing XML comment for publicly visible type or member 'LayerHealthDto.L5GovernanceHealth' [C:\Users\bsval\terrafusion_os_1.0\backend\TerraFusion.Consciousness\TerraFusion.Consciousness.csproj]
C:\Users\bsval\terrafusion_os_1.0\backend\TerraFusion.Consciousness\DTOs\AILayerMeshDTOs.cs(364,52): warning CS1591: Missing XML comment for publicly visible type or member 'LayerHealthDto.HealthTrends' [C:\Users\bsval\terrafusion_os_1.0\backend\TerraFusion.Consciousness\TerraFusion.Consciousness.csproj]
C:\Users\bsval\terrafusion_os_1.0\backend\TerraFusion.Consciousness\DTOs\AILayerMeshDTOs.cs(366,30): warning CS1591: Missing XML comment for publicly visible type or member 'LayerHealthDto.HealthIssues' [C:\Users\bsval\terrafusion_os_1.0\backend\TerraFusion.Consciousness\TerraFusion.Consciousness.csproj]
C:\Users\bsval\terrafusion_os_1.0\backend\TerraFusion.Consciousness\DTOs\AILayerMeshDTOs.cs(367,44): warning CS1591: Missing XML comment for publicly visible type or member 'LayerHealthDto.HealthMetrics' [C:\Users\bsval\terrafusion_os_1.0\backend\TerraFusion.Consciousness\TerraFusion.Consciousness.csproj]
C:\Users\bsval\terrafusion_os_1.0\backend\TerraFusion.Consciousness\DTOs\AILayerMeshDTOs.cs(374,18): warning CS1591: Missing XML comment for publicly visible type or member 'MeshPerformanceDto' [C:\Users\bsval\terrafusion_os_1.0\backend\TerraFusion.Consciousness\TerraFusion.Consciousness.csproj]
C:\Users\bsval\terrafusion_os_1.0\backend\TerraFusion.Consciousness\DTOs\AILayerMeshDTOs.cs(376,32): warning CS1591: Missing XML comment for publicly visible type or member 'MeshPerformanceDto.Throughput' [C:\Users\bsval\terrafusion_os_1.0\backend\TerraFusion.Consciousness\TerraFusion.Consciousness.csproj]
C:\Users\bsval\terrafusion_os_1.0\backend\TerraFusion.Consciousness\DTOs\AILayerMeshDTOs.cs(377,32): warning CS1591: Missing XML comment for publicly visible type or member 'MeshPerformanceDto.Latency' [C:\Users\bsval\terrafusion_os_1.0\backend\TerraFusion.Consciousness\TerraFusion.Consciousness.csproj]
C:\Users\bsval\terrafusion_os_1.0\backend\TerraFusion.Consciousness\DTOs\AILayerMeshDTOs.cs(378,32): warning CS1591: Missing XML comment for publicly visible type or member 'MeshPerformanceDto.ResourceUtilization' [C:\Users\bsval\terrafusion_os_1.0\backend\TerraFusion.Consciousness\TerraFusion.Consciousness.csproj]
C:\Users\bsval\terrafusion_os_1.0\backend\TerraFusion.Consciousness\DTOs\AILayerMeshDTOs.cs(379,52): warning CS1591: Missing XML comment for publicly visible type or member 'MeshPerformanceDto.LayerPerformance' [C:\Users\bsval\terrafusion_os_1.0\backend\TerraFusion.Consciousness\TerraFusion.Consciousness.csproj]
C:\Users\bsval\terrafusion_os_1.0\backend\TerraFusion.Consciousness\DTOs\AILayerMeshDTOs.cs(380,34): warning CS1591: Missing XML comment for publicly visible type or member 'MeshPerformanceDto.MeasurementTime' [C:\Users\bsval\terrafusion_os_1.0\backend\TerraFusion.Consciousness\TerraFusion.Consciousness.csproj]
C:\Users\bsval\terrafusion_os_1.0\backend\TerraFusion.Consciousness\DTOs\AILayerMeshDTOs.cs(383,52): warning CS1591: Missing XML comment for publicly visible type or member 'MeshPerformanceDto.ThroughputMetrics' [C:\Users\bsval\terrafusion_os_1.0\backend\TerraFusion.Consciousness\TerraFusion.Consciousness.csproj]
C:\Users\bsval\terrafusion_os_1.0\backend\TerraFusion.Consciousness\DTOs\AILayerMeshDTOs.cs(384,52): warning CS1591: Missing XML comment for publicly visible type or member 'MeshPerformanceDto.LatencyMetrics' [C:\Users\bsval\terrafusion_os_1.0\backend\TerraFusion.Consciousness\TerraFusion.Consciousness.csproj]
C:\Users\bsval\terrafusion_os_1.0\backend\TerraFusion.Consciousness\DTOs\AILayerMeshDTOs.cs(385,32): warning CS1591: Missing XML comment for publicly visible type or member 'MeshPerformanceDto.QuantumConsciousnessPerformance' [C:\Users\bsval\terrafusion_os_1.0\backend\TerraFusion.Consciousness\TerraFusion.Consciousness.csproj]
C:\Users\bsval\terrafusion_os_1.0\backend\TerraFusion.Consciousness\DTOs\AILayerMeshDTOs.cs(386,32): warning CS1591: Missing XML comment for publicly visible type or member 'MeshPerformanceDto.ValidationRingPerformance' [C:\Users\bsval\terrafusion_os_1.0\backend\TerraFusion.Consciousness\TerraFusion.Consciousness.csproj]
C:\Users\bsval\terrafusion_os_1.0\backend\TerraFusion.Consciousness\DTOs\AILayerMeshDTOs.cs(387,32): warning CS1591: Missing XML comment for publicly visible type or member 'MeshPerformanceDto.CrossCountyFederationPerformance' [C:\Users\bsval\terrafusion_os_1.0\backend\TerraFusion.Consciousness\TerraFusion.Consciousness.csproj]
C:\Users\bsval\terrafusion_os_1.0\backend\TerraFusion.Consciousness\DTOs\AILayerMeshDTOs.cs(388,32): warning CS1591: Missing XML comment for publicly visible type or member 'MeshPerformanceDto.PerformanceScore' [C:\Users\bsval\terrafusion_os_1.0\backend\TerraFusion.Consciousness\TerraFusion.Consciousness.csproj]
C:\Users\bsval\terrafusion_os_1.0\backend\TerraFusion.Consciousness\DTOs\AILayerMeshDTOs.cs(389,34): warning CS1591: Missing XML comment for publicly visible type or member 'MeshPerformanceDto.LastMeasurement' [C:\Users\bsval\terrafusion_os_1.0\backend\TerraFusion.Consciousness\TerraFusion.Consciousness.csproj]
C:\Users\bsval\terrafusion_os_1.0\backend\TerraFusion.Consciousness\DTOs\AILayerMeshDTOs.cs(390,52): warning CS1591: Missing XML comment for publicly visible type or member 'MeshPerformanceDto.PerformanceTrends' [C:\Users\bsval\terrafusion_os_1.0\backend\TerraFusion.Consciousness\TerraFusion.Consciousness.csproj]
C:\Users\bsval\terrafusion_os_1.0\backend\TerraFusion.Consciousness\DTOs\AILayerMeshDTOs.cs(391,38): warning CS1591: Missing XML comment for publicly visible type or member 'MeshPerformanceDto.OptimizationRecommendations' [C:\Users\bsval\terrafusion_os_1.0\backend\TerraFusion.Consciousness\TerraFusion.Consciousness.csproj]
C:\Users\bsval\terrafusion_os_1.0\backend\TerraFusion.Consciousness\DTOs\AILayerMeshDTOs.cs(393,44): warning CS1591: Missing XML comment for publicly visible type or member 'MeshPerformanceDto.PerformanceMetrics' [C:\Users\bsval\terrafusion_os_1.0\backend\TerraFusion.Consciousness\TerraFusion.Consciousness.csproj]
C:\Users\bsval\terrafusion_os_1.0\backend\TerraFusion.Consciousness\DTOs\AILayerMeshDTOs.cs(400,18): warning CS1591: Missing XML comment for publicly visible type or member 'MeshScalingRequestDto' [C:\Users\bsval\terrafusion_os_1.0\backend\TerraFusion.Consciousness\TerraFusion.Consciousness.csproj]
C:\Users\bsval\terrafusion_os_1.0\backend\TerraFusion.Consciousness\DTOs\AILayerMeshDTOs.cs(402,32): warning CS1591: Missing XML comment for publicly visible type or member 'MeshScalingRequestDto.ScalingId' [C:\Users\bsval\terrafusion_os_1.0\backend\TerraFusion.Consciousness\TerraFusion.Consciousness.csproj]
C:\Users\bsval\terrafusion_os_1.0\backend\TerraFusion.Consciousness\DTOs\AILayerMeshDTOs.cs(403,32): warning CS1591: Missing XML comment for publicly visible type or member 'MeshScalingRequestDto.ScalingType' [C:\Users\bsval\terrafusion_os_1.0\backend\TerraFusion.Consciousness\TerraFusion.Consciousness.csproj]
C:\Users\bsval\terrafusion_os_1.0\backend\TerraFusion.Consciousness\DTOs\AILayerMeshDTOs.cs(404,52): warning CS1591: Missing XML comment for publicly visible type or member 'MeshScalingRequestDto.ScalingConfig' [C:\Users\bsval\terrafusion_os_1.0\backend\TerraFusion.Consciousness\TerraFusion.Consciousness.csproj]
C:\Users\bsval\terrafusion_os_1.0\backend\TerraFusion.Consciousness\DTOs\AILayerMeshDTOs.cs(405,29): warning CS1591: Missing XML comment for publicly visible type or member 'MeshScalingRequestDto.TargetCapacity' [C:\Users\bsval\terrafusion_os_1.0\backend\TerraFusion.Consciousness\TerraFusion.Consciousness.csproj]
C:\Users\bsval\terrafusion_os_1.0\backend\TerraFusion.Consciousness\DTOs\AILayerMeshDTOs.cs(406,34): warning CS1591: Missing XML comment for publicly visible type or member 'MeshScalingRequestDto.RequestTime' [C:\Users\bsval\terrafusion_os_1.0\backend\TerraFusion.Consciousness\TerraFusion.Consciousness.csproj]
C:\Users\bsval\terrafusion_os_1.0\backend\TerraFusion.Consciousness\DTOs\AILayerMeshDTOs.cs(407,24): warning CS1591: Missing XML comment for publicly visible type or member 'MeshScalingRequestDto.RequestSource' [C:\Users\bsval\terrafusion_os_1.0\backend\TerraFusion.Consciousness\TerraFusion.Consciousness.csproj]
C:\Users\bsval\terrafusion_os_1.0\backend\TerraFusion.Consciousness\DTOs\AILayerMeshDTOs.cs(408,44): warning CS1591: Missing XML comment for publicly visible type or member 'MeshScalingRequestDto.ScalingOptions' [C:\Users\bsval\terrafusion_os_1.0\backend\TerraFusion.Consciousness\TerraFusion.Consciousness.csproj]
C:\Users\bsval\terrafusion_os_1.0\backend\TerraFusion.Consciousness\DTOs\AILayerMeshDTOs.cs(411,21): warning CS1591: Missing XML comment for publicly visible type or member 'MeshScalingRequestDto.ScaleQuantumConsciousness' [C:\Users\bsval\terrafusion_os_1.0\backend\TerraFusion.Consciousness\TerraFusion.Consciousness.csproj]
C:\Users\bsval\terrafusion_os_1.0\backend\TerraFusion.Consciousness\DTOs\AILayerMeshDTOs.cs(412,21): warning CS1591: Missing XML comment for publicly visible type or member 'MeshScalingRequestDto.ScaleValidationRings' [C:\Users\bsval\terrafusion_os_1.0\backend\TerraFusion.Consciousness\TerraFusion.Consciousness.csproj]
C:\Users\bsval\terrafusion_os_1.0\backend\TerraFusion.Consciousness\DTOs\AILayerMeshDTOs.cs(413,21): warning CS1591: Missing XML comment for publicly visible type or member 'MeshScalingRequestDto.ScaleCountyFederation' [C:\Users\bsval\terrafusion_os_1.0\backend\TerraFusion.Consciousness\TerraFusion.Consciousness.csproj]
C:\Users\bsval\terrafusion_os_1.0\backend\TerraFusion.Consciousness\DTOs\AILayerMeshDTOs.cs(414,21): warning CS1591: Missing XML comment for publicly visible type or member 'MeshScalingRequestDto.ScaleLayers' [C:\Users\bsval\terrafusion_os_1.0\backend\TerraFusion.Consciousness\TerraFusion.Consciousness.csproj]
C:\Users\bsval\terrafusion_os_1.0\backend\TerraFusion.Consciousness\DTOs\AILayerMeshDTOs.cs(415,30): warning CS1591: Missing XML comment for publicly visible type or member 'MeshScalingRequestDto.TargetLayers' [C:\Users\bsval\terrafusion_os_1.0\backend\TerraFusion.Consciousness\TerraFusion.Consciousness.csproj]
C:\Users\bsval\terrafusion_os_1.0\backend\TerraFusion.Consciousness\DTOs\AILayerMeshDTOs.cs(418,18): warning CS1591: Missing XML comment for publicly visible type or member 'MeshScalingResultDto' [C:\Users\bsval\terrafusion_os_1.0\backend\TerraFusion.Consciousness\TerraFusion.Consciousness.csproj]
C:\Users\bsval\terrafusion_os_1.0\backend\TerraFusion.Consciousness\DTOs\AILayerMeshDTOs.cs(420,32): warning CS1591: Missing XML comment for publicly visible type or member 'MeshScalingResultDto.ScalingId' [C:\Users\bsval\terrafusion_os_1.0\backend\TerraFusion.Consciousness\TerraFusion.Consciousness.csproj]
C:\Users\bsval\terrafusion_os_1.0\backend\TerraFusion.Consciousness\DTOs\AILayerMeshDTOs.cs(421,30): warning CS1591: Missing XML comment for publicly visible type or member 'MeshScalingResultDto.Success' [C:\Users\bsval\terrafusion_os_1.0\backend\TerraFusion.Consciousness\TerraFusion.Consciousness.csproj]
C:\Users\bsval\terrafusion_os_1.0\backend\TerraFusion.Consciousness\DTOs\AILayerMeshDTOs.cs(422,29): warning CS1591: Missing XML comment for publicly visible type or member 'MeshScalingResultDto.NewCapacity' [C:\Users\bsval\terrafusion_os_1.0\backend\TerraFusion.Consciousness\TerraFusion.Consciousness.csproj]
C:\Users\bsval\terrafusion_os_1.0\backend\TerraFusion.Consciousness\DTOs\AILayerMeshDTOs.cs(423,34): warning CS1591: Missing XML comment for publicly visible type or member 'MeshScalingResultDto.ScalingDuration' [C:\Users\bsval\terrafusion_os_1.0\backend\TerraFusion.Consciousness\TerraFusion.Consciousness.csproj]
C:\Users\bsval\terrafusion_os_1.0\backend\TerraFusion.Consciousness\DTOs\AILayerMeshDTOs.cs(424,52): warning CS1591: Missing XML comment for publicly visible type or member 'MeshScalingResultDto.ScalingResults' [C:\Users\bsval\terrafusion_os_1.0\backend\TerraFusion.Consciousness\TerraFusion.Consciousness.csproj]
C:\Users\bsval\terrafusion_os_1.0\backend\TerraFusion.Consciousness\DTOs\AILayerMeshDTOs.cs(425,34): warning CS1591: Missing XML comment for publicly visible type or member 'MeshScalingResultDto.CompletionTime' [C:\Users\bsval\terrafusion_os_1.0\backend\TerraFusion.Consciousness\TerraFusion.Consciousness.csproj]
C:\Users\bsval\terrafusion_os_1.0\backend\TerraFusion.Consciousness\DTOs\AILayerMeshDTOs.cs(426,30): warning CS1591: Missing XML comment for publicly visible type or member 'MeshScalingResultDto.ScalingIssues' [C:\Users\bsval\terrafusion_os_1.0\backend\TerraFusion.Consciousness\TerraFusion.Consciousness.csproj]
C:\Users\bsval\terrafusion_os_1.0\backend\TerraFusion.Consciousness\DTOs\AILayerMeshDTOs.cs(427,44): warning CS1591: Missing XML comment for publicly visible type or member 'MeshScalingResultDto.ScalingMetrics' [C:\Users\bsval\terrafusion_os_1.0\backend\TerraFusion.Consciousness\TerraFusion.Consciousness.csproj]
C:\Users\bsval\terrafusion_os_1.0\backend\TerraFusion.Consciousness\DTOs\AILayerMeshDTOs.cs(430,23): warning CS1591: Missing XML comment for publicly visible type or member 'MeshScalingResultDto.ScalingType' [C:\Users\bsval\terrafusion_os_1.0\backend\TerraFusion.Consciousness\TerraFusion.Consciousness.csproj]
C:\Users\bsval\terrafusion_os_1.0\backend\TerraFusion.Consciousness\DTOs\AILayerMeshDTOs.cs(431,20): warning CS1591: Missing XML comment for publicly visible type or member 'MeshScalingResultDto.TargetCapacity' [C:\Users\bsval\terrafusion_os_1.0\backend\TerraFusion.Consciousness\TerraFusion.Consciousness.csproj]
C:\Users\bsval\terrafusion_os_1.0\backend\TerraFusion.Consciousness\DTOs\AILayerMeshDTOs.cs(432,20): warning CS1591: Missing XML comment for publicly visible type or member 'MeshScalingResultDto.AchievedCapacity' [C:\Users\bsval\terrafusion_os_1.0\backend\TerraFusion.Consciousness\TerraFusion.Consciousness.csproj]
C:\Users\bsval\terrafusion_os_1.0\backend\TerraFusion.Consciousness\DTOs\AILayerMeshDTOs.cs(433,25): warning CS1591: Missing XML comment for publicly visible type or member 'MeshScalingResultDto.ScalingTime' [C:\Users\bsval\terrafusion_os_1.0\backend\TerraFusion.Consciousness\TerraFusion.Consciousness.csproj]
C:\Users\bsval\terrafusion_os_1.0\backend\TerraFusion.Consciousness\DTOs\AILayerMeshDTOs.cs(434,43): warning CS1591: Missing XML comment for publicly visible type or member 'MeshScalingResultDto.PostScalingMetrics' [C:\Users\bsval\terrafusion_os_1.0\backend\TerraFusion.Consciousness\TerraFusion.Consciousness.csproj]
C:\Users\bsval\terrafusion_os_1.0\backend\TerraFusion.Consciousness\DTOs\AILayerMeshDTOs.cs(435,43): warning CS1591: Missing XML comment for publicly visible type or member 'MeshScalingResultDto.NewConfiguration' [C:\Users\bsval\terrafusion_os_1.0\backend\TerraFusion.Consciousness\TerraFusion.Consciousness.csproj]
C:\Users\bsval\terrafusion_os_1.0\backend\TerraFusion.Consciousness\DTOs\AILayerMeshDTOs.cs(442,18): warning CS1591: Missing XML comment for publicly visible type or member 'MeshConfigurationDto' [C:\Users\bsval\terrafusion_os_1.0\backend\TerraFusion.Consciousness\TerraFusion.Consciousness.csproj]
C:\Users\bsval\terrafusion_os_1.0\backend\TerraFusion.Consciousness\DTOs\AILayerMeshDTOs.cs(444,32): warning CS1591: Missing XML comment for publicly visible type or member 'MeshConfigurationDto.ConfigId' [C:\Users\bsval\terrafusion_os_1.0\backend\TerraFusion.Consciousness\TerraFusion.Consciousness.csproj]
C:\Users\bsval\terrafusion_os_1.0\backend\TerraFusion.Consciousness\DTOs\AILayerMeshDTOs.cs(445,52): warning CS1591: Missing XML comment for publicly visible type or member 'MeshConfigurationDto.LayerConfigs' [C:\Users\bsval\terrafusion_os_1.0\backend\TerraFusion.Consciousness\TerraFusion.Consciousness.csproj]
C:\Users\bsval\terrafusion_os_1.0\backend\TerraFusion.Consciousness\DTOs\AILayerMeshDTOs.cs(446,52): warning CS1591: Missing XML comment for publicly visible type or member 'MeshConfigurationDto.MeshSettings' [C:\Users\bsval\terrafusion_os_1.0\backend\TerraFusion.Consciousness\TerraFusion.Consciousness.csproj]
C:\Users\bsval\terrafusion_os_1.0\backend\TerraFusion.Consciousness\DTOs\AILayerMeshDTOs.cs(447,34): warning CS1591: Missing XML comment for publicly visible type or member 'MeshConfigurationDto.ConfigTime' [C:\Users\bsval\terrafusion_os_1.0\backend\TerraFusion.Consciousness\TerraFusion.Consciousness.csproj]
C:\Users\bsval\terrafusion_os_1.0\backend\TerraFusion.Consciousness\DTOs\AILayerMeshDTOs.cs(448,24): warning CS1591: Missing XML comment for publicly visible type or member 'MeshConfigurationDto.ConfigSource' [C:\Users\bsval\terrafusion_os_1.0\backend\TerraFusion.Consciousness\TerraFusion.Consciousness.csproj]
C:\Users\bsval\terrafusion_os_1.0\backend\TerraFusion.Consciousness\DTOs\AILayerMeshDTOs.cs(449,44): warning CS1591: Missing XML comment for publicly visible type or member 'MeshConfigurationDto.AdvancedSettings' [C:\Users\bsval\terrafusion_os_1.0\backend\TerraFusion.Consciousness\TerraFusion.Consciousness.csproj]
C:\Users\bsval\terrafusion_os_1.0\backend\TerraFusion.Consciousness\DTOs\AILayerMeshDTOs.cs(452,43): warning CS1591: Missing XML comment for publicly visible type or member 'MeshConfigurationDto.LayerConfigurations' [C:\Users\bsval\terrafusion_os_1.0\backend\TerraFusion.Consciousness\TerraFusion.Consciousness.csproj]
C:\Users\bsval\terrafusion_os_1.0\backend\TerraFusion.Consciousness\DTOs\AILayerMeshDTOs.cs(453,43): warning CS1591: Missing XML comment for publicly visible type or member 'MeshConfigurationDto.ValidationRingConfiguration' [C:\Users\bsval\terrafusion_os_1.0\backend\TerraFusion.Consciousness\TerraFusion.Consciousness.csproj]
C:\Users\bsval\terrafusion_os_1.0\backend\TerraFusion.Consciousness\DTOs\AILayerMeshDTOs.cs(454,43): warning CS1591: Missing XML comment for publicly visible type or member 'MeshConfigurationDto.PerformanceConfiguration' [C:\Users\bsval\terrafusion_os_1.0\backend\TerraFusion.Consciousness\TerraFusion.Consciousness.csproj]
C:\Users\bsval\terrafusion_os_1.0\backend\TerraFusion.Consciousness\DTOs\AILayerMeshDTOs.cs(455,25): warning CS1591: Missing XML comment for publicly visible type or member 'MeshConfigurationDto.LastUpdated' [C:\Users\bsval\terrafusion_os_1.0\backend\TerraFusion.Consciousness\TerraFusion.Consciousness.csproj]
C:\Users\bsval\terrafusion_os_1.0\backend\TerraFusion.Consciousness\DTOs\AILayerMeshDTOs.cs(458,18): warning CS1591: Missing XML comment for publicly visible type or member 'MeshConfigurationUpdateDto' [C:\Users\bsval\terrafusion_os_1.0\backend\TerraFusion.Consciousness\TerraFusion.Consciousness.csproj]
C:\Users\bsval\terrafusion_os_1.0\backend\TerraFusion.Consciousness\DTOs\AILayerMeshDTOs.cs(460,32): warning CS1591: Missing XML comment for publicly visible type or member 'MeshConfigurationUpdateDto.UpdateId' [C:\Users\bsval\terrafusion_os_1.0\backend\TerraFusion.Consciousness\TerraFusion.Consciousness.csproj]
C:\Users\bsval\terrafusion_os_1.0\backend\TerraFusion.Consciousness\DTOs\AILayerMeshDTOs.cs(461,52): warning CS1591: Missing XML comment for publicly visible type or member 'MeshConfigurationUpdateDto.ConfigChanges' [C:\Users\bsval\terrafusion_os_1.0\backend\TerraFusion.Consciousness\TerraFusion.Consciousness.csproj]
C:\Users\bsval\terrafusion_os_1.0\backend\TerraFusion.Consciousness\DTOs\AILayerMeshDTOs.cs(462,34): warning CS1591: Missing XML comment for publicly visible type or member 'MeshConfigurationUpdateDto.AffectedLayers' [C:\Users\bsval\terrafusion_os_1.0\backend\TerraFusion.Consciousness\TerraFusion.Consciousness.csproj]
C:\Users\bsval\terrafusion_os_1.0\backend\TerraFusion.Consciousness\DTOs\AILayerMeshDTOs.cs(463,34): warning CS1591: Missing XML comment for publicly visible type or member 'MeshConfigurationUpdateDto.UpdateTime' [C:\Users\bsval\terrafusion_os_1.0\backend\TerraFusion.Consciousness\TerraFusion.Consciousness.csproj]
C:\Users\bsval\terrafusion_os_1.0\backend\TerraFusion.Consciousness\DTOs\AILayerMeshDTOs.cs(464,24): warning CS1591: Missing XML comment for publicly visible type or member 'MeshConfigurationUpdateDto.UpdateSource' [C:\Users\bsval\terrafusion_os_1.0\backend\TerraFusion.Consciousness\TerraFusion.Consciousness.csproj]
C:\Users\bsval\terrafusion_os_1.0\backend\TerraFusion.Consciousness\DTOs\AILayerMeshDTOs.cs(465,44): warning CS1591: Missing XML comment for publicly visible type or member 'MeshConfigurationUpdateDto.UpdateOptions' [C:\Users\bsval\terrafusion_os_1.0\backend\TerraFusion.Consciousness\TerraFusion.Consciousness.csproj]
C:\Users\bsval\terrafusion_os_1.0\backend\TerraFusion.Consciousness\DTOs\AILayerMeshDTOs.cs(468,23): warning CS1591: Missing XML comment for publicly visible type or member 'MeshConfigurationUpdateDto.ConfigurationType' [C:\Users\bsval\terrafusion_os_1.0\backend\TerraFusion.Consciousness\TerraFusion.Consciousness.csproj]
C:\Users\bsval\terrafusion_os_1.0\backend\TerraFusion.Consciousness\DTOs\AILayerMeshDTOs.cs(475,18): warning CS1591: Missing XML comment for publicly visible type or member 'RingDissentDto' [C:\Users\bsval\terrafusion_os_1.0\backend\TerraFusion.Consciousness\TerraFusion.Consciousness.csproj]
C:\Users\bsval\terrafusion_os_1.0\backend\TerraFusion.Consciousness\DTOs\AILayerMeshDTOs.cs(477,32): warning CS1591: Missing XML comment for publicly visible type or member 'RingDissentDto.DissentId' [C:\Users\bsval\terrafusion_os_1.0\backend\TerraFusion.Consciousness\TerraFusion.Consciousness.csproj]
C:\Users\bsval\terrafusion_os_1.0\backend\TerraFusion.Consciousness\DTOs\AILayerMeshDTOs.cs(478,32): warning CS1591: Missing XML comment for publicly visible type or member 'RingDissentDto.RingId' [C:\Users\bsval\terrafusion_os_1.0\backend\TerraFusion.Consciousness\TerraFusion.Consciousness.csproj]
C:\Users\bsval\terrafusion_os_1.0\backend\TerraFusion.Consciousness\DTOs\AILayerMeshDTOs.cs(479,52): warning CS1591: Missing XML comment for publicly visible type or member 'RingDissentDto.DissentData' [C:\Users\bsval\terrafusion_os_1.0\backend\TerraFusion.Consciousness\TerraFusion.Consciousness.csproj]
C:\Users\bsval\terrafusion_os_1.0\backend\TerraFusion.Consciousness\DTOs\AILayerMeshDTOs.cs(480,32): warning CS1591: Missing XML comment for publicly visible type or member 'RingDissentDto.DissentReason' [C:\Users\bsval\terrafusion_os_1.0\backend\TerraFusion.Consciousness\TerraFusion.Consciousness.csproj]
C:\Users\bsval\terrafusion_os_1.0\backend\TerraFusion.Consciousness\DTOs\AILayerMeshDTOs.cs(481,34): warning CS1591: Missing XML comment for publicly visible type or member 'RingDissentDto.DissentTime' [C:\Users\bsval\terrafusion_os_1.0\backend\TerraFusion.Consciousness\TerraFusion.Consciousness.csproj]
C:\Users\bsval\terrafusion_os_1.0\backend\TerraFusion.Consciousness\DTOs\AILayerMeshDTOs.cs(482,32): warning CS1591: Missing XML comment for publicly visible type or member 'RingDissentDto.SeverityLevel' [C:\Users\bsval\terrafusion_os_1.0\backend\TerraFusion.Consciousness\TerraFusion.Consciousness.csproj]
C:\Users\bsval\terrafusion_os_1.0\backend\TerraFusion.Consciousness\DTOs\AILayerMeshDTOs.cs(483,44): warning CS1591: Missing XML comment for publicly visible type or member 'RingDissentDto.DissentContext' [C:\Users\bsval\terrafusion_os_1.0\backend\TerraFusion.Consciousness\TerraFusion.Consciousness.csproj]
C:\Users\bsval\terrafusion_os_1.0\backend\TerraFusion.Consciousness\DTOs\AILayerMeshDTOs.cs(486,18): warning CS1591: Missing XML comment for publicly visible type or member 'DissentHandlingResultDto' [C:\Users\bsval\terrafusion_os_1.0\backend\TerraFusion.Consciousness\TerraFusion.Consciousness.csproj]
C:\Users\bsval\terrafusion_os_1.0\backend\TerraFusion.Consciousness\DTOs\AILayerMeshDTOs.cs(488,32): warning CS1591: Missing XML comment for publicly visible type or member 'DissentHandlingResultDto.DissentId' [C:\Users\bsval\terrafusion_os_1.0\backend\TerraFusion.Consciousness\TerraFusion.Consciousness.csproj]
C:\Users\bsval\terrafusion_os_1.0\backend\TerraFusion.Consciousness\DTOs\AILayerMeshDTOs.cs(489,30): warning CS1591: Missing XML comment for publicly visible type or member 'DissentHandlingResultDto.Resolved' [C:\Users\bsval\terrafusion_os_1.0\backend\TerraFusion.Consciousness\TerraFusion.Consciousness.csproj]
C:\Users\bsval\terrafusion_os_1.0\backend\TerraFusion.Consciousness\DTOs\AILayerMeshDTOs.cs(490,32): warning CS1591: Missing XML comment for publicly visible type or member 'DissentHandlingResultDto.Resolution' [C:\Users\bsval\terrafusion_os_1.0\backend\TerraFusion.Consciousness\TerraFusion.Consciousness.csproj]
C:\Users\bsval\terrafusion_os_1.0\backend\TerraFusion.Consciousness\DTOs\AILayerMeshDTOs.cs(491,52): warning CS1591: Missing XML comment for publicly visible type or member 'DissentHandlingResultDto.ResolutionData' [C:\Users\bsval\terrafusion_os_1.0\backend\TerraFusion.Consciousness\TerraFusion.Consciousness.csproj]
C:\Users\bsval\terrafusion_os_1.0\backend\TerraFusion.Consciousness\DTOs\AILayerMeshDTOs.cs(492,34): warning CS1591: Missing XML comment for publicly visible type or member 'DissentHandlingResultDto.ResolutionTime' [C:\Users\bsval\terrafusion_os_1.0\backend\TerraFusion.Consciousness\TerraFusion.Consciousness.csproj]
C:\Users\bsval\terrafusion_os_1.0\backend\TerraFusion.Consciousness\DTOs\AILayerMeshDTOs.cs(493,30): warning CS1591: Missing XML comment for publicly visible type or member 'DissentHandlingResultDto.ResolutionSteps' [C:\Users\bsval\terrafusion_os_1.0\backend\TerraFusion.Consciousness\TerraFusion.Consciousness.csproj]
C:\Users\bsval\terrafusion_os_1.0\backend\TerraFusion.Consciousness\DTOs\AILayerMeshDTOs.cs(494,44): warning CS1591: Missing XML comment for publicly visible type or member 'DissentHandlingResultDto.ResolutionMetrics' [C:\Users\bsval\terrafusion_os_1.0\backend\TerraFusion.Consciousness\TerraFusion.Consciousness.csproj]
C:\Users\bsval\terrafusion_os_1.0\backend\TerraFusion.Consciousness\DTOs\AILayerMeshDTOs.cs(501,18): warning CS1591: Missing XML comment for publicly visible type or member 'FISMAComplianceResultDto' [C:\Users\bsval\terrafusion_os_1.0\backend\TerraFusion.Consciousness\TerraFusion.Consciousness.csproj]
C:\Users\bsval\terrafusion_os_1.0\backend\TerraFusion.Consciousness\DTOs\AILayerMeshDTOs.cs(503,30): warning CS1591: Missing XML comment for publicly visible type or member 'FISMAComplianceResultDto.IsCompliant' [C:\Users\bsval\terrafusion_os_1.0\backend\TerraFusion.Consciousness\TerraFusion.Consciousness.csproj]
C:\Users\bsval\terrafusion_os_1.0\backend\TerraFusion.Consciousness\DTOs\AILayerMeshDTOs.cs(504,52): warning CS1591: Missing XML comment for publicly visible type or member 'FISMAComplianceResultDto.ComplianceResults' [C:\Users\bsval\terrafusion_os_1.0\backend\TerraFusion.Consciousness\TerraFusion.Consciousness.csproj]
C:\Users\bsval\terrafusion_os_1.0\backend\TerraFusion.Consciousness\DTOs\AILayerMeshDTOs.cs(505,38): warning CS1591: Missing XML comment for publicly visible type or member 'FISMAComplianceResultDto.ComplianceIssues' [C:\Users\bsval\terrafusion_os_1.0\backend\TerraFusion.Consciousness\TerraFusion.Consciousness.csproj]
C:\Users\bsval\terrafusion_os_1.0\backend\TerraFusion.Consciousness\DTOs\AILayerMeshDTOs.cs(506,34): warning CS1591: Missing XML comment for publicly visible type or member 'FISMAComplianceResultDto.ComplianceCheckTime' [C:\Users\bsval\terrafusion_os_1.0\backend\TerraFusion.Consciousness\TerraFusion.Consciousness.csproj]
C:\Users\bsval\terrafusion_os_1.0\backend\TerraFusion.Consciousness\DTOs\AILayerMeshDTOs.cs(507,32): warning CS1591: Missing XML comment for publicly visible type or member 'FISMAComplianceResultDto.ComplianceScore' [C:\Users\bsval\terrafusion_os_1.0\backend\TerraFusion.Consciousness\TerraFusion.Consciousness.csproj]
C:\Users\bsval\terrafusion_os_1.0\backend\TerraFusion.Consciousness\DTOs\AILayerMeshDTOs.cs(508,44): warning CS1591: Missing XML comment for publicly visible type or member 'FISMAComplianceResultDto.ComplianceMetrics' [C:\Users\bsval\terrafusion_os_1.0\backend\TerraFusion.Consciousness\TerraFusion.Consciousness.csproj]
C:\Users\bsval\terrafusion_os_1.0\backend\TerraFusion.Consciousness\DTOs\AILayerMeshDTOs.cs(511,18): warning CS1591: Missing XML comment for publicly visible type or member 'FedRAMPComplianceResultDto' [C:\Users\bsval\terrafusion_os_1.0\backend\TerraFusion.Consciousness\TerraFusion.Consciousness.csproj]
C:\Users\bsval\terrafusion_os_1.0\backend\TerraFusion.Consciousness\DTOs\AILayerMeshDTOs.cs(513,30): warning CS1591: Missing XML comment for publicly visible type or member 'FedRAMPComplianceResultDto.IsCompliant' [C:\Users\bsval\terrafusion_os_1.0\backend\TerraFusion.Consciousness\TerraFusion.Consciousness.csproj]
C:\Users\bsval\terrafusion_os_1.0\backend\TerraFusion.Consciousness\DTOs\AILayerMeshDTOs.cs(514,52): warning CS1591: Missing XML comment for publicly visible type or member 'FedRAMPComplianceResultDto.ComplianceResults' [C:\Users\bsval\terrafusion_os_1.0\backend\TerraFusion.Consciousness\TerraFusion.Consciousness.csproj]
C:\Users\bsval\terrafusion_os_1.0\backend\TerraFusion.Consciousness\DTOs\AILayerMeshDTOs.cs(515,38): warning CS1591: Missing XML comment for publicly visible type or member 'FedRAMPComplianceResultDto.ComplianceIssues' [C:\Users\bsval\terrafusion_os_1.0\backend\TerraFusion.Consciousness\TerraFusion.Consciousness.csproj]
C:\Users\bsval\terrafusion_os_1.0\backend\TerraFusion.Consciousness\DTOs\AILayerMeshDTOs.cs(516,34): warning CS1591: Missing XML comment for publicly visible type or member 'FedRAMPComplianceResultDto.ComplianceCheckTime' [C:\Users\bsval\terrafusion_os_1.0\backend\TerraFusion.Consciousness\TerraFusion.Consciousness.csproj]
C:\Users\bsval\terrafusion_os_1.0\backend\TerraFusion.Consciousness\DTOs\AILayerMeshDTOs.cs(517,32): warning CS1591: Missing XML comment for publicly visible type or member 'FedRAMPComplianceResultDto.ComplianceScore' [C:\Users\bsval\terrafusion_os_1.0\backend\TerraFusion.Consciousness\TerraFusion.Consciousness.csproj]
C:\Users\bsval\terrafusion_os_1.0\backend\TerraFusion.Consciousness\DTOs\AILayerMeshDTOs.cs(518,44): warning CS1591: Missing XML comment for publicly visible type or member 'FedRAMPComplianceResultDto.ComplianceMetrics' [C:\Users\bsval\terrafusion_os_1.0\backend\TerraFusion.Consciousness\TerraFusion.Consciousness.csproj]
C:\Users\bsval\terrafusion_os_1.0\backend\TerraFusion.Consciousness\DTOs\AILayerMeshDTOs.cs(521,18): warning CS1591: Missing XML comment for publicly visible type or member 'SOC2ComplianceResultDto' [C:\Users\bsval\terrafusion_os_1.0\backend\TerraFusion.Consciousness\TerraFusion.Consciousness.csproj]
C:\Users\bsval\terrafusion_os_1.0\backend\TerraFusion.Consciousness\DTOs\AILayerMeshDTOs.cs(523,30): warning CS1591: Missing XML comment for publicly visible type or member 'SOC2ComplianceResultDto.IsCompliant' [C:\Users\bsval\terrafusion_os_1.0\backend\TerraFusion.Consciousness\TerraFusion.Consciousness.csproj]
C:\Users\bsval\terrafusion_os_1.0\backend\TerraFusion.Consciousness\DTOs\AILayerMeshDTOs.cs(524,52): warning CS1591: Missing XML comment for publicly visible type or member 'SOC2ComplianceResultDto.ComplianceResults' [C:\Users\bsval\terrafusion_os_1.0\backend\TerraFusion.Consciousness\TerraFusion.Consciousness.csproj]
C:\Users\bsval\terrafusion_os_1.0\backend\TerraFusion.Consciousness\DTOs\AILayerMeshDTOs.cs(525,38): warning CS1591: Missing XML comment for publicly visible type or member 'SOC2ComplianceResultDto.ComplianceIssues' [C:\Users\bsval\terrafusion_os_1.0\backend\TerraFusion.Consciousness\TerraFusion.Consciousness.csproj]
C:\Users\bsval\terrafusion_os_1.0\backend\TerraFusion.Consciousness\DTOs\AILayerMeshDTOs.cs(526,34): warning CS1591: Missing XML comment for publicly visible type or member 'SOC2ComplianceResultDto.ComplianceCheckTime' [C:\Users\bsval\terrafusion_os_1.0\backend\TerraFusion.Consciousness\TerraFusion.Consciousness.csproj]
C:\Users\bsval\terrafusion_os_1.0\backend\TerraFusion.Consciousness\DTOs\AILayerMeshDTOs.cs(527,32): warning CS1591: Missing XML comment for publicly visible type or member 'SOC2ComplianceResultDto.ComplianceScore' [C:\Users\bsval\terrafusion_os_1.0\backend\TerraFusion.Consciousness\TerraFusion.Consciousness.csproj]
C:\Users\bsval\terrafusion_os_1.0\backend\TerraFusion.Consciousness\DTOs\AILayerMeshDTOs.cs(528,44): warning CS1591: Missing XML comment for publicly visible type or member 'SOC2ComplianceResultDto.ComplianceMetrics' [C:\Users\bsval\terrafusion_os_1.0\backend\TerraFusion.Consciousness\TerraFusion.Consciousness.csproj]
C:\Users\bsval\terrafusion_os_1.0\backend\TerraFusion.Consciousness\DTOs\AILayerMeshDTOs.cs(531,18): warning CS1591: Missing XML comment for publicly visible type or member 'ComplianceReportDto' [C:\Users\bsval\terrafusion_os_1.0\backend\TerraFusion.Consciousness\TerraFusion.Consciousness.csproj]
C:\Users\bsval\terrafusion_os_1.0\backend\TerraFusion.Consciousness\DTOs\AILayerMeshDTOs.cs(533,50): warning CS1591: Missing XML comment for publicly visible type or member 'ComplianceReportDto.FISMACompliance' [C:\Users\bsval\terrafusion_os_1.0\backend\TerraFusion.Consciousness\TerraFusion.Consciousness.csproj]
C:\Users\bsval\terrafusion_os_1.0\backend\TerraFusion.Consciousness\DTOs\AILayerMeshDTOs.cs(534,52): warning CS1591: Missing XML comment for publicly visible type or member 'ComplianceReportDto.FedRAMPCompliance' [C:\Users\bsval\terrafusion_os_1.0\backend\TerraFusion.Consciousness\TerraFusion.Consciousness.csproj]
C:\Users\bsval\terrafusion_os_1.0\backend\TerraFusion.Consciousness\DTOs\AILayerMeshDTOs.cs(535,49): warning CS1591: Missing XML comment for publicly visible type or member 'ComplianceReportDto.SOC2Compliance' [C:\Users\bsval\terrafusion_os_1.0\backend\TerraFusion.Consciousness\TerraFusion.Consciousness.csproj]
C:\Users\bsval\terrafusion_os_1.0\backend\TerraFusion.Consciousness\DTOs\AILayerMeshDTOs.cs(536,34): warning CS1591: Missing XML comment for publicly visible type or member 'ComplianceReportDto.ReportTime' [C:\Users\bsval\terrafusion_os_1.0\backend\TerraFusion.Consciousness\TerraFusion.Consciousness.csproj]
C:\Users\bsval\terrafusion_os_1.0\backend\TerraFusion.Consciousness\DTOs\AILayerMeshDTOs.cs(537,44): warning CS1591: Missing XML comment for publicly visible type or member 'ComplianceReportDto.ReportMetrics' [C:\Users\bsval\terrafusion_os_1.0\backend\TerraFusion.Consciousness\TerraFusion.Consciousness.csproj]
C:\Users\bsval\terrafusion_os_1.0\backend\TerraFusion.Consciousness\DTOs\AILayerMeshDTOs.cs(540,18): warning CS1591: Missing XML comment for publicly visible type or member 'FederatedComplianceResultDto' [C:\Users\bsval\terrafusion_os_1.0\backend\TerraFusion.Consciousness\TerraFusion.Consciousness.csproj]
C:\Users\bsval\terrafusion_os_1.0\backend\TerraFusion.Consciousness\DTOs\AILayerMeshDTOs.cs(542,30): warning CS1591: Missing XML comment for publicly visible type or member 'FederatedComplianceResultDto.IsCompliant' [C:\Users\bsval\terrafusion_os_1.0\backend\TerraFusion.Consciousness\TerraFusion.Consciousness.csproj]
