// Vitest Snapshot v1, https://vitest.dev/guide/snapshot.html

exports[`PropertyValuationForm > Core Rendering > renders as expected 1`] = `
<form
  data-testid="property-valuation-form"
>
  <input
    data-testid="address-input"
    placeholder="Property Address"
  />
  <button
    type="button"
  >
    Calculate Valuation
  </button>
  <button
    type="button"
  >
    Cancel
  </button>
</form>
`;
